[0.057s] Invoking command in '/workspaces/2026-rover-code/src/build/telemetry_interface': CMAKE_PREFIX_PATH=/opt/ros/humble /usr/bin/cmake /workspaces/2026-rover-code/src/telemetry_interface -DCMAKE_INSTALL_PREFIX=/workspaces/2026-rover-code/src/install/telemetry_interface
[0.080s] -- Found ament_cmake: 1.3.14 (/opt/ros/humble/share/ament_cmake/cmake)
[0.362s] -- Found ament_lint_auto: 0.12.15 (/opt/ros/humble/share/ament_lint_auto/cmake)
[0.502s] -- Found rosidl_default_generators: 1.2.1 (/opt/ros/humble/share/rosidl_default_generators/cmake)
[0.512s] -- Using all available rosidl_typesupport_c: rosidl_typesupport_fastrtps_c;rosidl_typesupport_introspection_c
[0.515s] -- Found rosidl_adapter: 3.1.9 (/opt/ros/humble/share/rosidl_adapter/cmake)
[0.576s] -- Using all available rosidl_typesupport_cpp: rosidl_typesupport_fastrtps_cpp;rosidl_typesupport_introspection_cpp
[1.016s] -- Found ament_cmake_ros: 0.10.0 (/opt/ros/humble/share/ament_cmake_ros/cmake)
[1.384s] -- Using all available rosidl_typesupport_c: rosidl_typesupport_fastrtps_c;rosidl_typesupport_introspection_c
[1.933s] -- Using all available rosidl_typesupport_cpp: rosidl_typesupport_fastrtps_cpp;rosidl_typesupport_introspection_cpp
[1.973s] -- Found PythonInterp: /usr/bin/python3 (found suitable version "3.10.12", minimum required is "3.6") 
[1.979s] -- Found python_cmake_module: 0.10.0 (/opt/ros/humble/share/python_cmake_module/cmake)
[2.021s] -- Found PythonLibs: /usr/lib/x86_64-linux-gnu/libpython3.10.so (found suitable version "3.10.12", minimum required is "3.5") 
[2.022s] -- Using PYTHON_EXECUTABLE: /usr/bin/python3
[2.023s] -- Using PYTHON_INCLUDE_DIRS: /usr/include/python3.10
[2.024s] -- Using PYTHON_LIBRARIES: /usr/lib/x86_64-linux-gnu/libpython3.10.so
[2.062s] -- Found PythonExtra: .so  
[2.309s] -- Added test 'lint_cmake' to check CMake code style
[2.331s] -- Added test 'xmllint' to check XML markup files
[2.430s] -- Configuring done
[2.874s] -- Generating done
[2.999s] -- Build files have been written to: /workspaces/2026-rover-code/src/build/telemetry_interface
[3.004s] Invoked command in '/workspaces/2026-rover-code/src/build/telemetry_interface' returned '0': CMAKE_PREFIX_PATH=/opt/ros/humble /usr/bin/cmake /workspaces/2026-rover-code/src/telemetry_interface -DCMAKE_INSTALL_PREFIX=/workspaces/2026-rover-code/src/install/telemetry_interface
[3.009s] Invoking command in '/workspaces/2026-rover-code/src/build/telemetry_interface': CMAKE_PREFIX_PATH=/opt/ros/humble /usr/bin/cmake --build /workspaces/2026-rover-code/src/build/telemetry_interface -- -j16 -l16
[3.101s] [  1%] [34m[1mGenerating C code for ROS interfaces[0m
[3.122s] [  5%] [34m[1mGenerating C++ code for ROS interfaces[0m
[3.124s] [  5%] [34m[1mGenerating Rust code for ROS interfaces[0m
[3.149s] [  5%] Built target ament_cmake_python_copy_telemetry_interface
[3.487s] running egg_info
[3.489s] creating telemetry_interface.egg-info
[3.491s] writing telemetry_interface.egg-info/PKG-INFO
[3.493s] writing dependency_links to telemetry_interface.egg-info/dependency_links.txt
[3.497s] writing top-level names to telemetry_interface.egg-info/top_level.txt
[3.500s] writing manifest file 'telemetry_interface.egg-info/SOURCES.txt'
[3.509s] reading manifest file 'telemetry_interface.egg-info/SOURCES.txt'
[3.515s] writing manifest file 'telemetry_interface.egg-info/SOURCES.txt'
[3.567s] [  5%] Built target ament_cmake_python_build_telemetry_interface_egg
[3.648s] [  5%] Built target telemetry_interface__rs
[3.824s] [  5%] Built target telemetry_interface__cpp
[3.836s] [  7%] [32mBuilding C object CMakeFiles/telemetry_interface__rosidl_generator_c.dir/rosidl_generator_c/telemetry_interface/msg/detail/controller_status__functions.c.o[0m
[3.840s] [  8%] [32mBuilding C object CMakeFiles/telemetry_interface__rosidl_generator_c.dir/rosidl_generator_c/telemetry_interface/msg/detail/control_message__functions.c.o[0m
[3.843s] [ 10%] [32mBuilding C object CMakeFiles/telemetry_interface__rosidl_generator_c.dir/rosidl_generator_c/telemetry_interface/msg/detail/o_drive_status__functions.c.o[0m
[3.846s] [ 12%] [32mBuilding C object CMakeFiles/telemetry_interface__rosidl_generator_c.dir/rosidl_generator_c/telemetry_interface/msg/detail/telemetry__functions.c.o[0m
[3.852s] [ 17%] [34m[1mGenerating C++ type support dispatch for ROS interfaces[0m
[3.856s] [ 17%] [34m[1mGenerating C++ introspection for ROS interfaces[0m
[3.859s] [ 17%] [34m[1mGenerating C++ type support for eProsima Fast-RTPS[0m
[3.979s] [ 19%] [32m[1mLinking C shared library libtelemetry_interface__rosidl_generator_c.so[0m
[4.092s] [ 19%] Built target telemetry_interface__rosidl_generator_c
[4.121s] [ 25%] [34m[1mGenerating C type support for eProsima Fast-RTPS[0m
[4.122s] [ 25%] [34m[1mGenerating C type support dispatch for ROS interfaces[0m
[4.123s] [ 25%] [34m[1mGenerating C introspection for ROS interfaces[0m
[4.367s] [ 30%] [32mBuilding CXX object CMakeFiles/telemetry_interface__rosidl_typesupport_cpp.dir/rosidl_typesupport_cpp/telemetry_interface/msg/control_message__type_support.cpp.o[0m
[4.369s] [ 30%] [32mBuilding CXX object CMakeFiles/telemetry_interface__rosidl_typesupport_cpp.dir/rosidl_typesupport_cpp/telemetry_interface/msg/telemetry__type_support.cpp.o[0m
[4.373s] [ 30%] [32mBuilding CXX object CMakeFiles/telemetry_interface__rosidl_typesupport_cpp.dir/rosidl_typesupport_cpp/telemetry_interface/msg/controller_status__type_support.cpp.o[0m
[4.375s] [ 32%] [32mBuilding CXX object CMakeFiles/telemetry_interface__rosidl_typesupport_cpp.dir/rosidl_typesupport_cpp/telemetry_interface/msg/o_drive_status__type_support.cpp.o[0m
[4.618s] [ 33%] [32mBuilding CXX object CMakeFiles/telemetry_interface__rosidl_typesupport_fastrtps_cpp.dir/rosidl_typesupport_fastrtps_cpp/telemetry_interface/msg/detail/dds_fastrtps/o_drive_status__type_support.cpp.o[0m
[4.628s] [ 37%] [32mBuilding CXX object CMakeFiles/telemetry_interface__rosidl_typesupport_fastrtps_cpp.dir/rosidl_typesupport_fastrtps_cpp/telemetry_interface/msg/detail/dds_fastrtps/controller_status__type_support.cpp.o[0m
[4.632s] [ 37%] [32mBuilding CXX object CMakeFiles/telemetry_interface__rosidl_typesupport_fastrtps_cpp.dir/rosidl_typesupport_fastrtps_cpp/telemetry_interface/msg/detail/dds_fastrtps/telemetry__type_support.cpp.o[0m
[4.640s] [ 39%] [32mBuilding CXX object CMakeFiles/telemetry_interface__rosidl_typesupport_fastrtps_cpp.dir/rosidl_typesupport_fastrtps_cpp/telemetry_interface/msg/detail/dds_fastrtps/control_message__type_support.cpp.o[0m
[4.646s] [ 44%] [32mBuilding CXX object CMakeFiles/telemetry_interface__rosidl_typesupport_introspection_cpp.dir/rosidl_typesupport_introspection_cpp/telemetry_interface/msg/detail/control_message__type_support.cpp.o[0m
[4.651s] [ 44%] [32mBuilding CXX object CMakeFiles/telemetry_interface__rosidl_typesupport_introspection_cpp.dir/rosidl_typesupport_introspection_cpp/telemetry_interface/msg/detail/controller_status__type_support.cpp.o[0m
[4.655s] [ 44%] [32mBuilding CXX object CMakeFiles/telemetry_interface__rosidl_typesupport_introspection_cpp.dir/rosidl_typesupport_introspection_cpp/telemetry_interface/msg/detail/o_drive_status__type_support.cpp.o[0m
[4.660s] [ 46%] [32mBuilding CXX object CMakeFiles/telemetry_interface__rosidl_typesupport_introspection_cpp.dir/rosidl_typesupport_introspection_cpp/telemetry_interface/msg/detail/telemetry__type_support.cpp.o[0m
[4.693s] [ 48%] [32mBuilding CXX object CMakeFiles/telemetry_interface__rosidl_typesupport_c.dir/rosidl_typesupport_c/telemetry_interface/msg/controller_status__type_support.cpp.o[0m
[4.699s] [ 50%] [32mBuilding CXX object CMakeFiles/telemetry_interface__rosidl_typesupport_c.dir/rosidl_typesupport_c/telemetry_interface/msg/control_message__type_support.cpp.o[0m
[4.809s] [ 51%] [32mBuilding CXX object CMakeFiles/telemetry_interface__rosidl_typesupport_c.dir/rosidl_typesupport_c/telemetry_interface/msg/o_drive_status__type_support.cpp.o[0m
[4.822s] [ 53%] [32mBuilding CXX object CMakeFiles/telemetry_interface__rosidl_typesupport_c.dir/rosidl_typesupport_c/telemetry_interface/msg/telemetry__type_support.cpp.o[0m
[4.943s] [ 57%] [32m[1mLinking CXX shared library libtelemetry_interface__rosidl_typesupport_c.so[0m
[4.945s] [ 58%] [32mBuilding C object CMakeFiles/telemetry_interface__rosidl_typesupport_introspection_c.dir/rosidl_typesupport_introspection_c/telemetry_interface/msg/detail/controller_status__type_support.c.o[0m
[4.947s] [ 58%] [32mBuilding C object CMakeFiles/telemetry_interface__rosidl_typesupport_introspection_c.dir/rosidl_typesupport_introspection_c/telemetry_interface/msg/detail/control_message__type_support.c.o[0m
[4.992s] [ 60%] [32mBuilding CXX object CMakeFiles/telemetry_interface__rosidl_typesupport_fastrtps_c.dir/rosidl_typesupport_fastrtps_c/telemetry_interface/msg/detail/controller_status__type_support_c.cpp.o[0m
[5.104s] [ 64%] [32mBuilding C object CMakeFiles/telemetry_interface__rosidl_typesupport_introspection_c.dir/rosidl_typesupport_introspection_c/telemetry_interface/msg/detail/o_drive_status__type_support.c.o[0m
[5.106s] [ 64%] [32mBuilding C object CMakeFiles/telemetry_interface__rosidl_typesupport_introspection_c.dir/rosidl_typesupport_introspection_c/telemetry_interface/msg/detail/telemetry__type_support.c.o[0m
[5.110s] [ 64%] Built target telemetry_interface__rosidl_typesupport_c
[5.113s] [ 66%] [32mBuilding CXX object CMakeFiles/telemetry_interface__rosidl_typesupport_fastrtps_c.dir/rosidl_typesupport_fastrtps_c/telemetry_interface/msg/detail/control_message__type_support_c.cpp.o[0m
[5.124s] [ 67%] [32mBuilding CXX object CMakeFiles/telemetry_interface__rosidl_typesupport_fastrtps_c.dir/rosidl_typesupport_fastrtps_c/telemetry_interface/msg/detail/o_drive_status__type_support_c.cpp.o[0m
[5.131s] [ 69%] [32mBuilding CXX object CMakeFiles/telemetry_interface__rosidl_typesupport_fastrtps_c.dir/rosidl_typesupport_fastrtps_c/telemetry_interface/msg/detail/telemetry__type_support_c.cpp.o[0m
[5.173s] [ 71%] [32m[1mLinking CXX shared library libtelemetry_interface__rosidl_typesupport_cpp.so[0m
[5.269s] [ 73%] [32m[1mLinking C shared library libtelemetry_interface__rosidl_typesupport_introspection_c.so[0m
[5.413s] [ 73%] Built target telemetry_interface__rosidl_typesupport_cpp
[5.470s] [ 73%] Built target telemetry_interface__rosidl_typesupport_introspection_c
[6.015s] [ 75%] [32m[1mLinking CXX shared library libtelemetry_interface__rosidl_typesupport_introspection_cpp.so[0m
[6.063s] [ 76%] [32m[1mLinking CXX shared library libtelemetry_interface__rosidl_typesupport_fastrtps_cpp.so[0m
[6.126s] [ 78%] [32m[1mLinking CXX shared library libtelemetry_interface__rosidl_typesupport_fastrtps_c.so[0m
[6.181s] [ 78%] Built target telemetry_interface__rosidl_typesupport_introspection_cpp
[6.234s] [ 78%] Built target telemetry_interface__rosidl_typesupport_fastrtps_cpp
[6.275s] [ 78%] Built target telemetry_interface__rosidl_typesupport_fastrtps_c
[6.304s] [ 78%] Built target telemetry_interface
[6.336s] [ 80%] [34m[1mGenerating Python code for ROS interfaces[0m
[7.138s] [ 80%] Built target telemetry_interface__py
[7.177s] [ 85%] [32mBuilding C object CMakeFiles/telemetry_interface__rosidl_generator_py.dir/rosidl_generator_py/telemetry_interface/msg/_controller_status_s.c.o[0m
[7.180s] [ 85%] [32mBuilding C object CMakeFiles/telemetry_interface__rosidl_generator_py.dir/rosidl_generator_py/telemetry_interface/msg/_o_drive_status_s.c.o[0m
[7.181s] [ 85%] [32mBuilding C object CMakeFiles/telemetry_interface__rosidl_generator_py.dir/rosidl_generator_py/telemetry_interface/msg/_control_message_s.c.o[0m
[7.183s] [ 87%] [32mBuilding C object CMakeFiles/telemetry_interface__rosidl_generator_py.dir/rosidl_generator_py/telemetry_interface/msg/_telemetry_s.c.o[0m
[7.409s] [ 89%] [32m[1mLinking C shared library rosidl_generator_py/telemetry_interface/libtelemetry_interface__rosidl_generator_py.so[0m
[7.494s] [ 89%] Built target telemetry_interface__rosidl_generator_py
[7.535s] [ 91%] [32mBuilding C object CMakeFiles/telemetry_interface__rosidl_typesupport_introspection_c__pyext.dir/rosidl_generator_py/telemetry_interface/_telemetry_interface_s.ep.rosidl_typesupport_introspection_c.c.o[0m
[7.538s] [ 94%] [32mBuilding C object CMakeFiles/telemetry_interface__rosidl_typesupport_c__pyext.dir/rosidl_generator_py/telemetry_interface/_telemetry_interface_s.ep.rosidl_typesupport_c.c.o[0m
[7.539s] [ 94%] [32mBuilding C object CMakeFiles/telemetry_interface__rosidl_typesupport_fastrtps_c__pyext.dir/rosidl_generator_py/telemetry_interface/_telemetry_interface_s.ep.rosidl_typesupport_fastrtps_c.c.o[0m
[7.749s] [ 96%] [32m[1mLinking C shared library rosidl_generator_py/telemetry_interface/telemetry_interface_s__rosidl_typesupport_c.cpython-310-x86_64-linux-gnu.so[0m
[7.776s] [100%] [32m[1mLinking C shared library rosidl_generator_py/telemetry_interface/telemetry_interface_s__rosidl_typesupport_fastrtps_c.cpython-310-x86_64-linux-gnu.so[0m
[7.777s] [100%] [32m[1mLinking C shared library rosidl_generator_py/telemetry_interface/telemetry_interface_s__rosidl_typesupport_introspection_c.cpython-310-x86_64-linux-gnu.so[0m
[7.837s] [100%] Built target telemetry_interface__rosidl_typesupport_c__pyext
[7.867s] [100%] Built target telemetry_interface__rosidl_typesupport_introspection_c__pyext
[7.877s] [100%] Built target telemetry_interface__rosidl_typesupport_fastrtps_c__pyext
[7.924s] Invoked command in '/workspaces/2026-rover-code/src/build/telemetry_interface' returned '0': CMAKE_PREFIX_PATH=/opt/ros/humble /usr/bin/cmake --build /workspaces/2026-rover-code/src/build/telemetry_interface -- -j16 -l16
[7.943s] Invoking command in '/workspaces/2026-rover-code/src/build/telemetry_interface': CMAKE_PREFIX_PATH=/opt/ros/humble /usr/bin/cmake --install /workspaces/2026-rover-code/src/build/telemetry_interface
[7.955s] -- Install configuration: ""
[7.957s] -- Installing: /workspaces/2026-rover-code/src/install/telemetry_interface/share/ament_index/resource_index/rosidl_interfaces/telemetry_interface
[7.962s] -- Installing: /workspaces/2026-rover-code/src/install/telemetry_interface/include/telemetry_interface/telemetry_interface
[7.965s] -- Installing: /workspaces/2026-rover-code/src/install/telemetry_interface/include/telemetry_interface/telemetry_interface/msg
[7.969s] -- Installing: /workspaces/2026-rover-code/src/install/telemetry_interface/include/telemetry_interface/telemetry_interface/msg/rosidl_generator_c__visibility_control.h
[7.973s] -- Installing: /workspaces/2026-rover-code/src/install/telemetry_interface/include/telemetry_interface/telemetry_interface/msg/telemetry.h
[7.977s] -- Installing: /workspaces/2026-rover-code/src/install/telemetry_interface/include/telemetry_interface/telemetry_interface/msg/control_message.h
[7.982s] -- Installing: /workspaces/2026-rover-code/src/install/telemetry_interface/include/telemetry_interface/telemetry_interface/msg/detail
[7.986s] -- Installing: /workspaces/2026-rover-code/src/install/telemetry_interface/include/telemetry_interface/telemetry_interface/msg/detail/telemetry__type_support.h
[7.992s] -- Installing: /workspaces/2026-rover-code/src/install/telemetry_interface/include/telemetry_interface/telemetry_interface/msg/detail/controller_status__struct.h
[7.998s] -- Installing: /workspaces/2026-rover-code/src/install/telemetry_interface/include/telemetry_interface/telemetry_interface/msg/detail/control_message__type_support.h
[8.003s] -- Installing: /workspaces/2026-rover-code/src/install/telemetry_interface/include/telemetry_interface/telemetry_interface/msg/detail/telemetry__struct.h
[8.008s] -- Installing: /workspaces/2026-rover-code/src/install/telemetry_interface/include/telemetry_interface/telemetry_interface/msg/detail/o_drive_status__functions.c
[8.013s] -- Installing: /workspaces/2026-rover-code/src/install/telemetry_interface/include/telemetry_interface/telemetry_interface/msg/detail/controller_status__functions.h
[8.019s] -- Installing: /workspaces/2026-rover-code/src/install/telemetry_interface/include/telemetry_interface/telemetry_interface/msg/detail/o_drive_status__type_support.h
[8.023s] -- Installing: /workspaces/2026-rover-code/src/install/telemetry_interface/include/telemetry_interface/telemetry_interface/msg/detail/controller_status__functions.c
[8.028s] -- Installing: /workspaces/2026-rover-code/src/install/telemetry_interface/include/telemetry_interface/telemetry_interface/msg/detail/control_message__struct.h
[8.032s] -- Installing: /workspaces/2026-rover-code/src/install/telemetry_interface/include/telemetry_interface/telemetry_interface/msg/detail/control_message__functions.c
[8.037s] -- Installing: /workspaces/2026-rover-code/src/install/telemetry_interface/include/telemetry_interface/telemetry_interface/msg/detail/telemetry__functions.c
[8.041s] -- Installing: /workspaces/2026-rover-code/src/install/telemetry_interface/include/telemetry_interface/telemetry_interface/msg/detail/o_drive_status__struct.h
[8.045s] -- Installing: /workspaces/2026-rover-code/src/install/telemetry_interface/include/telemetry_interface/telemetry_interface/msg/detail/controller_status__type_support.h
[8.049s] -- Installing: /workspaces/2026-rover-code/src/install/telemetry_interface/include/telemetry_interface/telemetry_interface/msg/detail/telemetry__functions.h
[8.056s] -- Installing: /workspaces/2026-rover-code/src/install/telemetry_interface/include/telemetry_interface/telemetry_interface/msg/detail/control_message__functions.h
[8.061s] -- Installing: /workspaces/2026-rover-code/src/install/telemetry_interface/include/telemetry_interface/telemetry_interface/msg/detail/o_drive_status__functions.h
[8.069s] -- Installing: /workspaces/2026-rover-code/src/install/telemetry_interface/include/telemetry_interface/telemetry_interface/msg/controller_status.h
[8.076s] -- Installing: /workspaces/2026-rover-code/src/install/telemetry_interface/include/telemetry_interface/telemetry_interface/msg/o_drive_status.h
[8.085s] -- Installing: /workspaces/2026-rover-code/src/install/telemetry_interface/share/telemetry_interface/environment/library_path.sh
[8.089s] -- Installing: /workspaces/2026-rover-code/src/install/telemetry_interface/share/telemetry_interface/environment/library_path.dsv
[8.096s] -- Installing: /workspaces/2026-rover-code/src/install/telemetry_interface/lib/libtelemetry_interface__rosidl_generator_c.so
[8.103s] -- Set runtime path of "/workspaces/2026-rover-code/src/install/telemetry_interface/lib/libtelemetry_interface__rosidl_generator_c.so" to ""
[8.103s] -- Up-to-date: /workspaces/2026-rover-code/src/install/telemetry_interface/include/telemetry_interface/telemetry_interface
[8.105s] -- Up-to-date: /workspaces/2026-rover-code/src/install/telemetry_interface/include/telemetry_interface/telemetry_interface/msg
[8.106s] -- Up-to-date: /workspaces/2026-rover-code/src/install/telemetry_interface/include/telemetry_interface/telemetry_interface/msg/detail
[8.108s] -- Installing: /workspaces/2026-rover-code/src/install/telemetry_interface/include/telemetry_interface/telemetry_interface/msg/detail/control_message__rosidl_typesupport_fastrtps_c.h
[8.113s] -- Installing: /workspaces/2026-rover-code/src/install/telemetry_interface/include/telemetry_interface/telemetry_interface/msg/detail/controller_status__rosidl_typesupport_fastrtps_c.h
[8.119s] -- Installing: /workspaces/2026-rover-code/src/install/telemetry_interface/include/telemetry_interface/telemetry_interface/msg/detail/o_drive_status__rosidl_typesupport_fastrtps_c.h
[8.128s] -- Installing: /workspaces/2026-rover-code/src/install/telemetry_interface/include/telemetry_interface/telemetry_interface/msg/detail/telemetry__rosidl_typesupport_fastrtps_c.h
[8.136s] -- Installing: /workspaces/2026-rover-code/src/install/telemetry_interface/include/telemetry_interface/telemetry_interface/msg/rosidl_typesupport_fastrtps_c__visibility_control.h
[8.143s] -- Installing: /workspaces/2026-rover-code/src/install/telemetry_interface/lib/libtelemetry_interface__rosidl_typesupport_fastrtps_c.so
[8.157s] -- Set runtime path of "/workspaces/2026-rover-code/src/install/telemetry_interface/lib/libtelemetry_interface__rosidl_typesupport_fastrtps_c.so" to ""
[8.158s] -- Up-to-date: /workspaces/2026-rover-code/src/install/telemetry_interface/include/telemetry_interface/telemetry_interface
[8.159s] -- Up-to-date: /workspaces/2026-rover-code/src/install/telemetry_interface/include/telemetry_interface/telemetry_interface/msg
[8.161s] -- Installing: /workspaces/2026-rover-code/src/install/telemetry_interface/include/telemetry_interface/telemetry_interface/msg/rosidl_typesupport_introspection_c__visibility_control.h
[8.168s] -- Up-to-date: /workspaces/2026-rover-code/src/install/telemetry_interface/include/telemetry_interface/telemetry_interface/msg/detail
[8.169s] -- Installing: /workspaces/2026-rover-code/src/install/telemetry_interface/include/telemetry_interface/telemetry_interface/msg/detail/o_drive_status__type_support.c
[8.178s] -- Installing: /workspaces/2026-rover-code/src/install/telemetry_interface/include/telemetry_interface/telemetry_interface/msg/detail/telemetry__type_support.c
[8.184s] -- Installing: /workspaces/2026-rover-code/src/install/telemetry_interface/include/telemetry_interface/telemetry_interface/msg/detail/control_message__rosidl_typesupport_introspection_c.h
[8.189s] -- Installing: /workspaces/2026-rover-code/src/install/telemetry_interface/include/telemetry_interface/telemetry_interface/msg/detail/controller_status__rosidl_typesupport_introspection_c.h
[8.193s] -- Installing: /workspaces/2026-rover-code/src/install/telemetry_interface/include/telemetry_interface/telemetry_interface/msg/detail/controller_status__type_support.c
[8.198s] -- Installing: /workspaces/2026-rover-code/src/install/telemetry_interface/include/telemetry_interface/telemetry_interface/msg/detail/control_message__type_support.c
[8.202s] -- Installing: /workspaces/2026-rover-code/src/install/telemetry_interface/include/telemetry_interface/telemetry_interface/msg/detail/telemetry__rosidl_typesupport_introspection_c.h
[8.207s] -- Installing: /workspaces/2026-rover-code/src/install/telemetry_interface/include/telemetry_interface/telemetry_interface/msg/detail/o_drive_status__rosidl_typesupport_introspection_c.h
[8.212s] -- Installing: /workspaces/2026-rover-code/src/install/telemetry_interface/lib/libtelemetry_interface__rosidl_typesupport_introspection_c.so
[8.222s] -- Set runtime path of "/workspaces/2026-rover-code/src/install/telemetry_interface/lib/libtelemetry_interface__rosidl_typesupport_introspection_c.so" to ""
[8.223s] -- Installing: /workspaces/2026-rover-code/src/install/telemetry_interface/lib/libtelemetry_interface__rosidl_typesupport_c.so
[8.232s] -- Set runtime path of "/workspaces/2026-rover-code/src/install/telemetry_interface/lib/libtelemetry_interface__rosidl_typesupport_c.so" to ""
[8.233s] -- Up-to-date: /workspaces/2026-rover-code/src/install/telemetry_interface/include/telemetry_interface/telemetry_interface
[8.234s] -- Up-to-date: /workspaces/2026-rover-code/src/install/telemetry_interface/include/telemetry_interface/telemetry_interface/msg
[8.236s] -- Installing: /workspaces/2026-rover-code/src/install/telemetry_interface/include/telemetry_interface/telemetry_interface/msg/control_message.hpp
[8.240s] -- Installing: /workspaces/2026-rover-code/src/install/telemetry_interface/include/telemetry_interface/telemetry_interface/msg/rosidl_generator_cpp__visibility_control.hpp
[8.247s] -- Installing: /workspaces/2026-rover-code/src/install/telemetry_interface/include/telemetry_interface/telemetry_interface/msg/telemetry.hpp
[8.252s] -- Installing: /workspaces/2026-rover-code/src/install/telemetry_interface/include/telemetry_interface/telemetry_interface/msg/controller_status.hpp
[8.254s] -- Installing: /workspaces/2026-rover-code/src/install/telemetry_interface/include/telemetry_interface/telemetry_interface/msg/o_drive_status.hpp
[8.259s] -- Up-to-date: /workspaces/2026-rover-code/src/install/telemetry_interface/include/telemetry_interface/telemetry_interface/msg/detail
[8.261s] -- Installing: /workspaces/2026-rover-code/src/install/telemetry_interface/include/telemetry_interface/telemetry_interface/msg/detail/o_drive_status__type_support.hpp
[8.267s] -- Installing: /workspaces/2026-rover-code/src/install/telemetry_interface/include/telemetry_interface/telemetry_interface/msg/detail/controller_status__type_support.hpp
[8.272s] -- Installing: /workspaces/2026-rover-code/src/install/telemetry_interface/include/telemetry_interface/telemetry_interface/msg/detail/controller_status__builder.hpp
[8.282s] -- Installing: /workspaces/2026-rover-code/src/install/telemetry_interface/include/telemetry_interface/telemetry_interface/msg/detail/telemetry__traits.hpp
[8.291s] -- Installing: /workspaces/2026-rover-code/src/install/telemetry_interface/include/telemetry_interface/telemetry_interface/msg/detail/telemetry__type_support.hpp
[8.297s] -- Installing: /workspaces/2026-rover-code/src/install/telemetry_interface/include/telemetry_interface/telemetry_interface/msg/detail/o_drive_status__builder.hpp
[8.305s] -- Installing: /workspaces/2026-rover-code/src/install/telemetry_interface/include/telemetry_interface/telemetry_interface/msg/detail/control_message__traits.hpp
[8.309s] -- Installing: /workspaces/2026-rover-code/src/install/telemetry_interface/include/telemetry_interface/telemetry_interface/msg/detail/control_message__type_support.hpp
[8.317s] -- Installing: /workspaces/2026-rover-code/src/install/telemetry_interface/include/telemetry_interface/telemetry_interface/msg/detail/o_drive_status__struct.hpp
[8.325s] -- Installing: /workspaces/2026-rover-code/src/install/telemetry_interface/include/telemetry_interface/telemetry_interface/msg/detail/controller_status__struct.hpp
[8.333s] -- Installing: /workspaces/2026-rover-code/src/install/telemetry_interface/include/telemetry_interface/telemetry_interface/msg/detail/o_drive_status__traits.hpp
[8.337s] -- Installing: /workspaces/2026-rover-code/src/install/telemetry_interface/include/telemetry_interface/telemetry_interface/msg/detail/control_message__struct.hpp
[8.342s] -- Installing: /workspaces/2026-rover-code/src/install/telemetry_interface/include/telemetry_interface/telemetry_interface/msg/detail/telemetry__builder.hpp
[8.346s] -- Installing: /workspaces/2026-rover-code/src/install/telemetry_interface/include/telemetry_interface/telemetry_interface/msg/detail/telemetry__struct.hpp
[8.350s] -- Installing: /workspaces/2026-rover-code/src/install/telemetry_interface/include/telemetry_interface/telemetry_interface/msg/detail/controller_status__traits.hpp
[8.354s] -- Installing: /workspaces/2026-rover-code/src/install/telemetry_interface/include/telemetry_interface/telemetry_interface/msg/detail/control_message__builder.hpp
[8.358s] -- Up-to-date: /workspaces/2026-rover-code/src/install/telemetry_interface/include/telemetry_interface/telemetry_interface
[8.359s] -- Up-to-date: /workspaces/2026-rover-code/src/install/telemetry_interface/include/telemetry_interface/telemetry_interface/msg
[8.361s] -- Installing: /workspaces/2026-rover-code/src/install/telemetry_interface/include/telemetry_interface/telemetry_interface/msg/rosidl_typesupport_fastrtps_cpp__visibility_control.h
[8.365s] -- Up-to-date: /workspaces/2026-rover-code/src/install/telemetry_interface/include/telemetry_interface/telemetry_interface/msg/detail
[8.366s] -- Installing: /workspaces/2026-rover-code/src/install/telemetry_interface/include/telemetry_interface/telemetry_interface/msg/detail/telemetry__rosidl_typesupport_fastrtps_cpp.hpp
[8.370s] -- Installing: /workspaces/2026-rover-code/src/install/telemetry_interface/include/telemetry_interface/telemetry_interface/msg/detail/controller_status__rosidl_typesupport_fastrtps_cpp.hpp
[8.375s] -- Installing: /workspaces/2026-rover-code/src/install/telemetry_interface/include/telemetry_interface/telemetry_interface/msg/detail/control_message__rosidl_typesupport_fastrtps_cpp.hpp
[8.379s] -- Installing: /workspaces/2026-rover-code/src/install/telemetry_interface/include/telemetry_interface/telemetry_interface/msg/detail/dds_fastrtps
[8.383s] -- Installing: /workspaces/2026-rover-code/src/install/telemetry_interface/include/telemetry_interface/telemetry_interface/msg/detail/o_drive_status__rosidl_typesupport_fastrtps_cpp.hpp
[8.388s] -- Installing: /workspaces/2026-rover-code/src/install/telemetry_interface/lib/libtelemetry_interface__rosidl_typesupport_fastrtps_cpp.so
[8.396s] -- Set runtime path of "/workspaces/2026-rover-code/src/install/telemetry_interface/lib/libtelemetry_interface__rosidl_typesupport_fastrtps_cpp.so" to ""
[8.397s] -- Up-to-date: /workspaces/2026-rover-code/src/install/telemetry_interface/include/telemetry_interface/telemetry_interface
[8.397s] -- Up-to-date: /workspaces/2026-rover-code/src/install/telemetry_interface/include/telemetry_interface/telemetry_interface/msg
[8.398s] -- Up-to-date: /workspaces/2026-rover-code/src/install/telemetry_interface/include/telemetry_interface/telemetry_interface/msg/detail
[8.400s] -- Installing: /workspaces/2026-rover-code/src/install/telemetry_interface/include/telemetry_interface/telemetry_interface/msg/detail/telemetry__type_support.cpp
[8.404s] -- Installing: /workspaces/2026-rover-code/src/install/telemetry_interface/include/telemetry_interface/telemetry_interface/msg/detail/control_message__rosidl_typesupport_introspection_cpp.hpp
[8.408s] -- Installing: /workspaces/2026-rover-code/src/install/telemetry_interface/include/telemetry_interface/telemetry_interface/msg/detail/o_drive_status__type_support.cpp
[8.413s] -- Installing: /workspaces/2026-rover-code/src/install/telemetry_interface/include/telemetry_interface/telemetry_interface/msg/detail/o_drive_status__rosidl_typesupport_introspection_cpp.hpp
[8.416s] -- Installing: /workspaces/2026-rover-code/src/install/telemetry_interface/include/telemetry_interface/telemetry_interface/msg/detail/controller_status__type_support.cpp
[8.421s] -- Installing: /workspaces/2026-rover-code/src/install/telemetry_interface/include/telemetry_interface/telemetry_interface/msg/detail/control_message__type_support.cpp
[8.427s] -- Installing: /workspaces/2026-rover-code/src/install/telemetry_interface/include/telemetry_interface/telemetry_interface/msg/detail/telemetry__rosidl_typesupport_introspection_cpp.hpp
[8.433s] -- Installing: /workspaces/2026-rover-code/src/install/telemetry_interface/include/telemetry_interface/telemetry_interface/msg/detail/controller_status__rosidl_typesupport_introspection_cpp.hpp
[8.440s] -- Installing: /workspaces/2026-rover-code/src/install/telemetry_interface/lib/libtelemetry_interface__rosidl_typesupport_introspection_cpp.so
[8.449s] -- Set runtime path of "/workspaces/2026-rover-code/src/install/telemetry_interface/lib/libtelemetry_interface__rosidl_typesupport_introspection_cpp.so" to ""
[8.450s] -- Installing: /workspaces/2026-rover-code/src/install/telemetry_interface/lib/libtelemetry_interface__rosidl_typesupport_cpp.so
[8.455s] -- Set runtime path of "/workspaces/2026-rover-code/src/install/telemetry_interface/lib/libtelemetry_interface__rosidl_typesupport_cpp.so" to ""
[8.456s] -- Installing: /workspaces/2026-rover-code/src/install/telemetry_interface/share/telemetry_interface/environment/pythonpath.sh
[8.460s] -- Installing: /workspaces/2026-rover-code/src/install/telemetry_interface/share/telemetry_interface/environment/pythonpath.dsv
[8.464s] -- Installing: /workspaces/2026-rover-code/src/install/telemetry_interface/local/lib/python3.10/dist-packages/telemetry_interface-0.0.0-py3.10.egg-info
[8.468s] -- Installing: /workspaces/2026-rover-code/src/install/telemetry_interface/local/lib/python3.10/dist-packages/telemetry_interface-0.0.0-py3.10.egg-info/top_level.txt
[8.472s] -- Installing: /workspaces/2026-rover-code/src/install/telemetry_interface/local/lib/python3.10/dist-packages/telemetry_interface-0.0.0-py3.10.egg-info/PKG-INFO
[8.481s] -- Installing: /workspaces/2026-rover-code/src/install/telemetry_interface/local/lib/python3.10/dist-packages/telemetry_interface-0.0.0-py3.10.egg-info/dependency_links.txt
[8.488s] -- Installing: /workspaces/2026-rover-code/src/install/telemetry_interface/local/lib/python3.10/dist-packages/telemetry_interface-0.0.0-py3.10.egg-info/SOURCES.txt
[8.495s] -- Installing: /workspaces/2026-rover-code/src/install/telemetry_interface/local/lib/python3.10/dist-packages/telemetry_interface
[8.499s] -- Installing: /workspaces/2026-rover-code/src/install/telemetry_interface/local/lib/python3.10/dist-packages/telemetry_interface/_telemetry_interface_s.ep.rosidl_typesupport_fastrtps_c.c
[8.505s] -- Installing: /workspaces/2026-rover-code/src/install/telemetry_interface/local/lib/python3.10/dist-packages/telemetry_interface/telemetry_interface_s__rosidl_typesupport_introspection_c.cpython-310-x86_64-linux-gnu.so
[8.510s] -- Installing: /workspaces/2026-rover-code/src/install/telemetry_interface/local/lib/python3.10/dist-packages/telemetry_interface/telemetry_interface_s__rosidl_typesupport_c.cpython-310-x86_64-linux-gnu.so
[8.518s] -- Installing: /workspaces/2026-rover-code/src/install/telemetry_interface/local/lib/python3.10/dist-packages/telemetry_interface/_telemetry_interface_s.ep.rosidl_typesupport_introspection_c.c
[8.527s] -- Installing: /workspaces/2026-rover-code/src/install/telemetry_interface/local/lib/python3.10/dist-packages/telemetry_interface/__init__.py
[8.535s] -- Installing: /workspaces/2026-rover-code/src/install/telemetry_interface/local/lib/python3.10/dist-packages/telemetry_interface/_telemetry_interface_s.ep.rosidl_typesupport_c.c
[8.545s] -- Installing: /workspaces/2026-rover-code/src/install/telemetry_interface/local/lib/python3.10/dist-packages/telemetry_interface/libtelemetry_interface__rosidl_generator_py.so
[8.550s] -- Installing: /workspaces/2026-rover-code/src/install/telemetry_interface/local/lib/python3.10/dist-packages/telemetry_interface/telemetry_interface_s__rosidl_typesupport_fastrtps_c.cpython-310-x86_64-linux-gnu.so
[8.555s] -- Installing: /workspaces/2026-rover-code/src/install/telemetry_interface/local/lib/python3.10/dist-packages/telemetry_interface/msg
[8.559s] -- Installing: /workspaces/2026-rover-code/src/install/telemetry_interface/local/lib/python3.10/dist-packages/telemetry_interface/msg/_o_drive_status_s.c
[8.566s] -- Installing: /workspaces/2026-rover-code/src/install/telemetry_interface/local/lib/python3.10/dist-packages/telemetry_interface/msg/_control_message_s.c
[8.572s] -- Installing: /workspaces/2026-rover-code/src/install/telemetry_interface/local/lib/python3.10/dist-packages/telemetry_interface/msg/_telemetry_s.c
[8.577s] -- Installing: /workspaces/2026-rover-code/src/install/telemetry_interface/local/lib/python3.10/dist-packages/telemetry_interface/msg/__init__.py
[8.582s] -- Installing: /workspaces/2026-rover-code/src/install/telemetry_interface/local/lib/python3.10/dist-packages/telemetry_interface/msg/_telemetry.py
[8.587s] -- Installing: /workspaces/2026-rover-code/src/install/telemetry_interface/local/lib/python3.10/dist-packages/telemetry_interface/msg/_controller_status.py
[8.591s] -- Installing: /workspaces/2026-rover-code/src/install/telemetry_interface/local/lib/python3.10/dist-packages/telemetry_interface/msg/_control_message.py
[8.597s] -- Installing: /workspaces/2026-rover-code/src/install/telemetry_interface/local/lib/python3.10/dist-packages/telemetry_interface/msg/_controller_status_s.c
[8.603s] -- Installing: /workspaces/2026-rover-code/src/install/telemetry_interface/local/lib/python3.10/dist-packages/telemetry_interface/msg/_o_drive_status.py
[8.683s] Listing '/workspaces/2026-rover-code/src/install/telemetry_interface/local/lib/python3.10/dist-packages/telemetry_interface'...
[8.686s] Compiling '/workspaces/2026-rover-code/src/install/telemetry_interface/local/lib/python3.10/dist-packages/telemetry_interface/__init__.py'...
[8.689s] Listing '/workspaces/2026-rover-code/src/install/telemetry_interface/local/lib/python3.10/dist-packages/telemetry_interface/msg'...
[8.691s] Compiling '/workspaces/2026-rover-code/src/install/telemetry_interface/local/lib/python3.10/dist-packages/telemetry_interface/msg/__init__.py'...
[8.692s] Compiling '/workspaces/2026-rover-code/src/install/telemetry_interface/local/lib/python3.10/dist-packages/telemetry_interface/msg/_control_message.py'...
[8.693s] Compiling '/workspaces/2026-rover-code/src/install/telemetry_interface/local/lib/python3.10/dist-packages/telemetry_interface/msg/_controller_status.py'...
[8.693s] Compiling '/workspaces/2026-rover-code/src/install/telemetry_interface/local/lib/python3.10/dist-packages/telemetry_interface/msg/_o_drive_status.py'...
[8.694s] Compiling '/workspaces/2026-rover-code/src/install/telemetry_interface/local/lib/python3.10/dist-packages/telemetry_interface/msg/_telemetry.py'...
[8.695s] -- Installing: /workspaces/2026-rover-code/src/install/telemetry_interface/local/lib/python3.10/dist-packages/telemetry_interface/telemetry_interface_s__rosidl_typesupport_fastrtps_c.cpython-310-x86_64-linux-gnu.so
[8.700s] -- Set runtime path of "/workspaces/2026-rover-code/src/install/telemetry_interface/local/lib/python3.10/dist-packages/telemetry_interface/telemetry_interface_s__rosidl_typesupport_fastrtps_c.cpython-310-x86_64-linux-gnu.so" to ""
[8.702s] -- Installing: /workspaces/2026-rover-code/src/install/telemetry_interface/local/lib/python3.10/dist-packages/telemetry_interface/telemetry_interface_s__rosidl_typesupport_introspection_c.cpython-310-x86_64-linux-gnu.so
[8.713s] -- Set runtime path of "/workspaces/2026-rover-code/src/install/telemetry_interface/local/lib/python3.10/dist-packages/telemetry_interface/telemetry_interface_s__rosidl_typesupport_introspection_c.cpython-310-x86_64-linux-gnu.so" to ""
[8.716s] -- Installing: /workspaces/2026-rover-code/src/install/telemetry_interface/local/lib/python3.10/dist-packages/telemetry_interface/telemetry_interface_s__rosidl_typesupport_c.cpython-310-x86_64-linux-gnu.so
[8.724s] -- Set runtime path of "/workspaces/2026-rover-code/src/install/telemetry_interface/local/lib/python3.10/dist-packages/telemetry_interface/telemetry_interface_s__rosidl_typesupport_c.cpython-310-x86_64-linux-gnu.so" to ""
[8.725s] -- Installing: /workspaces/2026-rover-code/src/install/telemetry_interface/lib/libtelemetry_interface__rosidl_generator_py.so
[8.737s] -- Set runtime path of "/workspaces/2026-rover-code/src/install/telemetry_interface/lib/libtelemetry_interface__rosidl_generator_py.so" to ""
[8.740s] -- Installing: /workspaces/2026-rover-code/src/install/telemetry_interface/share/ament_index/resource_index/rust_packages/telemetry_interface
[8.748s] -- Installing: /workspaces/2026-rover-code/src/install/telemetry_interface/share/telemetry_interface/rust
[8.751s] -- Installing: /workspaces/2026-rover-code/src/install/telemetry_interface/share/telemetry_interface/rust/Cargo.toml
[8.755s] -- Installing: /workspaces/2026-rover-code/src/install/telemetry_interface/share/telemetry_interface/rust/src
[8.759s] -- Installing: /workspaces/2026-rover-code/src/install/telemetry_interface/share/telemetry_interface/rust/src/lib.rs
[8.765s] -- Installing: /workspaces/2026-rover-code/src/install/telemetry_interface/share/telemetry_interface/rust/src/msg
[8.769s] -- Installing: /workspaces/2026-rover-code/src/install/telemetry_interface/share/telemetry_interface/rust/src/msg/rmw.rs
[8.776s] -- Installing: /workspaces/2026-rover-code/src/install/telemetry_interface/share/telemetry_interface/rust/src/msg.rs
[8.783s] -- Installing: /workspaces/2026-rover-code/src/install/telemetry_interface/share/telemetry_interface/rust/build.rs
[8.792s] -- Installing: /workspaces/2026-rover-code/src/install/telemetry_interface/share/telemetry_interface/msg/ControllerStatus.idl
[8.797s] -- Installing: /workspaces/2026-rover-code/src/install/telemetry_interface/share/telemetry_interface/msg/ControlMessage.idl
[8.800s] -- Installing: /workspaces/2026-rover-code/src/install/telemetry_interface/share/telemetry_interface/msg/ODriveStatus.idl
[8.804s] -- Installing: /workspaces/2026-rover-code/src/install/telemetry_interface/share/telemetry_interface/msg/Telemetry.idl
[8.807s] -- Installing: /workspaces/2026-rover-code/src/install/telemetry_interface/share/telemetry_interface/msg/ControllerStatus.msg
[8.811s] -- Installing: /workspaces/2026-rover-code/src/install/telemetry_interface/share/telemetry_interface/msg/ControlMessage.msg
[8.814s] -- Installing: /workspaces/2026-rover-code/src/install/telemetry_interface/share/telemetry_interface/msg/ODriveStatus.msg
[8.818s] -- Installing: /workspaces/2026-rover-code/src/install/telemetry_interface/share/telemetry_interface/msg/Telemetry.msg
[8.823s] -- Installing: /workspaces/2026-rover-code/src/install/telemetry_interface/share/ament_index/resource_index/package_run_dependencies/telemetry_interface
[8.829s] -- Installing: /workspaces/2026-rover-code/src/install/telemetry_interface/share/ament_index/resource_index/parent_prefix_path/telemetry_interface
[8.833s] -- Installing: /workspaces/2026-rover-code/src/install/telemetry_interface/share/telemetry_interface/environment/ament_prefix_path.sh
[8.837s] -- Installing: /workspaces/2026-rover-code/src/install/telemetry_interface/share/telemetry_interface/environment/ament_prefix_path.dsv
[8.840s] -- Installing: /workspaces/2026-rover-code/src/install/telemetry_interface/share/telemetry_interface/environment/path.sh
[8.843s] -- Installing: /workspaces/2026-rover-code/src/install/telemetry_interface/share/telemetry_interface/environment/path.dsv
[8.846s] -- Installing: /workspaces/2026-rover-code/src/install/telemetry_interface/share/telemetry_interface/local_setup.bash
[8.849s] -- Installing: /workspaces/2026-rover-code/src/install/telemetry_interface/share/telemetry_interface/local_setup.sh
[8.853s] -- Installing: /workspaces/2026-rover-code/src/install/telemetry_interface/share/telemetry_interface/local_setup.zsh
[8.857s] -- Installing: /workspaces/2026-rover-code/src/install/telemetry_interface/share/telemetry_interface/local_setup.dsv
[8.862s] -- Installing: /workspaces/2026-rover-code/src/install/telemetry_interface/share/telemetry_interface/package.dsv
[8.868s] -- Installing: /workspaces/2026-rover-code/src/install/telemetry_interface/share/ament_index/resource_index/packages/telemetry_interface
[8.873s] -- Installing: /workspaces/2026-rover-code/src/install/telemetry_interface/share/telemetry_interface/cmake/export_telemetry_interface__rosidl_generator_cExport.cmake
[8.877s] -- Installing: /workspaces/2026-rover-code/src/install/telemetry_interface/share/telemetry_interface/cmake/export_telemetry_interface__rosidl_generator_cExport-noconfig.cmake
[8.884s] -- Installing: /workspaces/2026-rover-code/src/install/telemetry_interface/share/telemetry_interface/cmake/export_telemetry_interface__rosidl_typesupport_fastrtps_cExport.cmake
[8.888s] -- Installing: /workspaces/2026-rover-code/src/install/telemetry_interface/share/telemetry_interface/cmake/export_telemetry_interface__rosidl_typesupport_fastrtps_cExport-noconfig.cmake
[8.893s] -- Installing: /workspaces/2026-rover-code/src/install/telemetry_interface/share/telemetry_interface/cmake/telemetry_interface__rosidl_typesupport_introspection_cExport.cmake
[8.897s] -- Installing: /workspaces/2026-rover-code/src/install/telemetry_interface/share/telemetry_interface/cmake/telemetry_interface__rosidl_typesupport_introspection_cExport-noconfig.cmake
[8.901s] -- Installing: /workspaces/2026-rover-code/src/install/telemetry_interface/share/telemetry_interface/cmake/telemetry_interface__rosidl_typesupport_cExport.cmake
[8.905s] -- Installing: /workspaces/2026-rover-code/src/install/telemetry_interface/share/telemetry_interface/cmake/telemetry_interface__rosidl_typesupport_cExport-noconfig.cmake
[8.909s] -- Installing: /workspaces/2026-rover-code/src/install/telemetry_interface/share/telemetry_interface/cmake/export_telemetry_interface__rosidl_generator_cppExport.cmake
[8.913s] -- Installing: /workspaces/2026-rover-code/src/install/telemetry_interface/share/telemetry_interface/cmake/export_telemetry_interface__rosidl_typesupport_fastrtps_cppExport.cmake
[8.916s] -- Installing: /workspaces/2026-rover-code/src/install/telemetry_interface/share/telemetry_interface/cmake/export_telemetry_interface__rosidl_typesupport_fastrtps_cppExport-noconfig.cmake
[8.920s] -- Installing: /workspaces/2026-rover-code/src/install/telemetry_interface/share/telemetry_interface/cmake/telemetry_interface__rosidl_typesupport_introspection_cppExport.cmake
[8.924s] -- Installing: /workspaces/2026-rover-code/src/install/telemetry_interface/share/telemetry_interface/cmake/telemetry_interface__rosidl_typesupport_introspection_cppExport-noconfig.cmake
[8.928s] -- Installing: /workspaces/2026-rover-code/src/install/telemetry_interface/share/telemetry_interface/cmake/telemetry_interface__rosidl_typesupport_cppExport.cmake
[8.932s] -- Installing: /workspaces/2026-rover-code/src/install/telemetry_interface/share/telemetry_interface/cmake/telemetry_interface__rosidl_typesupport_cppExport-noconfig.cmake
[8.937s] -- Installing: /workspaces/2026-rover-code/src/install/telemetry_interface/share/telemetry_interface/cmake/export_telemetry_interface__rosidl_generator_pyExport.cmake
[8.942s] -- Installing: /workspaces/2026-rover-code/src/install/telemetry_interface/share/telemetry_interface/cmake/export_telemetry_interface__rosidl_generator_pyExport-noconfig.cmake
[8.946s] -- Installing: /workspaces/2026-rover-code/src/install/telemetry_interface/share/telemetry_interface/cmake/rosidl_cmake-extras.cmake
[8.951s] -- Installing: /workspaces/2026-rover-code/src/install/telemetry_interface/share/telemetry_interface/cmake/ament_cmake_export_include_directories-extras.cmake
[8.956s] -- Installing: /workspaces/2026-rover-code/src/install/telemetry_interface/share/telemetry_interface/cmake/ament_cmake_export_libraries-extras.cmake
[8.961s] -- Installing: /workspaces/2026-rover-code/src/install/telemetry_interface/share/telemetry_interface/cmake/ament_cmake_export_targets-extras.cmake
[8.965s] -- Installing: /workspaces/2026-rover-code/src/install/telemetry_interface/share/telemetry_interface/cmake/rosidl_cmake_export_typesupport_targets-extras.cmake
[8.969s] -- Installing: /workspaces/2026-rover-code/src/install/telemetry_interface/share/telemetry_interface/cmake/ament_cmake_export_dependencies-extras.cmake
[8.973s] -- Installing: /workspaces/2026-rover-code/src/install/telemetry_interface/share/telemetry_interface/cmake/rosidl_cmake_export_typesupport_libraries-extras.cmake
[8.977s] -- Installing: /workspaces/2026-rover-code/src/install/telemetry_interface/share/telemetry_interface/cmake/rosidl_cmake_aggregate_target-extras.cmake
[8.982s] -- Installing: /workspaces/2026-rover-code/src/install/telemetry_interface/share/telemetry_interface/cmake/telemetry_interfaceConfig.cmake
[8.986s] -- Installing: /workspaces/2026-rover-code/src/install/telemetry_interface/share/telemetry_interface/cmake/telemetry_interfaceConfig-version.cmake
[8.991s] -- Installing: /workspaces/2026-rover-code/src/install/telemetry_interface/share/telemetry_interface/package.xml
[9.000s] Invoked command in '/workspaces/2026-rover-code/src/build/telemetry_interface' returned '0': CMAKE_PREFIX_PATH=/opt/ros/humble /usr/bin/cmake --install /workspaces/2026-rover-code/src/build/telemetry_interface
