-- The C compiler identification is GNU 11.4.0
-- The CXX compiler identification is GNU 11.4.0
-- Detecting C compiler ABI info
-- Detecting C compiler ABI info - done
-- Check for working C compiler: /usr/bin/cc - skipped
-- Detecting C compile features
-- Detecting C compile features - done
-- Detecting CXX compiler ABI info
-- Detecting CXX compiler ABI info - done
-- Check for working CXX compiler: /usr/bin/c++ - skipped
-- Detecting CXX compile features
-- Detecting CXX compile features - done
-- Found ament_cmake: 1.3.14 (/opt/ros/humble/share/ament_cmake/cmake)
-- Found Python3: /usr/bin/python3 (found version "3.10.12") found components: Interpreter 
-- Found geometry_msgs: 4.9.2 (/opt/ros/humble/share/geometry_msgs/cmake)
-- Found rosidl_generator_c: 3.1.9 (/opt/ros/humble/share/rosidl_generator_c/cmake)
-- Found rosidl_adapter: 3.1.9 (/opt/ros/humble/share/rosidl_adapter/cmake)
-- Found rosidl_generator_cpp: 3.1.9 (/opt/ros/humble/share/rosidl_generator_cpp/cmake)
-- Using all available rosidl_typesupport_c: rosidl_typesupport_fastrtps_c;rosidl_typesupport_introspection_c
-- Using all available rosidl_typesupport_cpp: rosidl_typesupport_fastrtps_cpp;rosidl_typesupport_introspection_cpp
-- Found rosidl_default_generators: 1.2.1 (/opt/ros/humble/share/rosidl_default_generators/cmake)
-- Found ament_cmake_ros: 0.10.0 (/opt/ros/humble/share/ament_cmake_ros/cmake)
-- Using all available rosidl_typesupport_c: rosidl_typesupport_fastrtps_c;rosidl_typesupport_introspection_c
-- Using all available rosidl_typesupport_cpp: rosidl_typesupport_fastrtps_cpp;rosidl_typesupport_introspection_cpp
-- Found PythonInterp: /usr/bin/python3 (found suitable version "3.10.12", minimum required is "3.6") 
-- Found python_cmake_module: 0.10.0 (/opt/ros/humble/share/python_cmake_module/cmake)
-- Found PythonLibs: /usr/lib/x86_64-linux-gnu/libpython3.10.so (found suitable version "3.10.12", minimum required is "3.5") 
-- Using PYTHON_EXECUTABLE: /usr/bin/python3
-- Using PYTHON_INCLUDE_DIRS: /usr/include/python3.10
-- Using PYTHON_LIBRARIES: /usr/lib/x86_64-linux-gnu/libpython3.10.so
-- Found PythonExtra: .so  
-- Found ament_lint_auto: 0.12.15 (/opt/ros/humble/share/ament_lint_auto/cmake)
-- Added test 'lint_cmake' to check CMake code style
-- Added test 'xmllint' to check XML markup files
-- Configuring done
-- Generating done
-- Build files have been written to: /workspaces/2026-rover-code/build/id_polygon
[  3%] [34m[1mGenerating C code for ROS interfaces[0m
[  6%] [34m[1mGenerating Rust code for ROS interfaces[0m
[  9%] [34m[1mGenerating C++ code for ROS interfaces[0m
[  9%] Built target ament_cmake_python_copy_id_polygon
[  9%] Built target id_polygon__rs
[  9%] Built target id_polygon__cpp
[ 12%] [32mBuilding C object CMakeFiles/id_polygon__rosidl_generator_c.dir/rosidl_generator_c/id_polygon/msg/detail/id_polygon__functions.c.o[0m
[ 15%] [34m[1mGenerating C++ introspection for ROS interfaces[0m
[ 18%] [34m[1mGenerating C++ type support for eProsima Fast-RTPS[0m
running egg_info
creating id_polygon.egg-info
writing id_polygon.egg-info/PKG-INFO
writing dependency_links to id_polygon.egg-info/dependency_links.txt
writing top-level names to id_polygon.egg-info/top_level.txt
writing manifest file 'id_polygon.egg-info/SOURCES.txt'
reading manifest file 'id_polygon.egg-info/SOURCES.txt'
writing manifest file 'id_polygon.egg-info/SOURCES.txt'
[ 21%] [34m[1mGenerating C++ type support dispatch for ROS interfaces[0m
[ 21%] Built target ament_cmake_python_build_id_polygon_egg
[ 25%] [32m[1mLinking C shared library libid_polygon__rosidl_generator_c.so[0m
[ 28%] [32mBuilding CXX object CMakeFiles/id_polygon__rosidl_typesupport_cpp.dir/rosidl_typesupport_cpp/id_polygon/msg/id_polygon__type_support.cpp.o[0m
[ 31%] [32mBuilding CXX object CMakeFiles/id_polygon__rosidl_typesupport_introspection_cpp.dir/rosidl_typesupport_introspection_cpp/id_polygon/msg/detail/id_polygon__type_support.cpp.o[0m
[ 34%] [32mBuilding CXX object CMakeFiles/id_polygon__rosidl_typesupport_fastrtps_cpp.dir/rosidl_typesupport_fastrtps_cpp/id_polygon/msg/detail/dds_fastrtps/id_polygon__type_support.cpp.o[0m
[ 34%] Built target id_polygon__rosidl_generator_c
[ 37%] [34m[1mGenerating C type support for eProsima Fast-RTPS[0m
[ 40%] [34m[1mGenerating C type support dispatch for ROS interfaces[0m
[ 43%] [34m[1mGenerating C introspection for ROS interfaces[0m
[ 46%] [32mBuilding CXX object CMakeFiles/id_polygon__rosidl_typesupport_c.dir/rosidl_typesupport_c/id_polygon/msg/id_polygon__type_support.cpp.o[0m
[ 50%] [32mBuilding C object CMakeFiles/id_polygon__rosidl_typesupport_introspection_c.dir/rosidl_typesupport_introspection_c/id_polygon/msg/detail/id_polygon__type_support.c.o[0m
[ 53%] [32mBuilding CXX object CMakeFiles/id_polygon__rosidl_typesupport_fastrtps_c.dir/rosidl_typesupport_fastrtps_c/id_polygon/msg/detail/id_polygon__type_support_c.cpp.o[0m
[ 56%] [32m[1mLinking CXX shared library libid_polygon__rosidl_typesupport_cpp.so[0m
[ 59%] [32m[1mLinking CXX shared library libid_polygon__rosidl_typesupport_fastrtps_cpp.so[0m
[ 62%] [32m[1mLinking CXX shared library libid_polygon__rosidl_typesupport_introspection_cpp.so[0m
[ 65%] [32m[1mLinking CXX shared library libid_polygon__rosidl_typesupport_c.so[0m
[ 68%] [32m[1mLinking C shared library libid_polygon__rosidl_typesupport_introspection_c.so[0m
[ 68%] Built target id_polygon__rosidl_typesupport_cpp
[ 68%] Built target id_polygon__rosidl_typesupport_fastrtps_cpp
[ 68%] Built target id_polygon__rosidl_typesupport_introspection_cpp
[ 68%] Built target id_polygon__rosidl_typesupport_c
[ 68%] Built target id_polygon__rosidl_typesupport_introspection_c
[ 71%] [32m[1mLinking CXX shared library libid_polygon__rosidl_typesupport_fastrtps_c.so[0m
[ 71%] Built target id_polygon__rosidl_typesupport_fastrtps_c
[ 71%] Built target id_polygon
[ 75%] [34m[1mGenerating Python code for ROS interfaces[0m
[ 75%] Built target id_polygon__py
[ 78%] [32mBuilding C object CMakeFiles/id_polygon__rosidl_generator_py.dir/rosidl_generator_py/id_polygon/msg/_id_polygon_s.c.o[0m
[ 81%] [32m[1mLinking C shared library rosidl_generator_py/id_polygon/libid_polygon__rosidl_generator_py.so[0m
[ 81%] Built target id_polygon__rosidl_generator_py
[ 87%] [32mBuilding C object CMakeFiles/id_polygon__rosidl_typesupport_c__pyext.dir/rosidl_generator_py/id_polygon/_id_polygon_s.ep.rosidl_typesupport_c.c.o[0m
[ 87%] [32mBuilding C object CMakeFiles/id_polygon__rosidl_typesupport_fastrtps_c__pyext.dir/rosidl_generator_py/id_polygon/_id_polygon_s.ep.rosidl_typesupport_fastrtps_c.c.o[0m
[ 90%] [32mBuilding C object CMakeFiles/id_polygon__rosidl_typesupport_introspection_c__pyext.dir/rosidl_generator_py/id_polygon/_id_polygon_s.ep.rosidl_typesupport_introspection_c.c.o[0m
[ 93%] [32m[1mLinking C shared library rosidl_generator_py/id_polygon/id_polygon_s__rosidl_typesupport_c.cpython-310-x86_64-linux-gnu.so[0m
[ 96%] [32m[1mLinking C shared library rosidl_generator_py/id_polygon/id_polygon_s__rosidl_typesupport_fastrtps_c.cpython-310-x86_64-linux-gnu.so[0m
[100%] [32m[1mLinking C shared library rosidl_generator_py/id_polygon/id_polygon_s__rosidl_typesupport_introspection_c.cpython-310-x86_64-linux-gnu.so[0m
[100%] Built target id_polygon__rosidl_typesupport_fastrtps_c__pyext
[100%] Built target id_polygon__rosidl_typesupport_c__pyext
[100%] Built target id_polygon__rosidl_typesupport_introspection_c__pyext
-- Install configuration: ""
-- Installing: /workspaces/2026-rover-code/install/id_polygon/share/ament_index/resource_index/rosidl_interfaces/id_polygon
-- Installing: /workspaces/2026-rover-code/install/id_polygon/include/id_polygon/id_polygon
-- Installing: /workspaces/2026-rover-code/install/id_polygon/include/id_polygon/id_polygon/msg
-- Installing: /workspaces/2026-rover-code/install/id_polygon/include/id_polygon/id_polygon/msg/rosidl_generator_c__visibility_control.h
-- Installing: /workspaces/2026-rover-code/install/id_polygon/include/id_polygon/id_polygon/msg/detail
-- Installing: /workspaces/2026-rover-code/install/id_polygon/include/id_polygon/id_polygon/msg/detail/id_polygon__functions.c
-- Installing: /workspaces/2026-rover-code/install/id_polygon/include/id_polygon/id_polygon/msg/detail/id_polygon__type_support.h
-- Installing: /workspaces/2026-rover-code/install/id_polygon/include/id_polygon/id_polygon/msg/detail/id_polygon__functions.h
-- Installing: /workspaces/2026-rover-code/install/id_polygon/include/id_polygon/id_polygon/msg/detail/id_polygon__struct.h
-- Installing: /workspaces/2026-rover-code/install/id_polygon/include/id_polygon/id_polygon/msg/id_polygon.h
-- Installing: /workspaces/2026-rover-code/install/id_polygon/share/id_polygon/environment/library_path.sh
-- Installing: /workspaces/2026-rover-code/install/id_polygon/share/id_polygon/environment/library_path.dsv
-- Installing: /workspaces/2026-rover-code/install/id_polygon/lib/libid_polygon__rosidl_generator_c.so
-- Set runtime path of "/workspaces/2026-rover-code/install/id_polygon/lib/libid_polygon__rosidl_generator_c.so" to ""
-- Up-to-date: /workspaces/2026-rover-code/install/id_polygon/include/id_polygon/id_polygon
-- Up-to-date: /workspaces/2026-rover-code/install/id_polygon/include/id_polygon/id_polygon/msg
-- Up-to-date: /workspaces/2026-rover-code/install/id_polygon/include/id_polygon/id_polygon/msg/detail
-- Installing: /workspaces/2026-rover-code/install/id_polygon/include/id_polygon/id_polygon/msg/detail/id_polygon__rosidl_typesupport_fastrtps_c.h
-- Installing: /workspaces/2026-rover-code/install/id_polygon/include/id_polygon/id_polygon/msg/rosidl_typesupport_fastrtps_c__visibility_control.h
-- Installing: /workspaces/2026-rover-code/install/id_polygon/lib/libid_polygon__rosidl_typesupport_fastrtps_c.so
-- Set runtime path of "/workspaces/2026-rover-code/install/id_polygon/lib/libid_polygon__rosidl_typesupport_fastrtps_c.so" to ""
-- Up-to-date: /workspaces/2026-rover-code/install/id_polygon/include/id_polygon/id_polygon
-- Up-to-date: /workspaces/2026-rover-code/install/id_polygon/include/id_polygon/id_polygon/msg
-- Installing: /workspaces/2026-rover-code/install/id_polygon/include/id_polygon/id_polygon/msg/id_polygon.hpp
-- Up-to-date: /workspaces/2026-rover-code/install/id_polygon/include/id_polygon/id_polygon/msg/detail
-- Installing: /workspaces/2026-rover-code/install/id_polygon/include/id_polygon/id_polygon/msg/detail/id_polygon__type_support.hpp
-- Installing: /workspaces/2026-rover-code/install/id_polygon/include/id_polygon/id_polygon/msg/detail/id_polygon__traits.hpp
-- Installing: /workspaces/2026-rover-code/install/id_polygon/include/id_polygon/id_polygon/msg/detail/id_polygon__builder.hpp
-- Installing: /workspaces/2026-rover-code/install/id_polygon/include/id_polygon/id_polygon/msg/detail/id_polygon__struct.hpp
-- Installing: /workspaces/2026-rover-code/install/id_polygon/include/id_polygon/id_polygon/msg/rosidl_generator_cpp__visibility_control.hpp
-- Up-to-date: /workspaces/2026-rover-code/install/id_polygon/include/id_polygon/id_polygon
-- Up-to-date: /workspaces/2026-rover-code/install/id_polygon/include/id_polygon/id_polygon/msg
-- Installing: /workspaces/2026-rover-code/install/id_polygon/include/id_polygon/id_polygon/msg/rosidl_typesupport_fastrtps_cpp__visibility_control.h
-- Up-to-date: /workspaces/2026-rover-code/install/id_polygon/include/id_polygon/id_polygon/msg/detail
-- Installing: /workspaces/2026-rover-code/install/id_polygon/include/id_polygon/id_polygon/msg/detail/id_polygon__rosidl_typesupport_fastrtps_cpp.hpp
-- Installing: /workspaces/2026-rover-code/install/id_polygon/include/id_polygon/id_polygon/msg/detail/dds_fastrtps
-- Installing: /workspaces/2026-rover-code/install/id_polygon/lib/libid_polygon__rosidl_typesupport_fastrtps_cpp.so
-- Set runtime path of "/workspaces/2026-rover-code/install/id_polygon/lib/libid_polygon__rosidl_typesupport_fastrtps_cpp.so" to ""
-- Up-to-date: /workspaces/2026-rover-code/install/id_polygon/include/id_polygon/id_polygon
-- Up-to-date: /workspaces/2026-rover-code/install/id_polygon/include/id_polygon/id_polygon/msg
-- Up-to-date: /workspaces/2026-rover-code/install/id_polygon/include/id_polygon/id_polygon/msg/detail
-- Installing: /workspaces/2026-rover-code/install/id_polygon/include/id_polygon/id_polygon/msg/detail/id_polygon__rosidl_typesupport_introspection_c.h
-- Installing: /workspaces/2026-rover-code/install/id_polygon/include/id_polygon/id_polygon/msg/detail/id_polygon__type_support.c
-- Installing: /workspaces/2026-rover-code/install/id_polygon/include/id_polygon/id_polygon/msg/rosidl_typesupport_introspection_c__visibility_control.h
-- Installing: /workspaces/2026-rover-code/install/id_polygon/lib/libid_polygon__rosidl_typesupport_introspection_c.so
-- Set runtime path of "/workspaces/2026-rover-code/install/id_polygon/lib/libid_polygon__rosidl_typesupport_introspection_c.so" to ""
-- Installing: /workspaces/2026-rover-code/install/id_polygon/lib/libid_polygon__rosidl_typesupport_c.so
-- Set runtime path of "/workspaces/2026-rover-code/install/id_polygon/lib/libid_polygon__rosidl_typesupport_c.so" to ""
-- Up-to-date: /workspaces/2026-rover-code/install/id_polygon/include/id_polygon/id_polygon
-- Up-to-date: /workspaces/2026-rover-code/install/id_polygon/include/id_polygon/id_polygon/msg
-- Up-to-date: /workspaces/2026-rover-code/install/id_polygon/include/id_polygon/id_polygon/msg/detail
-- Installing: /workspaces/2026-rover-code/install/id_polygon/include/id_polygon/id_polygon/msg/detail/id_polygon__rosidl_typesupport_introspection_cpp.hpp
-- Installing: /workspaces/2026-rover-code/install/id_polygon/include/id_polygon/id_polygon/msg/detail/id_polygon__type_support.cpp
-- Installing: /workspaces/2026-rover-code/install/id_polygon/lib/libid_polygon__rosidl_typesupport_introspection_cpp.so
-- Set runtime path of "/workspaces/2026-rover-code/install/id_polygon/lib/libid_polygon__rosidl_typesupport_introspection_cpp.so" to ""
-- Installing: /workspaces/2026-rover-code/install/id_polygon/lib/libid_polygon__rosidl_typesupport_cpp.so
-- Set runtime path of "/workspaces/2026-rover-code/install/id_polygon/lib/libid_polygon__rosidl_typesupport_cpp.so" to ""
-- Installing: /workspaces/2026-rover-code/install/id_polygon/share/id_polygon/environment/pythonpath.sh
-- Installing: /workspaces/2026-rover-code/install/id_polygon/share/id_polygon/environment/pythonpath.dsv
-- Installing: /workspaces/2026-rover-code/install/id_polygon/local/lib/python3.10/dist-packages/id_polygon-0.0.0-py3.10.egg-info
-- Installing: /workspaces/2026-rover-code/install/id_polygon/local/lib/python3.10/dist-packages/id_polygon-0.0.0-py3.10.egg-info/PKG-INFO
-- Installing: /workspaces/2026-rover-code/install/id_polygon/local/lib/python3.10/dist-packages/id_polygon-0.0.0-py3.10.egg-info/SOURCES.txt
-- Installing: /workspaces/2026-rover-code/install/id_polygon/local/lib/python3.10/dist-packages/id_polygon-0.0.0-py3.10.egg-info/top_level.txt
-- Installing: /workspaces/2026-rover-code/install/id_polygon/local/lib/python3.10/dist-packages/id_polygon-0.0.0-py3.10.egg-info/dependency_links.txt
-- Installing: /workspaces/2026-rover-code/install/id_polygon/local/lib/python3.10/dist-packages/id_polygon
-- Installing: /workspaces/2026-rover-code/install/id_polygon/local/lib/python3.10/dist-packages/id_polygon/libid_polygon__rosidl_generator_py.so
-- Installing: /workspaces/2026-rover-code/install/id_polygon/local/lib/python3.10/dist-packages/id_polygon/msg
-- Installing: /workspaces/2026-rover-code/install/id_polygon/local/lib/python3.10/dist-packages/id_polygon/msg/__init__.py
-- Installing: /workspaces/2026-rover-code/install/id_polygon/local/lib/python3.10/dist-packages/id_polygon/msg/_id_polygon_s.c
-- Installing: /workspaces/2026-rover-code/install/id_polygon/local/lib/python3.10/dist-packages/id_polygon/msg/_id_polygon.py
-- Installing: /workspaces/2026-rover-code/install/id_polygon/local/lib/python3.10/dist-packages/id_polygon/_id_polygon_s.ep.rosidl_typesupport_fastrtps_c.c
-- Installing: /workspaces/2026-rover-code/install/id_polygon/local/lib/python3.10/dist-packages/id_polygon/__init__.py
-- Installing: /workspaces/2026-rover-code/install/id_polygon/local/lib/python3.10/dist-packages/id_polygon/id_polygon_s__rosidl_typesupport_fastrtps_c.cpython-310-x86_64-linux-gnu.so
-- Installing: /workspaces/2026-rover-code/install/id_polygon/local/lib/python3.10/dist-packages/id_polygon/_id_polygon_s.ep.rosidl_typesupport_c.c
-- Installing: /workspaces/2026-rover-code/install/id_polygon/local/lib/python3.10/dist-packages/id_polygon/id_polygon_s__rosidl_typesupport_c.cpython-310-x86_64-linux-gnu.so
-- Installing: /workspaces/2026-rover-code/install/id_polygon/local/lib/python3.10/dist-packages/id_polygon/_id_polygon_s.ep.rosidl_typesupport_introspection_c.c
-- Installing: /workspaces/2026-rover-code/install/id_polygon/local/lib/python3.10/dist-packages/id_polygon/id_polygon_s__rosidl_typesupport_introspection_c.cpython-310-x86_64-linux-gnu.so
Listing '/workspaces/2026-rover-code/install/id_polygon/local/lib/python3.10/dist-packages/id_polygon'...
Compiling '/workspaces/2026-rover-code/install/id_polygon/local/lib/python3.10/dist-packages/id_polygon/__init__.py'...
Listing '/workspaces/2026-rover-code/install/id_polygon/local/lib/python3.10/dist-packages/id_polygon/msg'...
Compiling '/workspaces/2026-rover-code/install/id_polygon/local/lib/python3.10/dist-packages/id_polygon/msg/__init__.py'...
Compiling '/workspaces/2026-rover-code/install/id_polygon/local/lib/python3.10/dist-packages/id_polygon/msg/_id_polygon.py'...
-- Installing: /workspaces/2026-rover-code/install/id_polygon/local/lib/python3.10/dist-packages/id_polygon/id_polygon_s__rosidl_typesupport_fastrtps_c.cpython-310-x86_64-linux-gnu.so
-- Set runtime path of "/workspaces/2026-rover-code/install/id_polygon/local/lib/python3.10/dist-packages/id_polygon/id_polygon_s__rosidl_typesupport_fastrtps_c.cpython-310-x86_64-linux-gnu.so" to ""
-- Installing: /workspaces/2026-rover-code/install/id_polygon/local/lib/python3.10/dist-packages/id_polygon/id_polygon_s__rosidl_typesupport_introspection_c.cpython-310-x86_64-linux-gnu.so
-- Set runtime path of "/workspaces/2026-rover-code/install/id_polygon/local/lib/python3.10/dist-packages/id_polygon/id_polygon_s__rosidl_typesupport_introspection_c.cpython-310-x86_64-linux-gnu.so" to ""
-- Installing: /workspaces/2026-rover-code/install/id_polygon/local/lib/python3.10/dist-packages/id_polygon/id_polygon_s__rosidl_typesupport_c.cpython-310-x86_64-linux-gnu.so
-- Set runtime path of "/workspaces/2026-rover-code/install/id_polygon/local/lib/python3.10/dist-packages/id_polygon/id_polygon_s__rosidl_typesupport_c.cpython-310-x86_64-linux-gnu.so" to ""
-- Installing: /workspaces/2026-rover-code/install/id_polygon/lib/libid_polygon__rosidl_generator_py.so
-- Set runtime path of "/workspaces/2026-rover-code/install/id_polygon/lib/libid_polygon__rosidl_generator_py.so" to ""
-- Installing: /workspaces/2026-rover-code/install/id_polygon/share/ament_index/resource_index/rust_packages/id_polygon
-- Installing: /workspaces/2026-rover-code/install/id_polygon/share/id_polygon/rust
-- Installing: /workspaces/2026-rover-code/install/id_polygon/share/id_polygon/rust/Cargo.toml
-- Installing: /workspaces/2026-rover-code/install/id_polygon/share/id_polygon/rust/build.rs
-- Installing: /workspaces/2026-rover-code/install/id_polygon/share/id_polygon/rust/src
-- Installing: /workspaces/2026-rover-code/install/id_polygon/share/id_polygon/rust/src/msg
-- Installing: /workspaces/2026-rover-code/install/id_polygon/share/id_polygon/rust/src/msg/rmw.rs
-- Installing: /workspaces/2026-rover-code/install/id_polygon/share/id_polygon/rust/src/lib.rs
-- Installing: /workspaces/2026-rover-code/install/id_polygon/share/id_polygon/rust/src/msg.rs
-- Installing: /workspaces/2026-rover-code/install/id_polygon/share/id_polygon/msg/IdPolygon.idl
-- Installing: /workspaces/2026-rover-code/install/id_polygon/share/id_polygon/msg/IdPolygon.msg
-- Installing: /workspaces/2026-rover-code/install/id_polygon/share/ament_index/resource_index/package_run_dependencies/id_polygon
-- Installing: /workspaces/2026-rover-code/install/id_polygon/share/ament_index/resource_index/parent_prefix_path/id_polygon
-- Installing: /workspaces/2026-rover-code/install/id_polygon/share/id_polygon/environment/ament_prefix_path.sh
-- Installing: /workspaces/2026-rover-code/install/id_polygon/share/id_polygon/environment/ament_prefix_path.dsv
-- Installing: /workspaces/2026-rover-code/install/id_polygon/share/id_polygon/environment/path.sh
-- Installing: /workspaces/2026-rover-code/install/id_polygon/share/id_polygon/environment/path.dsv
-- Installing: /workspaces/2026-rover-code/install/id_polygon/share/id_polygon/local_setup.bash
-- Installing: /workspaces/2026-rover-code/install/id_polygon/share/id_polygon/local_setup.sh
-- Installing: /workspaces/2026-rover-code/install/id_polygon/share/id_polygon/local_setup.zsh
-- Installing: /workspaces/2026-rover-code/install/id_polygon/share/id_polygon/local_setup.dsv
-- Installing: /workspaces/2026-rover-code/install/id_polygon/share/id_polygon/package.dsv
-- Installing: /workspaces/2026-rover-code/install/id_polygon/share/ament_index/resource_index/packages/id_polygon
-- Installing: /workspaces/2026-rover-code/install/id_polygon/share/id_polygon/cmake/export_id_polygon__rosidl_generator_cExport.cmake
-- Installing: /workspaces/2026-rover-code/install/id_polygon/share/id_polygon/cmake/export_id_polygon__rosidl_generator_cExport-noconfig.cmake
-- Installing: /workspaces/2026-rover-code/install/id_polygon/share/id_polygon/cmake/export_id_polygon__rosidl_typesupport_fastrtps_cExport.cmake
-- Installing: /workspaces/2026-rover-code/install/id_polygon/share/id_polygon/cmake/export_id_polygon__rosidl_typesupport_fastrtps_cExport-noconfig.cmake
-- Installing: /workspaces/2026-rover-code/install/id_polygon/share/id_polygon/cmake/export_id_polygon__rosidl_generator_cppExport.cmake
-- Installing: /workspaces/2026-rover-code/install/id_polygon/share/id_polygon/cmake/export_id_polygon__rosidl_typesupport_fastrtps_cppExport.cmake
-- Installing: /workspaces/2026-rover-code/install/id_polygon/share/id_polygon/cmake/export_id_polygon__rosidl_typesupport_fastrtps_cppExport-noconfig.cmake
-- Installing: /workspaces/2026-rover-code/install/id_polygon/share/id_polygon/cmake/id_polygon__rosidl_typesupport_introspection_cExport.cmake
-- Installing: /workspaces/2026-rover-code/install/id_polygon/share/id_polygon/cmake/id_polygon__rosidl_typesupport_introspection_cExport-noconfig.cmake
-- Installing: /workspaces/2026-rover-code/install/id_polygon/share/id_polygon/cmake/id_polygon__rosidl_typesupport_cExport.cmake
-- Installing: /workspaces/2026-rover-code/install/id_polygon/share/id_polygon/cmake/id_polygon__rosidl_typesupport_cExport-noconfig.cmake
-- Installing: /workspaces/2026-rover-code/install/id_polygon/share/id_polygon/cmake/id_polygon__rosidl_typesupport_introspection_cppExport.cmake
-- Installing: /workspaces/2026-rover-code/install/id_polygon/share/id_polygon/cmake/id_polygon__rosidl_typesupport_introspection_cppExport-noconfig.cmake
-- Installing: /workspaces/2026-rover-code/install/id_polygon/share/id_polygon/cmake/id_polygon__rosidl_typesupport_cppExport.cmake
-- Installing: /workspaces/2026-rover-code/install/id_polygon/share/id_polygon/cmake/id_polygon__rosidl_typesupport_cppExport-noconfig.cmake
-- Installing: /workspaces/2026-rover-code/install/id_polygon/share/id_polygon/cmake/export_id_polygon__rosidl_generator_pyExport.cmake
-- Installing: /workspaces/2026-rover-code/install/id_polygon/share/id_polygon/cmake/export_id_polygon__rosidl_generator_pyExport-noconfig.cmake
-- Installing: /workspaces/2026-rover-code/install/id_polygon/share/id_polygon/cmake/rosidl_cmake-extras.cmake
-- Installing: /workspaces/2026-rover-code/install/id_polygon/share/id_polygon/cmake/ament_cmake_export_dependencies-extras.cmake
-- Installing: /workspaces/2026-rover-code/install/id_polygon/share/id_polygon/cmake/ament_cmake_export_include_directories-extras.cmake
-- Installing: /workspaces/2026-rover-code/install/id_polygon/share/id_polygon/cmake/ament_cmake_export_libraries-extras.cmake
-- Installing: /workspaces/2026-rover-code/install/id_polygon/share/id_polygon/cmake/ament_cmake_export_targets-extras.cmake
-- Installing: /workspaces/2026-rover-code/install/id_polygon/share/id_polygon/cmake/rosidl_cmake_export_typesupport_targets-extras.cmake
-- Installing: /workspaces/2026-rover-code/install/id_polygon/share/id_polygon/cmake/rosidl_cmake_export_typesupport_libraries-extras.cmake
-- Installing: /workspaces/2026-rover-code/install/id_polygon/share/id_polygon/cmake/rosidl_cmake_aggregate_target-extras.cmake
-- Installing: /workspaces/2026-rover-code/install/id_polygon/share/id_polygon/cmake/id_polygonConfig.cmake
-- Installing: /workspaces/2026-rover-code/install/id_polygon/share/id_polygon/cmake/id_polygonConfig-version.cmake
-- Installing: /workspaces/2026-rover-code/install/id_polygon/share/id_polygon/package.xml
