[0.078s] Invoking command in '/workspaces/2026-rover-code/build/id_polygon': CMAKE_PREFIX_PATH=/workspaces/2026-rover-code/install/image_processor:/opt/ros/humble /usr/bin/cmake /workspaces/2026-rover-code/src/id_polygon -DCMAKE_INSTALL_PREFIX=/workspaces/2026-rover-code/install/id_polygon
[0.486s] -- The C compiler identification is GNU 11.4.0
[0.934s] -- The CXX compiler identification is GNU 11.4.0
[0.975s] -- Detecting C compiler ABI info
[1.587s] -- Detecting C compiler ABI info - done
[1.618s] -- Check for working C compiler: /usr/bin/cc - skipped
[1.619s] -- Detecting C compile features
[1.623s] -- Detecting C compile features - done
[1.633s] -- Detecting CXX compiler ABI info
[2.304s] -- Detecting CXX compiler ABI info - done
[2.320s] -- Check for working CXX compiler: /usr/bin/c++ - skipped
[2.321s] -- Detecting CXX compile features
[2.321s] -- Detecting CXX compile features - done
[2.334s] -- Found ament_cmake: 1.3.14 (/opt/ros/humble/share/ament_cmake/cmake)
[2.919s] -- Found Python3: /usr/bin/python3 (found version "3.10.12") found components: Interpreter 
[3.107s] -- Found geometry_msgs: 4.9.2 (/opt/ros/humble/share/geometry_msgs/cmake)
[3.153s] -- Found rosidl_generator_c: 3.1.9 (/opt/ros/humble/share/rosidl_generator_c/cmake)
[3.159s] -- Found rosidl_adapter: 3.1.9 (/opt/ros/humble/share/rosidl_adapter/cmake)
[3.179s] -- Found rosidl_generator_cpp: 3.1.9 (/opt/ros/humble/share/rosidl_generator_cpp/cmake)
[3.191s] -- Using all available rosidl_typesupport_c: rosidl_typesupport_fastrtps_c;rosidl_typesupport_introspection_c
[3.207s] -- Using all available rosidl_typesupport_cpp: rosidl_typesupport_fastrtps_cpp;rosidl_typesupport_introspection_cpp
[3.239s] -- Found rosidl_default_generators: 1.2.1 (/opt/ros/humble/share/rosidl_default_generators/cmake)
[3.997s] -- Found ament_cmake_ros: 0.10.0 (/opt/ros/humble/share/ament_cmake_ros/cmake)
[5.199s] -- Using all available rosidl_typesupport_c: rosidl_typesupport_fastrtps_c;rosidl_typesupport_introspection_c
[5.569s] -- Using all available rosidl_typesupport_cpp: rosidl_typesupport_fastrtps_cpp;rosidl_typesupport_introspection_cpp
[5.644s] -- Found PythonInterp: /usr/bin/python3 (found suitable version "3.10.12", minimum required is "3.6") 
[5.646s] -- Found python_cmake_module: 0.10.0 (/opt/ros/humble/share/python_cmake_module/cmake)
[5.716s] -- Found PythonLibs: /usr/lib/x86_64-linux-gnu/libpython3.10.so (found suitable version "3.10.12", minimum required is "3.5") 
[5.716s] -- Using PYTHON_EXECUTABLE: /usr/bin/python3
[5.717s] -- Using PYTHON_INCLUDE_DIRS: /usr/include/python3.10
[5.717s] -- Using PYTHON_LIBRARIES: /usr/lib/x86_64-linux-gnu/libpython3.10.so
[5.786s] -- Found PythonExtra: .so  
[6.127s] -- Found ament_lint_auto: 0.12.15 (/opt/ros/humble/share/ament_lint_auto/cmake)
[6.174s] -- Added test 'lint_cmake' to check CMake code style
[6.181s] -- Added test 'xmllint' to check XML markup files
[6.196s] -- Configuring done
[6.366s] -- Generating done
[6.433s] -- Build files have been written to: /workspaces/2026-rover-code/build/id_polygon
[6.449s] Invoked command in '/workspaces/2026-rover-code/build/id_polygon' returned '0': CMAKE_PREFIX_PATH=/workspaces/2026-rover-code/install/image_processor:/opt/ros/humble /usr/bin/cmake /workspaces/2026-rover-code/src/id_polygon -DCMAKE_INSTALL_PREFIX=/workspaces/2026-rover-code/install/id_polygon
[6.456s] Invoking command in '/workspaces/2026-rover-code/build/id_polygon': CMAKE_PREFIX_PATH=/workspaces/2026-rover-code/install/image_processor:/opt/ros/humble /usr/bin/cmake --build /workspaces/2026-rover-code/build/id_polygon -- -j15 -l15
[6.890s] [  3%] [34m[1mGenerating C code for ROS interfaces[0m
[6.970s] [  6%] [34m[1mGenerating Rust code for ROS interfaces[0m
[6.973s] [  9%] [34m[1mGenerating C++ code for ROS interfaces[0m
[7.062s] [  9%] Built target ament_cmake_python_copy_id_polygon
[7.450s] [  9%] Built target id_polygon__rs
[7.466s] [  9%] Built target id_polygon__cpp
[7.495s] [ 12%] [32mBuilding C object CMakeFiles/id_polygon__rosidl_generator_c.dir/rosidl_generator_c/id_polygon/msg/detail/id_polygon__functions.c.o[0m
[7.565s] [ 15%] [34m[1mGenerating C++ introspection for ROS interfaces[0m
[7.590s] [ 18%] [34m[1mGenerating C++ type support for eProsima Fast-RTPS[0m
[7.592s] running egg_info
[7.593s] creating id_polygon.egg-info
[7.596s] writing id_polygon.egg-info/PKG-INFO
[7.598s] writing dependency_links to id_polygon.egg-info/dependency_links.txt
[7.600s] writing top-level names to id_polygon.egg-info/top_level.txt
[7.602s] writing manifest file 'id_polygon.egg-info/SOURCES.txt'
[7.612s] reading manifest file 'id_polygon.egg-info/SOURCES.txt'
[7.616s] writing manifest file 'id_polygon.egg-info/SOURCES.txt'
[7.621s] [ 21%] [34m[1mGenerating C++ type support dispatch for ROS interfaces[0m
[7.737s] [ 21%] Built target ament_cmake_python_build_id_polygon_egg
[7.892s] [ 25%] [32m[1mLinking C shared library libid_polygon__rosidl_generator_c.so[0m
[8.218s] [ 28%] [32mBuilding CXX object CMakeFiles/id_polygon__rosidl_typesupport_cpp.dir/rosidl_typesupport_cpp/id_polygon/msg/id_polygon__type_support.cpp.o[0m
[8.232s] [ 31%] [32mBuilding CXX object CMakeFiles/id_polygon__rosidl_typesupport_introspection_cpp.dir/rosidl_typesupport_introspection_cpp/id_polygon/msg/detail/id_polygon__type_support.cpp.o[0m
[8.244s] [ 34%] [32mBuilding CXX object CMakeFiles/id_polygon__rosidl_typesupport_fastrtps_cpp.dir/rosidl_typesupport_fastrtps_cpp/id_polygon/msg/detail/dds_fastrtps/id_polygon__type_support.cpp.o[0m
[8.259s] [ 34%] Built target id_polygon__rosidl_generator_c
[8.458s] [ 37%] [34m[1mGenerating C type support for eProsima Fast-RTPS[0m
[8.470s] [ 40%] [34m[1mGenerating C type support dispatch for ROS interfaces[0m
[8.475s] [ 43%] [34m[1mGenerating C introspection for ROS interfaces[0m
[9.057s] [ 46%] [32mBuilding CXX object CMakeFiles/id_polygon__rosidl_typesupport_c.dir/rosidl_typesupport_c/id_polygon/msg/id_polygon__type_support.cpp.o[0m
[9.080s] [ 50%] [32mBuilding C object CMakeFiles/id_polygon__rosidl_typesupport_introspection_c.dir/rosidl_typesupport_introspection_c/id_polygon/msg/detail/id_polygon__type_support.c.o[0m
[9.084s] [ 53%] [32mBuilding CXX object CMakeFiles/id_polygon__rosidl_typesupport_fastrtps_c.dir/rosidl_typesupport_fastrtps_c/id_polygon/msg/detail/id_polygon__type_support_c.cpp.o[0m
[9.142s] [ 56%] [32m[1mLinking CXX shared library libid_polygon__rosidl_typesupport_cpp.so[0m
[9.264s] [ 59%] [32m[1mLinking CXX shared library libid_polygon__rosidl_typesupport_fastrtps_cpp.so[0m
[9.286s] [ 62%] [32m[1mLinking CXX shared library libid_polygon__rosidl_typesupport_introspection_cpp.so[0m
[9.331s] [ 65%] [32m[1mLinking CXX shared library libid_polygon__rosidl_typesupport_c.so[0m
[9.354s] [ 68%] [32m[1mLinking C shared library libid_polygon__rosidl_typesupport_introspection_c.so[0m
[9.358s] [ 68%] Built target id_polygon__rosidl_typesupport_cpp
[9.505s] [ 68%] Built target id_polygon__rosidl_typesupport_fastrtps_cpp
[9.513s] [ 68%] Built target id_polygon__rosidl_typesupport_introspection_cpp
[9.549s] [ 68%] Built target id_polygon__rosidl_typesupport_c
[9.555s] [ 68%] Built target id_polygon__rosidl_typesupport_introspection_c
[9.719s] [ 71%] [32m[1mLinking CXX shared library libid_polygon__rosidl_typesupport_fastrtps_c.so[0m
[9.888s] [ 71%] Built target id_polygon__rosidl_typesupport_fastrtps_c
[10.037s] [ 71%] Built target id_polygon
[10.189s] [ 75%] [34m[1mGenerating Python code for ROS interfaces[0m
[10.523s] [ 75%] Built target id_polygon__py
[10.654s] [ 78%] [32mBuilding C object CMakeFiles/id_polygon__rosidl_generator_py.dir/rosidl_generator_py/id_polygon/msg/_id_polygon_s.c.o[0m
[10.941s] [ 81%] [32m[1mLinking C shared library rosidl_generator_py/id_polygon/libid_polygon__rosidl_generator_py.so[0m
[11.094s] [ 81%] Built target id_polygon__rosidl_generator_py
[11.267s] [ 87%] [32mBuilding C object CMakeFiles/id_polygon__rosidl_typesupport_c__pyext.dir/rosidl_generator_py/id_polygon/_id_polygon_s.ep.rosidl_typesupport_c.c.o[0m
[11.267s] [ 87%] [32mBuilding C object CMakeFiles/id_polygon__rosidl_typesupport_fastrtps_c__pyext.dir/rosidl_generator_py/id_polygon/_id_polygon_s.ep.rosidl_typesupport_fastrtps_c.c.o[0m
[11.282s] [ 90%] [32mBuilding C object CMakeFiles/id_polygon__rosidl_typesupport_introspection_c__pyext.dir/rosidl_generator_py/id_polygon/_id_polygon_s.ep.rosidl_typesupport_introspection_c.c.o[0m
[11.627s] [ 93%] [32m[1mLinking C shared library rosidl_generator_py/id_polygon/id_polygon_s__rosidl_typesupport_c.cpython-310-x86_64-linux-gnu.so[0m
[11.632s] [ 96%] [32m[1mLinking C shared library rosidl_generator_py/id_polygon/id_polygon_s__rosidl_typesupport_fastrtps_c.cpython-310-x86_64-linux-gnu.so[0m
[11.657s] [100%] [32m[1mLinking C shared library rosidl_generator_py/id_polygon/id_polygon_s__rosidl_typesupport_introspection_c.cpython-310-x86_64-linux-gnu.so[0m
[11.822s] [100%] Built target id_polygon__rosidl_typesupport_fastrtps_c__pyext
[11.823s] [100%] Built target id_polygon__rosidl_typesupport_c__pyext
[11.860s] [100%] Built target id_polygon__rosidl_typesupport_introspection_c__pyext
[11.909s] Invoked command in '/workspaces/2026-rover-code/build/id_polygon' returned '0': CMAKE_PREFIX_PATH=/workspaces/2026-rover-code/install/image_processor:/opt/ros/humble /usr/bin/cmake --build /workspaces/2026-rover-code/build/id_polygon -- -j15 -l15
[11.954s] Invoking command in '/workspaces/2026-rover-code/build/id_polygon': CMAKE_PREFIX_PATH=/workspaces/2026-rover-code/install/image_processor:/opt/ros/humble /usr/bin/cmake --install /workspaces/2026-rover-code/build/id_polygon
[11.988s] -- Install configuration: ""
[11.993s] -- Installing: /workspaces/2026-rover-code/install/id_polygon/share/ament_index/resource_index/rosidl_interfaces/id_polygon
[11.995s] -- Installing: /workspaces/2026-rover-code/install/id_polygon/include/id_polygon/id_polygon
[11.996s] -- Installing: /workspaces/2026-rover-code/install/id_polygon/include/id_polygon/id_polygon/msg
[11.997s] -- Installing: /workspaces/2026-rover-code/install/id_polygon/include/id_polygon/id_polygon/msg/rosidl_generator_c__visibility_control.h
[11.998s] -- Installing: /workspaces/2026-rover-code/install/id_polygon/include/id_polygon/id_polygon/msg/detail
[11.999s] -- Installing: /workspaces/2026-rover-code/install/id_polygon/include/id_polygon/id_polygon/msg/detail/id_polygon__functions.c
[12.000s] -- Installing: /workspaces/2026-rover-code/install/id_polygon/include/id_polygon/id_polygon/msg/detail/id_polygon__type_support.h
[12.002s] -- Installing: /workspaces/2026-rover-code/install/id_polygon/include/id_polygon/id_polygon/msg/detail/id_polygon__functions.h
[12.003s] -- Installing: /workspaces/2026-rover-code/install/id_polygon/include/id_polygon/id_polygon/msg/detail/id_polygon__struct.h
[12.004s] -- Installing: /workspaces/2026-rover-code/install/id_polygon/include/id_polygon/id_polygon/msg/id_polygon.h
[12.006s] -- Installing: /workspaces/2026-rover-code/install/id_polygon/share/id_polygon/environment/library_path.sh
[12.008s] -- Installing: /workspaces/2026-rover-code/install/id_polygon/share/id_polygon/environment/library_path.dsv
[12.010s] -- Installing: /workspaces/2026-rover-code/install/id_polygon/lib/libid_polygon__rosidl_generator_c.so
[12.015s] -- Set runtime path of "/workspaces/2026-rover-code/install/id_polygon/lib/libid_polygon__rosidl_generator_c.so" to ""
[12.015s] -- Up-to-date: /workspaces/2026-rover-code/install/id_polygon/include/id_polygon/id_polygon
[12.015s] -- Up-to-date: /workspaces/2026-rover-code/install/id_polygon/include/id_polygon/id_polygon/msg
[12.016s] -- Up-to-date: /workspaces/2026-rover-code/install/id_polygon/include/id_polygon/id_polygon/msg/detail
[12.016s] -- Installing: /workspaces/2026-rover-code/install/id_polygon/include/id_polygon/id_polygon/msg/detail/id_polygon__rosidl_typesupport_fastrtps_c.h
[12.018s] -- Installing: /workspaces/2026-rover-code/install/id_polygon/include/id_polygon/id_polygon/msg/rosidl_typesupport_fastrtps_c__visibility_control.h
[12.020s] -- Installing: /workspaces/2026-rover-code/install/id_polygon/lib/libid_polygon__rosidl_typesupport_fastrtps_c.so
[12.022s] -- Set runtime path of "/workspaces/2026-rover-code/install/id_polygon/lib/libid_polygon__rosidl_typesupport_fastrtps_c.so" to ""
[12.022s] -- Up-to-date: /workspaces/2026-rover-code/install/id_polygon/include/id_polygon/id_polygon
[12.022s] -- Up-to-date: /workspaces/2026-rover-code/install/id_polygon/include/id_polygon/id_polygon/msg
[12.023s] -- Installing: /workspaces/2026-rover-code/install/id_polygon/include/id_polygon/id_polygon/msg/id_polygon.hpp
[12.023s] -- Up-to-date: /workspaces/2026-rover-code/install/id_polygon/include/id_polygon/id_polygon/msg/detail
[12.025s] -- Installing: /workspaces/2026-rover-code/install/id_polygon/include/id_polygon/id_polygon/msg/detail/id_polygon__type_support.hpp
[12.026s] -- Installing: /workspaces/2026-rover-code/install/id_polygon/include/id_polygon/id_polygon/msg/detail/id_polygon__traits.hpp
[12.027s] -- Installing: /workspaces/2026-rover-code/install/id_polygon/include/id_polygon/id_polygon/msg/detail/id_polygon__builder.hpp
[12.028s] -- Installing: /workspaces/2026-rover-code/install/id_polygon/include/id_polygon/id_polygon/msg/detail/id_polygon__struct.hpp
[12.029s] -- Installing: /workspaces/2026-rover-code/install/id_polygon/include/id_polygon/id_polygon/msg/rosidl_generator_cpp__visibility_control.hpp
[12.030s] -- Up-to-date: /workspaces/2026-rover-code/install/id_polygon/include/id_polygon/id_polygon
[12.031s] -- Up-to-date: /workspaces/2026-rover-code/install/id_polygon/include/id_polygon/id_polygon/msg
[12.031s] -- Installing: /workspaces/2026-rover-code/install/id_polygon/include/id_polygon/id_polygon/msg/rosidl_typesupport_fastrtps_cpp__visibility_control.h
[12.032s] -- Up-to-date: /workspaces/2026-rover-code/install/id_polygon/include/id_polygon/id_polygon/msg/detail
[12.033s] -- Installing: /workspaces/2026-rover-code/install/id_polygon/include/id_polygon/id_polygon/msg/detail/id_polygon__rosidl_typesupport_fastrtps_cpp.hpp
[12.034s] -- Installing: /workspaces/2026-rover-code/install/id_polygon/include/id_polygon/id_polygon/msg/detail/dds_fastrtps
[12.035s] -- Installing: /workspaces/2026-rover-code/install/id_polygon/lib/libid_polygon__rosidl_typesupport_fastrtps_cpp.so
[12.036s] -- Set runtime path of "/workspaces/2026-rover-code/install/id_polygon/lib/libid_polygon__rosidl_typesupport_fastrtps_cpp.so" to ""
[12.037s] -- Up-to-date: /workspaces/2026-rover-code/install/id_polygon/include/id_polygon/id_polygon
[12.037s] -- Up-to-date: /workspaces/2026-rover-code/install/id_polygon/include/id_polygon/id_polygon/msg
[12.037s] -- Up-to-date: /workspaces/2026-rover-code/install/id_polygon/include/id_polygon/id_polygon/msg/detail
[12.038s] -- Installing: /workspaces/2026-rover-code/install/id_polygon/include/id_polygon/id_polygon/msg/detail/id_polygon__rosidl_typesupport_introspection_c.h
[12.039s] -- Installing: /workspaces/2026-rover-code/install/id_polygon/include/id_polygon/id_polygon/msg/detail/id_polygon__type_support.c
[12.040s] -- Installing: /workspaces/2026-rover-code/install/id_polygon/include/id_polygon/id_polygon/msg/rosidl_typesupport_introspection_c__visibility_control.h
[12.041s] -- Installing: /workspaces/2026-rover-code/install/id_polygon/lib/libid_polygon__rosidl_typesupport_introspection_c.so
[12.043s] -- Set runtime path of "/workspaces/2026-rover-code/install/id_polygon/lib/libid_polygon__rosidl_typesupport_introspection_c.so" to ""
[12.043s] -- Installing: /workspaces/2026-rover-code/install/id_polygon/lib/libid_polygon__rosidl_typesupport_c.so
[12.045s] -- Set runtime path of "/workspaces/2026-rover-code/install/id_polygon/lib/libid_polygon__rosidl_typesupport_c.so" to ""
[12.045s] -- Up-to-date: /workspaces/2026-rover-code/install/id_polygon/include/id_polygon/id_polygon
[12.045s] -- Up-to-date: /workspaces/2026-rover-code/install/id_polygon/include/id_polygon/id_polygon/msg
[12.045s] -- Up-to-date: /workspaces/2026-rover-code/install/id_polygon/include/id_polygon/id_polygon/msg/detail
[12.046s] -- Installing: /workspaces/2026-rover-code/install/id_polygon/include/id_polygon/id_polygon/msg/detail/id_polygon__rosidl_typesupport_introspection_cpp.hpp
[12.047s] -- Installing: /workspaces/2026-rover-code/install/id_polygon/include/id_polygon/id_polygon/msg/detail/id_polygon__type_support.cpp
[12.048s] -- Installing: /workspaces/2026-rover-code/install/id_polygon/lib/libid_polygon__rosidl_typesupport_introspection_cpp.so
[12.050s] -- Set runtime path of "/workspaces/2026-rover-code/install/id_polygon/lib/libid_polygon__rosidl_typesupport_introspection_cpp.so" to ""
[12.051s] -- Installing: /workspaces/2026-rover-code/install/id_polygon/lib/libid_polygon__rosidl_typesupport_cpp.so
[12.054s] -- Set runtime path of "/workspaces/2026-rover-code/install/id_polygon/lib/libid_polygon__rosidl_typesupport_cpp.so" to ""
[12.054s] -- Installing: /workspaces/2026-rover-code/install/id_polygon/share/id_polygon/environment/pythonpath.sh
[12.056s] -- Installing: /workspaces/2026-rover-code/install/id_polygon/share/id_polygon/environment/pythonpath.dsv
[12.057s] -- Installing: /workspaces/2026-rover-code/install/id_polygon/local/lib/python3.10/dist-packages/id_polygon-0.0.0-py3.10.egg-info
[12.058s] -- Installing: /workspaces/2026-rover-code/install/id_polygon/local/lib/python3.10/dist-packages/id_polygon-0.0.0-py3.10.egg-info/PKG-INFO
[12.059s] -- Installing: /workspaces/2026-rover-code/install/id_polygon/local/lib/python3.10/dist-packages/id_polygon-0.0.0-py3.10.egg-info/SOURCES.txt
[12.060s] -- Installing: /workspaces/2026-rover-code/install/id_polygon/local/lib/python3.10/dist-packages/id_polygon-0.0.0-py3.10.egg-info/top_level.txt
[12.062s] -- Installing: /workspaces/2026-rover-code/install/id_polygon/local/lib/python3.10/dist-packages/id_polygon-0.0.0-py3.10.egg-info/dependency_links.txt
[12.063s] -- Installing: /workspaces/2026-rover-code/install/id_polygon/local/lib/python3.10/dist-packages/id_polygon
[12.064s] -- Installing: /workspaces/2026-rover-code/install/id_polygon/local/lib/python3.10/dist-packages/id_polygon/libid_polygon__rosidl_generator_py.so
[12.065s] -- Installing: /workspaces/2026-rover-code/install/id_polygon/local/lib/python3.10/dist-packages/id_polygon/msg
[12.066s] -- Installing: /workspaces/2026-rover-code/install/id_polygon/local/lib/python3.10/dist-packages/id_polygon/msg/__init__.py
[12.067s] -- Installing: /workspaces/2026-rover-code/install/id_polygon/local/lib/python3.10/dist-packages/id_polygon/msg/_id_polygon_s.c
[12.068s] -- Installing: /workspaces/2026-rover-code/install/id_polygon/local/lib/python3.10/dist-packages/id_polygon/msg/_id_polygon.py
[12.069s] -- Installing: /workspaces/2026-rover-code/install/id_polygon/local/lib/python3.10/dist-packages/id_polygon/_id_polygon_s.ep.rosidl_typesupport_fastrtps_c.c
[12.070s] -- Installing: /workspaces/2026-rover-code/install/id_polygon/local/lib/python3.10/dist-packages/id_polygon/__init__.py
[12.072s] -- Installing: /workspaces/2026-rover-code/install/id_polygon/local/lib/python3.10/dist-packages/id_polygon/id_polygon_s__rosidl_typesupport_fastrtps_c.cpython-310-x86_64-linux-gnu.so
[12.073s] -- Installing: /workspaces/2026-rover-code/install/id_polygon/local/lib/python3.10/dist-packages/id_polygon/_id_polygon_s.ep.rosidl_typesupport_c.c
[12.074s] -- Installing: /workspaces/2026-rover-code/install/id_polygon/local/lib/python3.10/dist-packages/id_polygon/id_polygon_s__rosidl_typesupport_c.cpython-310-x86_64-linux-gnu.so
[12.075s] -- Installing: /workspaces/2026-rover-code/install/id_polygon/local/lib/python3.10/dist-packages/id_polygon/_id_polygon_s.ep.rosidl_typesupport_introspection_c.c
[12.078s] -- Installing: /workspaces/2026-rover-code/install/id_polygon/local/lib/python3.10/dist-packages/id_polygon/id_polygon_s__rosidl_typesupport_introspection_c.cpython-310-x86_64-linux-gnu.so
[12.219s] Listing '/workspaces/2026-rover-code/install/id_polygon/local/lib/python3.10/dist-packages/id_polygon'...
[12.219s] Compiling '/workspaces/2026-rover-code/install/id_polygon/local/lib/python3.10/dist-packages/id_polygon/__init__.py'...
[12.220s] Listing '/workspaces/2026-rover-code/install/id_polygon/local/lib/python3.10/dist-packages/id_polygon/msg'...
[12.220s] Compiling '/workspaces/2026-rover-code/install/id_polygon/local/lib/python3.10/dist-packages/id_polygon/msg/__init__.py'...
[12.221s] Compiling '/workspaces/2026-rover-code/install/id_polygon/local/lib/python3.10/dist-packages/id_polygon/msg/_id_polygon.py'...
[12.229s] -- Installing: /workspaces/2026-rover-code/install/id_polygon/local/lib/python3.10/dist-packages/id_polygon/id_polygon_s__rosidl_typesupport_fastrtps_c.cpython-310-x86_64-linux-gnu.so
[12.232s] -- Set runtime path of "/workspaces/2026-rover-code/install/id_polygon/local/lib/python3.10/dist-packages/id_polygon/id_polygon_s__rosidl_typesupport_fastrtps_c.cpython-310-x86_64-linux-gnu.so" to ""
[12.233s] -- Installing: /workspaces/2026-rover-code/install/id_polygon/local/lib/python3.10/dist-packages/id_polygon/id_polygon_s__rosidl_typesupport_introspection_c.cpython-310-x86_64-linux-gnu.so
[12.236s] -- Set runtime path of "/workspaces/2026-rover-code/install/id_polygon/local/lib/python3.10/dist-packages/id_polygon/id_polygon_s__rosidl_typesupport_introspection_c.cpython-310-x86_64-linux-gnu.so" to ""
[12.237s] -- Installing: /workspaces/2026-rover-code/install/id_polygon/local/lib/python3.10/dist-packages/id_polygon/id_polygon_s__rosidl_typesupport_c.cpython-310-x86_64-linux-gnu.so
[12.239s] -- Set runtime path of "/workspaces/2026-rover-code/install/id_polygon/local/lib/python3.10/dist-packages/id_polygon/id_polygon_s__rosidl_typesupport_c.cpython-310-x86_64-linux-gnu.so" to ""
[12.239s] -- Installing: /workspaces/2026-rover-code/install/id_polygon/lib/libid_polygon__rosidl_generator_py.so
[12.242s] -- Set runtime path of "/workspaces/2026-rover-code/install/id_polygon/lib/libid_polygon__rosidl_generator_py.so" to ""
[12.243s] -- Installing: /workspaces/2026-rover-code/install/id_polygon/share/ament_index/resource_index/rust_packages/id_polygon
[12.244s] -- Installing: /workspaces/2026-rover-code/install/id_polygon/share/id_polygon/rust
[12.247s] -- Installing: /workspaces/2026-rover-code/install/id_polygon/share/id_polygon/rust/Cargo.toml
[12.248s] -- Installing: /workspaces/2026-rover-code/install/id_polygon/share/id_polygon/rust/build.rs
[12.250s] -- Installing: /workspaces/2026-rover-code/install/id_polygon/share/id_polygon/rust/src
[12.251s] -- Installing: /workspaces/2026-rover-code/install/id_polygon/share/id_polygon/rust/src/msg
[12.252s] -- Installing: /workspaces/2026-rover-code/install/id_polygon/share/id_polygon/rust/src/msg/rmw.rs
[12.253s] -- Installing: /workspaces/2026-rover-code/install/id_polygon/share/id_polygon/rust/src/lib.rs
[12.254s] -- Installing: /workspaces/2026-rover-code/install/id_polygon/share/id_polygon/rust/src/msg.rs
[12.258s] -- Installing: /workspaces/2026-rover-code/install/id_polygon/share/id_polygon/msg/IdPolygon.idl
[12.261s] -- Installing: /workspaces/2026-rover-code/install/id_polygon/share/id_polygon/msg/IdPolygon.msg
[12.265s] -- Installing: /workspaces/2026-rover-code/install/id_polygon/share/ament_index/resource_index/package_run_dependencies/id_polygon
[12.269s] -- Installing: /workspaces/2026-rover-code/install/id_polygon/share/ament_index/resource_index/parent_prefix_path/id_polygon
[12.270s] -- Installing: /workspaces/2026-rover-code/install/id_polygon/share/id_polygon/environment/ament_prefix_path.sh
[12.271s] -- Installing: /workspaces/2026-rover-code/install/id_polygon/share/id_polygon/environment/ament_prefix_path.dsv
[12.274s] -- Installing: /workspaces/2026-rover-code/install/id_polygon/share/id_polygon/environment/path.sh
[12.277s] -- Installing: /workspaces/2026-rover-code/install/id_polygon/share/id_polygon/environment/path.dsv
[12.278s] -- Installing: /workspaces/2026-rover-code/install/id_polygon/share/id_polygon/local_setup.bash
[12.280s] -- Installing: /workspaces/2026-rover-code/install/id_polygon/share/id_polygon/local_setup.sh
[12.281s] -- Installing: /workspaces/2026-rover-code/install/id_polygon/share/id_polygon/local_setup.zsh
[12.283s] -- Installing: /workspaces/2026-rover-code/install/id_polygon/share/id_polygon/local_setup.dsv
[12.285s] -- Installing: /workspaces/2026-rover-code/install/id_polygon/share/id_polygon/package.dsv
[12.287s] -- Installing: /workspaces/2026-rover-code/install/id_polygon/share/ament_index/resource_index/packages/id_polygon
[12.289s] -- Installing: /workspaces/2026-rover-code/install/id_polygon/share/id_polygon/cmake/export_id_polygon__rosidl_generator_cExport.cmake
[12.291s] -- Installing: /workspaces/2026-rover-code/install/id_polygon/share/id_polygon/cmake/export_id_polygon__rosidl_generator_cExport-noconfig.cmake
[12.292s] -- Installing: /workspaces/2026-rover-code/install/id_polygon/share/id_polygon/cmake/export_id_polygon__rosidl_typesupport_fastrtps_cExport.cmake
[12.295s] -- Installing: /workspaces/2026-rover-code/install/id_polygon/share/id_polygon/cmake/export_id_polygon__rosidl_typesupport_fastrtps_cExport-noconfig.cmake
[12.298s] -- Installing: /workspaces/2026-rover-code/install/id_polygon/share/id_polygon/cmake/export_id_polygon__rosidl_generator_cppExport.cmake
[12.299s] -- Installing: /workspaces/2026-rover-code/install/id_polygon/share/id_polygon/cmake/export_id_polygon__rosidl_typesupport_fastrtps_cppExport.cmake
[12.301s] -- Installing: /workspaces/2026-rover-code/install/id_polygon/share/id_polygon/cmake/export_id_polygon__rosidl_typesupport_fastrtps_cppExport-noconfig.cmake
[12.302s] -- Installing: /workspaces/2026-rover-code/install/id_polygon/share/id_polygon/cmake/id_polygon__rosidl_typesupport_introspection_cExport.cmake
[12.304s] -- Installing: /workspaces/2026-rover-code/install/id_polygon/share/id_polygon/cmake/id_polygon__rosidl_typesupport_introspection_cExport-noconfig.cmake
[12.306s] -- Installing: /workspaces/2026-rover-code/install/id_polygon/share/id_polygon/cmake/id_polygon__rosidl_typesupport_cExport.cmake
[12.307s] -- Installing: /workspaces/2026-rover-code/install/id_polygon/share/id_polygon/cmake/id_polygon__rosidl_typesupport_cExport-noconfig.cmake
[12.309s] -- Installing: /workspaces/2026-rover-code/install/id_polygon/share/id_polygon/cmake/id_polygon__rosidl_typesupport_introspection_cppExport.cmake
[12.310s] -- Installing: /workspaces/2026-rover-code/install/id_polygon/share/id_polygon/cmake/id_polygon__rosidl_typesupport_introspection_cppExport-noconfig.cmake
[12.312s] -- Installing: /workspaces/2026-rover-code/install/id_polygon/share/id_polygon/cmake/id_polygon__rosidl_typesupport_cppExport.cmake
[12.313s] -- Installing: /workspaces/2026-rover-code/install/id_polygon/share/id_polygon/cmake/id_polygon__rosidl_typesupport_cppExport-noconfig.cmake
[12.315s] -- Installing: /workspaces/2026-rover-code/install/id_polygon/share/id_polygon/cmake/export_id_polygon__rosidl_generator_pyExport.cmake
[12.319s] -- Installing: /workspaces/2026-rover-code/install/id_polygon/share/id_polygon/cmake/export_id_polygon__rosidl_generator_pyExport-noconfig.cmake
[12.324s] -- Installing: /workspaces/2026-rover-code/install/id_polygon/share/id_polygon/cmake/rosidl_cmake-extras.cmake
[12.328s] -- Installing: /workspaces/2026-rover-code/install/id_polygon/share/id_polygon/cmake/ament_cmake_export_dependencies-extras.cmake
[12.332s] -- Installing: /workspaces/2026-rover-code/install/id_polygon/share/id_polygon/cmake/ament_cmake_export_include_directories-extras.cmake
[12.335s] -- Installing: /workspaces/2026-rover-code/install/id_polygon/share/id_polygon/cmake/ament_cmake_export_libraries-extras.cmake
[12.339s] -- Installing: /workspaces/2026-rover-code/install/id_polygon/share/id_polygon/cmake/ament_cmake_export_targets-extras.cmake
[12.342s] -- Installing: /workspaces/2026-rover-code/install/id_polygon/share/id_polygon/cmake/rosidl_cmake_export_typesupport_targets-extras.cmake
[12.343s] -- Installing: /workspaces/2026-rover-code/install/id_polygon/share/id_polygon/cmake/rosidl_cmake_export_typesupport_libraries-extras.cmake
[12.345s] -- Installing: /workspaces/2026-rover-code/install/id_polygon/share/id_polygon/cmake/rosidl_cmake_aggregate_target-extras.cmake
[12.346s] -- Installing: /workspaces/2026-rover-code/install/id_polygon/share/id_polygon/cmake/id_polygonConfig.cmake
[12.347s] -- Installing: /workspaces/2026-rover-code/install/id_polygon/share/id_polygon/cmake/id_polygonConfig-version.cmake
[12.349s] -- Installing: /workspaces/2026-rover-code/install/id_polygon/share/id_polygon/package.xml
[12.360s] Invoked command in '/workspaces/2026-rover-code/build/id_polygon' returned '0': CMAKE_PREFIX_PATH=/workspaces/2026-rover-code/install/image_processor:/opt/ros/humble /usr/bin/cmake --install /workspaces/2026-rover-code/build/id_polygon
