-- The C compiler identification is GNU 11.4.0
-- The CXX compiler identification is GNU 11.4.0
-- Detecting C compiler ABI info
-- Detecting C compiler ABI info - done
-- Check for working C compiler: /usr/bin/cc - skipped
-- Detecting C compile features
-- Detecting C compile features - done
-- Detecting CXX compiler ABI info
-- Detecting CXX compiler ABI info - done
-- Check for working CXX compiler: /usr/bin/c++ - skipped
-- Detecting CXX compile features
-- Detecting CXX compile features - done
-- Found nlohmann_json: /usr/lib/cmake/nlohmann_json/nlohmann_jsonConfig.cmake (found version "3.10.5") 
[31mCMake Error at CMakeLists.txt:94 (find_package):
  By not providing "FindZED.cmake" in CMAKE_MODULE_PATH this project has
  asked CMake to find a package configuration file provided by "ZED", but
  CMake did not find one.

  Could not find a package configuration file provided by "ZED" with any of
  the following names:

    ZEDConfig.cmake
    zed-config.cmake

  Add the installation prefix of "ZED" to CMAKE_PREFIX_PATH or set "ZED_DIR"
  to a directory containing one of the above files.  If "ZED" provides a
  separate development package or SDK, be sure it has been installed.

[0m
-- Configuring incomplete, errors occurred!
See also "/workspaces/2026-rover-code/src/build/zed_components/CMakeFiles/CMakeOutput.log".
