[0.053s] Invoking command in '/workspaces/2026-rover-code/src/build/telemetry_interface': CMAKE_PREFIX_PATH=/opt/ros/humble /usr/bin/cmake /workspaces/2026-rover-code/src/telemetry_interface -DCMAKE_INSTALL_PREFIX=/workspaces/2026-rover-code/src/install/telemetry_interface
[0.270s] -- The C compiler identification is GNU 11.4.0
[0.401s] -- The CXX compiler identification is GNU 11.4.0
[0.435s] -- Detecting C compiler ABI info
[0.711s] -- Detecting C compiler ABI info - done
[0.728s] -- Check for working C compiler: /usr/bin/cc - skipped
[0.729s] -- Detecting C compile features
[0.730s] -- Detecting C compile features - done
[0.740s] -- Detecting CXX compiler ABI info
[0.950s] -- Detecting CXX compiler ABI info - done
[0.973s] -- Check for working CXX compiler: /usr/bin/c++ - skipped
[0.974s] -- Detecting CXX compile features
[0.975s] -- Detecting CXX compile features - done
[0.989s] -- Found ament_cmake: 1.3.14 (/opt/ros/humble/share/ament_cmake/cmake)
[1.238s] -- Found Python3: /usr/bin/python3 (found version "3.10.12") found components: Interpreter 
[1.439s] -- Found ament_lint_auto: 0.12.15 (/opt/ros/humble/share/ament_lint_auto/cmake)
[1.586s] [31mCMake Error at CMakeLists.txt:26 (rosidl_generate_interfaces):
[1.587s]   Unknown CMake command "rosidl_generate_interfaces".
[1.588s] 
[1.590s] [0m
[1.592s] -- Configuring incomplete, errors occurred!
[1.593s] See also "/workspaces/2026-rover-code/src/build/telemetry_interface/CMakeFiles/CMakeOutput.log".
[1.603s] Invoked command in '/workspaces/2026-rover-code/src/build/telemetry_interface' returned '1': CMAKE_PREFIX_PATH=/opt/ros/humble /usr/bin/cmake /workspaces/2026-rover-code/src/telemetry_interface -DCMAKE_INSTALL_PREFIX=/workspaces/2026-rover-code/src/install/telemetry_interface
