[0.141s] DEBUG:colcon:Command line arguments: ['/usr/bin/colcon', 'build']
[0.141s] DEBUG:colcon:Parsed command line arguments: Namespace(log_base=None, log_level=None, verb_name='build', build_base='build', install_base='install', merge_install=False, symlink_install=False, test_result_base=None, continue_on_error=False, executor='parallel', parallel_workers=16, event_handlers=None, ignore_user_meta=False, metas=['./colcon.meta'], base_paths=['.'], packages_ignore=None, packages_ignore_regex=None, paths=None, packages_up_to=None, packages_up_to_regex=None, packages_above=None, packages_above_and_dependencies=None, packages_above_depth=None, packages_select_by_dep=None, packages_skip_by_dep=None, packages_skip_up_to=None, packages_select_build_failed=False, packages_skip_build_finished=False, packages_select_test_failures=False, packages_skip_test_passed=False, packages_select=None, packages_skip=None, packages_select_regex=None, packages_skip_regex=None, packages_start=None, packages_end=None, cmake_args=None, cmake_target=None, cmake_target_skip_unavailable=False, cmake_clean_cache=False, cmake_clean_first=False, cmake_force_configure=False, ament_cmake_args=None, catkin_cmake_args=None, catkin_skip_building_tests=False, mixin_files=None, mixin=None, verb_parser=<colcon_mixin.mixin.mixin_argument.MixinArgumentDecorator object at 0x7f1d777742b0>, verb_extension=<colcon_core.verb.build.BuildVerb object at 0x7f1d7774bca0>, main=<bound method BuildVerb.main of <colcon_core.verb.build.BuildVerb object at 0x7f1d7774bca0>>, mixin_verb=('build',))
[0.432s] Level 1:colcon.colcon_core.package_discovery:discover_packages(colcon_meta) check parameters
[0.433s] Level 1:colcon.colcon_core.package_discovery:discover_packages(recursive) check parameters
[0.433s] Level 1:colcon.colcon_core.package_discovery:discover_packages(ignore) check parameters
[0.433s] Level 1:colcon.colcon_core.package_discovery:discover_packages(path) check parameters
[0.434s] Level 1:colcon.colcon_core.package_discovery:discover_packages(colcon_meta) discover
[0.434s] Level 1:colcon.colcon_core.package_discovery:discover_packages(recursive) discover
[0.434s] INFO:colcon.colcon_core.package_discovery:Crawling recursively for packages in '/workspaces/2026-rover-code/src'
[0.436s] Level 1:colcon.colcon_core.package_identification:_identify(.) by extensions ['ignore', 'ignore_ament_install']
[0.436s] Level 1:colcon.colcon_core.package_identification:_identify(.) by extension 'ignore'
[0.437s] Level 1:colcon.colcon_core.package_identification:_identify(.) by extension 'ignore_ament_install'
[0.437s] Level 1:colcon.colcon_core.package_identification:_identify(.) by extensions ['colcon_pkg']
[0.438s] Level 1:colcon.colcon_core.package_identification:_identify(.) by extension 'colcon_pkg'
[0.439s] Level 1:colcon.colcon_core.package_identification:_identify(.) by extensions ['colcon_meta']
[0.439s] Level 1:colcon.colcon_core.package_identification:_identify(.) by extension 'colcon_meta'
[0.439s] Level 1:colcon.colcon_core.package_identification:_identify(.) by extensions ['ros']
[0.440s] Level 1:colcon.colcon_core.package_identification:_identify(.) by extension 'ros'
[0.477s] Level 1:colcon.colcon_core.package_identification:_identify(.) by extensions ['cmake', 'python']
[0.478s] Level 1:colcon.colcon_core.package_identification:_identify(.) by extension 'cmake'
[0.479s] Level 1:colcon.colcon_core.package_identification:_identify(.) by extension 'python'
[0.480s] Level 1:colcon.colcon_core.package_identification:_identify(.) by extensions ['python_setup_py']
[0.480s] Level 1:colcon.colcon_core.package_identification:_identify(.) by extension 'python_setup_py'
[0.483s] Level 1:colcon.colcon_core.package_identification:_identify(build) by extensions ['ignore', 'ignore_ament_install']
[0.483s] Level 1:colcon.colcon_core.package_identification:_identify(build) by extension 'ignore'
[0.484s] Level 1:colcon.colcon_core.package_identification:_identify(build) ignored
[0.485s] Level 1:colcon.colcon_core.package_identification:_identify(install) by extensions ['ignore', 'ignore_ament_install']
[0.486s] Level 1:colcon.colcon_core.package_identification:_identify(install) by extension 'ignore'
[0.486s] Level 1:colcon.colcon_core.package_identification:_identify(install) ignored
[0.489s] Level 1:colcon.colcon_core.package_identification:_identify(log) by extensions ['ignore', 'ignore_ament_install']
[0.489s] Level 1:colcon.colcon_core.package_identification:_identify(log) by extension 'ignore'
[0.490s] Level 1:colcon.colcon_core.package_identification:_identify(log) ignored
[0.491s] Level 1:colcon.colcon_core.package_identification:_identify(telemetry_interface) by extensions ['ignore', 'ignore_ament_install']
[0.491s] Level 1:colcon.colcon_core.package_identification:_identify(telemetry_interface) by extension 'ignore'
[0.492s] Level 1:colcon.colcon_core.package_identification:_identify(telemetry_interface) by extension 'ignore_ament_install'
[0.492s] Level 1:colcon.colcon_core.package_identification:_identify(telemetry_interface) by extensions ['colcon_pkg']
[0.493s] Level 1:colcon.colcon_core.package_identification:_identify(telemetry_interface) by extension 'colcon_pkg'
[0.493s] Level 1:colcon.colcon_core.package_identification:_identify(telemetry_interface) by extensions ['colcon_meta']
[0.494s] Level 1:colcon.colcon_core.package_identification:_identify(telemetry_interface) by extension 'colcon_meta'
[0.494s] Level 1:colcon.colcon_core.package_identification:_identify(telemetry_interface) by extensions ['ros']
[0.494s] Level 1:colcon.colcon_core.package_identification:_identify(telemetry_interface) by extension 'ros'
[0.500s] DEBUG:colcon.colcon_core.package_identification:Package 'telemetry_interface' with type 'ros.ament_cmake' and name 'telemetry_interface'
[0.501s] Level 1:colcon.colcon_core.package_identification:_identify(telemetry_pkg) by extensions ['ignore', 'ignore_ament_install']
[0.502s] Level 1:colcon.colcon_core.package_identification:_identify(telemetry_pkg) by extension 'ignore'
[0.502s] Level 1:colcon.colcon_core.package_identification:_identify(telemetry_pkg) by extension 'ignore_ament_install'
[0.503s] Level 1:colcon.colcon_core.package_identification:_identify(telemetry_pkg) by extensions ['colcon_pkg']
[0.503s] Level 1:colcon.colcon_core.package_identification:_identify(telemetry_pkg) by extension 'colcon_pkg'
[0.504s] Level 1:colcon.colcon_core.package_identification:_identify(telemetry_pkg) by extensions ['colcon_meta']
[0.505s] Level 1:colcon.colcon_core.package_identification:_identify(telemetry_pkg) by extension 'colcon_meta'
[0.505s] Level 1:colcon.colcon_core.package_identification:_identify(telemetry_pkg) by extensions ['ros']
[0.506s] Level 1:colcon.colcon_core.package_identification:_identify(telemetry_pkg) by extension 'ros'
[0.509s] DEBUG:colcon.colcon_core.package_identification:Package 'telemetry_pkg' with type 'ros.ament_python' and name 'telemetry_pkg'
[0.510s] Level 1:colcon.colcon_core.package_discovery:discover_packages(recursive) using defaults
[0.510s] Level 1:colcon.colcon_core.package_discovery:discover_packages(ignore) discover
[0.510s] Level 1:colcon.colcon_core.package_discovery:discover_packages(ignore) using defaults
[0.511s] Level 1:colcon.colcon_core.package_discovery:discover_packages(path) discover
[0.511s] Level 1:colcon.colcon_core.package_discovery:discover_packages(path) using defaults
[0.556s] Level 5:colcon.colcon_core.verb:set package 'telemetry_interface' build argument 'cmake_args' from command line to 'None'
[0.556s] Level 5:colcon.colcon_core.verb:set package 'telemetry_interface' build argument 'cmake_target' from command line to 'None'
[0.557s] Level 5:colcon.colcon_core.verb:set package 'telemetry_interface' build argument 'cmake_target_skip_unavailable' from command line to 'False'
[0.557s] Level 5:colcon.colcon_core.verb:set package 'telemetry_interface' build argument 'cmake_clean_cache' from command line to 'False'
[0.559s] Level 5:colcon.colcon_core.verb:set package 'telemetry_interface' build argument 'cmake_clean_first' from command line to 'False'
[0.560s] Level 5:colcon.colcon_core.verb:set package 'telemetry_interface' build argument 'cmake_force_configure' from command line to 'False'
[0.561s] Level 5:colcon.colcon_core.verb:set package 'telemetry_interface' build argument 'ament_cmake_args' from command line to 'None'
[0.561s] Level 5:colcon.colcon_core.verb:set package 'telemetry_interface' build argument 'catkin_cmake_args' from command line to 'None'
[0.561s] Level 5:colcon.colcon_core.verb:set package 'telemetry_interface' build argument 'catkin_skip_building_tests' from command line to 'False'
[0.563s] DEBUG:colcon.colcon_core.verb:Building package 'telemetry_interface' with the following arguments: {'ament_cmake_args': None, 'build_base': '/workspaces/2026-rover-code/src/build/telemetry_interface', 'catkin_cmake_args': None, 'catkin_skip_building_tests': False, 'cmake_args': None, 'cmake_clean_cache': False, 'cmake_clean_first': False, 'cmake_force_configure': False, 'cmake_target': None, 'cmake_target_skip_unavailable': False, 'install_base': '/workspaces/2026-rover-code/src/install/telemetry_interface', 'merge_install': False, 'path': '/workspaces/2026-rover-code/src/telemetry_interface', 'symlink_install': False, 'test_result_base': None}
[0.565s] Level 5:colcon.colcon_core.verb:set package 'telemetry_pkg' build argument 'cmake_args' from command line to 'None'
[0.566s] Level 5:colcon.colcon_core.verb:set package 'telemetry_pkg' build argument 'cmake_target' from command line to 'None'
[0.566s] Level 5:colcon.colcon_core.verb:set package 'telemetry_pkg' build argument 'cmake_target_skip_unavailable' from command line to 'False'
[0.567s] Level 5:colcon.colcon_core.verb:set package 'telemetry_pkg' build argument 'cmake_clean_cache' from command line to 'False'
[0.567s] Level 5:colcon.colcon_core.verb:set package 'telemetry_pkg' build argument 'cmake_clean_first' from command line to 'False'
[0.568s] Level 5:colcon.colcon_core.verb:set package 'telemetry_pkg' build argument 'cmake_force_configure' from command line to 'False'
[0.568s] Level 5:colcon.colcon_core.verb:set package 'telemetry_pkg' build argument 'ament_cmake_args' from command line to 'None'
[0.569s] Level 5:colcon.colcon_core.verb:set package 'telemetry_pkg' build argument 'catkin_cmake_args' from command line to 'None'
[0.569s] Level 5:colcon.colcon_core.verb:set package 'telemetry_pkg' build argument 'catkin_skip_building_tests' from command line to 'False'
[0.570s] DEBUG:colcon.colcon_core.verb:Building package 'telemetry_pkg' with the following arguments: {'ament_cmake_args': None, 'build_base': '/workspaces/2026-rover-code/src/build/telemetry_pkg', 'catkin_cmake_args': None, 'catkin_skip_building_tests': False, 'cmake_args': None, 'cmake_clean_cache': False, 'cmake_clean_first': False, 'cmake_force_configure': False, 'cmake_target': None, 'cmake_target_skip_unavailable': False, 'install_base': '/workspaces/2026-rover-code/src/install/telemetry_pkg', 'merge_install': False, 'path': '/workspaces/2026-rover-code/src/telemetry_pkg', 'symlink_install': False, 'test_result_base': None}
[0.571s] INFO:colcon.colcon_core.executor:Executing jobs using 'parallel' executor
[0.575s] DEBUG:colcon.colcon_parallel_executor.executor.parallel:run_until_complete
[0.576s] INFO:colcon.colcon_ros.task.ament_cmake.build:Building ROS package in '/workspaces/2026-rover-code/src/telemetry_interface' with build type 'ament_cmake'
[0.576s] INFO:colcon.colcon_cmake.task.cmake.build:Building CMake package in '/workspaces/2026-rover-code/src/telemetry_interface'
[0.581s] INFO:colcon.colcon_core.plugin_system:Skipping extension 'colcon_core.shell.bat': Not used on non-Windows systems
[0.582s] INFO:colcon.colcon_core.shell:Skip shell extension 'powershell' for command environment: Not usable outside of PowerShell
[0.583s] DEBUG:colcon.colcon_core.shell:Skip shell extension 'dsv' for command environment
[0.609s] INFO:colcon.colcon_ros.task.ament_python.build:Building ROS package in '/workspaces/2026-rover-code/src/telemetry_pkg' with build type 'ament_python'
[0.612s] Level 1:colcon.colcon_core.shell:create_environment_hook('telemetry_pkg', 'ament_prefix_path')
[0.613s] INFO:colcon.colcon_core.shell:Creating environment hook '/workspaces/2026-rover-code/src/install/telemetry_pkg/share/telemetry_pkg/hook/ament_prefix_path.ps1'
[0.617s] INFO:colcon.colcon_core.shell:Creating environment descriptor '/workspaces/2026-rover-code/src/install/telemetry_pkg/share/telemetry_pkg/hook/ament_prefix_path.dsv'
[0.620s] INFO:colcon.colcon_core.shell:Creating environment hook '/workspaces/2026-rover-code/src/install/telemetry_pkg/share/telemetry_pkg/hook/ament_prefix_path.sh'
[0.626s] INFO:colcon.colcon_core.shell:Skip shell extension 'powershell' for command environment: Not usable outside of PowerShell
[0.626s] DEBUG:colcon.colcon_core.shell:Skip shell extension 'dsv' for command environment
[0.662s] DEBUG:colcon.colcon_core.event_handler.log_command:Invoking command in '/workspaces/2026-rover-code/src/build/telemetry_interface': CMAKE_PREFIX_PATH=${CMAKE_PREFIX_PATH}:/workspaces/2026-rover-code/src/install/telemetry_pkg:/opt/ros/humble /usr/bin/cmake --build /workspaces/2026-rover-code/src/build/telemetry_interface -- -j16 -l16
[1.383s] INFO:colcon.colcon_core.task.python.build:Building Python package in '/workspaces/2026-rover-code/src/telemetry_pkg'
[1.384s] INFO:colcon.colcon_core.shell:Skip shell extension 'powershell' for command environment: Not usable outside of PowerShell
[1.384s] DEBUG:colcon.colcon_core.shell:Skip shell extension 'dsv' for command environment
[2.034s] DEBUG:colcon.colcon_core.event_handler.log_command:Invoked command in '/workspaces/2026-rover-code/src/build/telemetry_interface' returned '0': CMAKE_PREFIX_PATH=${CMAKE_PREFIX_PATH}:/workspaces/2026-rover-code/src/install/telemetry_pkg:/opt/ros/humble /usr/bin/cmake --build /workspaces/2026-rover-code/src/build/telemetry_interface -- -j16 -l16
[2.064s] DEBUG:colcon.colcon_core.event_handler.log_command:Invoking command in '/workspaces/2026-rover-code/src/build/telemetry_interface': CMAKE_PREFIX_PATH=${CMAKE_PREFIX_PATH}:/workspaces/2026-rover-code/src/install/telemetry_pkg:/opt/ros/humble /usr/bin/cmake --install /workspaces/2026-rover-code/src/build/telemetry_interface
[2.267s] DEBUG:colcon.colcon_core.task.python.build:Available setuptools commands: rotate, build_clib, bdist_dumb, install_scripts, easy_install, dist_info, test, clean, setopt, build_py, install_headers, install, upload, install_lib, symlink_data, bdist_egg, install_egg_info, bdist_rpm, build, saveopts, egg_info, sdist, build_ext, develop, bdist_wheel, check, register, upload_docs, alias, install_data, build_scripts, bdist
[2.278s] DEBUG:colcon.colcon_core.event_handler.log_command:Invoking command in '/workspaces/2026-rover-code/src/telemetry_pkg': PYTHONPATH=/workspaces/2026-rover-code/src/build/telemetry_pkg/prefix_override:/usr/lib/python3/dist-packages/colcon_core/task/python/colcon_distutils_commands:/workspaces/2026-rover-code/src/install/telemetry_pkg/lib/python3.10/site-packages:${PYTHONPATH} /usr/bin/python3 -W ignore:setup.py install is deprecated -W ignore:easy_install command is deprecated setup.py egg_info --egg-base ../build/telemetry_pkg build --build-base /workspaces/2026-rover-code/src/build/telemetry_pkg/build install --record /workspaces/2026-rover-code/src/build/telemetry_pkg/install.log --install-scripts $base/lib/telemetry_pkg --single-version-externally-managed install_data
[2.545s] Level 1:colcon.colcon_core.environment:create_environment_scripts_only(telemetry_interface)
[2.551s] Level 1:colcon.colcon_core.environment:checking '/workspaces/2026-rover-code/src/install/telemetry_interface' for CMake module files
[2.551s] DEBUG:colcon.colcon_core.event_handler.log_command:Invoked command in '/workspaces/2026-rover-code/src/build/telemetry_interface' returned '0': CMAKE_PREFIX_PATH=${CMAKE_PREFIX_PATH}:/workspaces/2026-rover-code/src/install/telemetry_pkg:/opt/ros/humble /usr/bin/cmake --install /workspaces/2026-rover-code/src/build/telemetry_interface
[2.561s] Level 1:colcon.colcon_core.environment:checking '/workspaces/2026-rover-code/src/install/telemetry_interface' for CMake config files
[2.570s] Level 1:colcon.colcon_core.shell:create_environment_hook('telemetry_interface', 'cmake_prefix_path')
[2.571s] INFO:colcon.colcon_core.shell:Creating environment hook '/workspaces/2026-rover-code/src/install/telemetry_interface/share/telemetry_interface/hook/cmake_prefix_path.ps1'
[2.574s] INFO:colcon.colcon_core.shell:Creating environment descriptor '/workspaces/2026-rover-code/src/install/telemetry_interface/share/telemetry_interface/hook/cmake_prefix_path.dsv'
[2.577s] INFO:colcon.colcon_core.shell:Creating environment hook '/workspaces/2026-rover-code/src/install/telemetry_interface/share/telemetry_interface/hook/cmake_prefix_path.sh'
[2.581s] Level 1:colcon.colcon_core.environment:checking '/workspaces/2026-rover-code/src/install/telemetry_interface/lib'
[2.584s] Level 1:colcon.colcon_core.shell:create_environment_hook('telemetry_interface', 'ld_library_path_lib')
[2.585s] INFO:colcon.colcon_core.shell:Creating environment hook '/workspaces/2026-rover-code/src/install/telemetry_interface/share/telemetry_interface/hook/ld_library_path_lib.ps1'
[2.588s] INFO:colcon.colcon_core.shell:Creating environment descriptor '/workspaces/2026-rover-code/src/install/telemetry_interface/share/telemetry_interface/hook/ld_library_path_lib.dsv'
[2.591s] INFO:colcon.colcon_core.shell:Creating environment hook '/workspaces/2026-rover-code/src/install/telemetry_interface/share/telemetry_interface/hook/ld_library_path_lib.sh'
[2.595s] Level 1:colcon.colcon_core.environment:checking '/workspaces/2026-rover-code/src/install/telemetry_interface/bin'
[2.595s] Level 1:colcon.colcon_core.environment:checking '/workspaces/2026-rover-code/src/install/telemetry_interface/lib/pkgconfig/telemetry_interface.pc'
[2.596s] Level 1:colcon.colcon_core.environment:checking '/workspaces/2026-rover-code/src/install/telemetry_interface/lib/python3.10/site-packages'
[2.599s] Level 1:colcon.colcon_core.environment:checking '/workspaces/2026-rover-code/src/install/telemetry_interface/bin'
[2.601s] INFO:colcon.colcon_core.shell:Creating package script '/workspaces/2026-rover-code/src/install/telemetry_interface/share/telemetry_interface/package.ps1'
[2.605s] INFO:colcon.colcon_core.shell:Creating package descriptor '/workspaces/2026-rover-code/src/install/telemetry_interface/share/telemetry_interface/package.dsv'
[2.609s] INFO:colcon.colcon_core.shell:Creating package script '/workspaces/2026-rover-code/src/install/telemetry_interface/share/telemetry_interface/package.sh'
[2.616s] INFO:colcon.colcon_core.shell:Creating package script '/workspaces/2026-rover-code/src/install/telemetry_interface/share/telemetry_interface/package.bash'
[2.620s] INFO:colcon.colcon_core.shell:Creating package script '/workspaces/2026-rover-code/src/install/telemetry_interface/share/telemetry_interface/package.zsh'
[2.624s] Level 1:colcon.colcon_core.environment:create_file_with_runtime_dependencies(/workspaces/2026-rover-code/src/install/telemetry_interface/share/colcon-core/packages/telemetry_interface)
[2.628s] Level 1:colcon.colcon_core.environment:create_environment_scripts_only(telemetry_interface)
[2.629s] Level 1:colcon.colcon_core.environment:checking '/workspaces/2026-rover-code/src/install/telemetry_interface' for CMake module files
[2.637s] Level 1:colcon.colcon_core.environment:checking '/workspaces/2026-rover-code/src/install/telemetry_interface' for CMake config files
[2.642s] Level 1:colcon.colcon_core.shell:create_environment_hook('telemetry_interface', 'cmake_prefix_path')
[2.642s] INFO:colcon.colcon_core.shell:Creating environment hook '/workspaces/2026-rover-code/src/install/telemetry_interface/share/telemetry_interface/hook/cmake_prefix_path.ps1'
[2.646s] INFO:colcon.colcon_core.shell:Creating environment descriptor '/workspaces/2026-rover-code/src/install/telemetry_interface/share/telemetry_interface/hook/cmake_prefix_path.dsv'
[2.649s] INFO:colcon.colcon_core.shell:Creating environment hook '/workspaces/2026-rover-code/src/install/telemetry_interface/share/telemetry_interface/hook/cmake_prefix_path.sh'
[2.652s] Level 1:colcon.colcon_core.environment:checking '/workspaces/2026-rover-code/src/install/telemetry_interface/lib'
[2.653s] Level 1:colcon.colcon_core.shell:create_environment_hook('telemetry_interface', 'ld_library_path_lib')
[2.654s] INFO:colcon.colcon_core.shell:Creating environment hook '/workspaces/2026-rover-code/src/install/telemetry_interface/share/telemetry_interface/hook/ld_library_path_lib.ps1'
[2.656s] INFO:colcon.colcon_core.shell:Creating environment descriptor '/workspaces/2026-rover-code/src/install/telemetry_interface/share/telemetry_interface/hook/ld_library_path_lib.dsv'
[2.657s] INFO:colcon.colcon_core.shell:Creating environment hook '/workspaces/2026-rover-code/src/install/telemetry_interface/share/telemetry_interface/hook/ld_library_path_lib.sh'
[2.659s] Level 1:colcon.colcon_core.environment:checking '/workspaces/2026-rover-code/src/install/telemetry_interface/bin'
[2.659s] Level 1:colcon.colcon_core.environment:checking '/workspaces/2026-rover-code/src/install/telemetry_interface/lib/pkgconfig/telemetry_interface.pc'
[2.660s] Level 1:colcon.colcon_core.environment:checking '/workspaces/2026-rover-code/src/install/telemetry_interface/lib/python3.10/site-packages'
[2.660s] Level 1:colcon.colcon_core.environment:checking '/workspaces/2026-rover-code/src/install/telemetry_interface/bin'
[2.661s] INFO:colcon.colcon_core.shell:Creating package script '/workspaces/2026-rover-code/src/install/telemetry_interface/share/telemetry_interface/package.ps1'
[2.664s] INFO:colcon.colcon_core.shell:Creating package descriptor '/workspaces/2026-rover-code/src/install/telemetry_interface/share/telemetry_interface/package.dsv'
[2.666s] INFO:colcon.colcon_core.shell:Creating package script '/workspaces/2026-rover-code/src/install/telemetry_interface/share/telemetry_interface/package.sh'
[2.673s] INFO:colcon.colcon_core.shell:Creating package script '/workspaces/2026-rover-code/src/install/telemetry_interface/share/telemetry_interface/package.bash'
[2.678s] INFO:colcon.colcon_core.shell:Creating package script '/workspaces/2026-rover-code/src/install/telemetry_interface/share/telemetry_interface/package.zsh'
[2.680s] Level 1:colcon.colcon_core.environment:create_file_with_runtime_dependencies(/workspaces/2026-rover-code/src/install/telemetry_interface/share/colcon-core/packages/telemetry_interface)
[2.910s] Level 1:colcon.colcon_core.environment:checking '/workspaces/2026-rover-code/src/install/telemetry_pkg' for CMake module files
[2.911s] DEBUG:colcon.colcon_core.event_handler.log_command:Invoked command in '/workspaces/2026-rover-code/src/telemetry_pkg' returned '0': PYTHONPATH=/workspaces/2026-rover-code/src/build/telemetry_pkg/prefix_override:/usr/lib/python3/dist-packages/colcon_core/task/python/colcon_distutils_commands:/workspaces/2026-rover-code/src/install/telemetry_pkg/lib/python3.10/site-packages:${PYTHONPATH} /usr/bin/python3 -W ignore:setup.py install is deprecated -W ignore:easy_install command is deprecated setup.py egg_info --egg-base ../build/telemetry_pkg build --build-base /workspaces/2026-rover-code/src/build/telemetry_pkg/build install --record /workspaces/2026-rover-code/src/build/telemetry_pkg/install.log --install-scripts $base/lib/telemetry_pkg --single-version-externally-managed install_data
[2.915s] Level 1:colcon.colcon_core.environment:checking '/workspaces/2026-rover-code/src/install/telemetry_pkg' for CMake config files
[2.923s] Level 1:colcon.colcon_core.environment:checking '/workspaces/2026-rover-code/src/install/telemetry_pkg/lib'
[2.923s] Level 1:colcon.colcon_core.environment:checking '/workspaces/2026-rover-code/src/install/telemetry_pkg/bin'
[2.924s] Level 1:colcon.colcon_core.environment:checking '/workspaces/2026-rover-code/src/install/telemetry_pkg/lib/pkgconfig/telemetry_pkg.pc'
[2.924s] Level 1:colcon.colcon_core.environment:checking '/workspaces/2026-rover-code/src/install/telemetry_pkg/lib/python3.10/site-packages'
[2.925s] Level 1:colcon.colcon_core.shell:create_environment_hook('telemetry_pkg', 'pythonpath')
[2.926s] INFO:colcon.colcon_core.shell:Creating environment hook '/workspaces/2026-rover-code/src/install/telemetry_pkg/share/telemetry_pkg/hook/pythonpath.ps1'
[2.928s] INFO:colcon.colcon_core.shell:Creating environment descriptor '/workspaces/2026-rover-code/src/install/telemetry_pkg/share/telemetry_pkg/hook/pythonpath.dsv'
[2.930s] INFO:colcon.colcon_core.shell:Creating environment hook '/workspaces/2026-rover-code/src/install/telemetry_pkg/share/telemetry_pkg/hook/pythonpath.sh'
[2.931s] Level 1:colcon.colcon_core.environment:checking '/workspaces/2026-rover-code/src/install/telemetry_pkg/bin'
[2.932s] Level 1:colcon.colcon_core.environment:create_environment_scripts_only(telemetry_pkg)
[2.933s] INFO:colcon.colcon_core.shell:Creating package script '/workspaces/2026-rover-code/src/install/telemetry_pkg/share/telemetry_pkg/package.ps1'
[2.935s] INFO:colcon.colcon_core.shell:Creating package descriptor '/workspaces/2026-rover-code/src/install/telemetry_pkg/share/telemetry_pkg/package.dsv'
[2.937s] INFO:colcon.colcon_core.shell:Creating package script '/workspaces/2026-rover-code/src/install/telemetry_pkg/share/telemetry_pkg/package.sh'
[2.939s] INFO:colcon.colcon_core.shell:Creating package script '/workspaces/2026-rover-code/src/install/telemetry_pkg/share/telemetry_pkg/package.bash'
[2.940s] INFO:colcon.colcon_core.shell:Creating package script '/workspaces/2026-rover-code/src/install/telemetry_pkg/share/telemetry_pkg/package.zsh'
[2.942s] Level 1:colcon.colcon_core.environment:create_file_with_runtime_dependencies(/workspaces/2026-rover-code/src/install/telemetry_pkg/share/colcon-core/packages/telemetry_pkg)
[2.944s] DEBUG:colcon.colcon_parallel_executor.executor.parallel:closing loop
[2.944s] DEBUG:colcon.colcon_parallel_executor.executor.parallel:loop closed
[2.945s] DEBUG:colcon.colcon_parallel_executor.executor.parallel:run_until_complete finished with '0'
[2.945s] DEBUG:colcon.colcon_core.event_reactor:joining thread
[2.981s] INFO:colcon.colcon_core.plugin_system:Skipping extension 'colcon_notification.desktop_notification.notify_send': Could not find 'notify-send'
[2.981s] INFO:colcon.colcon_core.plugin_system:Skipping extension 'colcon_notification.desktop_notification.terminal_notifier': Not used on non-Darwin systems
[2.981s] INFO:colcon.colcon_core.plugin_system:Skipping extension 'colcon_notification.desktop_notification.win32': Not used on non-Windows systems
[2.982s] INFO:colcon.colcon_notification.desktop_notification:Sending desktop notification using 'notify2'
[2.995s] DEBUG:colcon.colcon_notification.desktop_notification.notify2:Failed to initialize notify2: org.freedesktop.DBus.Error.ServiceUnknown: The name org.freedesktop.Notifications was not provided by any .service files
[2.996s] DEBUG:colcon.colcon_core.event_reactor:joined thread
[2.997s] INFO:colcon.colcon_core.shell:Creating prefix script '/workspaces/2026-rover-code/src/install/local_setup.ps1'
[3.000s] INFO:colcon.colcon_core.shell:Creating prefix util module '/workspaces/2026-rover-code/src/install/_local_setup_util_ps1.py'
[3.003s] INFO:colcon.colcon_core.shell:Creating prefix chain script '/workspaces/2026-rover-code/src/install/setup.ps1'
[3.007s] INFO:colcon.colcon_core.shell:Creating prefix script '/workspaces/2026-rover-code/src/install/local_setup.sh'
[3.009s] INFO:colcon.colcon_core.shell:Creating prefix util module '/workspaces/2026-rover-code/src/install/_local_setup_util_sh.py'
[3.011s] INFO:colcon.colcon_core.shell:Creating prefix chain script '/workspaces/2026-rover-code/src/install/setup.sh'
[3.015s] INFO:colcon.colcon_core.shell:Creating prefix script '/workspaces/2026-rover-code/src/install/local_setup.bash'
[3.016s] INFO:colcon.colcon_core.shell:Creating prefix chain script '/workspaces/2026-rover-code/src/install/setup.bash'
[3.020s] INFO:colcon.colcon_core.shell:Creating prefix script '/workspaces/2026-rover-code/src/install/local_setup.zsh'
[3.022s] INFO:colcon.colcon_core.shell:Creating prefix chain script '/workspaces/2026-rover-code/src/install/setup.zsh'
