[0.199s] DEBUG:colcon:Command line arguments: ['/usr/bin/colcon', 'build']
[0.201s] DEBUG:colcon:Parsed command line arguments: Namespace(log_base=None, log_level=None, verb_name='build', build_base='build', install_base='install', merge_install=False, symlink_install=False, test_result_base=None, continue_on_error=False, executor='parallel', parallel_workers=15, event_handlers=None, ignore_user_meta=False, metas=['./colcon.meta'], base_paths=['.'], packages_ignore=None, packages_ignore_regex=None, paths=None, packages_up_to=None, packages_up_to_regex=None, packages_above=None, packages_above_and_dependencies=None, packages_above_depth=None, packages_select_by_dep=None, packages_skip_by_dep=None, packages_skip_up_to=None, packages_select_build_failed=False, packages_skip_build_finished=False, packages_select_test_failures=False, packages_skip_test_passed=False, packages_select=None, packages_skip=None, packages_select_regex=None, packages_skip_regex=None, packages_start=None, packages_end=None, cmake_args=None, cmake_target=None, cmake_target_skip_unavailable=False, cmake_clean_cache=False, cmake_clean_first=False, cmake_force_configure=False, ament_cmake_args=None, catkin_cmake_args=None, catkin_skip_building_tests=False, mixin_files=None, mixin=None, verb_parser=<colcon_mixin.mixin.mixin_argument.MixinArgumentDecorator object at 0x7ffffdf54310>, verb_extension=<colcon_core.verb.build.BuildVerb object at 0x7ffffdf23d00>, main=<bound method BuildVerb.main of <colcon_core.verb.build.BuildVerb object at 0x7ffffdf23d00>>, mixin_verb=('build',))
[0.342s] Level 1:colcon.colcon_core.package_discovery:discover_packages(colcon_meta) check parameters
[0.342s] Level 1:colcon.colcon_core.package_discovery:discover_packages(recursive) check parameters
[0.343s] Level 1:colcon.colcon_core.package_discovery:discover_packages(ignore) check parameters
[0.343s] Level 1:colcon.colcon_core.package_discovery:discover_packages(path) check parameters
[0.343s] Level 1:colcon.colcon_core.package_discovery:discover_packages(colcon_meta) discover
[0.343s] Level 1:colcon.colcon_core.package_discovery:discover_packages(recursive) discover
[0.343s] INFO:colcon.colcon_core.package_discovery:Crawling recursively for packages in '/workspaces/2026-rover-code/src/image_processor'
[0.344s] Level 1:colcon.colcon_core.package_identification:_identify(.) by extensions ['ignore', 'ignore_ament_install']
[0.344s] Level 1:colcon.colcon_core.package_identification:_identify(.) by extension 'ignore'
[0.345s] Level 1:colcon.colcon_core.package_identification:_identify(.) by extension 'ignore_ament_install'
[0.345s] Level 1:colcon.colcon_core.package_identification:_identify(.) by extensions ['colcon_pkg']
[0.346s] Level 1:colcon.colcon_core.package_identification:_identify(.) by extension 'colcon_pkg'
[0.346s] Level 1:colcon.colcon_core.package_identification:_identify(.) by extensions ['colcon_meta']
[0.346s] Level 1:colcon.colcon_core.package_identification:_identify(.) by extension 'colcon_meta'
[0.347s] Level 1:colcon.colcon_core.package_identification:_identify(.) by extensions ['ros']
[0.347s] Level 1:colcon.colcon_core.package_identification:_identify(.) by extension 'ros'
[0.363s] DEBUG:colcon.colcon_core.package_identification:Package '.' with type 'ros.ament_python' and name 'image_processor'
[0.363s] Level 1:colcon.colcon_core.package_discovery:discover_packages(recursive) using defaults
[0.363s] Level 1:colcon.colcon_core.package_discovery:discover_packages(ignore) discover
[0.363s] Level 1:colcon.colcon_core.package_discovery:discover_packages(ignore) using defaults
[0.363s] Level 1:colcon.colcon_core.package_discovery:discover_packages(path) discover
[0.363s] Level 1:colcon.colcon_core.package_discovery:discover_packages(path) using defaults
[0.386s] Level 5:colcon.colcon_core.verb:set package 'image_processor' build argument 'cmake_args' from command line to 'None'
[0.386s] Level 5:colcon.colcon_core.verb:set package 'image_processor' build argument 'cmake_target' from command line to 'None'
[0.386s] Level 5:colcon.colcon_core.verb:set package 'image_processor' build argument 'cmake_target_skip_unavailable' from command line to 'False'
[0.386s] Level 5:colcon.colcon_core.verb:set package 'image_processor' build argument 'cmake_clean_cache' from command line to 'False'
[0.387s] Level 5:colcon.colcon_core.verb:set package 'image_processor' build argument 'cmake_clean_first' from command line to 'False'
[0.387s] Level 5:colcon.colcon_core.verb:set package 'image_processor' build argument 'cmake_force_configure' from command line to 'False'
[0.387s] Level 5:colcon.colcon_core.verb:set package 'image_processor' build argument 'ament_cmake_args' from command line to 'None'
[0.387s] Level 5:colcon.colcon_core.verb:set package 'image_processor' build argument 'catkin_cmake_args' from command line to 'None'
[0.387s] Level 5:colcon.colcon_core.verb:set package 'image_processor' build argument 'catkin_skip_building_tests' from command line to 'False'
[0.387s] DEBUG:colcon.colcon_core.verb:Building package 'image_processor' with the following arguments: {'ament_cmake_args': None, 'build_base': '/workspaces/2026-rover-code/src/image_processor/build/image_processor', 'catkin_cmake_args': None, 'catkin_skip_building_tests': False, 'cmake_args': None, 'cmake_clean_cache': False, 'cmake_clean_first': False, 'cmake_force_configure': False, 'cmake_target': None, 'cmake_target_skip_unavailable': False, 'install_base': '/workspaces/2026-rover-code/src/image_processor/install/image_processor', 'merge_install': False, 'path': '/workspaces/2026-rover-code/src/image_processor', 'symlink_install': False, 'test_result_base': None}
[0.387s] INFO:colcon.colcon_core.executor:Executing jobs using 'parallel' executor
[0.391s] DEBUG:colcon.colcon_parallel_executor.executor.parallel:run_until_complete
[0.392s] INFO:colcon.colcon_ros.task.ament_python.build:Building ROS package in '/workspaces/2026-rover-code/src/image_processor' with build type 'ament_python'
[0.394s] Level 1:colcon.colcon_core.shell:create_environment_hook('image_processor', 'ament_prefix_path')
[0.396s] INFO:colcon.colcon_core.plugin_system:Skipping extension 'colcon_core.shell.bat': Not used on non-Windows systems
[0.396s] INFO:colcon.colcon_core.shell:Creating environment hook '/workspaces/2026-rover-code/src/image_processor/install/image_processor/share/image_processor/hook/ament_prefix_path.ps1'
[0.399s] INFO:colcon.colcon_core.shell:Creating environment descriptor '/workspaces/2026-rover-code/src/image_processor/install/image_processor/share/image_processor/hook/ament_prefix_path.dsv'
[0.401s] INFO:colcon.colcon_core.shell:Creating environment hook '/workspaces/2026-rover-code/src/image_processor/install/image_processor/share/image_processor/hook/ament_prefix_path.sh'
[0.403s] INFO:colcon.colcon_core.shell:Skip shell extension 'powershell' for command environment: Not usable outside of PowerShell
[0.403s] DEBUG:colcon.colcon_core.shell:Skip shell extension 'dsv' for command environment
[0.780s] INFO:colcon.colcon_core.task.python.build:Building Python package in '/workspaces/2026-rover-code/src/image_processor'
[0.781s] INFO:colcon.colcon_core.shell:Skip shell extension 'powershell' for command environment: Not usable outside of PowerShell
[0.781s] DEBUG:colcon.colcon_core.shell:Skip shell extension 'dsv' for command environment
[1.171s] DEBUG:colcon.colcon_core.task.python.build:Available setuptools commands: bdist_rpm, symlink_data, check, sdist, build_clib, install_lib, bdist_wheel, install_egg_info, bdist, easy_install, clean, alias, develop, install_scripts, rotate, build_scripts, install_headers, install_data, dist_info, egg_info, build_ext, build, register, setopt, install, build_py, bdist_egg, saveopts, bdist_dumb, test, upload_docs, upload
[1.178s] DEBUG:colcon.colcon_core.event_handler.log_command:Invoking command in '/workspaces/2026-rover-code/src/image_processor': PYTHONPATH=/workspaces/2026-rover-code/src/image_processor/build/image_processor/prefix_override:/usr/lib/python3/dist-packages/colcon_core/task/python/colcon_distutils_commands:/workspaces/2026-rover-code/src/image_processor/install/image_processor/lib/python3.10/site-packages:${PYTHONPATH} /usr/bin/python3 -W ignore:setup.py install is deprecated -W ignore:easy_install command is deprecated setup.py egg_info --egg-base build/image_processor build --build-base /workspaces/2026-rover-code/src/image_processor/build/image_processor/build install --record /workspaces/2026-rover-code/src/image_processor/build/image_processor/install.log --install-scripts $base/lib/image_processor --single-version-externally-managed install_data
[1.466s] DEBUG:colcon.colcon_core.event_handler.log_command:Invoked command in '/workspaces/2026-rover-code/src/image_processor' returned '0': PYTHONPATH=/workspaces/2026-rover-code/src/image_processor/build/image_processor/prefix_override:/usr/lib/python3/dist-packages/colcon_core/task/python/colcon_distutils_commands:/workspaces/2026-rover-code/src/image_processor/install/image_processor/lib/python3.10/site-packages:${PYTHONPATH} /usr/bin/python3 -W ignore:setup.py install is deprecated -W ignore:easy_install command is deprecated setup.py egg_info --egg-base build/image_processor build --build-base /workspaces/2026-rover-code/src/image_processor/build/image_processor/build install --record /workspaces/2026-rover-code/src/image_processor/build/image_processor/install.log --install-scripts $base/lib/image_processor --single-version-externally-managed install_data
[1.468s] Level 1:colcon.colcon_core.environment:checking '/workspaces/2026-rover-code/src/image_processor/install/image_processor' for CMake module files
[1.473s] Level 1:colcon.colcon_core.environment:checking '/workspaces/2026-rover-code/src/image_processor/install/image_processor' for CMake config files
[1.476s] Level 1:colcon.colcon_core.environment:checking '/workspaces/2026-rover-code/src/image_processor/install/image_processor/lib'
[1.476s] Level 1:colcon.colcon_core.environment:checking '/workspaces/2026-rover-code/src/image_processor/install/image_processor/bin'
[1.476s] Level 1:colcon.colcon_core.environment:checking '/workspaces/2026-rover-code/src/image_processor/install/image_processor/lib/pkgconfig/image_processor.pc'
[1.476s] Level 1:colcon.colcon_core.environment:checking '/workspaces/2026-rover-code/src/image_processor/install/image_processor/lib/python3.10/site-packages'
[1.477s] Level 1:colcon.colcon_core.shell:create_environment_hook('image_processor', 'pythonpath')
[1.477s] INFO:colcon.colcon_core.shell:Creating environment hook '/workspaces/2026-rover-code/src/image_processor/install/image_processor/share/image_processor/hook/pythonpath.ps1'
[1.478s] INFO:colcon.colcon_core.shell:Creating environment descriptor '/workspaces/2026-rover-code/src/image_processor/install/image_processor/share/image_processor/hook/pythonpath.dsv'
[1.478s] INFO:colcon.colcon_core.shell:Creating environment hook '/workspaces/2026-rover-code/src/image_processor/install/image_processor/share/image_processor/hook/pythonpath.sh'
[1.480s] Level 1:colcon.colcon_core.environment:checking '/workspaces/2026-rover-code/src/image_processor/install/image_processor/bin'
[1.480s] Level 1:colcon.colcon_core.environment:create_environment_scripts_only(image_processor)
[1.480s] INFO:colcon.colcon_core.shell:Creating package script '/workspaces/2026-rover-code/src/image_processor/install/image_processor/share/image_processor/package.ps1'
[1.481s] INFO:colcon.colcon_core.shell:Creating package descriptor '/workspaces/2026-rover-code/src/image_processor/install/image_processor/share/image_processor/package.dsv'
[1.482s] INFO:colcon.colcon_core.shell:Creating package script '/workspaces/2026-rover-code/src/image_processor/install/image_processor/share/image_processor/package.sh'
[1.483s] INFO:colcon.colcon_core.shell:Creating package script '/workspaces/2026-rover-code/src/image_processor/install/image_processor/share/image_processor/package.bash'
[1.483s] INFO:colcon.colcon_core.shell:Creating package script '/workspaces/2026-rover-code/src/image_processor/install/image_processor/share/image_processor/package.zsh'
[1.484s] Level 1:colcon.colcon_core.environment:create_file_with_runtime_dependencies(/workspaces/2026-rover-code/src/image_processor/install/image_processor/share/colcon-core/packages/image_processor)
[1.485s] DEBUG:colcon.colcon_parallel_executor.executor.parallel:closing loop
[1.485s] DEBUG:colcon.colcon_parallel_executor.executor.parallel:loop closed
[1.485s] DEBUG:colcon.colcon_parallel_executor.executor.parallel:run_until_complete finished with '0'
[1.486s] DEBUG:colcon.colcon_core.event_reactor:joining thread
[1.494s] INFO:colcon.colcon_core.plugin_system:Skipping extension 'colcon_notification.desktop_notification.notify_send': Could not find 'notify-send'
[1.494s] INFO:colcon.colcon_core.plugin_system:Skipping extension 'colcon_notification.desktop_notification.terminal_notifier': Not used on non-Darwin systems
[1.494s] INFO:colcon.colcon_core.plugin_system:Skipping extension 'colcon_notification.desktop_notification.win32': Not used on non-Windows systems
[1.494s] INFO:colcon.colcon_notification.desktop_notification:Sending desktop notification using 'notify2'
[1.530s] DEBUG:colcon.colcon_notification.desktop_notification.notify2:Failed to initialize notify2: org.freedesktop.DBus.Error.ServiceUnknown: The name org.freedesktop.Notifications was not provided by any .service files
[1.530s] DEBUG:colcon.colcon_core.event_reactor:joined thread
[1.532s] INFO:colcon.colcon_core.shell:Creating prefix script '/workspaces/2026-rover-code/src/image_processor/install/local_setup.ps1'
[1.535s] INFO:colcon.colcon_core.shell:Creating prefix util module '/workspaces/2026-rover-code/src/image_processor/install/_local_setup_util_ps1.py'
[1.538s] INFO:colcon.colcon_core.shell:Creating prefix chain script '/workspaces/2026-rover-code/src/image_processor/install/setup.ps1'
[1.540s] INFO:colcon.colcon_core.shell:Creating prefix script '/workspaces/2026-rover-code/src/image_processor/install/local_setup.sh'
[1.541s] INFO:colcon.colcon_core.shell:Creating prefix util module '/workspaces/2026-rover-code/src/image_processor/install/_local_setup_util_sh.py'
[1.542s] INFO:colcon.colcon_core.shell:Creating prefix chain script '/workspaces/2026-rover-code/src/image_processor/install/setup.sh'
[1.555s] INFO:colcon.colcon_core.shell:Creating prefix script '/workspaces/2026-rover-code/src/image_processor/install/local_setup.bash'
[1.556s] INFO:colcon.colcon_core.shell:Creating prefix chain script '/workspaces/2026-rover-code/src/image_processor/install/setup.bash'
[1.560s] INFO:colcon.colcon_core.shell:Creating prefix script '/workspaces/2026-rover-code/src/image_processor/install/local_setup.zsh'
[1.561s] INFO:colcon.colcon_core.shell:Creating prefix chain script '/workspaces/2026-rover-code/src/image_processor/install/setup.zsh'
