running egg_info
writing ../build/telemetry_pkg/telemetry_pkg.egg-info/PKG-INFO
writing dependency_links to ../build/telemetry_pkg/telemetry_pkg.egg-info/dependency_links.txt
writing entry points to ../build/telemetry_pkg/telemetry_pkg.egg-info/entry_points.txt
writing requirements to ../build/telemetry_pkg/telemetry_pkg.egg-info/requires.txt
writing top-level names to ../build/telemetry_pkg/telemetry_pkg.egg-info/top_level.txt
reading manifest file '../build/telemetry_pkg/telemetry_pkg.egg-info/SOURCES.txt'
writing manifest file '../build/telemetry_pkg/telemetry_pkg.egg-info/SOURCES.txt'
running build
running build_py
copying telemetry_pkg/telemetry_node.py -> /workspaces/2026-rover-code/src/build/telemetry_pkg/build/lib/telemetry_pkg
running install
running install_lib
copying /workspaces/2026-rover-code/src/build/telemetry_pkg/build/lib/telemetry_pkg/telemetry_node.py -> /workspaces/2026-rover-code/src/install/telemetry_pkg/lib/python3.10/site-packages/telemetry_pkg
byte-compiling /workspaces/2026-rover-code/src/install/telemetry_pkg/lib/python3.10/site-packages/telemetry_pkg/telemetry_node.py to telemetry_node.cpython-310.pyc
running install_data
running install_egg_info
removing '/workspaces/2026-rover-code/src/install/telemetry_pkg/lib/python3.10/site-packages/telemetry_pkg-0.0.0-py3.10.egg-info' (and everything under it)
Copying ../build/telemetry_pkg/telemetry_pkg.egg-info to /workspaces/2026-rover-code/src/install/telemetry_pkg/lib/python3.10/site-packages/telemetry_pkg-0.0.0-py3.10.egg-info
running install_scripts
writing list of installed files to '/workspaces/2026-rover-code/src/build/telemetry_pkg/install.log'
