running egg_info
creating ../../build/telemetry_pkg/telemetry_pkg.egg-info
writing ../../build/telemetry_pkg/telemetry_pkg.egg-info/PKG-INFO
writing dependency_links to ../../build/telemetry_pkg/telemetry_pkg.egg-info/dependency_links.txt
writing entry points to ../../build/telemetry_pkg/telemetry_pkg.egg-info/entry_points.txt
writing requirements to ../../build/telemetry_pkg/telemetry_pkg.egg-info/requires.txt
writing top-level names to ../../build/telemetry_pkg/telemetry_pkg.egg-info/top_level.txt
writing manifest file '../../build/telemetry_pkg/telemetry_pkg.egg-info/SOURCES.txt'
reading manifest file '../../build/telemetry_pkg/telemetry_pkg.egg-info/SOURCES.txt'
writing manifest file '../../build/telemetry_pkg/telemetry_pkg.egg-info/SOURCES.txt'
running build
running build_py
creating /workspaces/2026-rover-code/build/telemetry_pkg/build
creating /workspaces/2026-rover-code/build/telemetry_pkg/build/lib
creating /workspaces/2026-rover-code/build/telemetry_pkg/build/lib/telemetry_pkg
copying telemetry_pkg/__init__.py -> /workspaces/2026-rover-code/build/telemetry_pkg/build/lib/telemetry_pkg
copying telemetry_pkg/telemetry_node.py -> /workspaces/2026-rover-code/build/telemetry_pkg/build/lib/telemetry_pkg
running install
running install_lib
creating /workspaces/2026-rover-code/install/telemetry_pkg/lib/python3.10/site-packages/telemetry_pkg
copying /workspaces/2026-rover-code/build/telemetry_pkg/build/lib/telemetry_pkg/__init__.py -> /workspaces/2026-rover-code/install/telemetry_pkg/lib/python3.10/site-packages/telemetry_pkg
copying /workspaces/2026-rover-code/build/telemetry_pkg/build/lib/telemetry_pkg/telemetry_node.py -> /workspaces/2026-rover-code/install/telemetry_pkg/lib/python3.10/site-packages/telemetry_pkg
byte-compiling /workspaces/2026-rover-code/install/telemetry_pkg/lib/python3.10/site-packages/telemetry_pkg/__init__.py to __init__.cpython-310.pyc
byte-compiling /workspaces/2026-rover-code/install/telemetry_pkg/lib/python3.10/site-packages/telemetry_pkg/telemetry_node.py to telemetry_node.cpython-310.pyc
running install_data
creating /workspaces/2026-rover-code/install/telemetry_pkg/share/ament_index
creating /workspaces/2026-rover-code/install/telemetry_pkg/share/ament_index/resource_index
creating /workspaces/2026-rover-code/install/telemetry_pkg/share/ament_index/resource_index/packages
copying resource/telemetry_pkg -> /workspaces/2026-rover-code/install/telemetry_pkg/share/ament_index/resource_index/packages
copying package.xml -> /workspaces/2026-rover-code/install/telemetry_pkg/share/telemetry_pkg
running install_egg_info
Copying ../../build/telemetry_pkg/telemetry_pkg.egg-info to /workspaces/2026-rover-code/install/telemetry_pkg/lib/python3.10/site-packages/telemetry_pkg-0.0.0-py3.10.egg-info
running install_scripts
Installing telemetry_node script to /workspaces/2026-rover-code/install/telemetry_pkg/lib/telemetry_pkg
writing list of installed files to '/workspaces/2026-rover-code/build/telemetry_pkg/install.log'
