[1.490s] Invoking command in '/workspaces/2026-rover-code/src/telemetry_pkg': PYTHONPATH=/workspaces/2026-rover-code/build/telemetry_pkg/prefix_override:/usr/lib/python3/dist-packages/colcon_core/task/python/colcon_distutils_commands:/workspaces/2026-rover-code/install/telemetry_pkg/lib/python3.10/site-packages:${PYTHONPATH} /usr/bin/python3 -W ignore:setup.py install is deprecated -W ignore:easy_install command is deprecated setup.py egg_info --egg-base ../../build/telemetry_pkg build --build-base /workspaces/2026-rover-code/build/telemetry_pkg/build install --record /workspaces/2026-rover-code/build/telemetry_pkg/install.log --install-scripts $base/lib/telemetry_pkg --single-version-externally-managed install_data
[1.885s] running egg_info
[1.887s] creating ../../build/telemetry_pkg/telemetry_pkg.egg-info
[1.888s] writing ../../build/telemetry_pkg/telemetry_pkg.egg-info/PKG-INFO
[1.892s] writing dependency_links to ../../build/telemetry_pkg/telemetry_pkg.egg-info/dependency_links.txt
[1.895s] writing entry points to ../../build/telemetry_pkg/telemetry_pkg.egg-info/entry_points.txt
[1.896s] writing requirements to ../../build/telemetry_pkg/telemetry_pkg.egg-info/requires.txt
[1.897s] writing top-level names to ../../build/telemetry_pkg/telemetry_pkg.egg-info/top_level.txt
[1.899s] writing manifest file '../../build/telemetry_pkg/telemetry_pkg.egg-info/SOURCES.txt'
[1.906s] reading manifest file '../../build/telemetry_pkg/telemetry_pkg.egg-info/SOURCES.txt'
[1.909s] writing manifest file '../../build/telemetry_pkg/telemetry_pkg.egg-info/SOURCES.txt'
[1.910s] running build
[1.911s] running build_py
[1.912s] creating /workspaces/2026-rover-code/build/telemetry_pkg/build
[1.913s] creating /workspaces/2026-rover-code/build/telemetry_pkg/build/lib
[1.914s] creating /workspaces/2026-rover-code/build/telemetry_pkg/build/lib/telemetry_pkg
[1.915s] copying telemetry_pkg/__init__.py -> /workspaces/2026-rover-code/build/telemetry_pkg/build/lib/telemetry_pkg
[1.916s] copying telemetry_pkg/telemetry_node.py -> /workspaces/2026-rover-code/build/telemetry_pkg/build/lib/telemetry_pkg
[1.918s] running install
[1.919s] running install_lib
[1.922s] creating /workspaces/2026-rover-code/install/telemetry_pkg/lib/python3.10/site-packages/telemetry_pkg
[1.923s] copying /workspaces/2026-rover-code/build/telemetry_pkg/build/lib/telemetry_pkg/__init__.py -> /workspaces/2026-rover-code/install/telemetry_pkg/lib/python3.10/site-packages/telemetry_pkg
[1.926s] copying /workspaces/2026-rover-code/build/telemetry_pkg/build/lib/telemetry_pkg/telemetry_node.py -> /workspaces/2026-rover-code/install/telemetry_pkg/lib/python3.10/site-packages/telemetry_pkg
[1.931s] byte-compiling /workspaces/2026-rover-code/install/telemetry_pkg/lib/python3.10/site-packages/telemetry_pkg/__init__.py to __init__.cpython-310.pyc
[1.934s] byte-compiling /workspaces/2026-rover-code/install/telemetry_pkg/lib/python3.10/site-packages/telemetry_pkg/telemetry_node.py to telemetry_node.cpython-310.pyc
[1.939s] running install_data
[1.940s] creating /workspaces/2026-rover-code/install/telemetry_pkg/share/ament_index
[1.941s] creating /workspaces/2026-rover-code/install/telemetry_pkg/share/ament_index/resource_index
[1.942s] creating /workspaces/2026-rover-code/install/telemetry_pkg/share/ament_index/resource_index/packages
[1.943s] copying resource/telemetry_pkg -> /workspaces/2026-rover-code/install/telemetry_pkg/share/ament_index/resource_index/packages
[1.944s] copying package.xml -> /workspaces/2026-rover-code/install/telemetry_pkg/share/telemetry_pkg
[1.948s] running install_egg_info
[1.951s] Copying ../../build/telemetry_pkg/telemetry_pkg.egg-info to /workspaces/2026-rover-code/install/telemetry_pkg/lib/python3.10/site-packages/telemetry_pkg-0.0.0-py3.10.egg-info
[1.971s] running install_scripts
[2.005s] Installing telemetry_node script to /workspaces/2026-rover-code/install/telemetry_pkg/lib/telemetry_pkg
[2.008s] writing list of installed files to '/workspaces/2026-rover-code/build/telemetry_pkg/install.log'
[2.046s] Invoked command in '/workspaces/2026-rover-code/src/telemetry_pkg' returned '0': PYTHONPATH=/workspaces/2026-rover-code/build/telemetry_pkg/prefix_override:/usr/lib/python3/dist-packages/colcon_core/task/python/colcon_distutils_commands:/workspaces/2026-rover-code/install/telemetry_pkg/lib/python3.10/site-packages:${PYTHONPATH} /usr/bin/python3 -W ignore:setup.py install is deprecated -W ignore:easy_install command is deprecated setup.py egg_info --egg-base ../../build/telemetry_pkg build --build-base /workspaces/2026-rover-code/build/telemetry_pkg/build install --record /workspaces/2026-rover-code/build/telemetry_pkg/install.log --install-scripts $base/lib/telemetry_pkg --single-version-externally-managed install_data
