[1.081s] Invoking command in '/workspaces/2026-rover-code/src/telemetry_pkg': PYTHONPATH=/workspaces/2026-rover-code/src/build/telemetry_pkg/prefix_override:/usr/lib/python3/dist-packages/colcon_core/task/python/colcon_distutils_commands:/workspaces/2026-rover-code/src/install/telemetry_pkg/lib/python3.10/site-packages:${PYTHONPATH} /usr/bin/python3 -W ignore:setup.py install is deprecated -W ignore:easy_install command is deprecated setup.py egg_info --egg-base ../build/telemetry_pkg build --build-base /workspaces/2026-rover-code/src/build/telemetry_pkg/build install --record /workspaces/2026-rover-code/src/build/telemetry_pkg/install.log --install-scripts $base/lib/telemetry_pkg --single-version-externally-managed install_data
[1.489s] running egg_info
[1.490s] writing ../build/telemetry_pkg/telemetry_pkg.egg-info/PKG-INFO
[1.492s] writing dependency_links to ../build/telemetry_pkg/telemetry_pkg.egg-info/dependency_links.txt
[1.494s] writing entry points to ../build/telemetry_pkg/telemetry_pkg.egg-info/entry_points.txt
[1.495s] writing requirements to ../build/telemetry_pkg/telemetry_pkg.egg-info/requires.txt
[1.497s] writing top-level names to ../build/telemetry_pkg/telemetry_pkg.egg-info/top_level.txt
[1.506s] reading manifest file '../build/telemetry_pkg/telemetry_pkg.egg-info/SOURCES.txt'
[1.510s] writing manifest file '../build/telemetry_pkg/telemetry_pkg.egg-info/SOURCES.txt'
[1.512s] running build
[1.515s] running build_py
[1.517s] running install
[1.517s] running install_lib
[1.521s] running install_data
[1.522s] running install_egg_info
[1.527s] removing '/workspaces/2026-rover-code/src/install/telemetry_pkg/lib/python3.10/site-packages/telemetry_pkg-0.0.0-py3.10.egg-info' (and everything under it)
[1.531s] Copying ../build/telemetry_pkg/telemetry_pkg.egg-info to /workspaces/2026-rover-code/src/install/telemetry_pkg/lib/python3.10/site-packages/telemetry_pkg-0.0.0-py3.10.egg-info
[1.556s] running install_scripts
[1.596s] writing list of installed files to '/workspaces/2026-rover-code/src/build/telemetry_pkg/install.log'
[1.635s] Invoked command in '/workspaces/2026-rover-code/src/telemetry_pkg' returned '0': PYTHONPATH=/workspaces/2026-rover-code/src/build/telemetry_pkg/prefix_override:/usr/lib/python3/dist-packages/colcon_core/task/python/colcon_distutils_commands:/workspaces/2026-rover-code/src/install/telemetry_pkg/lib/python3.10/site-packages:${PYTHONPATH} /usr/bin/python3 -W ignore:setup.py install is deprecated -W ignore:easy_install command is deprecated setup.py egg_info --egg-base ../build/telemetry_pkg build --build-base /workspaces/2026-rover-code/src/build/telemetry_pkg/build install --record /workspaces/2026-rover-code/src/build/telemetry_pkg/install.log --install-scripts $base/lib/telemetry_pkg --single-version-externally-managed install_data
