[0.107s] Invoking command in '/workspaces/2026-rover-code/build/odrive_can': CMAKE_PREFIX_PATH=${CMAKE_PREFIX_PATH}:/workspaces/2026-rover-code/src/install/telemetry_pkg:/opt/ros/humble /usr/bin/cmake /workspaces/2026-rover-code/ros_odrive/odrive_node -DCMAKE_INSTALL_PREFIX=/workspaces/2026-rover-code/install/odrive_can
[0.371s] -- The C compiler identification is GNU 11.4.0
[0.545s] -- The CXX compiler identification is GNU 11.4.0
[0.575s] -- Detecting C compiler ABI info
[0.962s] -- Detecting C compiler ABI info - done
[0.984s] -- Check for working C compiler: /usr/bin/cc - skipped
[0.985s] -- Detecting C compile features
[0.986s] -- Detecting C compile features - done
[1.007s] -- Detecting CXX compiler ABI info
[1.379s] -- Detecting CXX compiler ABI info - done
[1.403s] -- Check for working CXX compiler: /usr/bin/c++ - skipped
[1.405s] -- Detecting CXX compile features
[1.407s] -- Detecting CXX compile features - done
[1.439s] -- Found ament_cmake: 1.3.14 (/opt/ros/humble/share/ament_cmake/cmake)
[1.783s] -- Found Python3: /usr/bin/python3 (found version "3.10.12") found components: Interpreter 
[2.170s] -- Found rclcpp: 16.0.19 (/opt/ros/humble/share/rclcpp/cmake)
[2.334s] -- Found rosidl_generator_c: 3.1.9 (/opt/ros/humble/share/rosidl_generator_c/cmake)
[2.359s] -- Found rosidl_adapter: 3.1.9 (/opt/ros/humble/share/rosidl_adapter/cmake)
[2.388s] -- Found rosidl_generator_cpp: 3.1.9 (/opt/ros/humble/share/rosidl_generator_cpp/cmake)
[2.430s] -- Using all available rosidl_typesupport_c: rosidl_typesupport_fastrtps_c;rosidl_typesupport_introspection_c
[2.483s] -- Using all available rosidl_typesupport_cpp: rosidl_typesupport_fastrtps_cpp;rosidl_typesupport_introspection_cpp
[2.688s] -- Found rmw_implementation_cmake: 6.1.3 (/opt/ros/humble/share/rmw_implementation_cmake/cmake)
[2.716s] -- Found rmw_fastrtps_cpp: 6.2.10 (/opt/ros/humble/share/rmw_fastrtps_cpp/cmake)
[3.053s] -- Found OpenSSL: /usr/lib/x86_64-linux-gnu/libcrypto.so (found version "3.0.2")  
[3.111s] -- Found FastRTPS: /opt/ros/humble/include  
[3.211s] -- Using RMW implementation 'rmw_fastrtps_cpp' as default
[3.275s] -- Looking for pthread.h
[3.527s] -- Looking for pthread.h - found
[3.529s] -- Performing Test CMAKE_HAVE_LIBC_PTHREAD
[3.775s] -- Performing Test CMAKE_HAVE_LIBC_PTHREAD - Success
[3.777s] -- Found Threads: TRUE  
[3.921s] -- Found rosidl_default_generators: 1.2.1 (/opt/ros/humble/share/rosidl_default_generators/cmake)
[3.968s] -- Found std_srvs: 4.9.2 (/opt/ros/humble/share/std_srvs/cmake)
[4.514s] -- Found ament_cmake_ros: 0.10.0 (/opt/ros/humble/share/ament_cmake_ros/cmake)
[5.249s] -- Using all available rosidl_typesupport_c: rosidl_typesupport_fastrtps_c;rosidl_typesupport_introspection_c
[5.468s] -- Using all available rosidl_typesupport_cpp: rosidl_typesupport_fastrtps_cpp;rosidl_typesupport_introspection_cpp
[5.511s] -- Found PythonInterp: /usr/bin/python3 (found suitable version "3.10.12", minimum required is "3.6") 
[5.524s] -- Found python_cmake_module: 0.10.0 (/opt/ros/humble/share/python_cmake_module/cmake)
[5.568s] -- Found PythonLibs: /usr/lib/x86_64-linux-gnu/libpython3.10.so (found suitable version "3.10.12", minimum required is "3.5") 
[5.569s] -- Using PYTHON_EXECUTABLE: /usr/bin/python3
[5.570s] -- Using PYTHON_INCLUDE_DIRS: /usr/include/python3.10
[5.571s] -- Using PYTHON_LIBRARIES: /usr/lib/x86_64-linux-gnu/libpython3.10.so
[5.604s] -- Found PythonExtra: .so  
[5.963s] -- Configuring done
[6.480s] -- Generating done
[6.597s] -- Build files have been written to: /workspaces/2026-rover-code/build/odrive_can
