[1.200s] Invoking command in '/workspaces/2026-rover-code/src/image_processor': PYTHONPATH=/workspaces/2026-rover-code/src/image_processor/build/image_processor/prefix_override:/usr/lib/python3/dist-packages/colcon_core/task/python/colcon_distutils_commands:/workspaces/2026-rover-code/src/image_processor/install/image_processor/lib/python3.10/site-packages:${PYTHONPATH} /usr/bin/python3 -W ignore:setup.py install is deprecated -W ignore:easy_install command is deprecated setup.py egg_info --egg-base build/image_processor build --build-base /workspaces/2026-rover-code/src/image_processor/build/image_processor/build install --record /workspaces/2026-rover-code/src/image_processor/build/image_processor/install.log --install-scripts $base/lib/image_processor --single-version-externally-managed install_data
[1.584s] running egg_info
[1.585s] writing build/image_processor/image_processor.egg-info/PKG-INFO
[1.587s] writing dependency_links to build/image_processor/image_processor.egg-info/dependency_links.txt
[1.589s] writing entry points to build/image_processor/image_processor.egg-info/entry_points.txt
[1.590s] writing requirements to build/image_processor/image_processor.egg-info/requires.txt
[1.591s] writing top-level names to build/image_processor/image_processor.egg-info/top_level.txt
[1.601s] reading manifest file 'build/image_processor/image_processor.egg-info/SOURCES.txt'
[1.610s] writing manifest file 'build/image_processor/image_processor.egg-info/SOURCES.txt'
[1.615s] running build
[1.619s] running build_py
[1.620s] copying image_processor/ImageProcess.py -> /workspaces/2026-rover-code/src/image_processor/build/image_processor/build/lib/image_processor
[1.622s] running install
[1.628s] running install_lib
[1.633s] copying /workspaces/2026-rover-code/src/image_processor/build/image_processor/build/lib/image_processor/ImageProcess.py -> /workspaces/2026-rover-code/src/image_processor/install/image_processor/lib/python3.10/site-packages/image_processor
[1.641s] byte-compiling /workspaces/2026-rover-code/src/image_processor/install/image_processor/lib/python3.10/site-packages/image_processor/ImageProcess.py to ImageProcess.cpython-310.pyc
[1.651s] running install_data
[1.652s] running install_egg_info
[1.654s] removing '/workspaces/2026-rover-code/src/image_processor/install/image_processor/lib/python3.10/site-packages/image_processor-0.0.0-py3.10.egg-info' (and everything under it)
[1.657s] Copying build/image_processor/image_processor.egg-info to /workspaces/2026-rover-code/src/image_processor/install/image_processor/lib/python3.10/site-packages/image_processor-0.0.0-py3.10.egg-info
[1.680s] running install_scripts
[1.761s] Installing ImageProcess script to /workspaces/2026-rover-code/src/image_processor/install/image_processor/lib/image_processor
[1.764s] writing list of installed files to '/workspaces/2026-rover-code/src/image_processor/build/image_processor/install.log'
[1.793s] Invoked command in '/workspaces/2026-rover-code/src/image_processor' returned '0': PYTHONPATH=/workspaces/2026-rover-code/src/image_processor/build/image_processor/prefix_override:/usr/lib/python3/dist-packages/colcon_core/task/python/colcon_distutils_commands:/workspaces/2026-rover-code/src/image_processor/install/image_processor/lib/python3.10/site-packages:${PYTHONPATH} /usr/bin/python3 -W ignore:setup.py install is deprecated -W ignore:easy_install command is deprecated setup.py egg_info --egg-base build/image_processor build --build-base /workspaces/2026-rover-code/src/image_processor/build/image_processor/build install --record /workspaces/2026-rover-code/src/image_processor/build/image_processor/install.log --install-scripts $base/lib/image_processor --single-version-externally-managed install_data
