[1.561s] Invoking command in '/workspaces/2026-rover-code/src/telemetry_pkg': PYTHONPATH=/workspaces/2026-rover-code/src/build/telemetry_pkg/prefix_override:/usr/lib/python3/dist-packages/colcon_core/task/python/colcon_distutils_commands:/workspaces/2026-rover-code/src/install/telemetry_pkg/lib/python3.10/site-packages:${PYTHONPATH} /usr/bin/python3 -W ignore:setup.py install is deprecated -W ignore:easy_install command is deprecated setup.py egg_info --egg-base ../build/telemetry_pkg build --build-base /workspaces/2026-rover-code/src/build/telemetry_pkg/build install --record /workspaces/2026-rover-code/src/build/telemetry_pkg/install.log --install-scripts $base/lib/telemetry_pkg --single-version-externally-managed install_data
[1.952s] running egg_info
[1.954s] writing ../build/telemetry_pkg/telemetry_pkg.egg-info/PKG-INFO
[1.956s] writing dependency_links to ../build/telemetry_pkg/telemetry_pkg.egg-info/dependency_links.txt
[1.957s] writing entry points to ../build/telemetry_pkg/telemetry_pkg.egg-info/entry_points.txt
[1.958s] writing requirements to ../build/telemetry_pkg/telemetry_pkg.egg-info/requires.txt
[1.960s] writing top-level names to ../build/telemetry_pkg/telemetry_pkg.egg-info/top_level.txt
[1.968s] reading manifest file '../build/telemetry_pkg/telemetry_pkg.egg-info/SOURCES.txt'
[1.972s] writing manifest file '../build/telemetry_pkg/telemetry_pkg.egg-info/SOURCES.txt'
[1.973s] running build
[1.974s] running build_py
[1.976s] running install
[1.978s] running install_lib
[1.983s] running install_data
[1.985s] running install_egg_info
[1.986s] removing '/workspaces/2026-rover-code/src/install/telemetry_pkg/lib/python3.10/site-packages/telemetry_pkg-0.0.0-py3.10.egg-info' (and everything under it)
[1.990s] Copying ../build/telemetry_pkg/telemetry_pkg.egg-info to /workspaces/2026-rover-code/src/install/telemetry_pkg/lib/python3.10/site-packages/telemetry_pkg-0.0.0-py3.10.egg-info
[2.007s] running install_scripts
[2.041s] Installing telemetry_node script to /workspaces/2026-rover-code/src/install/telemetry_pkg/lib/telemetry_pkg
[2.044s] writing list of installed files to '/workspaces/2026-rover-code/src/build/telemetry_pkg/install.log'
[2.076s] Invoked command in '/workspaces/2026-rover-code/src/telemetry_pkg' returned '0': PYTHONPATH=/workspaces/2026-rover-code/src/build/telemetry_pkg/prefix_override:/usr/lib/python3/dist-packages/colcon_core/task/python/colcon_distutils_commands:/workspaces/2026-rover-code/src/install/telemetry_pkg/lib/python3.10/site-packages:${PYTHONPATH} /usr/bin/python3 -W ignore:setup.py install is deprecated -W ignore:easy_install command is deprecated setup.py egg_info --egg-base ../build/telemetry_pkg build --build-base /workspaces/2026-rover-code/src/build/telemetry_pkg/build install --record /workspaces/2026-rover-code/src/build/telemetry_pkg/install.log --install-scripts $base/lib/telemetry_pkg --single-version-externally-managed install_data
