[2.123s] Invoking command in '/workspaces/2026-rover-code/src/GIM_pkg': PYTHONPATH=/workspaces/2026-rover-code/src/build/GIM_pkg/prefix_override:/usr/lib/python3/dist-packages/colcon_core/task/python/colcon_distutils_commands:/workspaces/2026-rover-code/src/install/GIM_pkg/lib/python3.10/site-packages:${PYTHONPATH} /usr/bin/python3 -W ignore:setup.py install is deprecated -W ignore:easy_install command is deprecated setup.py egg_info --egg-base ../build/GIM_pkg build --build-base /workspaces/2026-rover-code/src/build/GIM_pkg/build install --record /workspaces/2026-rover-code/src/build/GIM_pkg/install.log --install-scripts $base/lib/GIM_pkg --single-version-externally-managed install_data
[2.670s] running egg_info
[2.673s] writing ../build/GIM_pkg/GIM_pkg.egg-info/PKG-INFO
[2.674s] writing dependency_links to ../build/GIM_pkg/GIM_pkg.egg-info/dependency_links.txt
[2.677s] writing entry points to ../build/GIM_pkg/GIM_pkg.egg-info/entry_points.txt
[2.679s] writing requirements to ../build/GIM_pkg/GIM_pkg.egg-info/requires.txt
[2.681s] writing top-level names to ../build/GIM_pkg/GIM_pkg.egg-info/top_level.txt
[2.693s] reading manifest file '../build/GIM_pkg/GIM_pkg.egg-info/SOURCES.txt'
[2.696s] writing manifest file '../build/GIM_pkg/GIM_pkg.egg-info/SOURCES.txt'
[2.698s] running build
[2.698s] running build_py
[2.699s] copying GIM_pkg/GIM.py -> /workspaces/2026-rover-code/src/build/GIM_pkg/build/lib/GIM_pkg
[2.703s] running install
[2.703s] running install_lib
[2.708s] copying /workspaces/2026-rover-code/src/build/GIM_pkg/build/lib/GIM_pkg/GIM.py -> /workspaces/2026-rover-code/src/install/GIM_pkg/lib/python3.10/site-packages/GIM_pkg
[2.712s] byte-compiling /workspaces/2026-rover-code/src/install/GIM_pkg/lib/python3.10/site-packages/GIM_pkg/GIM.py to GIM.cpython-310.pyc
[2.717s] running install_data
[2.718s] running install_egg_info
[2.721s] removing '/workspaces/2026-rover-code/src/install/GIM_pkg/lib/python3.10/site-packages/GIM_pkg-0.0.0-py3.10.egg-info' (and everything under it)
[2.725s] Copying ../build/GIM_pkg/GIM_pkg.egg-info to /workspaces/2026-rover-code/src/install/GIM_pkg/lib/python3.10/site-packages/GIM_pkg-0.0.0-py3.10.egg-info
[2.754s] running install_scripts
[2.803s] Installing gim_node script to /workspaces/2026-rover-code/src/install/GIM_pkg/lib/GIM_pkg
[2.808s] writing list of installed files to '/workspaces/2026-rover-code/src/build/GIM_pkg/install.log'
[2.880s] Invoked command in '/workspaces/2026-rover-code/src/GIM_pkg' returned '0': PYTHONPATH=/workspaces/2026-rover-code/src/build/GIM_pkg/prefix_override:/usr/lib/python3/dist-packages/colcon_core/task/python/colcon_distutils_commands:/workspaces/2026-rover-code/src/install/GIM_pkg/lib/python3.10/site-packages:${PYTHONPATH} /usr/bin/python3 -W ignore:setup.py install is deprecated -W ignore:easy_install command is deprecated setup.py egg_info --egg-base ../build/GIM_pkg build --build-base /workspaces/2026-rover-code/src/build/GIM_pkg/build install --record /workspaces/2026-rover-code/src/build/GIM_pkg/install.log --install-scripts $base/lib/GIM_pkg --single-version-externally-managed install_data
