running develop
Removing /workspaces/2026-rover-code/install/image_processor/lib/python3.10/site-packages/image-processor.egg-link (link to .)
running egg_info
writing ../../build/image_processor/image_processor.egg-info/PKG-INFO
writing dependency_links to ../../build/image_processor/image_processor.egg-info/dependency_links.txt
writing entry points to ../../build/image_processor/image_processor.egg-info/entry_points.txt
writing requirements to ../../build/image_processor/image_processor.egg-info/requires.txt
writing top-level names to ../../build/image_processor/image_processor.egg-info/top_level.txt
reading manifest file '../../build/image_processor/image_processor.egg-info/SOURCES.txt'
writing manifest file '../../build/image_processor/image_processor.egg-info/SOURCES.txt'
running build
running build_py
creating /workspaces/2026-rover-code/build/image_processor/build
creating /workspaces/2026-rover-code/build/image_processor/build/lib
creating /workspaces/2026-rover-code/build/image_processor/build/lib/image_processor
copying image_processor/__init__.py -> /workspaces/2026-rover-code/build/image_processor/build/lib/image_processor
copying image_processor/ImageProcess.py -> /workspaces/2026-rover-code/build/image_processor/build/lib/image_processor
running install
running install_lib
creating /workspaces/2026-rover-code/install/image_processor/lib/python3.10/site-packages/image_processor
copying /workspaces/2026-rover-code/build/image_processor/build/lib/image_processor/__init__.py -> /workspaces/2026-rover-code/install/image_processor/lib/python3.10/site-packages/image_processor
copying /workspaces/2026-rover-code/build/image_processor/build/lib/image_processor/ImageProcess.py -> /workspaces/2026-rover-code/install/image_processor/lib/python3.10/site-packages/image_processor
byte-compiling /workspaces/2026-rover-code/install/image_processor/lib/python3.10/site-packages/image_processor/__init__.py to __init__.cpython-310.pyc
byte-compiling /workspaces/2026-rover-code/install/image_processor/lib/python3.10/site-packages/image_processor/ImageProcess.py to ImageProcess.cpython-310.pyc
running install_data
copying resource/image_processor -> /workspaces/2026-rover-code/install/image_processor/share/ament_index/resource_index/packages
copying package.xml -> /workspaces/2026-rover-code/install/image_processor/share/image_processor
running install_egg_info
Copying ../../build/image_processor/image_processor.egg-info to /workspaces/2026-rover-code/install/image_processor/lib/python3.10/site-packages/image_processor-0.0.0-py3.10.egg-info
running install_scripts
Installing ImageProcess script to /workspaces/2026-rover-code/install/image_processor/lib/image_processor
writing list of installed files to '/workspaces/2026-rover-code/build/image_processor/install.log'
