running egg_info
writing ../build/GIM_pkg/GIM_pkg.egg-info/PKG-INFO
writing dependency_links to ../build/GIM_pkg/GIM_pkg.egg-info/dependency_links.txt
writing entry points to ../build/GIM_pkg/GIM_pkg.egg-info/entry_points.txt
writing requirements to ../build/GIM_pkg/GIM_pkg.egg-info/requires.txt
writing top-level names to ../build/GIM_pkg/GIM_pkg.egg-info/top_level.txt
reading manifest file '../build/GIM_pkg/GIM_pkg.egg-info/SOURCES.txt'
writing manifest file '../build/GIM_pkg/GIM_pkg.egg-info/SOURCES.txt'
running build
running build_py
copying GIM_pkg/GIM.py -> /workspaces/2026-rover-code/src/build/GIM_pkg/build/lib/GIM_pkg
running install
running install_lib
copying /workspaces/2026-rover-code/src/build/GIM_pkg/build/lib/GIM_pkg/GIM.py -> /workspaces/2026-rover-code/src/install/GIM_pkg/lib/python3.10/site-packages/GIM_pkg
byte-compiling /workspaces/2026-rover-code/src/install/GIM_pkg/lib/python3.10/site-packages/GIM_pkg/GIM.py to GIM.cpython-310.pyc
running install_data
running install_egg_info
removing '/workspaces/2026-rover-code/src/install/GIM_pkg/lib/python3.10/site-packages/GIM_pkg-0.0.0-py3.10.egg-info' (and everything under it)
Copying ../build/GIM_pkg/GIM_pkg.egg-info to /workspaces/2026-rover-code/src/install/GIM_pkg/lib/python3.10/site-packages/GIM_pkg-0.0.0-py3.10.egg-info
running install_scripts
Installing gim_node script to /workspaces/2026-rover-code/src/install/GIM_pkg/lib/GIM_pkg
writing list of installed files to '/workspaces/2026-rover-code/src/build/GIM_pkg/install.log'
