[1.492s] Invoking command in '/workspaces/2026-rover-code/src/telemetry_pkg': PYTHONPATH=/workspaces/2026-rover-code/src/build/telemetry_pkg/prefix_override:/usr/lib/python3/dist-packages/colcon_core/task/python/colcon_distutils_commands:/workspaces/2026-rover-code/src/install/telemetry_pkg/lib/python3.10/site-packages:${PYTHONPATH} /usr/bin/python3 -W ignore:setup.py install is deprecated -W ignore:easy_install command is deprecated setup.py egg_info --egg-base ../build/telemetry_pkg build --build-base /workspaces/2026-rover-code/src/build/telemetry_pkg/build install --record /workspaces/2026-rover-code/src/build/telemetry_pkg/install.log --install-scripts $base/lib/telemetry_pkg --single-version-externally-managed install_data
[1.981s] running egg_info
[1.982s] writing ../build/telemetry_pkg/telemetry_pkg.egg-info/PKG-INFO
[1.983s] writing dependency_links to ../build/telemetry_pkg/telemetry_pkg.egg-info/dependency_links.txt
[1.984s] writing entry points to ../build/telemetry_pkg/telemetry_pkg.egg-info/entry_points.txt
[1.985s] writing requirements to ../build/telemetry_pkg/telemetry_pkg.egg-info/requires.txt
[1.988s] writing top-level names to ../build/telemetry_pkg/telemetry_pkg.egg-info/top_level.txt
[1.996s] reading manifest file '../build/telemetry_pkg/telemetry_pkg.egg-info/SOURCES.txt'
[2.006s] writing manifest file '../build/telemetry_pkg/telemetry_pkg.egg-info/SOURCES.txt'
[2.008s] running build
[2.009s] running build_py
[2.011s] copying telemetry_pkg/telemetry_node.py -> /workspaces/2026-rover-code/src/build/telemetry_pkg/build/lib/telemetry_pkg
[2.018s] running install
[2.019s] running install_lib
[2.024s] copying /workspaces/2026-rover-code/src/build/telemetry_pkg/build/lib/telemetry_pkg/telemetry_node.py -> /workspaces/2026-rover-code/src/install/telemetry_pkg/lib/python3.10/site-packages/telemetry_pkg
[2.030s] byte-compiling /workspaces/2026-rover-code/src/install/telemetry_pkg/lib/python3.10/site-packages/telemetry_pkg/telemetry_node.py to telemetry_node.cpython-310.pyc
[2.033s] running install_data
[2.033s] running install_egg_info
[2.036s] removing '/workspaces/2026-rover-code/src/install/telemetry_pkg/lib/python3.10/site-packages/telemetry_pkg-0.0.0-py3.10.egg-info' (and everything under it)
[2.040s] Copying ../build/telemetry_pkg/telemetry_pkg.egg-info to /workspaces/2026-rover-code/src/install/telemetry_pkg/lib/python3.10/site-packages/telemetry_pkg-0.0.0-py3.10.egg-info
[2.054s] running install_scripts
[2.100s] Installing telemetry_node script to /workspaces/2026-rover-code/src/install/telemetry_pkg/lib/telemetry_pkg
[2.105s] writing list of installed files to '/workspaces/2026-rover-code/src/build/telemetry_pkg/install.log'
[2.144s] Invoked command in '/workspaces/2026-rover-code/src/telemetry_pkg' returned '0': PYTHONPATH=/workspaces/2026-rover-code/src/build/telemetry_pkg/prefix_override:/usr/lib/python3/dist-packages/colcon_core/task/python/colcon_distutils_commands:/workspaces/2026-rover-code/src/install/telemetry_pkg/lib/python3.10/site-packages:${PYTHONPATH} /usr/bin/python3 -W ignore:setup.py install is deprecated -W ignore:easy_install command is deprecated setup.py egg_info --egg-base ../build/telemetry_pkg build --build-base /workspaces/2026-rover-code/src/build/telemetry_pkg/build install --record /workspaces/2026-rover-code/src/build/telemetry_pkg/install.log --install-scripts $base/lib/telemetry_pkg --single-version-externally-managed install_data
