[0.062s] Invoking command in '/workspaces/2026-rover-code/src/build/telemetry_interface': CMAKE_PREFIX_PATH=${CMAKE_PREFIX_PATH}:/workspaces/2026-rover-code/src/install/telemetry_pkg:/opt/ros/humble /usr/bin/cmake --build /workspaces/2026-rover-code/src/build/telemetry_interface -- -j16 -l16
[0.339s] [  3%] Built target telemetry_interface__rs
[0.342s] [  3%] Built target telemetry_interface__cpp
[0.354s] [ 14%] Built target telemetry_interface__rosidl_generator_c
[0.570s] [ 14%] Built target ament_cmake_python_copy_telemetry_interface
[0.661s] [ 25%] Built target telemetry_interface__rosidl_typesupport_cpp
[0.698s] [ 35%] Built target telemetry_interface__rosidl_typesupport_c
[0.750s] [ 55%] Built target telemetry_interface__rosidl_typesupport_introspection_c
[0.752s] [ 62%] Built target telemetry_interface__rosidl_typesupport_introspection_cpp
[0.763s] [ 67%] Built target telemetry_interface__rosidl_typesupport_fastrtps_cpp
[0.780s] [ 78%] Built target telemetry_interface__rosidl_typesupport_fastrtps_c
[0.916s] [ 78%] Built target telemetry_interface
[1.051s] [ 80%] Built target telemetry_interface__py
[1.181s] [ 89%] Built target telemetry_interface__rosidl_generator_py
[1.295s] [ 92%] Built target telemetry_interface__rosidl_typesupport_fastrtps_c__pyext
[1.305s] [ 96%] Built target telemetry_interface__rosidl_typesupport_c__pyext
[1.310s] [100%] Built target telemetry_interface__rosidl_typesupport_introspection_c__pyext
[1.328s] running egg_info
[1.330s] writing telemetry_interface.egg-info/PKG-INFO
[1.332s] writing dependency_links to telemetry_interface.egg-info/dependency_links.txt
[1.334s] writing top-level names to telemetry_interface.egg-info/top_level.txt
[1.343s] reading manifest file 'telemetry_interface.egg-info/SOURCES.txt'
[1.346s] writing manifest file 'telemetry_interface.egg-info/SOURCES.txt'
[1.407s] [100%] Built target ament_cmake_python_build_telemetry_interface_egg
[1.461s] Invoked command in '/workspaces/2026-rover-code/src/build/telemetry_interface' returned '0': CMAKE_PREFIX_PATH=${CMAKE_PREFIX_PATH}:/workspaces/2026-rover-code/src/install/telemetry_pkg:/opt/ros/humble /usr/bin/cmake --build /workspaces/2026-rover-code/src/build/telemetry_interface -- -j16 -l16
[1.493s] Invoking command in '/workspaces/2026-rover-code/src/build/telemetry_interface': CMAKE_PREFIX_PATH=${CMAKE_PREFIX_PATH}:/workspaces/2026-rover-code/src/install/telemetry_pkg:/opt/ros/humble /usr/bin/cmake --install /workspaces/2026-rover-code/src/build/telemetry_interface
[1.515s] -- Install configuration: ""
[1.517s] -- Up-to-date: /workspaces/2026-rover-code/src/install/telemetry_interface/share/ament_index/resource_index/rosidl_interfaces/telemetry_interface
[1.518s] -- Up-to-date: /workspaces/2026-rover-code/src/install/telemetry_interface/include/telemetry_interface/telemetry_interface
[1.519s] -- Up-to-date: /workspaces/2026-rover-code/src/install/telemetry_interface/include/telemetry_interface/telemetry_interface/msg
[1.521s] -- Up-to-date: /workspaces/2026-rover-code/src/install/telemetry_interface/include/telemetry_interface/telemetry_interface/msg/rosidl_generator_c__visibility_control.h
[1.524s] -- Up-to-date: /workspaces/2026-rover-code/src/install/telemetry_interface/include/telemetry_interface/telemetry_interface/msg/telemetry.h
[1.525s] -- Up-to-date: /workspaces/2026-rover-code/src/install/telemetry_interface/include/telemetry_interface/telemetry_interface/msg/telemetry_data.h
[1.525s] -- Up-to-date: /workspaces/2026-rover-code/src/install/telemetry_interface/include/telemetry_interface/telemetry_interface/msg/control_message.h
[1.526s] -- Up-to-date: /workspaces/2026-rover-code/src/install/telemetry_interface/include/telemetry_interface/telemetry_interface/msg/detail
[1.528s] -- Up-to-date: /workspaces/2026-rover-code/src/install/telemetry_interface/include/telemetry_interface/telemetry_interface/msg/detail/telemetry__type_support.h
[1.528s] -- Up-to-date: /workspaces/2026-rover-code/src/install/telemetry_interface/include/telemetry_interface/telemetry_interface/msg/detail/controller_status__struct.h
[1.529s] -- Up-to-date: /workspaces/2026-rover-code/src/install/telemetry_interface/include/telemetry_interface/telemetry_interface/msg/detail/control_message__type_support.h
[1.531s] -- Up-to-date: /workspaces/2026-rover-code/src/install/telemetry_interface/include/telemetry_interface/telemetry_interface/msg/detail/telemetry__struct.h
[1.533s] -- Up-to-date: /workspaces/2026-rover-code/src/install/telemetry_interface/include/telemetry_interface/telemetry_interface/msg/detail/o_drive_status__functions.c
[1.534s] -- Up-to-date: /workspaces/2026-rover-code/src/install/telemetry_interface/include/telemetry_interface/telemetry_interface/msg/detail/controller_status__functions.h
[1.534s] -- Up-to-date: /workspaces/2026-rover-code/src/install/telemetry_interface/include/telemetry_interface/telemetry_interface/msg/detail/o_drive_status__type_support.h
[1.535s] -- Up-to-date: /workspaces/2026-rover-code/src/install/telemetry_interface/include/telemetry_interface/telemetry_interface/msg/detail/telemetry_data__functions.h
[1.536s] -- Up-to-date: /workspaces/2026-rover-code/src/install/telemetry_interface/include/telemetry_interface/telemetry_interface/msg/detail/telemetry_data__functions.c
[1.537s] -- Up-to-date: /workspaces/2026-rover-code/src/install/telemetry_interface/include/telemetry_interface/telemetry_interface/msg/detail/controller_status__functions.c
[1.538s] -- Up-to-date: /workspaces/2026-rover-code/src/install/telemetry_interface/include/telemetry_interface/telemetry_interface/msg/detail/control_message__struct.h
[1.541s] -- Up-to-date: /workspaces/2026-rover-code/src/install/telemetry_interface/include/telemetry_interface/telemetry_interface/msg/detail/control_message__functions.c
[1.542s] -- Up-to-date: /workspaces/2026-rover-code/src/install/telemetry_interface/include/telemetry_interface/telemetry_interface/msg/detail/telemetry__functions.c
[1.543s] -- Up-to-date: /workspaces/2026-rover-code/src/install/telemetry_interface/include/telemetry_interface/telemetry_interface/msg/detail/telemetry_data__struct.h
[1.544s] -- Up-to-date: /workspaces/2026-rover-code/src/install/telemetry_interface/include/telemetry_interface/telemetry_interface/msg/detail/o_drive_status__struct.h
[1.547s] -- Up-to-date: /workspaces/2026-rover-code/src/install/telemetry_interface/include/telemetry_interface/telemetry_interface/msg/detail/controller_status__type_support.h
[1.549s] -- Up-to-date: /workspaces/2026-rover-code/src/install/telemetry_interface/include/telemetry_interface/telemetry_interface/msg/detail/telemetry__functions.h
[1.550s] -- Up-to-date: /workspaces/2026-rover-code/src/install/telemetry_interface/include/telemetry_interface/telemetry_interface/msg/detail/control_message__functions.h
[1.553s] -- Up-to-date: /workspaces/2026-rover-code/src/install/telemetry_interface/include/telemetry_interface/telemetry_interface/msg/detail/telemetry_data__type_support.h
[1.555s] -- Up-to-date: /workspaces/2026-rover-code/src/install/telemetry_interface/include/telemetry_interface/telemetry_interface/msg/detail/o_drive_status__functions.h
[1.556s] -- Up-to-date: /workspaces/2026-rover-code/src/install/telemetry_interface/include/telemetry_interface/telemetry_interface/msg/controller_status.h
[1.558s] -- Up-to-date: /workspaces/2026-rover-code/src/install/telemetry_interface/include/telemetry_interface/telemetry_interface/msg/o_drive_status.h
[1.559s] -- Up-to-date: /workspaces/2026-rover-code/src/install/telemetry_interface/share/telemetry_interface/environment/library_path.sh
[1.560s] -- Up-to-date: /workspaces/2026-rover-code/src/install/telemetry_interface/share/telemetry_interface/environment/library_path.dsv
[1.561s] -- Up-to-date: /workspaces/2026-rover-code/src/install/telemetry_interface/lib/libtelemetry_interface__rosidl_generator_c.so
[1.562s] -- Up-to-date: /workspaces/2026-rover-code/src/install/telemetry_interface/include/telemetry_interface/telemetry_interface
[1.563s] -- Up-to-date: /workspaces/2026-rover-code/src/install/telemetry_interface/include/telemetry_interface/telemetry_interface/msg
[1.564s] -- Up-to-date: /workspaces/2026-rover-code/src/install/telemetry_interface/include/telemetry_interface/telemetry_interface/msg/detail
[1.566s] -- Up-to-date: /workspaces/2026-rover-code/src/install/telemetry_interface/include/telemetry_interface/telemetry_interface/msg/detail/control_message__rosidl_typesupport_fastrtps_c.h
[1.567s] -- Up-to-date: /workspaces/2026-rover-code/src/install/telemetry_interface/include/telemetry_interface/telemetry_interface/msg/detail/telemetry_data__rosidl_typesupport_fastrtps_c.h
[1.568s] -- Up-to-date: /workspaces/2026-rover-code/src/install/telemetry_interface/include/telemetry_interface/telemetry_interface/msg/detail/controller_status__rosidl_typesupport_fastrtps_c.h
[1.569s] -- Up-to-date: /workspaces/2026-rover-code/src/install/telemetry_interface/include/telemetry_interface/telemetry_interface/msg/detail/o_drive_status__rosidl_typesupport_fastrtps_c.h
[1.570s] -- Up-to-date: /workspaces/2026-rover-code/src/install/telemetry_interface/include/telemetry_interface/telemetry_interface/msg/detail/telemetry__rosidl_typesupport_fastrtps_c.h
[1.571s] -- Up-to-date: /workspaces/2026-rover-code/src/install/telemetry_interface/include/telemetry_interface/telemetry_interface/msg/rosidl_typesupport_fastrtps_c__visibility_control.h
[1.572s] -- Up-to-date: /workspaces/2026-rover-code/src/install/telemetry_interface/lib/libtelemetry_interface__rosidl_typesupport_fastrtps_c.so
[1.574s] -- Up-to-date: /workspaces/2026-rover-code/src/install/telemetry_interface/include/telemetry_interface/telemetry_interface
[1.575s] -- Up-to-date: /workspaces/2026-rover-code/src/install/telemetry_interface/include/telemetry_interface/telemetry_interface/msg
[1.577s] -- Up-to-date: /workspaces/2026-rover-code/src/install/telemetry_interface/include/telemetry_interface/telemetry_interface/msg/rosidl_typesupport_introspection_c__visibility_control.h
[1.579s] -- Up-to-date: /workspaces/2026-rover-code/src/install/telemetry_interface/include/telemetry_interface/telemetry_interface/msg/detail
[1.580s] -- Up-to-date: /workspaces/2026-rover-code/src/install/telemetry_interface/include/telemetry_interface/telemetry_interface/msg/detail/o_drive_status__type_support.c
[1.581s] -- Up-to-date: /workspaces/2026-rover-code/src/install/telemetry_interface/include/telemetry_interface/telemetry_interface/msg/detail/telemetry__type_support.c
[1.582s] -- Up-to-date: /workspaces/2026-rover-code/src/install/telemetry_interface/include/telemetry_interface/telemetry_interface/msg/detail/telemetry_data__rosidl_typesupport_introspection_c.h
[1.583s] -- Up-to-date: /workspaces/2026-rover-code/src/install/telemetry_interface/include/telemetry_interface/telemetry_interface/msg/detail/control_message__rosidl_typesupport_introspection_c.h
[1.584s] -- Up-to-date: /workspaces/2026-rover-code/src/install/telemetry_interface/include/telemetry_interface/telemetry_interface/msg/detail/telemetry_data__type_support.c
[1.586s] -- Up-to-date: /workspaces/2026-rover-code/src/install/telemetry_interface/include/telemetry_interface/telemetry_interface/msg/detail/controller_status__rosidl_typesupport_introspection_c.h
[1.587s] -- Up-to-date: /workspaces/2026-rover-code/src/install/telemetry_interface/include/telemetry_interface/telemetry_interface/msg/detail/controller_status__type_support.c
[1.588s] -- Up-to-date: /workspaces/2026-rover-code/src/install/telemetry_interface/include/telemetry_interface/telemetry_interface/msg/detail/control_message__type_support.c
[1.589s] -- Up-to-date: /workspaces/2026-rover-code/src/install/telemetry_interface/include/telemetry_interface/telemetry_interface/msg/detail/telemetry__rosidl_typesupport_introspection_c.h
[1.590s] -- Up-to-date: /workspaces/2026-rover-code/src/install/telemetry_interface/include/telemetry_interface/telemetry_interface/msg/detail/o_drive_status__rosidl_typesupport_introspection_c.h
[1.592s] -- Up-to-date: /workspaces/2026-rover-code/src/install/telemetry_interface/lib/libtelemetry_interface__rosidl_typesupport_introspection_c.so
[1.593s] -- Up-to-date: /workspaces/2026-rover-code/src/install/telemetry_interface/lib/libtelemetry_interface__rosidl_typesupport_c.so
[1.594s] -- Up-to-date: /workspaces/2026-rover-code/src/install/telemetry_interface/include/telemetry_interface/telemetry_interface
[1.596s] -- Up-to-date: /workspaces/2026-rover-code/src/install/telemetry_interface/include/telemetry_interface/telemetry_interface/msg
[1.597s] -- Up-to-date: /workspaces/2026-rover-code/src/install/telemetry_interface/include/telemetry_interface/telemetry_interface/msg/control_message.hpp
[1.598s] -- Up-to-date: /workspaces/2026-rover-code/src/install/telemetry_interface/include/telemetry_interface/telemetry_interface/msg/rosidl_generator_cpp__visibility_control.hpp
[1.599s] -- Up-to-date: /workspaces/2026-rover-code/src/install/telemetry_interface/include/telemetry_interface/telemetry_interface/msg/telemetry.hpp
[1.602s] -- Up-to-date: /workspaces/2026-rover-code/src/install/telemetry_interface/include/telemetry_interface/telemetry_interface/msg/controller_status.hpp
[1.603s] -- Up-to-date: /workspaces/2026-rover-code/src/install/telemetry_interface/include/telemetry_interface/telemetry_interface/msg/o_drive_status.hpp
[1.605s] -- Up-to-date: /workspaces/2026-rover-code/src/install/telemetry_interface/include/telemetry_interface/telemetry_interface/msg/telemetry_data.hpp
[1.606s] -- Up-to-date: /workspaces/2026-rover-code/src/install/telemetry_interface/include/telemetry_interface/telemetry_interface/msg/detail
[1.607s] -- Up-to-date: /workspaces/2026-rover-code/src/install/telemetry_interface/include/telemetry_interface/telemetry_interface/msg/detail/o_drive_status__type_support.hpp
[1.609s] -- Up-to-date: /workspaces/2026-rover-code/src/install/telemetry_interface/include/telemetry_interface/telemetry_interface/msg/detail/telemetry_data__builder.hpp
[1.610s] -- Up-to-date: /workspaces/2026-rover-code/src/install/telemetry_interface/include/telemetry_interface/telemetry_interface/msg/detail/telemetry_data__struct.hpp
[1.611s] -- Up-to-date: /workspaces/2026-rover-code/src/install/telemetry_interface/include/telemetry_interface/telemetry_interface/msg/detail/controller_status__type_support.hpp
[1.613s] -- Up-to-date: /workspaces/2026-rover-code/src/install/telemetry_interface/include/telemetry_interface/telemetry_interface/msg/detail/controller_status__builder.hpp
[1.614s] -- Up-to-date: /workspaces/2026-rover-code/src/install/telemetry_interface/include/telemetry_interface/telemetry_interface/msg/detail/telemetry_data__type_support.hpp
[1.615s] -- Up-to-date: /workspaces/2026-rover-code/src/install/telemetry_interface/include/telemetry_interface/telemetry_interface/msg/detail/telemetry__traits.hpp
[1.617s] -- Up-to-date: /workspaces/2026-rover-code/src/install/telemetry_interface/include/telemetry_interface/telemetry_interface/msg/detail/telemetry__type_support.hpp
[1.618s] -- Up-to-date: /workspaces/2026-rover-code/src/install/telemetry_interface/include/telemetry_interface/telemetry_interface/msg/detail/o_drive_status__builder.hpp
[1.619s] -- Up-to-date: /workspaces/2026-rover-code/src/install/telemetry_interface/include/telemetry_interface/telemetry_interface/msg/detail/control_message__traits.hpp
[1.620s] -- Up-to-date: /workspaces/2026-rover-code/src/install/telemetry_interface/include/telemetry_interface/telemetry_interface/msg/detail/control_message__type_support.hpp
[1.622s] -- Up-to-date: /workspaces/2026-rover-code/src/install/telemetry_interface/include/telemetry_interface/telemetry_interface/msg/detail/o_drive_status__struct.hpp
[1.624s] -- Up-to-date: /workspaces/2026-rover-code/src/install/telemetry_interface/include/telemetry_interface/telemetry_interface/msg/detail/controller_status__struct.hpp
[1.625s] -- Up-to-date: /workspaces/2026-rover-code/src/install/telemetry_interface/include/telemetry_interface/telemetry_interface/msg/detail/telemetry_data__traits.hpp
[1.627s] -- Up-to-date: /workspaces/2026-rover-code/src/install/telemetry_interface/include/telemetry_interface/telemetry_interface/msg/detail/o_drive_status__traits.hpp
[1.628s] -- Up-to-date: /workspaces/2026-rover-code/src/install/telemetry_interface/include/telemetry_interface/telemetry_interface/msg/detail/control_message__struct.hpp
[1.630s] -- Up-to-date: /workspaces/2026-rover-code/src/install/telemetry_interface/include/telemetry_interface/telemetry_interface/msg/detail/telemetry__builder.hpp
[1.631s] -- Up-to-date: /workspaces/2026-rover-code/src/install/telemetry_interface/include/telemetry_interface/telemetry_interface/msg/detail/telemetry__struct.hpp
[1.633s] -- Up-to-date: /workspaces/2026-rover-code/src/install/telemetry_interface/include/telemetry_interface/telemetry_interface/msg/detail/controller_status__traits.hpp
[1.634s] -- Up-to-date: /workspaces/2026-rover-code/src/install/telemetry_interface/include/telemetry_interface/telemetry_interface/msg/detail/control_message__builder.hpp
[1.635s] -- Up-to-date: /workspaces/2026-rover-code/src/install/telemetry_interface/include/telemetry_interface/telemetry_interface
[1.636s] -- Up-to-date: /workspaces/2026-rover-code/src/install/telemetry_interface/include/telemetry_interface/telemetry_interface/msg
[1.637s] -- Up-to-date: /workspaces/2026-rover-code/src/install/telemetry_interface/include/telemetry_interface/telemetry_interface/msg/rosidl_typesupport_fastrtps_cpp__visibility_control.h
[1.638s] -- Up-to-date: /workspaces/2026-rover-code/src/install/telemetry_interface/include/telemetry_interface/telemetry_interface/msg/detail
[1.639s] -- Up-to-date: /workspaces/2026-rover-code/src/install/telemetry_interface/include/telemetry_interface/telemetry_interface/msg/detail/telemetry__rosidl_typesupport_fastrtps_cpp.hpp
[1.640s] -- Up-to-date: /workspaces/2026-rover-code/src/install/telemetry_interface/include/telemetry_interface/telemetry_interface/msg/detail/controller_status__rosidl_typesupport_fastrtps_cpp.hpp
[1.641s] -- Up-to-date: /workspaces/2026-rover-code/src/install/telemetry_interface/include/telemetry_interface/telemetry_interface/msg/detail/telemetry_data__rosidl_typesupport_fastrtps_cpp.hpp
[1.642s] -- Up-to-date: /workspaces/2026-rover-code/src/install/telemetry_interface/include/telemetry_interface/telemetry_interface/msg/detail/control_message__rosidl_typesupport_fastrtps_cpp.hpp
[1.643s] -- Up-to-date: /workspaces/2026-rover-code/src/install/telemetry_interface/include/telemetry_interface/telemetry_interface/msg/detail/dds_fastrtps
[1.644s] -- Up-to-date: /workspaces/2026-rover-code/src/install/telemetry_interface/include/telemetry_interface/telemetry_interface/msg/detail/o_drive_status__rosidl_typesupport_fastrtps_cpp.hpp
[1.646s] -- Up-to-date: /workspaces/2026-rover-code/src/install/telemetry_interface/lib/libtelemetry_interface__rosidl_typesupport_fastrtps_cpp.so
[1.648s] -- Up-to-date: /workspaces/2026-rover-code/src/install/telemetry_interface/include/telemetry_interface/telemetry_interface
[1.649s] -- Up-to-date: /workspaces/2026-rover-code/src/install/telemetry_interface/include/telemetry_interface/telemetry_interface/msg
[1.651s] -- Up-to-date: /workspaces/2026-rover-code/src/install/telemetry_interface/include/telemetry_interface/telemetry_interface/msg/detail
[1.652s] -- Up-to-date: /workspaces/2026-rover-code/src/install/telemetry_interface/include/telemetry_interface/telemetry_interface/msg/detail/telemetry__type_support.cpp
[1.653s] -- Up-to-date: /workspaces/2026-rover-code/src/install/telemetry_interface/include/telemetry_interface/telemetry_interface/msg/detail/control_message__rosidl_typesupport_introspection_cpp.hpp
[1.655s] -- Up-to-date: /workspaces/2026-rover-code/src/install/telemetry_interface/include/telemetry_interface/telemetry_interface/msg/detail/telemetry_data__rosidl_typesupport_introspection_cpp.hpp
[1.658s] -- Up-to-date: /workspaces/2026-rover-code/src/install/telemetry_interface/include/telemetry_interface/telemetry_interface/msg/detail/o_drive_status__type_support.cpp
[1.660s] -- Up-to-date: /workspaces/2026-rover-code/src/install/telemetry_interface/include/telemetry_interface/telemetry_interface/msg/detail/o_drive_status__rosidl_typesupport_introspection_cpp.hpp
[1.662s] -- Up-to-date: /workspaces/2026-rover-code/src/install/telemetry_interface/include/telemetry_interface/telemetry_interface/msg/detail/controller_status__type_support.cpp
[1.664s] -- Up-to-date: /workspaces/2026-rover-code/src/install/telemetry_interface/include/telemetry_interface/telemetry_interface/msg/detail/control_message__type_support.cpp
[1.665s] -- Up-to-date: /workspaces/2026-rover-code/src/install/telemetry_interface/include/telemetry_interface/telemetry_interface/msg/detail/telemetry__rosidl_typesupport_introspection_cpp.hpp
[1.666s] -- Up-to-date: /workspaces/2026-rover-code/src/install/telemetry_interface/include/telemetry_interface/telemetry_interface/msg/detail/telemetry_data__type_support.cpp
[1.667s] -- Up-to-date: /workspaces/2026-rover-code/src/install/telemetry_interface/include/telemetry_interface/telemetry_interface/msg/detail/controller_status__rosidl_typesupport_introspection_cpp.hpp
[1.668s] -- Up-to-date: /workspaces/2026-rover-code/src/install/telemetry_interface/lib/libtelemetry_interface__rosidl_typesupport_introspection_cpp.so
[1.669s] -- Up-to-date: /workspaces/2026-rover-code/src/install/telemetry_interface/lib/libtelemetry_interface__rosidl_typesupport_cpp.so
[1.670s] -- Up-to-date: /workspaces/2026-rover-code/src/install/telemetry_interface/share/telemetry_interface/environment/pythonpath.sh
[1.671s] -- Up-to-date: /workspaces/2026-rover-code/src/install/telemetry_interface/share/telemetry_interface/environment/pythonpath.dsv
[1.672s] -- Up-to-date: /workspaces/2026-rover-code/src/install/telemetry_interface/local/lib/python3.10/dist-packages/telemetry_interface-0.0.0-py3.10.egg-info
[1.673s] -- Installing: /workspaces/2026-rover-code/src/install/telemetry_interface/local/lib/python3.10/dist-packages/telemetry_interface-0.0.0-py3.10.egg-info/top_level.txt
[1.676s] -- Installing: /workspaces/2026-rover-code/src/install/telemetry_interface/local/lib/python3.10/dist-packages/telemetry_interface-0.0.0-py3.10.egg-info/PKG-INFO
[1.681s] -- Installing: /workspaces/2026-rover-code/src/install/telemetry_interface/local/lib/python3.10/dist-packages/telemetry_interface-0.0.0-py3.10.egg-info/dependency_links.txt
[1.686s] -- Installing: /workspaces/2026-rover-code/src/install/telemetry_interface/local/lib/python3.10/dist-packages/telemetry_interface-0.0.0-py3.10.egg-info/SOURCES.txt
[1.689s] -- Up-to-date: /workspaces/2026-rover-code/src/install/telemetry_interface/local/lib/python3.10/dist-packages/telemetry_interface
[1.691s] -- Up-to-date: /workspaces/2026-rover-code/src/install/telemetry_interface/local/lib/python3.10/dist-packages/telemetry_interface/_telemetry_interface_s.ep.rosidl_typesupport_fastrtps_c.c
[1.691s] -- Up-to-date: /workspaces/2026-rover-code/src/install/telemetry_interface/local/lib/python3.10/dist-packages/telemetry_interface/telemetry_interface_s__rosidl_typesupport_introspection_c.cpython-310-x86_64-linux-gnu.so
[1.692s] -- Up-to-date: /workspaces/2026-rover-code/src/install/telemetry_interface/local/lib/python3.10/dist-packages/telemetry_interface/telemetry_interface_s__rosidl_typesupport_c.cpython-310-x86_64-linux-gnu.so
[1.693s] -- Up-to-date: /workspaces/2026-rover-code/src/install/telemetry_interface/local/lib/python3.10/dist-packages/telemetry_interface/_telemetry_interface_s.ep.rosidl_typesupport_introspection_c.c
[1.694s] -- Up-to-date: /workspaces/2026-rover-code/src/install/telemetry_interface/local/lib/python3.10/dist-packages/telemetry_interface/__init__.py
[1.695s] -- Up-to-date: /workspaces/2026-rover-code/src/install/telemetry_interface/local/lib/python3.10/dist-packages/telemetry_interface/_telemetry_interface_s.ep.rosidl_typesupport_c.c
[1.696s] -- Up-to-date: /workspaces/2026-rover-code/src/install/telemetry_interface/local/lib/python3.10/dist-packages/telemetry_interface/libtelemetry_interface__rosidl_generator_py.so
[1.696s] -- Up-to-date: /workspaces/2026-rover-code/src/install/telemetry_interface/local/lib/python3.10/dist-packages/telemetry_interface/telemetry_interface_s__rosidl_typesupport_fastrtps_c.cpython-310-x86_64-linux-gnu.so
[1.697s] -- Up-to-date: /workspaces/2026-rover-code/src/install/telemetry_interface/local/lib/python3.10/dist-packages/telemetry_interface/msg
[1.698s] -- Up-to-date: /workspaces/2026-rover-code/src/install/telemetry_interface/local/lib/python3.10/dist-packages/telemetry_interface/msg/_telemetry_data_s.c
[1.699s] -- Up-to-date: /workspaces/2026-rover-code/src/install/telemetry_interface/local/lib/python3.10/dist-packages/telemetry_interface/msg/_o_drive_status_s.c
[1.700s] -- Up-to-date: /workspaces/2026-rover-code/src/install/telemetry_interface/local/lib/python3.10/dist-packages/telemetry_interface/msg/_control_message_s.c
[1.701s] -- Up-to-date: /workspaces/2026-rover-code/src/install/telemetry_interface/local/lib/python3.10/dist-packages/telemetry_interface/msg/_telemetry_s.c
[1.701s] -- Up-to-date: /workspaces/2026-rover-code/src/install/telemetry_interface/local/lib/python3.10/dist-packages/telemetry_interface/msg/__init__.py
[1.702s] -- Up-to-date: /workspaces/2026-rover-code/src/install/telemetry_interface/local/lib/python3.10/dist-packages/telemetry_interface/msg/_telemetry_data.py
[1.703s] -- Up-to-date: /workspaces/2026-rover-code/src/install/telemetry_interface/local/lib/python3.10/dist-packages/telemetry_interface/msg/_telemetry.py
[1.705s] -- Up-to-date: /workspaces/2026-rover-code/src/install/telemetry_interface/local/lib/python3.10/dist-packages/telemetry_interface/msg/_controller_status.py
[1.706s] -- Up-to-date: /workspaces/2026-rover-code/src/install/telemetry_interface/local/lib/python3.10/dist-packages/telemetry_interface/msg/_control_message.py
[1.707s] -- Up-to-date: /workspaces/2026-rover-code/src/install/telemetry_interface/local/lib/python3.10/dist-packages/telemetry_interface/msg/_controller_status_s.c
[1.708s] -- Up-to-date: /workspaces/2026-rover-code/src/install/telemetry_interface/local/lib/python3.10/dist-packages/telemetry_interface/msg/_o_drive_status.py
[1.773s] Listing '/workspaces/2026-rover-code/src/install/telemetry_interface/local/lib/python3.10/dist-packages/telemetry_interface'...
[1.775s] Listing '/workspaces/2026-rover-code/src/install/telemetry_interface/local/lib/python3.10/dist-packages/telemetry_interface/msg'...
[1.778s] -- Up-to-date: /workspaces/2026-rover-code/src/install/telemetry_interface/local/lib/python3.10/dist-packages/telemetry_interface/telemetry_interface_s__rosidl_typesupport_fastrtps_c.cpython-310-x86_64-linux-gnu.so
[1.781s] -- Up-to-date: /workspaces/2026-rover-code/src/install/telemetry_interface/local/lib/python3.10/dist-packages/telemetry_interface/telemetry_interface_s__rosidl_typesupport_introspection_c.cpython-310-x86_64-linux-gnu.so
[1.784s] -- Up-to-date: /workspaces/2026-rover-code/src/install/telemetry_interface/local/lib/python3.10/dist-packages/telemetry_interface/telemetry_interface_s__rosidl_typesupport_c.cpython-310-x86_64-linux-gnu.so
[1.787s] -- Up-to-date: /workspaces/2026-rover-code/src/install/telemetry_interface/lib/libtelemetry_interface__rosidl_generator_py.so
[1.790s] -- Up-to-date: /workspaces/2026-rover-code/src/install/telemetry_interface/share/ament_index/resource_index/rust_packages/telemetry_interface
[1.790s] -- Up-to-date: /workspaces/2026-rover-code/src/install/telemetry_interface/share/telemetry_interface/rust
[1.791s] -- Up-to-date: /workspaces/2026-rover-code/src/install/telemetry_interface/share/telemetry_interface/rust/Cargo.toml
[1.792s] -- Up-to-date: /workspaces/2026-rover-code/src/install/telemetry_interface/share/telemetry_interface/rust/src
[1.793s] -- Up-to-date: /workspaces/2026-rover-code/src/install/telemetry_interface/share/telemetry_interface/rust/src/lib.rs
[1.794s] -- Up-to-date: /workspaces/2026-rover-code/src/install/telemetry_interface/share/telemetry_interface/rust/src/msg
[1.796s] -- Up-to-date: /workspaces/2026-rover-code/src/install/telemetry_interface/share/telemetry_interface/rust/src/msg/rmw.rs
[1.796s] -- Up-to-date: /workspaces/2026-rover-code/src/install/telemetry_interface/share/telemetry_interface/rust/src/msg.rs
[1.797s] -- Up-to-date: /workspaces/2026-rover-code/src/install/telemetry_interface/share/telemetry_interface/rust/build.rs
[1.799s] -- Up-to-date: /workspaces/2026-rover-code/src/install/telemetry_interface/share/telemetry_interface/msg/ControllerStatus.idl
[1.800s] -- Up-to-date: /workspaces/2026-rover-code/src/install/telemetry_interface/share/telemetry_interface/msg/ControlMessage.idl
[1.801s] -- Up-to-date: /workspaces/2026-rover-code/src/install/telemetry_interface/share/telemetry_interface/msg/ODriveStatus.idl
[1.802s] -- Up-to-date: /workspaces/2026-rover-code/src/install/telemetry_interface/share/telemetry_interface/msg/TelemetryData.idl
[1.803s] -- Up-to-date: /workspaces/2026-rover-code/src/install/telemetry_interface/share/telemetry_interface/msg/ControllerStatus.msg
[1.805s] -- Up-to-date: /workspaces/2026-rover-code/src/install/telemetry_interface/share/telemetry_interface/msg/ControlMessage.msg
[1.806s] -- Up-to-date: /workspaces/2026-rover-code/src/install/telemetry_interface/share/telemetry_interface/msg/ODriveStatus.msg
[1.807s] -- Up-to-date: /workspaces/2026-rover-code/src/install/telemetry_interface/share/telemetry_interface/msg/TelemetryData.msg
[1.808s] -- Up-to-date: /workspaces/2026-rover-code/src/install/telemetry_interface/share/ament_index/resource_index/package_run_dependencies/telemetry_interface
[1.809s] -- Up-to-date: /workspaces/2026-rover-code/src/install/telemetry_interface/share/ament_index/resource_index/parent_prefix_path/telemetry_interface
[1.810s] -- Up-to-date: /workspaces/2026-rover-code/src/install/telemetry_interface/share/telemetry_interface/environment/ament_prefix_path.sh
[1.810s] -- Up-to-date: /workspaces/2026-rover-code/src/install/telemetry_interface/share/telemetry_interface/environment/ament_prefix_path.dsv
[1.811s] -- Up-to-date: /workspaces/2026-rover-code/src/install/telemetry_interface/share/telemetry_interface/environment/path.sh
[1.812s] -- Up-to-date: /workspaces/2026-rover-code/src/install/telemetry_interface/share/telemetry_interface/environment/path.dsv
[1.813s] -- Up-to-date: /workspaces/2026-rover-code/src/install/telemetry_interface/share/telemetry_interface/local_setup.bash
[1.814s] -- Up-to-date: /workspaces/2026-rover-code/src/install/telemetry_interface/share/telemetry_interface/local_setup.sh
[1.815s] -- Up-to-date: /workspaces/2026-rover-code/src/install/telemetry_interface/share/telemetry_interface/local_setup.zsh
[1.816s] -- Up-to-date: /workspaces/2026-rover-code/src/install/telemetry_interface/share/telemetry_interface/local_setup.dsv
[1.817s] -- Installing: /workspaces/2026-rover-code/src/install/telemetry_interface/share/telemetry_interface/package.dsv
[1.820s] -- Up-to-date: /workspaces/2026-rover-code/src/install/telemetry_interface/share/ament_index/resource_index/packages/telemetry_interface
[1.824s] -- Up-to-date: /workspaces/2026-rover-code/src/install/telemetry_interface/share/telemetry_interface/cmake/export_telemetry_interface__rosidl_generator_cExport.cmake
[1.826s] -- Up-to-date: /workspaces/2026-rover-code/src/install/telemetry_interface/share/telemetry_interface/cmake/export_telemetry_interface__rosidl_generator_cExport-noconfig.cmake
[1.829s] -- Up-to-date: /workspaces/2026-rover-code/src/install/telemetry_interface/share/telemetry_interface/cmake/export_telemetry_interface__rosidl_typesupport_fastrtps_cExport.cmake
[1.831s] -- Up-to-date: /workspaces/2026-rover-code/src/install/telemetry_interface/share/telemetry_interface/cmake/export_telemetry_interface__rosidl_typesupport_fastrtps_cExport-noconfig.cmake
[1.834s] -- Up-to-date: /workspaces/2026-rover-code/src/install/telemetry_interface/share/telemetry_interface/cmake/telemetry_interface__rosidl_typesupport_introspection_cExport.cmake
[1.835s] -- Up-to-date: /workspaces/2026-rover-code/src/install/telemetry_interface/share/telemetry_interface/cmake/telemetry_interface__rosidl_typesupport_introspection_cExport-noconfig.cmake
[1.837s] -- Up-to-date: /workspaces/2026-rover-code/src/install/telemetry_interface/share/telemetry_interface/cmake/telemetry_interface__rosidl_typesupport_cExport.cmake
[1.838s] -- Up-to-date: /workspaces/2026-rover-code/src/install/telemetry_interface/share/telemetry_interface/cmake/telemetry_interface__rosidl_typesupport_cExport-noconfig.cmake
[1.840s] -- Up-to-date: /workspaces/2026-rover-code/src/install/telemetry_interface/share/telemetry_interface/cmake/export_telemetry_interface__rosidl_generator_cppExport.cmake
[1.842s] -- Up-to-date: /workspaces/2026-rover-code/src/install/telemetry_interface/share/telemetry_interface/cmake/export_telemetry_interface__rosidl_typesupport_fastrtps_cppExport.cmake
[1.843s] -- Up-to-date: /workspaces/2026-rover-code/src/install/telemetry_interface/share/telemetry_interface/cmake/export_telemetry_interface__rosidl_typesupport_fastrtps_cppExport-noconfig.cmake
[1.845s] -- Up-to-date: /workspaces/2026-rover-code/src/install/telemetry_interface/share/telemetry_interface/cmake/telemetry_interface__rosidl_typesupport_introspection_cppExport.cmake
[1.846s] -- Up-to-date: /workspaces/2026-rover-code/src/install/telemetry_interface/share/telemetry_interface/cmake/telemetry_interface__rosidl_typesupport_introspection_cppExport-noconfig.cmake
[1.848s] -- Up-to-date: /workspaces/2026-rover-code/src/install/telemetry_interface/share/telemetry_interface/cmake/telemetry_interface__rosidl_typesupport_cppExport.cmake
[1.850s] -- Up-to-date: /workspaces/2026-rover-code/src/install/telemetry_interface/share/telemetry_interface/cmake/telemetry_interface__rosidl_typesupport_cppExport-noconfig.cmake
[1.852s] -- Up-to-date: /workspaces/2026-rover-code/src/install/telemetry_interface/share/telemetry_interface/cmake/export_telemetry_interface__rosidl_generator_pyExport.cmake
[1.853s] -- Up-to-date: /workspaces/2026-rover-code/src/install/telemetry_interface/share/telemetry_interface/cmake/export_telemetry_interface__rosidl_generator_pyExport-noconfig.cmake
[1.855s] -- Up-to-date: /workspaces/2026-rover-code/src/install/telemetry_interface/share/telemetry_interface/cmake/rosidl_cmake-extras.cmake
[1.856s] -- Up-to-date: /workspaces/2026-rover-code/src/install/telemetry_interface/share/telemetry_interface/cmake/ament_cmake_export_include_directories-extras.cmake
[1.857s] -- Up-to-date: /workspaces/2026-rover-code/src/install/telemetry_interface/share/telemetry_interface/cmake/ament_cmake_export_libraries-extras.cmake
[1.858s] -- Up-to-date: /workspaces/2026-rover-code/src/install/telemetry_interface/share/telemetry_interface/cmake/ament_cmake_export_targets-extras.cmake
[1.860s] -- Up-to-date: /workspaces/2026-rover-code/src/install/telemetry_interface/share/telemetry_interface/cmake/rosidl_cmake_export_typesupport_targets-extras.cmake
[1.861s] -- Up-to-date: /workspaces/2026-rover-code/src/install/telemetry_interface/share/telemetry_interface/cmake/ament_cmake_export_dependencies-extras.cmake
[1.862s] -- Up-to-date: /workspaces/2026-rover-code/src/install/telemetry_interface/share/telemetry_interface/cmake/rosidl_cmake_export_typesupport_libraries-extras.cmake
[1.863s] -- Up-to-date: /workspaces/2026-rover-code/src/install/telemetry_interface/share/telemetry_interface/cmake/rosidl_cmake_aggregate_target-extras.cmake
[1.864s] -- Up-to-date: /workspaces/2026-rover-code/src/install/telemetry_interface/share/telemetry_interface/cmake/telemetry_interfaceConfig.cmake
[1.866s] -- Up-to-date: /workspaces/2026-rover-code/src/install/telemetry_interface/share/telemetry_interface/cmake/telemetry_interfaceConfig-version.cmake
[1.867s] -- Up-to-date: /workspaces/2026-rover-code/src/install/telemetry_interface/share/telemetry_interface/package.xml
[1.878s] Invoked command in '/workspaces/2026-rover-code/src/build/telemetry_interface' returned '0': CMAKE_PREFIX_PATH=${CMAKE_PREFIX_PATH}:/workspaces/2026-rover-code/src/install/telemetry_pkg:/opt/ros/humble /usr/bin/cmake --install /workspaces/2026-rover-code/src/build/telemetry_interface
