-- Found ament_cmake: 1.3.14 (/opt/ros/humble/share/ament_cmake/cmake)
-- Found ament_lint_auto: 0.12.15 (/opt/ros/humble/share/ament_lint_auto/cmake)
-- Found geometry_msgs: 4.9.2 (/opt/ros/humble/share/geometry_msgs/cmake)
-- Found rosidl_generator_c: 3.1.9 (/opt/ros/humble/share/rosidl_generator_c/cmake)
-- Found rosidl_adapter: 3.1.9 (/opt/ros/humble/share/rosidl_adapter/cmake)
-- Found rosidl_generator_cpp: 3.1.9 (/opt/ros/humble/share/rosidl_generator_cpp/cmake)
-- Using all available rosidl_typesupport_c: rosidl_typesupport_fastrtps_c;rosidl_typesupport_introspection_c
-- Using all available rosidl_typesupport_cpp: rosidl_typesupport_fastrtps_cpp;rosidl_typesupport_introspection_cpp
-- Found rosidl_default_generators: 1.2.1 (/opt/ros/humble/share/rosidl_default_generators/cmake)
-- Found ament_cmake_ros: 0.10.0 (/opt/ros/humble/share/ament_cmake_ros/cmake)
-- Using all available rosidl_typesupport_c: rosidl_typesupport_fastrtps_c;rosidl_typesupport_introspection_c
-- Using all available rosidl_typesupport_cpp: rosidl_typesupport_fastrtps_cpp;rosidl_typesupport_introspection_cpp
-- Found python_cmake_module: 0.10.0 (/opt/ros/humble/share/python_cmake_module/cmake)
-- Using PYTHON_EXECUTABLE: /usr/bin/python3
-- Using PYTHON_INCLUDE_DIRS: /usr/include/python3.10
-- Using PYTHON_LIBRARIES: /usr/lib/x86_64-linux-gnu/libpython3.10.so
-- Added test 'lint_cmake' to check CMake code style
-- Added test 'xmllint' to check XML markup files
-- Configuring done
-- Generating done
-- Build files have been written to: /workspaces/2026-rover-code/src/build/telemetry_interface
[35m[1mConsolidate compiler generated dependencies of target telemetry_interface__rosidl_generator_c[0m
[  6%] Built target telemetry_interface__rs
[  6%] Built target telemetry_interface__cpp
[ 15%] Built target telemetry_interface__rosidl_generator_c
[35m[1mConsolidate compiler generated dependencies of target telemetry_interface__rosidl_typesupport_fastrtps_cpp[0m
[35m[1mConsolidate compiler generated dependencies of target telemetry_interface__rosidl_typesupport_introspection_cpp[0m
[35m[1mConsolidate compiler generated dependencies of target telemetry_interface__rosidl_typesupport_cpp[0m
[ 15%] Built target ament_cmake_python_copy_telemetry_interface
[35m[1mConsolidate compiler generated dependencies of target telemetry_interface__rosidl_typesupport_c[0m
[35m[1mConsolidate compiler generated dependencies of target telemetry_interface__rosidl_typesupport_fastrtps_c[0m
[35m[1mConsolidate compiler generated dependencies of target telemetry_interface__rosidl_typesupport_introspection_c[0m
[ 25%] Built target telemetry_interface__rosidl_typesupport_c
[ 34%] Built target telemetry_interface__rosidl_typesupport_introspection_c
[ 43%] Built target telemetry_interface__rosidl_typesupport_cpp
[ 53%] Built target telemetry_interface__rosidl_typesupport_introspection_cpp
[ 62%] Built target telemetry_interface__rosidl_typesupport_fastrtps_cpp
[ 71%] Built target telemetry_interface__rosidl_typesupport_fastrtps_c
[ 71%] Built target telemetry_interface
[ 75%] Built target telemetry_interface__py
[35m[1mConsolidate compiler generated dependencies of target telemetry_interface__rosidl_generator_py[0m
[ 81%] Built target telemetry_interface__rosidl_generator_py
[35m[1mConsolidate compiler generated dependencies of target telemetry_interface__rosidl_typesupport_introspection_c__pyext[0m
[35m[1mConsolidate compiler generated dependencies of target telemetry_interface__rosidl_typesupport_fastrtps_c__pyext[0m
[35m[1mConsolidate compiler generated dependencies of target telemetry_interface__rosidl_typesupport_c__pyext[0m
running egg_info
writing telemetry_interface.egg-info/PKG-INFO
writing dependency_links to telemetry_interface.egg-info/dependency_links.txt
writing top-level names to telemetry_interface.egg-info/top_level.txt
reading manifest file 'telemetry_interface.egg-info/SOURCES.txt'
writing manifest file 'telemetry_interface.egg-info/SOURCES.txt'
[ 81%] Built target ament_cmake_python_build_telemetry_interface_egg
[ 96%] Built target telemetry_interface__rosidl_typesupport_fastrtps_c__pyext
[ 96%] Built target telemetry_interface__rosidl_typesupport_c__pyext
[100%] Built target telemetry_interface__rosidl_typesupport_introspection_c__pyext
-- Install configuration: ""
-- Up-to-date: /workspaces/2026-rover-code/src/install/telemetry_interface/share/ament_index/resource_index/rosidl_interfaces/telemetry_interface
-- Up-to-date: /workspaces/2026-rover-code/src/install/telemetry_interface/include/telemetry_interface/telemetry_interface
-- Up-to-date: /workspaces/2026-rover-code/src/install/telemetry_interface/include/telemetry_interface/telemetry_interface/msg
-- Up-to-date: /workspaces/2026-rover-code/src/install/telemetry_interface/include/telemetry_interface/telemetry_interface/msg/rosidl_generator_c__visibility_control.h
-- Up-to-date: /workspaces/2026-rover-code/src/install/telemetry_interface/include/telemetry_interface/telemetry_interface/msg/telemetry.h
-- Up-to-date: /workspaces/2026-rover-code/src/install/telemetry_interface/include/telemetry_interface/telemetry_interface/msg/telemetry_data.h
-- Up-to-date: /workspaces/2026-rover-code/src/install/telemetry_interface/include/telemetry_interface/telemetry_interface/msg/control_message.h
-- Up-to-date: /workspaces/2026-rover-code/src/install/telemetry_interface/include/telemetry_interface/telemetry_interface/msg/detail
-- Up-to-date: /workspaces/2026-rover-code/src/install/telemetry_interface/include/telemetry_interface/telemetry_interface/msg/detail/telemetry__type_support.h
-- Up-to-date: /workspaces/2026-rover-code/src/install/telemetry_interface/include/telemetry_interface/telemetry_interface/msg/detail/controller_status__struct.h
-- Up-to-date: /workspaces/2026-rover-code/src/install/telemetry_interface/include/telemetry_interface/telemetry_interface/msg/detail/control_message__type_support.h
-- Up-to-date: /workspaces/2026-rover-code/src/install/telemetry_interface/include/telemetry_interface/telemetry_interface/msg/detail/telemetry__struct.h
-- Up-to-date: /workspaces/2026-rover-code/src/install/telemetry_interface/include/telemetry_interface/telemetry_interface/msg/detail/o_drive_status__functions.c
-- Up-to-date: /workspaces/2026-rover-code/src/install/telemetry_interface/include/telemetry_interface/telemetry_interface/msg/detail/controller_status__functions.h
-- Up-to-date: /workspaces/2026-rover-code/src/install/telemetry_interface/include/telemetry_interface/telemetry_interface/msg/detail/o_drive_status__type_support.h
-- Up-to-date: /workspaces/2026-rover-code/src/install/telemetry_interface/include/telemetry_interface/telemetry_interface/msg/detail/telemetry_data__functions.h
-- Up-to-date: /workspaces/2026-rover-code/src/install/telemetry_interface/include/telemetry_interface/telemetry_interface/msg/detail/telemetry_data__functions.c
-- Up-to-date: /workspaces/2026-rover-code/src/install/telemetry_interface/include/telemetry_interface/telemetry_interface/msg/detail/controller_status__functions.c
-- Up-to-date: /workspaces/2026-rover-code/src/install/telemetry_interface/include/telemetry_interface/telemetry_interface/msg/detail/control_message__struct.h
-- Up-to-date: /workspaces/2026-rover-code/src/install/telemetry_interface/include/telemetry_interface/telemetry_interface/msg/detail/control_message__functions.c
-- Up-to-date: /workspaces/2026-rover-code/src/install/telemetry_interface/include/telemetry_interface/telemetry_interface/msg/detail/telemetry__functions.c
-- Up-to-date: /workspaces/2026-rover-code/src/install/telemetry_interface/include/telemetry_interface/telemetry_interface/msg/detail/telemetry_data__struct.h
-- Up-to-date: /workspaces/2026-rover-code/src/install/telemetry_interface/include/telemetry_interface/telemetry_interface/msg/detail/o_drive_status__struct.h
-- Up-to-date: /workspaces/2026-rover-code/src/install/telemetry_interface/include/telemetry_interface/telemetry_interface/msg/detail/controller_status__type_support.h
-- Up-to-date: /workspaces/2026-rover-code/src/install/telemetry_interface/include/telemetry_interface/telemetry_interface/msg/detail/telemetry__functions.h
-- Up-to-date: /workspaces/2026-rover-code/src/install/telemetry_interface/include/telemetry_interface/telemetry_interface/msg/detail/control_message__functions.h
-- Up-to-date: /workspaces/2026-rover-code/src/install/telemetry_interface/include/telemetry_interface/telemetry_interface/msg/detail/telemetry_data__type_support.h
-- Up-to-date: /workspaces/2026-rover-code/src/install/telemetry_interface/include/telemetry_interface/telemetry_interface/msg/detail/o_drive_status__functions.h
-- Up-to-date: /workspaces/2026-rover-code/src/install/telemetry_interface/include/telemetry_interface/telemetry_interface/msg/controller_status.h
-- Up-to-date: /workspaces/2026-rover-code/src/install/telemetry_interface/include/telemetry_interface/telemetry_interface/msg/o_drive_status.h
-- Up-to-date: /workspaces/2026-rover-code/src/install/telemetry_interface/share/telemetry_interface/environment/library_path.sh
-- Installing: /workspaces/2026-rover-code/src/install/telemetry_interface/share/telemetry_interface/environment/library_path.dsv
-- Up-to-date: /workspaces/2026-rover-code/src/install/telemetry_interface/lib/libtelemetry_interface__rosidl_generator_c.so
-- Up-to-date: /workspaces/2026-rover-code/src/install/telemetry_interface/include/telemetry_interface/telemetry_interface
-- Up-to-date: /workspaces/2026-rover-code/src/install/telemetry_interface/include/telemetry_interface/telemetry_interface/msg
-- Up-to-date: /workspaces/2026-rover-code/src/install/telemetry_interface/include/telemetry_interface/telemetry_interface/msg/detail
-- Up-to-date: /workspaces/2026-rover-code/src/install/telemetry_interface/include/telemetry_interface/telemetry_interface/msg/detail/control_message__rosidl_typesupport_fastrtps_c.h
-- Up-to-date: /workspaces/2026-rover-code/src/install/telemetry_interface/include/telemetry_interface/telemetry_interface/msg/detail/telemetry_data__rosidl_typesupport_fastrtps_c.h
-- Up-to-date: /workspaces/2026-rover-code/src/install/telemetry_interface/include/telemetry_interface/telemetry_interface/msg/detail/controller_status__rosidl_typesupport_fastrtps_c.h
-- Up-to-date: /workspaces/2026-rover-code/src/install/telemetry_interface/include/telemetry_interface/telemetry_interface/msg/detail/o_drive_status__rosidl_typesupport_fastrtps_c.h
-- Up-to-date: /workspaces/2026-rover-code/src/install/telemetry_interface/include/telemetry_interface/telemetry_interface/msg/detail/telemetry__rosidl_typesupport_fastrtps_c.h
-- Up-to-date: /workspaces/2026-rover-code/src/install/telemetry_interface/include/telemetry_interface/telemetry_interface/msg/rosidl_typesupport_fastrtps_c__visibility_control.h
-- Up-to-date: /workspaces/2026-rover-code/src/install/telemetry_interface/lib/libtelemetry_interface__rosidl_typesupport_fastrtps_c.so
-- Up-to-date: /workspaces/2026-rover-code/src/install/telemetry_interface/include/telemetry_interface/telemetry_interface
-- Up-to-date: /workspaces/2026-rover-code/src/install/telemetry_interface/include/telemetry_interface/telemetry_interface/msg
-- Up-to-date: /workspaces/2026-rover-code/src/install/telemetry_interface/include/telemetry_interface/telemetry_interface/msg/control_message.hpp
-- Up-to-date: /workspaces/2026-rover-code/src/install/telemetry_interface/include/telemetry_interface/telemetry_interface/msg/rosidl_generator_cpp__visibility_control.hpp
-- Up-to-date: /workspaces/2026-rover-code/src/install/telemetry_interface/include/telemetry_interface/telemetry_interface/msg/telemetry.hpp
-- Up-to-date: /workspaces/2026-rover-code/src/install/telemetry_interface/include/telemetry_interface/telemetry_interface/msg/controller_status.hpp
-- Up-to-date: /workspaces/2026-rover-code/src/install/telemetry_interface/include/telemetry_interface/telemetry_interface/msg/o_drive_status.hpp
-- Up-to-date: /workspaces/2026-rover-code/src/install/telemetry_interface/include/telemetry_interface/telemetry_interface/msg/telemetry_data.hpp
-- Up-to-date: /workspaces/2026-rover-code/src/install/telemetry_interface/include/telemetry_interface/telemetry_interface/msg/detail
-- Up-to-date: /workspaces/2026-rover-code/src/install/telemetry_interface/include/telemetry_interface/telemetry_interface/msg/detail/o_drive_status__type_support.hpp
-- Up-to-date: /workspaces/2026-rover-code/src/install/telemetry_interface/include/telemetry_interface/telemetry_interface/msg/detail/telemetry_data__builder.hpp
-- Up-to-date: /workspaces/2026-rover-code/src/install/telemetry_interface/include/telemetry_interface/telemetry_interface/msg/detail/telemetry_data__struct.hpp
-- Up-to-date: /workspaces/2026-rover-code/src/install/telemetry_interface/include/telemetry_interface/telemetry_interface/msg/detail/controller_status__type_support.hpp
-- Up-to-date: /workspaces/2026-rover-code/src/install/telemetry_interface/include/telemetry_interface/telemetry_interface/msg/detail/controller_status__builder.hpp
-- Up-to-date: /workspaces/2026-rover-code/src/install/telemetry_interface/include/telemetry_interface/telemetry_interface/msg/detail/telemetry_data__type_support.hpp
-- Up-to-date: /workspaces/2026-rover-code/src/install/telemetry_interface/include/telemetry_interface/telemetry_interface/msg/detail/telemetry__traits.hpp
-- Up-to-date: /workspaces/2026-rover-code/src/install/telemetry_interface/include/telemetry_interface/telemetry_interface/msg/detail/telemetry__type_support.hpp
-- Up-to-date: /workspaces/2026-rover-code/src/install/telemetry_interface/include/telemetry_interface/telemetry_interface/msg/detail/o_drive_status__builder.hpp
-- Up-to-date: /workspaces/2026-rover-code/src/install/telemetry_interface/include/telemetry_interface/telemetry_interface/msg/detail/control_message__traits.hpp
-- Up-to-date: /workspaces/2026-rover-code/src/install/telemetry_interface/include/telemetry_interface/telemetry_interface/msg/detail/control_message__type_support.hpp
-- Up-to-date: /workspaces/2026-rover-code/src/install/telemetry_interface/include/telemetry_interface/telemetry_interface/msg/detail/o_drive_status__struct.hpp
-- Up-to-date: /workspaces/2026-rover-code/src/install/telemetry_interface/include/telemetry_interface/telemetry_interface/msg/detail/controller_status__struct.hpp
-- Up-to-date: /workspaces/2026-rover-code/src/install/telemetry_interface/include/telemetry_interface/telemetry_interface/msg/detail/telemetry_data__traits.hpp
-- Up-to-date: /workspaces/2026-rover-code/src/install/telemetry_interface/include/telemetry_interface/telemetry_interface/msg/detail/o_drive_status__traits.hpp
-- Up-to-date: /workspaces/2026-rover-code/src/install/telemetry_interface/include/telemetry_interface/telemetry_interface/msg/detail/control_message__struct.hpp
-- Up-to-date: /workspaces/2026-rover-code/src/install/telemetry_interface/include/telemetry_interface/telemetry_interface/msg/detail/telemetry__builder.hpp
-- Up-to-date: /workspaces/2026-rover-code/src/install/telemetry_interface/include/telemetry_interface/telemetry_interface/msg/detail/telemetry__struct.hpp
-- Up-to-date: /workspaces/2026-rover-code/src/install/telemetry_interface/include/telemetry_interface/telemetry_interface/msg/detail/controller_status__traits.hpp
-- Up-to-date: /workspaces/2026-rover-code/src/install/telemetry_interface/include/telemetry_interface/telemetry_interface/msg/detail/control_message__builder.hpp
-- Up-to-date: /workspaces/2026-rover-code/src/install/telemetry_interface/include/telemetry_interface/telemetry_interface
-- Up-to-date: /workspaces/2026-rover-code/src/install/telemetry_interface/include/telemetry_interface/telemetry_interface/msg
-- Up-to-date: /workspaces/2026-rover-code/src/install/telemetry_interface/include/telemetry_interface/telemetry_interface/msg/rosidl_typesupport_fastrtps_cpp__visibility_control.h
-- Up-to-date: /workspaces/2026-rover-code/src/install/telemetry_interface/include/telemetry_interface/telemetry_interface/msg/detail
-- Up-to-date: /workspaces/2026-rover-code/src/install/telemetry_interface/include/telemetry_interface/telemetry_interface/msg/detail/telemetry__rosidl_typesupport_fastrtps_cpp.hpp
-- Up-to-date: /workspaces/2026-rover-code/src/install/telemetry_interface/include/telemetry_interface/telemetry_interface/msg/detail/controller_status__rosidl_typesupport_fastrtps_cpp.hpp
-- Up-to-date: /workspaces/2026-rover-code/src/install/telemetry_interface/include/telemetry_interface/telemetry_interface/msg/detail/telemetry_data__rosidl_typesupport_fastrtps_cpp.hpp
-- Up-to-date: /workspaces/2026-rover-code/src/install/telemetry_interface/include/telemetry_interface/telemetry_interface/msg/detail/control_message__rosidl_typesupport_fastrtps_cpp.hpp
-- Up-to-date: /workspaces/2026-rover-code/src/install/telemetry_interface/include/telemetry_interface/telemetry_interface/msg/detail/dds_fastrtps
-- Up-to-date: /workspaces/2026-rover-code/src/install/telemetry_interface/include/telemetry_interface/telemetry_interface/msg/detail/o_drive_status__rosidl_typesupport_fastrtps_cpp.hpp
-- Up-to-date: /workspaces/2026-rover-code/src/install/telemetry_interface/lib/libtelemetry_interface__rosidl_typesupport_fastrtps_cpp.so
-- Up-to-date: /workspaces/2026-rover-code/src/install/telemetry_interface/include/telemetry_interface/telemetry_interface
-- Up-to-date: /workspaces/2026-rover-code/src/install/telemetry_interface/include/telemetry_interface/telemetry_interface/msg
-- Up-to-date: /workspaces/2026-rover-code/src/install/telemetry_interface/include/telemetry_interface/telemetry_interface/msg/rosidl_typesupport_introspection_c__visibility_control.h
-- Up-to-date: /workspaces/2026-rover-code/src/install/telemetry_interface/include/telemetry_interface/telemetry_interface/msg/detail
-- Up-to-date: /workspaces/2026-rover-code/src/install/telemetry_interface/include/telemetry_interface/telemetry_interface/msg/detail/o_drive_status__type_support.c
-- Up-to-date: /workspaces/2026-rover-code/src/install/telemetry_interface/include/telemetry_interface/telemetry_interface/msg/detail/telemetry__type_support.c
-- Up-to-date: /workspaces/2026-rover-code/src/install/telemetry_interface/include/telemetry_interface/telemetry_interface/msg/detail/telemetry_data__rosidl_typesupport_introspection_c.h
-- Up-to-date: /workspaces/2026-rover-code/src/install/telemetry_interface/include/telemetry_interface/telemetry_interface/msg/detail/control_message__rosidl_typesupport_introspection_c.h
-- Up-to-date: /workspaces/2026-rover-code/src/install/telemetry_interface/include/telemetry_interface/telemetry_interface/msg/detail/telemetry_data__type_support.c
-- Up-to-date: /workspaces/2026-rover-code/src/install/telemetry_interface/include/telemetry_interface/telemetry_interface/msg/detail/controller_status__rosidl_typesupport_introspection_c.h
-- Up-to-date: /workspaces/2026-rover-code/src/install/telemetry_interface/include/telemetry_interface/telemetry_interface/msg/detail/controller_status__type_support.c
-- Up-to-date: /workspaces/2026-rover-code/src/install/telemetry_interface/include/telemetry_interface/telemetry_interface/msg/detail/control_message__type_support.c
-- Up-to-date: /workspaces/2026-rover-code/src/install/telemetry_interface/include/telemetry_interface/telemetry_interface/msg/detail/telemetry__rosidl_typesupport_introspection_c.h
-- Up-to-date: /workspaces/2026-rover-code/src/install/telemetry_interface/include/telemetry_interface/telemetry_interface/msg/detail/o_drive_status__rosidl_typesupport_introspection_c.h
-- Up-to-date: /workspaces/2026-rover-code/src/install/telemetry_interface/lib/libtelemetry_interface__rosidl_typesupport_introspection_c.so
-- Up-to-date: /workspaces/2026-rover-code/src/install/telemetry_interface/lib/libtelemetry_interface__rosidl_typesupport_c.so
-- Up-to-date: /workspaces/2026-rover-code/src/install/telemetry_interface/include/telemetry_interface/telemetry_interface
-- Up-to-date: /workspaces/2026-rover-code/src/install/telemetry_interface/include/telemetry_interface/telemetry_interface/msg
-- Up-to-date: /workspaces/2026-rover-code/src/install/telemetry_interface/include/telemetry_interface/telemetry_interface/msg/detail
-- Up-to-date: /workspaces/2026-rover-code/src/install/telemetry_interface/include/telemetry_interface/telemetry_interface/msg/detail/telemetry__type_support.cpp
-- Up-to-date: /workspaces/2026-rover-code/src/install/telemetry_interface/include/telemetry_interface/telemetry_interface/msg/detail/control_message__rosidl_typesupport_introspection_cpp.hpp
-- Up-to-date: /workspaces/2026-rover-code/src/install/telemetry_interface/include/telemetry_interface/telemetry_interface/msg/detail/telemetry_data__rosidl_typesupport_introspection_cpp.hpp
-- Up-to-date: /workspaces/2026-rover-code/src/install/telemetry_interface/include/telemetry_interface/telemetry_interface/msg/detail/o_drive_status__type_support.cpp
-- Up-to-date: /workspaces/2026-rover-code/src/install/telemetry_interface/include/telemetry_interface/telemetry_interface/msg/detail/o_drive_status__rosidl_typesupport_introspection_cpp.hpp
-- Up-to-date: /workspaces/2026-rover-code/src/install/telemetry_interface/include/telemetry_interface/telemetry_interface/msg/detail/controller_status__type_support.cpp
-- Up-to-date: /workspaces/2026-rover-code/src/install/telemetry_interface/include/telemetry_interface/telemetry_interface/msg/detail/control_message__type_support.cpp
-- Up-to-date: /workspaces/2026-rover-code/src/install/telemetry_interface/include/telemetry_interface/telemetry_interface/msg/detail/telemetry__rosidl_typesupport_introspection_cpp.hpp
-- Up-to-date: /workspaces/2026-rover-code/src/install/telemetry_interface/include/telemetry_interface/telemetry_interface/msg/detail/telemetry_data__type_support.cpp
-- Up-to-date: /workspaces/2026-rover-code/src/install/telemetry_interface/include/telemetry_interface/telemetry_interface/msg/detail/controller_status__rosidl_typesupport_introspection_cpp.hpp
-- Up-to-date: /workspaces/2026-rover-code/src/install/telemetry_interface/lib/libtelemetry_interface__rosidl_typesupport_introspection_cpp.so
-- Up-to-date: /workspaces/2026-rover-code/src/install/telemetry_interface/lib/libtelemetry_interface__rosidl_typesupport_cpp.so
-- Up-to-date: /workspaces/2026-rover-code/src/install/telemetry_interface/share/telemetry_interface/environment/pythonpath.sh
-- Installing: /workspaces/2026-rover-code/src/install/telemetry_interface/share/telemetry_interface/environment/pythonpath.dsv
-- Up-to-date: /workspaces/2026-rover-code/src/install/telemetry_interface/local/lib/python3.10/dist-packages/telemetry_interface-0.0.0-py3.10.egg-info
-- Installing: /workspaces/2026-rover-code/src/install/telemetry_interface/local/lib/python3.10/dist-packages/telemetry_interface-0.0.0-py3.10.egg-info/top_level.txt
-- Installing: /workspaces/2026-rover-code/src/install/telemetry_interface/local/lib/python3.10/dist-packages/telemetry_interface-0.0.0-py3.10.egg-info/PKG-INFO
-- Installing: /workspaces/2026-rover-code/src/install/telemetry_interface/local/lib/python3.10/dist-packages/telemetry_interface-0.0.0-py3.10.egg-info/dependency_links.txt
-- Installing: /workspaces/2026-rover-code/src/install/telemetry_interface/local/lib/python3.10/dist-packages/telemetry_interface-0.0.0-py3.10.egg-info/SOURCES.txt
-- Up-to-date: /workspaces/2026-rover-code/src/install/telemetry_interface/local/lib/python3.10/dist-packages/telemetry_interface
-- Up-to-date: /workspaces/2026-rover-code/src/install/telemetry_interface/local/lib/python3.10/dist-packages/telemetry_interface/_telemetry_interface_s.ep.rosidl_typesupport_fastrtps_c.c
-- Up-to-date: /workspaces/2026-rover-code/src/install/telemetry_interface/local/lib/python3.10/dist-packages/telemetry_interface/telemetry_interface_s__rosidl_typesupport_introspection_c.cpython-310-x86_64-linux-gnu.so
-- Up-to-date: /workspaces/2026-rover-code/src/install/telemetry_interface/local/lib/python3.10/dist-packages/telemetry_interface/telemetry_interface_s__rosidl_typesupport_c.cpython-310-x86_64-linux-gnu.so
-- Up-to-date: /workspaces/2026-rover-code/src/install/telemetry_interface/local/lib/python3.10/dist-packages/telemetry_interface/_telemetry_interface_s.ep.rosidl_typesupport_introspection_c.c
-- Installing: /workspaces/2026-rover-code/src/install/telemetry_interface/local/lib/python3.10/dist-packages/telemetry_interface/__init__.py
-- Up-to-date: /workspaces/2026-rover-code/src/install/telemetry_interface/local/lib/python3.10/dist-packages/telemetry_interface/_telemetry_interface_s.ep.rosidl_typesupport_c.c
-- Up-to-date: /workspaces/2026-rover-code/src/install/telemetry_interface/local/lib/python3.10/dist-packages/telemetry_interface/libtelemetry_interface__rosidl_generator_py.so
-- Up-to-date: /workspaces/2026-rover-code/src/install/telemetry_interface/local/lib/python3.10/dist-packages/telemetry_interface/telemetry_interface_s__rosidl_typesupport_fastrtps_c.cpython-310-x86_64-linux-gnu.so
-- Up-to-date: /workspaces/2026-rover-code/src/install/telemetry_interface/local/lib/python3.10/dist-packages/telemetry_interface/msg
-- Up-to-date: /workspaces/2026-rover-code/src/install/telemetry_interface/local/lib/python3.10/dist-packages/telemetry_interface/msg/_telemetry_data_s.c
-- Up-to-date: /workspaces/2026-rover-code/src/install/telemetry_interface/local/lib/python3.10/dist-packages/telemetry_interface/msg/_o_drive_status_s.c
-- Up-to-date: /workspaces/2026-rover-code/src/install/telemetry_interface/local/lib/python3.10/dist-packages/telemetry_interface/msg/_control_message_s.c
-- Up-to-date: /workspaces/2026-rover-code/src/install/telemetry_interface/local/lib/python3.10/dist-packages/telemetry_interface/msg/_telemetry_s.c
-- Up-to-date: /workspaces/2026-rover-code/src/install/telemetry_interface/local/lib/python3.10/dist-packages/telemetry_interface/msg/__init__.py
-- Up-to-date: /workspaces/2026-rover-code/src/install/telemetry_interface/local/lib/python3.10/dist-packages/telemetry_interface/msg/_telemetry_data.py
-- Up-to-date: /workspaces/2026-rover-code/src/install/telemetry_interface/local/lib/python3.10/dist-packages/telemetry_interface/msg/_telemetry.py
-- Up-to-date: /workspaces/2026-rover-code/src/install/telemetry_interface/local/lib/python3.10/dist-packages/telemetry_interface/msg/_controller_status.py
-- Up-to-date: /workspaces/2026-rover-code/src/install/telemetry_interface/local/lib/python3.10/dist-packages/telemetry_interface/msg/_control_message.py
-- Up-to-date: /workspaces/2026-rover-code/src/install/telemetry_interface/local/lib/python3.10/dist-packages/telemetry_interface/msg/_controller_status_s.c
-- Up-to-date: /workspaces/2026-rover-code/src/install/telemetry_interface/local/lib/python3.10/dist-packages/telemetry_interface/msg/_o_drive_status.py
Listing '/workspaces/2026-rover-code/src/install/telemetry_interface/local/lib/python3.10/dist-packages/telemetry_interface'...
Compiling '/workspaces/2026-rover-code/src/install/telemetry_interface/local/lib/python3.10/dist-packages/telemetry_interface/__init__.py'...
Listing '/workspaces/2026-rover-code/src/install/telemetry_interface/local/lib/python3.10/dist-packages/telemetry_interface/msg'...
-- Up-to-date: /workspaces/2026-rover-code/src/install/telemetry_interface/local/lib/python3.10/dist-packages/telemetry_interface/telemetry_interface_s__rosidl_typesupport_fastrtps_c.cpython-310-x86_64-linux-gnu.so
-- Up-to-date: /workspaces/2026-rover-code/src/install/telemetry_interface/local/lib/python3.10/dist-packages/telemetry_interface/telemetry_interface_s__rosidl_typesupport_introspection_c.cpython-310-x86_64-linux-gnu.so
-- Up-to-date: /workspaces/2026-rover-code/src/install/telemetry_interface/local/lib/python3.10/dist-packages/telemetry_interface/telemetry_interface_s__rosidl_typesupport_c.cpython-310-x86_64-linux-gnu.so
-- Up-to-date: /workspaces/2026-rover-code/src/install/telemetry_interface/lib/libtelemetry_interface__rosidl_generator_py.so
-- Up-to-date: /workspaces/2026-rover-code/src/install/telemetry_interface/share/ament_index/resource_index/rust_packages/telemetry_interface
-- Up-to-date: /workspaces/2026-rover-code/src/install/telemetry_interface/share/telemetry_interface/rust
-- Up-to-date: /workspaces/2026-rover-code/src/install/telemetry_interface/share/telemetry_interface/rust/Cargo.toml
-- Up-to-date: /workspaces/2026-rover-code/src/install/telemetry_interface/share/telemetry_interface/rust/src
-- Up-to-date: /workspaces/2026-rover-code/src/install/telemetry_interface/share/telemetry_interface/rust/src/lib.rs
-- Up-to-date: /workspaces/2026-rover-code/src/install/telemetry_interface/share/telemetry_interface/rust/src/msg
-- Up-to-date: /workspaces/2026-rover-code/src/install/telemetry_interface/share/telemetry_interface/rust/src/msg/rmw.rs
-- Up-to-date: /workspaces/2026-rover-code/src/install/telemetry_interface/share/telemetry_interface/rust/src/msg.rs
-- Up-to-date: /workspaces/2026-rover-code/src/install/telemetry_interface/share/telemetry_interface/rust/build.rs
-- Up-to-date: /workspaces/2026-rover-code/src/install/telemetry_interface/share/telemetry_interface/msg/TelemetryData.idl
-- Up-to-date: /workspaces/2026-rover-code/src/install/telemetry_interface/share/telemetry_interface/msg/TelemetryData.msg
-- Installing: /workspaces/2026-rover-code/src/install/telemetry_interface/share/ament_index/resource_index/package_run_dependencies/telemetry_interface
-- Installing: /workspaces/2026-rover-code/src/install/telemetry_interface/share/ament_index/resource_index/parent_prefix_path/telemetry_interface
-- Up-to-date: /workspaces/2026-rover-code/src/install/telemetry_interface/share/telemetry_interface/environment/ament_prefix_path.sh
-- Installing: /workspaces/2026-rover-code/src/install/telemetry_interface/share/telemetry_interface/environment/ament_prefix_path.dsv
-- Up-to-date: /workspaces/2026-rover-code/src/install/telemetry_interface/share/telemetry_interface/environment/path.sh
-- Installing: /workspaces/2026-rover-code/src/install/telemetry_interface/share/telemetry_interface/environment/path.dsv
-- Up-to-date: /workspaces/2026-rover-code/src/install/telemetry_interface/share/telemetry_interface/local_setup.bash
-- Up-to-date: /workspaces/2026-rover-code/src/install/telemetry_interface/share/telemetry_interface/local_setup.sh
-- Up-to-date: /workspaces/2026-rover-code/src/install/telemetry_interface/share/telemetry_interface/local_setup.zsh
-- Installing: /workspaces/2026-rover-code/src/install/telemetry_interface/share/telemetry_interface/local_setup.dsv
-- Installing: /workspaces/2026-rover-code/src/install/telemetry_interface/share/telemetry_interface/package.dsv
-- Up-to-date: /workspaces/2026-rover-code/src/install/telemetry_interface/share/ament_index/resource_index/packages/telemetry_interface
-- Up-to-date: /workspaces/2026-rover-code/src/install/telemetry_interface/share/telemetry_interface/cmake/export_telemetry_interface__rosidl_generator_cExport.cmake
-- Up-to-date: /workspaces/2026-rover-code/src/install/telemetry_interface/share/telemetry_interface/cmake/export_telemetry_interface__rosidl_generator_cExport-noconfig.cmake
-- Up-to-date: /workspaces/2026-rover-code/src/install/telemetry_interface/share/telemetry_interface/cmake/export_telemetry_interface__rosidl_typesupport_fastrtps_cExport.cmake
-- Up-to-date: /workspaces/2026-rover-code/src/install/telemetry_interface/share/telemetry_interface/cmake/export_telemetry_interface__rosidl_typesupport_fastrtps_cExport-noconfig.cmake
-- Up-to-date: /workspaces/2026-rover-code/src/install/telemetry_interface/share/telemetry_interface/cmake/export_telemetry_interface__rosidl_generator_cppExport.cmake
-- Up-to-date: /workspaces/2026-rover-code/src/install/telemetry_interface/share/telemetry_interface/cmake/export_telemetry_interface__rosidl_typesupport_fastrtps_cppExport.cmake
-- Up-to-date: /workspaces/2026-rover-code/src/install/telemetry_interface/share/telemetry_interface/cmake/export_telemetry_interface__rosidl_typesupport_fastrtps_cppExport-noconfig.cmake
-- Up-to-date: /workspaces/2026-rover-code/src/install/telemetry_interface/share/telemetry_interface/cmake/telemetry_interface__rosidl_typesupport_introspection_cExport.cmake
-- Up-to-date: /workspaces/2026-rover-code/src/install/telemetry_interface/share/telemetry_interface/cmake/telemetry_interface__rosidl_typesupport_introspection_cExport-noconfig.cmake
-- Up-to-date: /workspaces/2026-rover-code/src/install/telemetry_interface/share/telemetry_interface/cmake/telemetry_interface__rosidl_typesupport_cExport.cmake
-- Up-to-date: /workspaces/2026-rover-code/src/install/telemetry_interface/share/telemetry_interface/cmake/telemetry_interface__rosidl_typesupport_cExport-noconfig.cmake
-- Up-to-date: /workspaces/2026-rover-code/src/install/telemetry_interface/share/telemetry_interface/cmake/telemetry_interface__rosidl_typesupport_introspection_cppExport.cmake
-- Up-to-date: /workspaces/2026-rover-code/src/install/telemetry_interface/share/telemetry_interface/cmake/telemetry_interface__rosidl_typesupport_introspection_cppExport-noconfig.cmake
-- Up-to-date: /workspaces/2026-rover-code/src/install/telemetry_interface/share/telemetry_interface/cmake/telemetry_interface__rosidl_typesupport_cppExport.cmake
-- Up-to-date: /workspaces/2026-rover-code/src/install/telemetry_interface/share/telemetry_interface/cmake/telemetry_interface__rosidl_typesupport_cppExport-noconfig.cmake
-- Up-to-date: /workspaces/2026-rover-code/src/install/telemetry_interface/share/telemetry_interface/cmake/export_telemetry_interface__rosidl_generator_pyExport.cmake
-- Up-to-date: /workspaces/2026-rover-code/src/install/telemetry_interface/share/telemetry_interface/cmake/export_telemetry_interface__rosidl_generator_pyExport-noconfig.cmake
-- Up-to-date: /workspaces/2026-rover-code/src/install/telemetry_interface/share/telemetry_interface/cmake/rosidl_cmake-extras.cmake
-- Up-to-date: /workspaces/2026-rover-code/src/install/telemetry_interface/share/telemetry_interface/cmake/ament_cmake_export_include_directories-extras.cmake
-- Up-to-date: /workspaces/2026-rover-code/src/install/telemetry_interface/share/telemetry_interface/cmake/ament_cmake_export_libraries-extras.cmake
-- Installing: /workspaces/2026-rover-code/src/install/telemetry_interface/share/telemetry_interface/cmake/ament_cmake_export_targets-extras.cmake
-- Installing: /workspaces/2026-rover-code/src/install/telemetry_interface/share/telemetry_interface/cmake/rosidl_cmake_export_typesupport_targets-extras.cmake
-- Installing: /workspaces/2026-rover-code/src/install/telemetry_interface/share/telemetry_interface/cmake/ament_cmake_export_dependencies-extras.cmake
-- Up-to-date: /workspaces/2026-rover-code/src/install/telemetry_interface/share/telemetry_interface/cmake/rosidl_cmake_export_typesupport_libraries-extras.cmake
-- Up-to-date: /workspaces/2026-rover-code/src/install/telemetry_interface/share/telemetry_interface/cmake/rosidl_cmake_aggregate_target-extras.cmake
-- Up-to-date: /workspaces/2026-rover-code/src/install/telemetry_interface/share/telemetry_interface/cmake/telemetry_interfaceConfig.cmake
-- Up-to-date: /workspaces/2026-rover-code/src/install/telemetry_interface/share/telemetry_interface/cmake/telemetry_interfaceConfig-version.cmake
-- Installing: /workspaces/2026-rover-code/src/install/telemetry_interface/share/telemetry_interface/package.xml
