[1.240s] Invoking command in '/workspaces/2026-rover-code/src/image_processor': PYTHONPATH=/workspaces/2026-rover-code/src/image_processor/build/image_processor/prefix_override:/usr/lib/python3/dist-packages/colcon_core/task/python/colcon_distutils_commands:/workspaces/2026-rover-code/src/image_processor/install/image_processor/lib/python3.10/site-packages:${PYTHONPATH} /usr/bin/python3 -W ignore:setup.py install is deprecated -W ignore:easy_install command is deprecated setup.py egg_info --egg-base build/image_processor build --build-base /workspaces/2026-rover-code/src/image_processor/build/image_processor/build install --record /workspaces/2026-rover-code/src/image_processor/build/image_processor/install.log --install-scripts $base/lib/image_processor --single-version-externally-managed install_data
[1.589s] running egg_info
[1.590s] creating build/image_processor/image_processor.egg-info
[1.590s] writing build/image_processor/image_processor.egg-info/PKG-INFO
[1.592s] writing dependency_links to build/image_processor/image_processor.egg-info/dependency_links.txt
[1.594s] writing entry points to build/image_processor/image_processor.egg-info/entry_points.txt
[1.602s] writing requirements to build/image_processor/image_processor.egg-info/requires.txt
[1.603s] writing top-level names to build/image_processor/image_processor.egg-info/top_level.txt
[1.604s] writing manifest file 'build/image_processor/image_processor.egg-info/SOURCES.txt'
[1.610s] reading manifest file 'build/image_processor/image_processor.egg-info/SOURCES.txt'
[1.612s] writing manifest file 'build/image_processor/image_processor.egg-info/SOURCES.txt'
[1.613s] running build
[1.614s] running build_py
[1.614s] creating /workspaces/2026-rover-code/src/image_processor/build/image_processor/build
[1.615s] creating /workspaces/2026-rover-code/src/image_processor/build/image_processor/build/lib
[1.615s] creating /workspaces/2026-rover-code/src/image_processor/build/image_processor/build/lib/image_processor
[1.616s] copying image_processor/__init__.py -> /workspaces/2026-rover-code/src/image_processor/build/image_processor/build/lib/image_processor
[1.620s] copying image_processor/ImageProcess.py -> /workspaces/2026-rover-code/src/image_processor/build/image_processor/build/lib/image_processor
[1.622s] running install
[1.624s] running install_lib
[1.628s] creating /workspaces/2026-rover-code/src/image_processor/install/image_processor/lib/python3.10/site-packages/image_processor
[1.629s] copying /workspaces/2026-rover-code/src/image_processor/build/image_processor/build/lib/image_processor/__init__.py -> /workspaces/2026-rover-code/src/image_processor/install/image_processor/lib/python3.10/site-packages/image_processor
[1.630s] copying /workspaces/2026-rover-code/src/image_processor/build/image_processor/build/lib/image_processor/ImageProcess.py -> /workspaces/2026-rover-code/src/image_processor/install/image_processor/lib/python3.10/site-packages/image_processor
[1.633s] byte-compiling /workspaces/2026-rover-code/src/image_processor/install/image_processor/lib/python3.10/site-packages/image_processor/__init__.py to __init__.cpython-310.pyc
[1.638s] byte-compiling /workspaces/2026-rover-code/src/image_processor/install/image_processor/lib/python3.10/site-packages/image_processor/ImageProcess.py to ImageProcess.cpython-310.pyc
[1.649s] running install_data
[1.650s] creating /workspaces/2026-rover-code/src/image_processor/install/image_processor/share/ament_index
[1.650s] creating /workspaces/2026-rover-code/src/image_processor/install/image_processor/share/ament_index/resource_index
[1.651s] creating /workspaces/2026-rover-code/src/image_processor/install/image_processor/share/ament_index/resource_index/packages
[1.652s] copying resource/image_processor -> /workspaces/2026-rover-code/src/image_processor/install/image_processor/share/ament_index/resource_index/packages
[1.652s] copying package.xml -> /workspaces/2026-rover-code/src/image_processor/install/image_processor/share/image_processor
[1.653s] running install_egg_info
[1.657s] Copying build/image_processor/image_processor.egg-info to /workspaces/2026-rover-code/src/image_processor/install/image_processor/lib/python3.10/site-packages/image_processor-0.0.0-py3.10.egg-info
[1.670s] running install_scripts
[1.735s] Installing ImageProcess script to /workspaces/2026-rover-code/src/image_processor/install/image_processor/lib/image_processor
[1.737s] writing list of installed files to '/workspaces/2026-rover-code/src/image_processor/build/image_processor/install.log'
[1.762s] Invoked command in '/workspaces/2026-rover-code/src/image_processor' returned '0': PYTHONPATH=/workspaces/2026-rover-code/src/image_processor/build/image_processor/prefix_override:/usr/lib/python3/dist-packages/colcon_core/task/python/colcon_distutils_commands:/workspaces/2026-rover-code/src/image_processor/install/image_processor/lib/python3.10/site-packages:${PYTHONPATH} /usr/bin/python3 -W ignore:setup.py install is deprecated -W ignore:easy_install command is deprecated setup.py egg_info --egg-base build/image_processor build --build-base /workspaces/2026-rover-code/src/image_processor/build/image_processor/build install --record /workspaces/2026-rover-code/src/image_processor/build/image_processor/install.log --install-scripts $base/lib/image_processor --single-version-externally-managed install_data
