[1.026s] Invoking command in '/workspaces/2026-rover-code/src/telemetry_pkg': PYTHONPATH=/workspaces/2026-rover-code/src/build/telemetry_pkg/prefix_override:/usr/lib/python3/dist-packages/colcon_core/task/python/colcon_distutils_commands:/workspaces/2026-rover-code/src/install/telemetry_pkg/lib/python3.10/site-packages:${PYTHONPATH} /usr/bin/python3 -W ignore:setup.py install is deprecated -W ignore:easy_install command is deprecated setup.py egg_info --egg-base ../build/telemetry_pkg build --build-base /workspaces/2026-rover-code/src/build/telemetry_pkg/build install --record /workspaces/2026-rover-code/src/build/telemetry_pkg/install.log --install-scripts $base/lib/telemetry_pkg --single-version-externally-managed install_data
[1.355s] running egg_info
[1.357s] creating ../build/telemetry_pkg/telemetry_pkg.egg-info
[1.358s] writing ../build/telemetry_pkg/telemetry_pkg.egg-info/PKG-INFO
[1.360s] writing dependency_links to ../build/telemetry_pkg/telemetry_pkg.egg-info/dependency_links.txt
[1.361s] writing entry points to ../build/telemetry_pkg/telemetry_pkg.egg-info/entry_points.txt
[1.363s] writing requirements to ../build/telemetry_pkg/telemetry_pkg.egg-info/requires.txt
[1.364s] writing top-level names to ../build/telemetry_pkg/telemetry_pkg.egg-info/top_level.txt
[1.367s] writing manifest file '../build/telemetry_pkg/telemetry_pkg.egg-info/SOURCES.txt'
[1.376s] reading manifest file '../build/telemetry_pkg/telemetry_pkg.egg-info/SOURCES.txt'
[1.380s] writing manifest file '../build/telemetry_pkg/telemetry_pkg.egg-info/SOURCES.txt'
[1.381s] running build
[1.382s] running build_py
[1.384s] creating /workspaces/2026-rover-code/src/build/telemetry_pkg/build
[1.386s] creating /workspaces/2026-rover-code/src/build/telemetry_pkg/build/lib
[1.387s] creating /workspaces/2026-rover-code/src/build/telemetry_pkg/build/lib/telemetry_pkg
[1.388s] copying telemetry_pkg/__init__.py -> /workspaces/2026-rover-code/src/build/telemetry_pkg/build/lib/telemetry_pkg
[1.389s] copying telemetry_pkg/telemetry_node.py -> /workspaces/2026-rover-code/src/build/telemetry_pkg/build/lib/telemetry_pkg
[1.393s] running install
[1.394s] running install_lib
[1.404s] creating /workspaces/2026-rover-code/src/install/telemetry_pkg/lib/python3.10/site-packages/telemetry_pkg
[1.407s] copying /workspaces/2026-rover-code/src/build/telemetry_pkg/build/lib/telemetry_pkg/__init__.py -> /workspaces/2026-rover-code/src/install/telemetry_pkg/lib/python3.10/site-packages/telemetry_pkg
[1.411s] copying /workspaces/2026-rover-code/src/build/telemetry_pkg/build/lib/telemetry_pkg/telemetry_node.py -> /workspaces/2026-rover-code/src/install/telemetry_pkg/lib/python3.10/site-packages/telemetry_pkg
[1.416s] byte-compiling /workspaces/2026-rover-code/src/install/telemetry_pkg/lib/python3.10/site-packages/telemetry_pkg/__init__.py to __init__.cpython-310.pyc
[1.420s] byte-compiling /workspaces/2026-rover-code/src/install/telemetry_pkg/lib/python3.10/site-packages/telemetry_pkg/telemetry_node.py to telemetry_node.cpython-310.pyc
[1.427s] running install_data
[1.429s] creating /workspaces/2026-rover-code/src/install/telemetry_pkg/share/ament_index
[1.430s] creating /workspaces/2026-rover-code/src/install/telemetry_pkg/share/ament_index/resource_index
[1.431s] creating /workspaces/2026-rover-code/src/install/telemetry_pkg/share/ament_index/resource_index/packages
[1.432s] copying resource/telemetry_pkg -> /workspaces/2026-rover-code/src/install/telemetry_pkg/share/ament_index/resource_index/packages
[1.434s] copying package.xml -> /workspaces/2026-rover-code/src/install/telemetry_pkg/share/telemetry_pkg
[1.436s] running install_egg_info
[1.440s] Copying ../build/telemetry_pkg/telemetry_pkg.egg-info to /workspaces/2026-rover-code/src/install/telemetry_pkg/lib/python3.10/site-packages/telemetry_pkg-0.0.0-py3.10.egg-info
[1.459s] running install_scripts
[1.489s] writing list of installed files to '/workspaces/2026-rover-code/src/build/telemetry_pkg/install.log'
[1.532s] Invoked command in '/workspaces/2026-rover-code/src/telemetry_pkg' returned '0': PYTHONPATH=/workspaces/2026-rover-code/src/build/telemetry_pkg/prefix_override:/usr/lib/python3/dist-packages/colcon_core/task/python/colcon_distutils_commands:/workspaces/2026-rover-code/src/install/telemetry_pkg/lib/python3.10/site-packages:${PYTHONPATH} /usr/bin/python3 -W ignore:setup.py install is deprecated -W ignore:easy_install command is deprecated setup.py egg_info --egg-base ../build/telemetry_pkg build --build-base /workspaces/2026-rover-code/src/build/telemetry_pkg/build install --record /workspaces/2026-rover-code/src/build/telemetry_pkg/install.log --install-scripts $base/lib/telemetry_pkg --single-version-externally-managed install_data
