[0.565s] Invoking command in '/workspaces/2026-rover-code/src/build/telemetry_interface': CMAKE_PREFIX_PATH=${CMAKE_PREFIX_PATH}:/workspaces/2026-rover-code/src/install/telemetry_pkg:/workspaces/2026-rover-code/src/install/GIM_pkg:/workspaces/2026-rover-code/install/telemetry_pkg:/opt/ros/humble /usr/bin/cmake --build /workspaces/2026-rover-code/src/build/telemetry_interface -- -j16 -l16
[0.847s] [  3%] Built target telemetry_interface__cpp
[0.891s] [  6%] Built target telemetry_interface__rs
[0.928s] [ 15%] Built target telemetry_interface__rosidl_generator_c
[1.053s] [ 15%] Built target ament_cmake_python_copy_telemetry_interface
[1.126s] [ 25%] Built target telemetry_interface__rosidl_typesupport_cpp
[1.133s] [ 43%] Built target telemetry_interface__rosidl_typesupport_introspection_cpp
[1.135s] [ 43%] Built target telemetry_interface__rosidl_typesupport_fastrtps_cpp
[1.195s] [ 59%] Built target telemetry_interface__rosidl_typesupport_introspection_c
[1.196s] [ 62%] Built target telemetry_interface__rosidl_typesupport_c
[1.221s] [ 71%] Built target telemetry_interface__rosidl_typesupport_fastrtps_c
[1.348s] [ 71%] Built target telemetry_interface
[1.484s] [ 75%] Built target telemetry_interface__py
[1.651s] [ 81%] Built target telemetry_interface__rosidl_generator_py
[1.748s] running egg_info
[1.749s] writing telemetry_interface.egg-info/PKG-INFO
[1.753s] writing dependency_links to telemetry_interface.egg-info/dependency_links.txt
[1.757s] writing top-level names to telemetry_interface.egg-info/top_level.txt
[1.771s] reading manifest file 'telemetry_interface.egg-info/SOURCES.txt'
[1.776s] writing manifest file 'telemetry_interface.egg-info/SOURCES.txt'
[1.824s] [ 93%] Built target telemetry_interface__rosidl_typesupport_c__pyext
[1.826s] [ 96%] Built target telemetry_interface__rosidl_typesupport_introspection_c__pyext
[1.830s] [100%] Built target telemetry_interface__rosidl_typesupport_fastrtps_c__pyext
[1.895s] [100%] Built target ament_cmake_python_build_telemetry_interface_egg
[1.944s] Invoked command in '/workspaces/2026-rover-code/src/build/telemetry_interface' returned '0': CMAKE_PREFIX_PATH=${CMAKE_PREFIX_PATH}:/workspaces/2026-rover-code/src/install/telemetry_pkg:/workspaces/2026-rover-code/src/install/GIM_pkg:/workspaces/2026-rover-code/install/telemetry_pkg:/opt/ros/humble /usr/bin/cmake --build /workspaces/2026-rover-code/src/build/telemetry_interface -- -j16 -l16
[1.981s] Invoking command in '/workspaces/2026-rover-code/src/build/telemetry_interface': CMAKE_PREFIX_PATH=${CMAKE_PREFIX_PATH}:/workspaces/2026-rover-code/src/install/telemetry_pkg:/workspaces/2026-rover-code/src/install/GIM_pkg:/workspaces/2026-rover-code/install/telemetry_pkg:/opt/ros/humble /usr/bin/cmake --install /workspaces/2026-rover-code/src/build/telemetry_interface
[2.011s] -- Install configuration: ""
[2.013s] -- Up-to-date: /workspaces/2026-rover-code/src/install/telemetry_interface/share/ament_index/resource_index/rosidl_interfaces/telemetry_interface
[2.014s] -- Up-to-date: /workspaces/2026-rover-code/src/install/telemetry_interface/include/telemetry_interface/telemetry_interface
[2.015s] -- Up-to-date: /workspaces/2026-rover-code/src/install/telemetry_interface/include/telemetry_interface/telemetry_interface/msg
[2.016s] -- Up-to-date: /workspaces/2026-rover-code/src/install/telemetry_interface/include/telemetry_interface/telemetry_interface/msg/rosidl_generator_c__visibility_control.h
[2.017s] -- Up-to-date: /workspaces/2026-rover-code/src/install/telemetry_interface/include/telemetry_interface/telemetry_interface/msg/telemetry.h
[2.019s] -- Up-to-date: /workspaces/2026-rover-code/src/install/telemetry_interface/include/telemetry_interface/telemetry_interface/msg/telemetry_data.h
[2.022s] -- Up-to-date: /workspaces/2026-rover-code/src/install/telemetry_interface/include/telemetry_interface/telemetry_interface/msg/control_message.h
[2.024s] -- Up-to-date: /workspaces/2026-rover-code/src/install/telemetry_interface/include/telemetry_interface/telemetry_interface/msg/detail
[2.031s] -- Up-to-date: /workspaces/2026-rover-code/src/install/telemetry_interface/include/telemetry_interface/telemetry_interface/msg/detail/telemetry__type_support.h
[2.032s] -- Up-to-date: /workspaces/2026-rover-code/src/install/telemetry_interface/include/telemetry_interface/telemetry_interface/msg/detail/controller_status__struct.h
[2.033s] -- Up-to-date: /workspaces/2026-rover-code/src/install/telemetry_interface/include/telemetry_interface/telemetry_interface/msg/detail/control_message__type_support.h
[2.034s] -- Up-to-date: /workspaces/2026-rover-code/src/install/telemetry_interface/include/telemetry_interface/telemetry_interface/msg/detail/telemetry__struct.h
[2.035s] -- Up-to-date: /workspaces/2026-rover-code/src/install/telemetry_interface/include/telemetry_interface/telemetry_interface/msg/detail/o_drive_status__functions.c
[2.035s] -- Up-to-date: /workspaces/2026-rover-code/src/install/telemetry_interface/include/telemetry_interface/telemetry_interface/msg/detail/controller_status__functions.h
[2.036s] -- Up-to-date: /workspaces/2026-rover-code/src/install/telemetry_interface/include/telemetry_interface/telemetry_interface/msg/detail/o_drive_status__type_support.h
[2.037s] -- Up-to-date: /workspaces/2026-rover-code/src/install/telemetry_interface/include/telemetry_interface/telemetry_interface/msg/detail/telemetry_data__functions.h
[2.038s] -- Up-to-date: /workspaces/2026-rover-code/src/install/telemetry_interface/include/telemetry_interface/telemetry_interface/msg/detail/telemetry_data__functions.c
[2.039s] -- Up-to-date: /workspaces/2026-rover-code/src/install/telemetry_interface/include/telemetry_interface/telemetry_interface/msg/detail/controller_status__functions.c
[2.040s] -- Up-to-date: /workspaces/2026-rover-code/src/install/telemetry_interface/include/telemetry_interface/telemetry_interface/msg/detail/control_message__struct.h
[2.041s] -- Up-to-date: /workspaces/2026-rover-code/src/install/telemetry_interface/include/telemetry_interface/telemetry_interface/msg/detail/control_message__functions.c
[2.042s] -- Up-to-date: /workspaces/2026-rover-code/src/install/telemetry_interface/include/telemetry_interface/telemetry_interface/msg/detail/telemetry__functions.c
[2.043s] -- Up-to-date: /workspaces/2026-rover-code/src/install/telemetry_interface/include/telemetry_interface/telemetry_interface/msg/detail/telemetry_data__struct.h
[2.044s] -- Up-to-date: /workspaces/2026-rover-code/src/install/telemetry_interface/include/telemetry_interface/telemetry_interface/msg/detail/o_drive_status__struct.h
[2.045s] -- Up-to-date: /workspaces/2026-rover-code/src/install/telemetry_interface/include/telemetry_interface/telemetry_interface/msg/detail/controller_status__type_support.h
[2.046s] -- Up-to-date: /workspaces/2026-rover-code/src/install/telemetry_interface/include/telemetry_interface/telemetry_interface/msg/detail/telemetry__functions.h
[2.048s] -- Up-to-date: /workspaces/2026-rover-code/src/install/telemetry_interface/include/telemetry_interface/telemetry_interface/msg/detail/control_message__functions.h
[2.048s] -- Up-to-date: /workspaces/2026-rover-code/src/install/telemetry_interface/include/telemetry_interface/telemetry_interface/msg/detail/telemetry_data__type_support.h
[2.049s] -- Up-to-date: /workspaces/2026-rover-code/src/install/telemetry_interface/include/telemetry_interface/telemetry_interface/msg/detail/o_drive_status__functions.h
[2.050s] -- Up-to-date: /workspaces/2026-rover-code/src/install/telemetry_interface/include/telemetry_interface/telemetry_interface/msg/controller_status.h
[2.051s] -- Up-to-date: /workspaces/2026-rover-code/src/install/telemetry_interface/include/telemetry_interface/telemetry_interface/msg/o_drive_status.h
[2.052s] -- Up-to-date: /workspaces/2026-rover-code/src/install/telemetry_interface/share/telemetry_interface/environment/library_path.sh
[2.053s] -- Up-to-date: /workspaces/2026-rover-code/src/install/telemetry_interface/share/telemetry_interface/environment/library_path.dsv
[2.054s] -- Up-to-date: /workspaces/2026-rover-code/src/install/telemetry_interface/lib/libtelemetry_interface__rosidl_generator_c.so
[2.055s] -- Up-to-date: /workspaces/2026-rover-code/src/install/telemetry_interface/include/telemetry_interface/telemetry_interface
[2.057s] -- Up-to-date: /workspaces/2026-rover-code/src/install/telemetry_interface/include/telemetry_interface/telemetry_interface/msg
[2.058s] -- Up-to-date: /workspaces/2026-rover-code/src/install/telemetry_interface/include/telemetry_interface/telemetry_interface/msg/detail
[2.060s] -- Up-to-date: /workspaces/2026-rover-code/src/install/telemetry_interface/include/telemetry_interface/telemetry_interface/msg/detail/control_message__rosidl_typesupport_fastrtps_c.h
[2.061s] -- Up-to-date: /workspaces/2026-rover-code/src/install/telemetry_interface/include/telemetry_interface/telemetry_interface/msg/detail/telemetry_data__rosidl_typesupport_fastrtps_c.h
[2.062s] -- Up-to-date: /workspaces/2026-rover-code/src/install/telemetry_interface/include/telemetry_interface/telemetry_interface/msg/detail/controller_status__rosidl_typesupport_fastrtps_c.h
[2.063s] -- Up-to-date: /workspaces/2026-rover-code/src/install/telemetry_interface/include/telemetry_interface/telemetry_interface/msg/detail/o_drive_status__rosidl_typesupport_fastrtps_c.h
[2.064s] -- Up-to-date: /workspaces/2026-rover-code/src/install/telemetry_interface/include/telemetry_interface/telemetry_interface/msg/detail/telemetry__rosidl_typesupport_fastrtps_c.h
[2.065s] -- Up-to-date: /workspaces/2026-rover-code/src/install/telemetry_interface/include/telemetry_interface/telemetry_interface/msg/rosidl_typesupport_fastrtps_c__visibility_control.h
[2.066s] -- Up-to-date: /workspaces/2026-rover-code/src/install/telemetry_interface/lib/libtelemetry_interface__rosidl_typesupport_fastrtps_c.so
[2.068s] -- Up-to-date: /workspaces/2026-rover-code/src/install/telemetry_interface/include/telemetry_interface/telemetry_interface
[2.069s] -- Up-to-date: /workspaces/2026-rover-code/src/install/telemetry_interface/include/telemetry_interface/telemetry_interface/msg
[2.070s] -- Up-to-date: /workspaces/2026-rover-code/src/install/telemetry_interface/include/telemetry_interface/telemetry_interface/msg/control_message.hpp
[2.073s] -- Up-to-date: /workspaces/2026-rover-code/src/install/telemetry_interface/include/telemetry_interface/telemetry_interface/msg/rosidl_generator_cpp__visibility_control.hpp
[2.074s] -- Up-to-date: /workspaces/2026-rover-code/src/install/telemetry_interface/include/telemetry_interface/telemetry_interface/msg/telemetry.hpp
[2.074s] -- Up-to-date: /workspaces/2026-rover-code/src/install/telemetry_interface/include/telemetry_interface/telemetry_interface/msg/controller_status.hpp
[2.076s] -- Up-to-date: /workspaces/2026-rover-code/src/install/telemetry_interface/include/telemetry_interface/telemetry_interface/msg/o_drive_status.hpp
[2.077s] -- Up-to-date: /workspaces/2026-rover-code/src/install/telemetry_interface/include/telemetry_interface/telemetry_interface/msg/telemetry_data.hpp
[2.079s] -- Up-to-date: /workspaces/2026-rover-code/src/install/telemetry_interface/include/telemetry_interface/telemetry_interface/msg/detail
[2.079s] -- Up-to-date: /workspaces/2026-rover-code/src/install/telemetry_interface/include/telemetry_interface/telemetry_interface/msg/detail/o_drive_status__type_support.hpp
[2.081s] -- Up-to-date: /workspaces/2026-rover-code/src/install/telemetry_interface/include/telemetry_interface/telemetry_interface/msg/detail/telemetry_data__builder.hpp
[2.082s] -- Up-to-date: /workspaces/2026-rover-code/src/install/telemetry_interface/include/telemetry_interface/telemetry_interface/msg/detail/telemetry_data__struct.hpp
[2.084s] -- Up-to-date: /workspaces/2026-rover-code/src/install/telemetry_interface/include/telemetry_interface/telemetry_interface/msg/detail/controller_status__type_support.hpp
[2.086s] -- Up-to-date: /workspaces/2026-rover-code/src/install/telemetry_interface/include/telemetry_interface/telemetry_interface/msg/detail/controller_status__builder.hpp
[2.087s] -- Up-to-date: /workspaces/2026-rover-code/src/install/telemetry_interface/include/telemetry_interface/telemetry_interface/msg/detail/telemetry_data__type_support.hpp
[2.088s] -- Up-to-date: /workspaces/2026-rover-code/src/install/telemetry_interface/include/telemetry_interface/telemetry_interface/msg/detail/telemetry__traits.hpp
[2.090s] -- Up-to-date: /workspaces/2026-rover-code/src/install/telemetry_interface/include/telemetry_interface/telemetry_interface/msg/detail/telemetry__type_support.hpp
[2.091s] -- Up-to-date: /workspaces/2026-rover-code/src/install/telemetry_interface/include/telemetry_interface/telemetry_interface/msg/detail/o_drive_status__builder.hpp
[2.092s] -- Up-to-date: /workspaces/2026-rover-code/src/install/telemetry_interface/include/telemetry_interface/telemetry_interface/msg/detail/control_message__traits.hpp
[2.093s] -- Up-to-date: /workspaces/2026-rover-code/src/install/telemetry_interface/include/telemetry_interface/telemetry_interface/msg/detail/control_message__type_support.hpp
[2.095s] -- Up-to-date: /workspaces/2026-rover-code/src/install/telemetry_interface/include/telemetry_interface/telemetry_interface/msg/detail/o_drive_status__struct.hpp
[2.098s] -- Up-to-date: /workspaces/2026-rover-code/src/install/telemetry_interface/include/telemetry_interface/telemetry_interface/msg/detail/controller_status__struct.hpp
[2.099s] -- Up-to-date: /workspaces/2026-rover-code/src/install/telemetry_interface/include/telemetry_interface/telemetry_interface/msg/detail/telemetry_data__traits.hpp
[2.101s] -- Up-to-date: /workspaces/2026-rover-code/src/install/telemetry_interface/include/telemetry_interface/telemetry_interface/msg/detail/o_drive_status__traits.hpp
[2.102s] -- Up-to-date: /workspaces/2026-rover-code/src/install/telemetry_interface/include/telemetry_interface/telemetry_interface/msg/detail/control_message__struct.hpp
[2.103s] -- Up-to-date: /workspaces/2026-rover-code/src/install/telemetry_interface/include/telemetry_interface/telemetry_interface/msg/detail/telemetry__builder.hpp
[2.105s] -- Up-to-date: /workspaces/2026-rover-code/src/install/telemetry_interface/include/telemetry_interface/telemetry_interface/msg/detail/telemetry__struct.hpp
[2.107s] -- Up-to-date: /workspaces/2026-rover-code/src/install/telemetry_interface/include/telemetry_interface/telemetry_interface/msg/detail/controller_status__traits.hpp
[2.110s] -- Up-to-date: /workspaces/2026-rover-code/src/install/telemetry_interface/include/telemetry_interface/telemetry_interface/msg/detail/control_message__builder.hpp
[2.112s] -- Up-to-date: /workspaces/2026-rover-code/src/install/telemetry_interface/include/telemetry_interface/telemetry_interface
[2.113s] -- Up-to-date: /workspaces/2026-rover-code/src/install/telemetry_interface/include/telemetry_interface/telemetry_interface/msg
[2.114s] -- Up-to-date: /workspaces/2026-rover-code/src/install/telemetry_interface/include/telemetry_interface/telemetry_interface/msg/rosidl_typesupport_fastrtps_cpp__visibility_control.h
[2.116s] -- Up-to-date: /workspaces/2026-rover-code/src/install/telemetry_interface/include/telemetry_interface/telemetry_interface/msg/detail
[2.117s] -- Up-to-date: /workspaces/2026-rover-code/src/install/telemetry_interface/include/telemetry_interface/telemetry_interface/msg/detail/telemetry__rosidl_typesupport_fastrtps_cpp.hpp
[2.118s] -- Up-to-date: /workspaces/2026-rover-code/src/install/telemetry_interface/include/telemetry_interface/telemetry_interface/msg/detail/controller_status__rosidl_typesupport_fastrtps_cpp.hpp
[2.119s] -- Up-to-date: /workspaces/2026-rover-code/src/install/telemetry_interface/include/telemetry_interface/telemetry_interface/msg/detail/telemetry_data__rosidl_typesupport_fastrtps_cpp.hpp
[2.122s] -- Up-to-date: /workspaces/2026-rover-code/src/install/telemetry_interface/include/telemetry_interface/telemetry_interface/msg/detail/control_message__rosidl_typesupport_fastrtps_cpp.hpp
[2.123s] -- Up-to-date: /workspaces/2026-rover-code/src/install/telemetry_interface/include/telemetry_interface/telemetry_interface/msg/detail/dds_fastrtps
[2.124s] -- Up-to-date: /workspaces/2026-rover-code/src/install/telemetry_interface/include/telemetry_interface/telemetry_interface/msg/detail/o_drive_status__rosidl_typesupport_fastrtps_cpp.hpp
[2.128s] -- Up-to-date: /workspaces/2026-rover-code/src/install/telemetry_interface/lib/libtelemetry_interface__rosidl_typesupport_fastrtps_cpp.so
[2.131s] -- Up-to-date: /workspaces/2026-rover-code/src/install/telemetry_interface/include/telemetry_interface/telemetry_interface
[2.133s] -- Up-to-date: /workspaces/2026-rover-code/src/install/telemetry_interface/include/telemetry_interface/telemetry_interface/msg
[2.134s] -- Up-to-date: /workspaces/2026-rover-code/src/install/telemetry_interface/include/telemetry_interface/telemetry_interface/msg/rosidl_typesupport_introspection_c__visibility_control.h
[2.135s] -- Up-to-date: /workspaces/2026-rover-code/src/install/telemetry_interface/include/telemetry_interface/telemetry_interface/msg/detail
[2.136s] -- Up-to-date: /workspaces/2026-rover-code/src/install/telemetry_interface/include/telemetry_interface/telemetry_interface/msg/detail/o_drive_status__type_support.c
[2.137s] -- Up-to-date: /workspaces/2026-rover-code/src/install/telemetry_interface/include/telemetry_interface/telemetry_interface/msg/detail/telemetry__type_support.c
[2.139s] -- Up-to-date: /workspaces/2026-rover-code/src/install/telemetry_interface/include/telemetry_interface/telemetry_interface/msg/detail/telemetry_data__rosidl_typesupport_introspection_c.h
[2.140s] -- Up-to-date: /workspaces/2026-rover-code/src/install/telemetry_interface/include/telemetry_interface/telemetry_interface/msg/detail/control_message__rosidl_typesupport_introspection_c.h
[2.141s] -- Up-to-date: /workspaces/2026-rover-code/src/install/telemetry_interface/include/telemetry_interface/telemetry_interface/msg/detail/telemetry_data__type_support.c
[2.142s] -- Up-to-date: /workspaces/2026-rover-code/src/install/telemetry_interface/include/telemetry_interface/telemetry_interface/msg/detail/controller_status__rosidl_typesupport_introspection_c.h
[2.143s] -- Up-to-date: /workspaces/2026-rover-code/src/install/telemetry_interface/include/telemetry_interface/telemetry_interface/msg/detail/controller_status__type_support.c
[2.144s] -- Up-to-date: /workspaces/2026-rover-code/src/install/telemetry_interface/include/telemetry_interface/telemetry_interface/msg/detail/control_message__type_support.c
[2.145s] -- Up-to-date: /workspaces/2026-rover-code/src/install/telemetry_interface/include/telemetry_interface/telemetry_interface/msg/detail/telemetry__rosidl_typesupport_introspection_c.h
[2.146s] -- Up-to-date: /workspaces/2026-rover-code/src/install/telemetry_interface/include/telemetry_interface/telemetry_interface/msg/detail/o_drive_status__rosidl_typesupport_introspection_c.h
[2.147s] -- Up-to-date: /workspaces/2026-rover-code/src/install/telemetry_interface/lib/libtelemetry_interface__rosidl_typesupport_introspection_c.so
[2.154s] -- Up-to-date: /workspaces/2026-rover-code/src/install/telemetry_interface/lib/libtelemetry_interface__rosidl_typesupport_c.so
[2.155s] -- Up-to-date: /workspaces/2026-rover-code/src/install/telemetry_interface/include/telemetry_interface/telemetry_interface
[2.158s] -- Up-to-date: /workspaces/2026-rover-code/src/install/telemetry_interface/include/telemetry_interface/telemetry_interface/msg
[2.159s] -- Up-to-date: /workspaces/2026-rover-code/src/install/telemetry_interface/include/telemetry_interface/telemetry_interface/msg/detail
[2.160s] -- Up-to-date: /workspaces/2026-rover-code/src/install/telemetry_interface/include/telemetry_interface/telemetry_interface/msg/detail/telemetry__type_support.cpp
[2.161s] -- Up-to-date: /workspaces/2026-rover-code/src/install/telemetry_interface/include/telemetry_interface/telemetry_interface/msg/detail/control_message__rosidl_typesupport_introspection_cpp.hpp
[2.162s] -- Up-to-date: /workspaces/2026-rover-code/src/install/telemetry_interface/include/telemetry_interface/telemetry_interface/msg/detail/telemetry_data__rosidl_typesupport_introspection_cpp.hpp
[2.163s] -- Up-to-date: /workspaces/2026-rover-code/src/install/telemetry_interface/include/telemetry_interface/telemetry_interface/msg/detail/o_drive_status__type_support.cpp
[2.164s] -- Up-to-date: /workspaces/2026-rover-code/src/install/telemetry_interface/include/telemetry_interface/telemetry_interface/msg/detail/o_drive_status__rosidl_typesupport_introspection_cpp.hpp
[2.165s] -- Up-to-date: /workspaces/2026-rover-code/src/install/telemetry_interface/include/telemetry_interface/telemetry_interface/msg/detail/controller_status__type_support.cpp
[2.167s] -- Up-to-date: /workspaces/2026-rover-code/src/install/telemetry_interface/include/telemetry_interface/telemetry_interface/msg/detail/control_message__type_support.cpp
[2.169s] -- Up-to-date: /workspaces/2026-rover-code/src/install/telemetry_interface/include/telemetry_interface/telemetry_interface/msg/detail/telemetry__rosidl_typesupport_introspection_cpp.hpp
[2.170s] -- Up-to-date: /workspaces/2026-rover-code/src/install/telemetry_interface/include/telemetry_interface/telemetry_interface/msg/detail/telemetry_data__type_support.cpp
[2.171s] -- Up-to-date: /workspaces/2026-rover-code/src/install/telemetry_interface/include/telemetry_interface/telemetry_interface/msg/detail/controller_status__rosidl_typesupport_introspection_cpp.hpp
[2.172s] -- Up-to-date: /workspaces/2026-rover-code/src/install/telemetry_interface/lib/libtelemetry_interface__rosidl_typesupport_introspection_cpp.so
[2.173s] -- Up-to-date: /workspaces/2026-rover-code/src/install/telemetry_interface/lib/libtelemetry_interface__rosidl_typesupport_cpp.so
[2.176s] -- Up-to-date: /workspaces/2026-rover-code/src/install/telemetry_interface/share/telemetry_interface/environment/pythonpath.sh
[2.177s] -- Up-to-date: /workspaces/2026-rover-code/src/install/telemetry_interface/share/telemetry_interface/environment/pythonpath.dsv
[2.178s] -- Up-to-date: /workspaces/2026-rover-code/src/install/telemetry_interface/local/lib/python3.10/dist-packages/telemetry_interface-0.0.0-py3.10.egg-info
[2.179s] -- Installing: /workspaces/2026-rover-code/src/install/telemetry_interface/local/lib/python3.10/dist-packages/telemetry_interface-0.0.0-py3.10.egg-info/top_level.txt
[2.180s] -- Installing: /workspaces/2026-rover-code/src/install/telemetry_interface/local/lib/python3.10/dist-packages/telemetry_interface-0.0.0-py3.10.egg-info/PKG-INFO
[2.181s] -- Installing: /workspaces/2026-rover-code/src/install/telemetry_interface/local/lib/python3.10/dist-packages/telemetry_interface-0.0.0-py3.10.egg-info/dependency_links.txt
[2.183s] -- Installing: /workspaces/2026-rover-code/src/install/telemetry_interface/local/lib/python3.10/dist-packages/telemetry_interface-0.0.0-py3.10.egg-info/SOURCES.txt
[2.186s] -- Up-to-date: /workspaces/2026-rover-code/src/install/telemetry_interface/local/lib/python3.10/dist-packages/telemetry_interface
[2.189s] -- Up-to-date: /workspaces/2026-rover-code/src/install/telemetry_interface/local/lib/python3.10/dist-packages/telemetry_interface/_telemetry_interface_s.ep.rosidl_typesupport_fastrtps_c.c
[2.190s] -- Up-to-date: /workspaces/2026-rover-code/src/install/telemetry_interface/local/lib/python3.10/dist-packages/telemetry_interface/telemetry_interface_s__rosidl_typesupport_introspection_c.cpython-310-x86_64-linux-gnu.so
[2.191s] -- Up-to-date: /workspaces/2026-rover-code/src/install/telemetry_interface/local/lib/python3.10/dist-packages/telemetry_interface/telemetry_interface_s__rosidl_typesupport_c.cpython-310-x86_64-linux-gnu.so
[2.192s] -- Up-to-date: /workspaces/2026-rover-code/src/install/telemetry_interface/local/lib/python3.10/dist-packages/telemetry_interface/_telemetry_interface_s.ep.rosidl_typesupport_introspection_c.c
[2.194s] -- Up-to-date: /workspaces/2026-rover-code/src/install/telemetry_interface/local/lib/python3.10/dist-packages/telemetry_interface/__init__.py
[2.195s] -- Up-to-date: /workspaces/2026-rover-code/src/install/telemetry_interface/local/lib/python3.10/dist-packages/telemetry_interface/_telemetry_interface_s.ep.rosidl_typesupport_c.c
[2.197s] -- Up-to-date: /workspaces/2026-rover-code/src/install/telemetry_interface/local/lib/python3.10/dist-packages/telemetry_interface/libtelemetry_interface__rosidl_generator_py.so
[2.198s] -- Up-to-date: /workspaces/2026-rover-code/src/install/telemetry_interface/local/lib/python3.10/dist-packages/telemetry_interface/telemetry_interface_s__rosidl_typesupport_fastrtps_c.cpython-310-x86_64-linux-gnu.so
[2.200s] -- Up-to-date: /workspaces/2026-rover-code/src/install/telemetry_interface/local/lib/python3.10/dist-packages/telemetry_interface/msg
[2.202s] -- Up-to-date: /workspaces/2026-rover-code/src/install/telemetry_interface/local/lib/python3.10/dist-packages/telemetry_interface/msg/_telemetry_data_s.c
[2.203s] -- Up-to-date: /workspaces/2026-rover-code/src/install/telemetry_interface/local/lib/python3.10/dist-packages/telemetry_interface/msg/_o_drive_status_s.c
[2.205s] -- Up-to-date: /workspaces/2026-rover-code/src/install/telemetry_interface/local/lib/python3.10/dist-packages/telemetry_interface/msg/_control_message_s.c
[2.206s] -- Up-to-date: /workspaces/2026-rover-code/src/install/telemetry_interface/local/lib/python3.10/dist-packages/telemetry_interface/msg/_telemetry_s.c
[2.208s] -- Up-to-date: /workspaces/2026-rover-code/src/install/telemetry_interface/local/lib/python3.10/dist-packages/telemetry_interface/msg/__init__.py
[2.210s] -- Up-to-date: /workspaces/2026-rover-code/src/install/telemetry_interface/local/lib/python3.10/dist-packages/telemetry_interface/msg/_telemetry_data.py
[2.212s] -- Up-to-date: /workspaces/2026-rover-code/src/install/telemetry_interface/local/lib/python3.10/dist-packages/telemetry_interface/msg/_telemetry.py
[2.214s] -- Up-to-date: /workspaces/2026-rover-code/src/install/telemetry_interface/local/lib/python3.10/dist-packages/telemetry_interface/msg/_controller_status.py
[2.216s] -- Up-to-date: /workspaces/2026-rover-code/src/install/telemetry_interface/local/lib/python3.10/dist-packages/telemetry_interface/msg/_control_message.py
[2.217s] -- Up-to-date: /workspaces/2026-rover-code/src/install/telemetry_interface/local/lib/python3.10/dist-packages/telemetry_interface/msg/_controller_status_s.c
[2.218s] -- Up-to-date: /workspaces/2026-rover-code/src/install/telemetry_interface/local/lib/python3.10/dist-packages/telemetry_interface/msg/_o_drive_status.py
[2.287s] Listing '/workspaces/2026-rover-code/src/install/telemetry_interface/local/lib/python3.10/dist-packages/telemetry_interface'...
[2.288s] Listing '/workspaces/2026-rover-code/src/install/telemetry_interface/local/lib/python3.10/dist-packages/telemetry_interface/msg'...
[2.306s] -- Up-to-date: /workspaces/2026-rover-code/src/install/telemetry_interface/local/lib/python3.10/dist-packages/telemetry_interface/telemetry_interface_s__rosidl_typesupport_fastrtps_c.cpython-310-x86_64-linux-gnu.so
[2.310s] -- Up-to-date: /workspaces/2026-rover-code/src/install/telemetry_interface/local/lib/python3.10/dist-packages/telemetry_interface/telemetry_interface_s__rosidl_typesupport_introspection_c.cpython-310-x86_64-linux-gnu.so
[2.315s] -- Up-to-date: /workspaces/2026-rover-code/src/install/telemetry_interface/local/lib/python3.10/dist-packages/telemetry_interface/telemetry_interface_s__rosidl_typesupport_c.cpython-310-x86_64-linux-gnu.so
[2.320s] -- Up-to-date: /workspaces/2026-rover-code/src/install/telemetry_interface/lib/libtelemetry_interface__rosidl_generator_py.so
[2.323s] -- Up-to-date: /workspaces/2026-rover-code/src/install/telemetry_interface/share/ament_index/resource_index/rust_packages/telemetry_interface
[2.324s] -- Up-to-date: /workspaces/2026-rover-code/src/install/telemetry_interface/share/telemetry_interface/rust
[2.326s] -- Up-to-date: /workspaces/2026-rover-code/src/install/telemetry_interface/share/telemetry_interface/rust/Cargo.toml
[2.327s] -- Up-to-date: /workspaces/2026-rover-code/src/install/telemetry_interface/share/telemetry_interface/rust/src
[2.328s] -- Up-to-date: /workspaces/2026-rover-code/src/install/telemetry_interface/share/telemetry_interface/rust/src/lib.rs
[2.329s] -- Up-to-date: /workspaces/2026-rover-code/src/install/telemetry_interface/share/telemetry_interface/rust/src/msg
[2.330s] -- Up-to-date: /workspaces/2026-rover-code/src/install/telemetry_interface/share/telemetry_interface/rust/src/msg/rmw.rs
[2.331s] -- Up-to-date: /workspaces/2026-rover-code/src/install/telemetry_interface/share/telemetry_interface/rust/src/msg.rs
[2.337s] -- Up-to-date: /workspaces/2026-rover-code/src/install/telemetry_interface/share/telemetry_interface/rust/build.rs
[2.337s] -- Up-to-date: /workspaces/2026-rover-code/src/install/telemetry_interface/share/telemetry_interface/msg/TelemetryData.idl
[2.339s] -- Up-to-date: /workspaces/2026-rover-code/src/install/telemetry_interface/share/telemetry_interface/msg/TelemetryData.msg
[2.340s] -- Up-to-date: /workspaces/2026-rover-code/src/install/telemetry_interface/share/ament_index/resource_index/package_run_dependencies/telemetry_interface
[2.341s] -- Up-to-date: /workspaces/2026-rover-code/src/install/telemetry_interface/share/ament_index/resource_index/parent_prefix_path/telemetry_interface
[2.342s] -- Up-to-date: /workspaces/2026-rover-code/src/install/telemetry_interface/share/telemetry_interface/environment/ament_prefix_path.sh
[2.344s] -- Up-to-date: /workspaces/2026-rover-code/src/install/telemetry_interface/share/telemetry_interface/environment/ament_prefix_path.dsv
[2.345s] -- Up-to-date: /workspaces/2026-rover-code/src/install/telemetry_interface/share/telemetry_interface/environment/path.sh
[2.346s] -- Up-to-date: /workspaces/2026-rover-code/src/install/telemetry_interface/share/telemetry_interface/environment/path.dsv
[2.347s] -- Up-to-date: /workspaces/2026-rover-code/src/install/telemetry_interface/share/telemetry_interface/local_setup.bash
[2.349s] -- Up-to-date: /workspaces/2026-rover-code/src/install/telemetry_interface/share/telemetry_interface/local_setup.sh
[2.350s] -- Up-to-date: /workspaces/2026-rover-code/src/install/telemetry_interface/share/telemetry_interface/local_setup.zsh
[2.351s] -- Up-to-date: /workspaces/2026-rover-code/src/install/telemetry_interface/share/telemetry_interface/local_setup.dsv
[2.353s] -- Installing: /workspaces/2026-rover-code/src/install/telemetry_interface/share/telemetry_interface/package.dsv
[2.358s] -- Up-to-date: /workspaces/2026-rover-code/src/install/telemetry_interface/share/ament_index/resource_index/packages/telemetry_interface
[2.362s] -- Up-to-date: /workspaces/2026-rover-code/src/install/telemetry_interface/share/telemetry_interface/cmake/export_telemetry_interface__rosidl_generator_cExport.cmake
[2.362s] -- Up-to-date: /workspaces/2026-rover-code/src/install/telemetry_interface/share/telemetry_interface/cmake/export_telemetry_interface__rosidl_generator_cExport-noconfig.cmake
[2.365s] -- Up-to-date: /workspaces/2026-rover-code/src/install/telemetry_interface/share/telemetry_interface/cmake/export_telemetry_interface__rosidl_typesupport_fastrtps_cExport.cmake
[2.366s] -- Up-to-date: /workspaces/2026-rover-code/src/install/telemetry_interface/share/telemetry_interface/cmake/export_telemetry_interface__rosidl_typesupport_fastrtps_cExport-noconfig.cmake
[2.369s] -- Up-to-date: /workspaces/2026-rover-code/src/install/telemetry_interface/share/telemetry_interface/cmake/export_telemetry_interface__rosidl_generator_cppExport.cmake
[2.371s] -- Up-to-date: /workspaces/2026-rover-code/src/install/telemetry_interface/share/telemetry_interface/cmake/export_telemetry_interface__rosidl_typesupport_fastrtps_cppExport.cmake
[2.373s] -- Up-to-date: /workspaces/2026-rover-code/src/install/telemetry_interface/share/telemetry_interface/cmake/export_telemetry_interface__rosidl_typesupport_fastrtps_cppExport-noconfig.cmake
[2.375s] -- Up-to-date: /workspaces/2026-rover-code/src/install/telemetry_interface/share/telemetry_interface/cmake/telemetry_interface__rosidl_typesupport_introspection_cExport.cmake
[2.377s] -- Up-to-date: /workspaces/2026-rover-code/src/install/telemetry_interface/share/telemetry_interface/cmake/telemetry_interface__rosidl_typesupport_introspection_cExport-noconfig.cmake
[2.382s] -- Up-to-date: /workspaces/2026-rover-code/src/install/telemetry_interface/share/telemetry_interface/cmake/telemetry_interface__rosidl_typesupport_cExport.cmake
[2.383s] -- Up-to-date: /workspaces/2026-rover-code/src/install/telemetry_interface/share/telemetry_interface/cmake/telemetry_interface__rosidl_typesupport_cExport-noconfig.cmake
[2.385s] -- Up-to-date: /workspaces/2026-rover-code/src/install/telemetry_interface/share/telemetry_interface/cmake/telemetry_interface__rosidl_typesupport_introspection_cppExport.cmake
[2.387s] -- Up-to-date: /workspaces/2026-rover-code/src/install/telemetry_interface/share/telemetry_interface/cmake/telemetry_interface__rosidl_typesupport_introspection_cppExport-noconfig.cmake
[2.390s] -- Up-to-date: /workspaces/2026-rover-code/src/install/telemetry_interface/share/telemetry_interface/cmake/telemetry_interface__rosidl_typesupport_cppExport.cmake
[2.392s] -- Up-to-date: /workspaces/2026-rover-code/src/install/telemetry_interface/share/telemetry_interface/cmake/telemetry_interface__rosidl_typesupport_cppExport-noconfig.cmake
[2.395s] -- Up-to-date: /workspaces/2026-rover-code/src/install/telemetry_interface/share/telemetry_interface/cmake/export_telemetry_interface__rosidl_generator_pyExport.cmake
[2.396s] -- Up-to-date: /workspaces/2026-rover-code/src/install/telemetry_interface/share/telemetry_interface/cmake/export_telemetry_interface__rosidl_generator_pyExport-noconfig.cmake
[2.399s] -- Up-to-date: /workspaces/2026-rover-code/src/install/telemetry_interface/share/telemetry_interface/cmake/rosidl_cmake-extras.cmake
[2.401s] -- Up-to-date: /workspaces/2026-rover-code/src/install/telemetry_interface/share/telemetry_interface/cmake/ament_cmake_export_include_directories-extras.cmake
[2.402s] -- Up-to-date: /workspaces/2026-rover-code/src/install/telemetry_interface/share/telemetry_interface/cmake/ament_cmake_export_libraries-extras.cmake
[2.404s] -- Up-to-date: /workspaces/2026-rover-code/src/install/telemetry_interface/share/telemetry_interface/cmake/ament_cmake_export_targets-extras.cmake
[2.406s] -- Up-to-date: /workspaces/2026-rover-code/src/install/telemetry_interface/share/telemetry_interface/cmake/rosidl_cmake_export_typesupport_targets-extras.cmake
[2.407s] -- Up-to-date: /workspaces/2026-rover-code/src/install/telemetry_interface/share/telemetry_interface/cmake/ament_cmake_export_dependencies-extras.cmake
[2.409s] -- Up-to-date: /workspaces/2026-rover-code/src/install/telemetry_interface/share/telemetry_interface/cmake/rosidl_cmake_export_typesupport_libraries-extras.cmake
[2.411s] -- Up-to-date: /workspaces/2026-rover-code/src/install/telemetry_interface/share/telemetry_interface/cmake/rosidl_cmake_aggregate_target-extras.cmake
[2.415s] -- Up-to-date: /workspaces/2026-rover-code/src/install/telemetry_interface/share/telemetry_interface/cmake/telemetry_interfaceConfig.cmake
[2.421s] -- Up-to-date: /workspaces/2026-rover-code/src/install/telemetry_interface/share/telemetry_interface/cmake/telemetry_interfaceConfig-version.cmake
[2.426s] -- Up-to-date: /workspaces/2026-rover-code/src/install/telemetry_interface/share/telemetry_interface/package.xml
[2.427s] Invoked command in '/workspaces/2026-rover-code/src/build/telemetry_interface' returned '0': CMAKE_PREFIX_PATH=${CMAKE_PREFIX_PATH}:/workspaces/2026-rover-code/src/install/telemetry_pkg:/workspaces/2026-rover-code/src/install/GIM_pkg:/workspaces/2026-rover-code/install/telemetry_pkg:/opt/ros/humble /usr/bin/cmake --install /workspaces/2026-rover-code/src/build/telemetry_interface
