[0.372s] DEBUG:colcon:Command line arguments: ['/usr/bin/colcon', 'build']
[0.373s] DEBUG:colcon:Parsed command line arguments: Namespace(log_base=None, log_level=None, verb_name='build', build_base='build', install_base='install', merge_install=False, symlink_install=False, test_result_base=None, continue_on_error=False, executor='parallel', parallel_workers=16, event_handlers=None, ignore_user_meta=False, metas=['./colcon.meta'], base_paths=['.'], packages_ignore=None, packages_ignore_regex=None, paths=None, packages_up_to=None, packages_up_to_regex=None, packages_above=None, packages_above_and_dependencies=None, packages_above_depth=None, packages_select_by_dep=None, packages_skip_by_dep=None, packages_skip_up_to=None, packages_select_build_failed=False, packages_skip_build_finished=False, packages_select_test_failures=False, packages_skip_test_passed=False, packages_select=None, packages_skip=None, packages_select_regex=None, packages_skip_regex=None, packages_start=None, packages_end=None, cmake_args=None, cmake_target=None, cmake_target_skip_unavailable=False, cmake_clean_cache=False, cmake_clean_first=False, cmake_force_configure=False, ament_cmake_args=None, catkin_cmake_args=None, catkin_skip_building_tests=False, mixin_files=None, mixin=None, verb_parser=<colcon_mixin.mixin.mixin_argument.MixinArgumentDecorator object at 0x7f8d06188d60>, verb_extension=<colcon_core.verb.build.BuildVerb object at 0x7f8d06188790>, main=<bound method BuildVerb.main of <colcon_core.verb.build.BuildVerb object at 0x7f8d06188790>>, mixin_verb=('build',))
[0.854s] Level 1:colcon.colcon_core.package_discovery:discover_packages(colcon_meta) check parameters
[0.855s] Level 1:colcon.colcon_core.package_discovery:discover_packages(recursive) check parameters
[0.855s] Level 1:colcon.colcon_core.package_discovery:discover_packages(ignore) check parameters
[0.855s] Level 1:colcon.colcon_core.package_discovery:discover_packages(path) check parameters
[0.856s] Level 1:colcon.colcon_core.package_discovery:discover_packages(colcon_meta) discover
[0.856s] Level 1:colcon.colcon_core.package_discovery:discover_packages(recursive) discover
[0.856s] INFO:colcon.colcon_core.package_discovery:Crawling recursively for packages in '/workspaces/2026-rover-code/src/telemetry_pkg'
[0.858s] Level 1:colcon.colcon_core.package_identification:_identify(.) by extensions ['ignore', 'ignore_ament_install']
[0.859s] Level 1:colcon.colcon_core.package_identification:_identify(.) by extension 'ignore'
[0.859s] Level 1:colcon.colcon_core.package_identification:_identify(.) by extension 'ignore_ament_install'
[0.862s] Level 1:colcon.colcon_core.package_identification:_identify(.) by extensions ['colcon_pkg']
[0.862s] Level 1:colcon.colcon_core.package_identification:_identify(.) by extension 'colcon_pkg'
[0.864s] Level 1:colcon.colcon_core.package_identification:_identify(.) by extensions ['colcon_meta']
[0.864s] Level 1:colcon.colcon_core.package_identification:_identify(.) by extension 'colcon_meta'
[0.867s] Level 1:colcon.colcon_core.package_identification:_identify(.) by extensions ['ros']
[0.867s] Level 1:colcon.colcon_core.package_identification:_identify(.) by extension 'ros'
[0.921s] DEBUG:colcon.colcon_core.package_identification:Package '.' with type 'ros.ament_python' and name 'telemetry_pkg'
[0.921s] Level 1:colcon.colcon_core.package_discovery:discover_packages(recursive) using defaults
[0.922s] Level 1:colcon.colcon_core.package_discovery:discover_packages(ignore) discover
[0.922s] Level 1:colcon.colcon_core.package_discovery:discover_packages(ignore) using defaults
[0.923s] Level 1:colcon.colcon_core.package_discovery:discover_packages(path) discover
[0.923s] Level 1:colcon.colcon_core.package_discovery:discover_packages(path) using defaults
[1.000s] Level 5:colcon.colcon_core.verb:set package 'telemetry_pkg' build argument 'cmake_args' from command line to 'None'
[1.000s] Level 5:colcon.colcon_core.verb:set package 'telemetry_pkg' build argument 'cmake_target' from command line to 'None'
[1.000s] Level 5:colcon.colcon_core.verb:set package 'telemetry_pkg' build argument 'cmake_target_skip_unavailable' from command line to 'False'
[1.001s] Level 5:colcon.colcon_core.verb:set package 'telemetry_pkg' build argument 'cmake_clean_cache' from command line to 'False'
[1.001s] Level 5:colcon.colcon_core.verb:set package 'telemetry_pkg' build argument 'cmake_clean_first' from command line to 'False'
[1.001s] Level 5:colcon.colcon_core.verb:set package 'telemetry_pkg' build argument 'cmake_force_configure' from command line to 'False'
[1.001s] Level 5:colcon.colcon_core.verb:set package 'telemetry_pkg' build argument 'ament_cmake_args' from command line to 'None'
[1.002s] Level 5:colcon.colcon_core.verb:set package 'telemetry_pkg' build argument 'catkin_cmake_args' from command line to 'None'
[1.002s] Level 5:colcon.colcon_core.verb:set package 'telemetry_pkg' build argument 'catkin_skip_building_tests' from command line to 'False'
[1.002s] DEBUG:colcon.colcon_core.verb:Building package 'telemetry_pkg' with the following arguments: {'ament_cmake_args': None, 'build_base': '/workspaces/2026-rover-code/src/telemetry_pkg/build/telemetry_pkg', 'catkin_cmake_args': None, 'catkin_skip_building_tests': False, 'cmake_args': None, 'cmake_clean_cache': False, 'cmake_clean_first': False, 'cmake_force_configure': False, 'cmake_target': None, 'cmake_target_skip_unavailable': False, 'install_base': '/workspaces/2026-rover-code/src/telemetry_pkg/install/telemetry_pkg', 'merge_install': False, 'path': '/workspaces/2026-rover-code/src/telemetry_pkg', 'symlink_install': False, 'test_result_base': None}
[1.003s] INFO:colcon.colcon_core.executor:Executing jobs using 'parallel' executor
[1.006s] DEBUG:colcon.colcon_parallel_executor.executor.parallel:run_until_complete
[1.007s] INFO:colcon.colcon_ros.task.ament_python.build:Building ROS package in '/workspaces/2026-rover-code/src/telemetry_pkg' with build type 'ament_python'
[1.008s] Level 1:colcon.colcon_core.shell:create_environment_hook('telemetry_pkg', 'ament_prefix_path')
[1.017s] INFO:colcon.colcon_core.plugin_system:Skipping extension 'colcon_core.shell.bat': Not used on non-Windows systems
[1.018s] INFO:colcon.colcon_core.shell:Creating environment hook '/workspaces/2026-rover-code/src/telemetry_pkg/install/telemetry_pkg/share/telemetry_pkg/hook/ament_prefix_path.ps1'
[1.023s] INFO:colcon.colcon_core.shell:Creating environment descriptor '/workspaces/2026-rover-code/src/telemetry_pkg/install/telemetry_pkg/share/telemetry_pkg/hook/ament_prefix_path.dsv'
[1.028s] INFO:colcon.colcon_core.shell:Creating environment hook '/workspaces/2026-rover-code/src/telemetry_pkg/install/telemetry_pkg/share/telemetry_pkg/hook/ament_prefix_path.sh'
[1.035s] INFO:colcon.colcon_core.shell:Skip shell extension 'powershell' for command environment: Not usable outside of PowerShell
[1.035s] DEBUG:colcon.colcon_core.shell:Skip shell extension 'dsv' for command environment
[1.635s] INFO:colcon.colcon_core.task.python.build:Building Python package in '/workspaces/2026-rover-code/src/telemetry_pkg'
[1.637s] INFO:colcon.colcon_core.shell:Skip shell extension 'powershell' for command environment: Not usable outside of PowerShell
[1.637s] DEBUG:colcon.colcon_core.shell:Skip shell extension 'dsv' for command environment
[2.391s] DEBUG:colcon.colcon_core.task.python.build:Available setuptools commands: install, upload, bdist_egg, dist_info, register, bdist_rpm, build_scripts, install_data, easy_install, bdist_wheel, egg_info, saveopts, rotate, install_lib, build_ext, build, check, bdist, build_py, alias, install_scripts, test, symlink_data, develop, setopt, bdist_dumb, sdist, clean, upload_docs, install_egg_info, build_clib, install_headers
[2.403s] DEBUG:colcon.colcon_core.event_handler.log_command:Invoking command in '/workspaces/2026-rover-code/src/telemetry_pkg': PYTHONPATH=/workspaces/2026-rover-code/src/telemetry_pkg/build/telemetry_pkg/prefix_override:/usr/lib/python3/dist-packages/colcon_core/task/python/colcon_distutils_commands:/workspaces/2026-rover-code/src/telemetry_pkg/install/telemetry_pkg/lib/python3.10/site-packages:${PYTHONPATH} /usr/bin/python3 -W ignore:setup.py install is deprecated -W ignore:easy_install command is deprecated setup.py egg_info --egg-base build/telemetry_pkg build --build-base /workspaces/2026-rover-code/src/telemetry_pkg/build/telemetry_pkg/build install --record /workspaces/2026-rover-code/src/telemetry_pkg/build/telemetry_pkg/install.log --install-scripts $base/lib/telemetry_pkg --single-version-externally-managed install_data
[3.082s] DEBUG:colcon.colcon_core.event_handler.log_command:Invoked command in '/workspaces/2026-rover-code/src/telemetry_pkg' returned '0': PYTHONPATH=/workspaces/2026-rover-code/src/telemetry_pkg/build/telemetry_pkg/prefix_override:/usr/lib/python3/dist-packages/colcon_core/task/python/colcon_distutils_commands:/workspaces/2026-rover-code/src/telemetry_pkg/install/telemetry_pkg/lib/python3.10/site-packages:${PYTHONPATH} /usr/bin/python3 -W ignore:setup.py install is deprecated -W ignore:easy_install command is deprecated setup.py egg_info --egg-base build/telemetry_pkg build --build-base /workspaces/2026-rover-code/src/telemetry_pkg/build/telemetry_pkg/build install --record /workspaces/2026-rover-code/src/telemetry_pkg/build/telemetry_pkg/install.log --install-scripts $base/lib/telemetry_pkg --single-version-externally-managed install_data
[3.097s] Level 1:colcon.colcon_core.environment:checking '/workspaces/2026-rover-code/src/telemetry_pkg/install/telemetry_pkg' for CMake module files
[3.102s] Level 1:colcon.colcon_core.environment:checking '/workspaces/2026-rover-code/src/telemetry_pkg/install/telemetry_pkg' for CMake config files
[3.111s] Level 1:colcon.colcon_core.environment:checking '/workspaces/2026-rover-code/src/telemetry_pkg/install/telemetry_pkg/lib'
[3.113s] Level 1:colcon.colcon_core.environment:checking '/workspaces/2026-rover-code/src/telemetry_pkg/install/telemetry_pkg/bin'
[3.113s] Level 1:colcon.colcon_core.environment:checking '/workspaces/2026-rover-code/src/telemetry_pkg/install/telemetry_pkg/lib/pkgconfig/telemetry_pkg.pc'
[3.114s] Level 1:colcon.colcon_core.environment:checking '/workspaces/2026-rover-code/src/telemetry_pkg/install/telemetry_pkg/lib/python3.10/site-packages'
[3.115s] Level 1:colcon.colcon_core.shell:create_environment_hook('telemetry_pkg', 'pythonpath')
[3.116s] INFO:colcon.colcon_core.shell:Creating environment hook '/workspaces/2026-rover-code/src/telemetry_pkg/install/telemetry_pkg/share/telemetry_pkg/hook/pythonpath.ps1'
[3.120s] INFO:colcon.colcon_core.shell:Creating environment descriptor '/workspaces/2026-rover-code/src/telemetry_pkg/install/telemetry_pkg/share/telemetry_pkg/hook/pythonpath.dsv'
[3.123s] INFO:colcon.colcon_core.shell:Creating environment hook '/workspaces/2026-rover-code/src/telemetry_pkg/install/telemetry_pkg/share/telemetry_pkg/hook/pythonpath.sh'
[3.127s] Level 1:colcon.colcon_core.environment:checking '/workspaces/2026-rover-code/src/telemetry_pkg/install/telemetry_pkg/bin'
[3.129s] Level 1:colcon.colcon_core.environment:create_environment_scripts_only(telemetry_pkg)
[3.130s] INFO:colcon.colcon_core.shell:Creating package script '/workspaces/2026-rover-code/src/telemetry_pkg/install/telemetry_pkg/share/telemetry_pkg/package.ps1'
[3.135s] INFO:colcon.colcon_core.shell:Creating package descriptor '/workspaces/2026-rover-code/src/telemetry_pkg/install/telemetry_pkg/share/telemetry_pkg/package.dsv'
[3.140s] INFO:colcon.colcon_core.shell:Creating package script '/workspaces/2026-rover-code/src/telemetry_pkg/install/telemetry_pkg/share/telemetry_pkg/package.sh'
[3.145s] INFO:colcon.colcon_core.shell:Creating package script '/workspaces/2026-rover-code/src/telemetry_pkg/install/telemetry_pkg/share/telemetry_pkg/package.bash'
[3.150s] INFO:colcon.colcon_core.shell:Creating package script '/workspaces/2026-rover-code/src/telemetry_pkg/install/telemetry_pkg/share/telemetry_pkg/package.zsh'
[3.155s] Level 1:colcon.colcon_core.environment:create_file_with_runtime_dependencies(/workspaces/2026-rover-code/src/telemetry_pkg/install/telemetry_pkg/share/colcon-core/packages/telemetry_pkg)
[3.158s] DEBUG:colcon.colcon_parallel_executor.executor.parallel:closing loop
[3.159s] DEBUG:colcon.colcon_parallel_executor.executor.parallel:loop closed
[3.160s] DEBUG:colcon.colcon_parallel_executor.executor.parallel:run_until_complete finished with '0'
[3.161s] DEBUG:colcon.colcon_core.event_reactor:joining thread
[3.192s] INFO:colcon.colcon_core.plugin_system:Skipping extension 'colcon_notification.desktop_notification.notify_send': Could not find 'notify-send'
[3.192s] INFO:colcon.colcon_core.plugin_system:Skipping extension 'colcon_notification.desktop_notification.terminal_notifier': Not used on non-Darwin systems
[3.193s] INFO:colcon.colcon_core.plugin_system:Skipping extension 'colcon_notification.desktop_notification.win32': Not used on non-Windows systems
[3.193s] INFO:colcon.colcon_notification.desktop_notification:Sending desktop notification using 'notify2'
[3.215s] DEBUG:colcon.colcon_notification.desktop_notification.notify2:Failed to initialize notify2: org.freedesktop.DBus.Error.ServiceUnknown: The name org.freedesktop.Notifications was not provided by any .service files
[3.215s] DEBUG:colcon.colcon_core.event_reactor:joined thread
[3.217s] INFO:colcon.colcon_core.shell:Creating prefix script '/workspaces/2026-rover-code/src/telemetry_pkg/install/local_setup.ps1'
[3.222s] INFO:colcon.colcon_core.shell:Creating prefix util module '/workspaces/2026-rover-code/src/telemetry_pkg/install/_local_setup_util_ps1.py'
[3.226s] INFO:colcon.colcon_core.shell:Creating prefix chain script '/workspaces/2026-rover-code/src/telemetry_pkg/install/setup.ps1'
[3.233s] INFO:colcon.colcon_core.shell:Creating prefix script '/workspaces/2026-rover-code/src/telemetry_pkg/install/local_setup.sh'
[3.236s] INFO:colcon.colcon_core.shell:Creating prefix util module '/workspaces/2026-rover-code/src/telemetry_pkg/install/_local_setup_util_sh.py'
[3.239s] INFO:colcon.colcon_core.shell:Creating prefix chain script '/workspaces/2026-rover-code/src/telemetry_pkg/install/setup.sh'
[3.249s] INFO:colcon.colcon_core.shell:Creating prefix script '/workspaces/2026-rover-code/src/telemetry_pkg/install/local_setup.bash'
[3.252s] INFO:colcon.colcon_core.shell:Creating prefix chain script '/workspaces/2026-rover-code/src/telemetry_pkg/install/setup.bash'
[3.259s] INFO:colcon.colcon_core.shell:Creating prefix script '/workspaces/2026-rover-code/src/telemetry_pkg/install/local_setup.zsh'
[3.261s] INFO:colcon.colcon_core.shell:Creating prefix chain script '/workspaces/2026-rover-code/src/telemetry_pkg/install/setup.zsh'
