[2.089s] Invoking command in '/workspaces/2026-rover-code/src/telemetry_pkg': PYTHONPATH=/workspaces/2026-rover-code/src/build/telemetry_pkg/prefix_override:/usr/lib/python3/dist-packages/colcon_core/task/python/colcon_distutils_commands:/workspaces/2026-rover-code/src/install/telemetry_pkg/lib/python3.10/site-packages:${PYTHONPATH} /usr/bin/python3 -W ignore:setup.py install is deprecated -W ignore:easy_install command is deprecated setup.py egg_info --egg-base ../build/telemetry_pkg build --build-base /workspaces/2026-rover-code/src/build/telemetry_pkg/build install --record /workspaces/2026-rover-code/src/build/telemetry_pkg/install.log --install-scripts $base/lib/telemetry_pkg --single-version-externally-managed install_data
[2.586s] running egg_info
[2.587s] writing ../build/telemetry_pkg/telemetry_pkg.egg-info/PKG-INFO
[2.588s] writing dependency_links to ../build/telemetry_pkg/telemetry_pkg.egg-info/dependency_links.txt
[2.589s] writing entry points to ../build/telemetry_pkg/telemetry_pkg.egg-info/entry_points.txt
[2.590s] writing requirements to ../build/telemetry_pkg/telemetry_pkg.egg-info/requires.txt
[2.592s] writing top-level names to ../build/telemetry_pkg/telemetry_pkg.egg-info/top_level.txt
[2.599s] reading manifest file '../build/telemetry_pkg/telemetry_pkg.egg-info/SOURCES.txt'
[2.602s] writing manifest file '../build/telemetry_pkg/telemetry_pkg.egg-info/SOURCES.txt'
[2.603s] running build
[2.604s] running build_py
[2.606s] running install
[2.607s] running install_lib
[2.610s] running install_data
[2.611s] running install_egg_info
[2.613s] removing '/workspaces/2026-rover-code/src/install/telemetry_pkg/lib/python3.10/site-packages/telemetry_pkg-0.0.0-py3.10.egg-info' (and everything under it)
[2.616s] Copying ../build/telemetry_pkg/telemetry_pkg.egg-info to /workspaces/2026-rover-code/src/install/telemetry_pkg/lib/python3.10/site-packages/telemetry_pkg-0.0.0-py3.10.egg-info
[2.633s] running install_scripts
[2.683s] Installing telemetry_node script to /workspaces/2026-rover-code/src/install/telemetry_pkg/lib/telemetry_pkg
[2.687s] writing list of installed files to '/workspaces/2026-rover-code/src/build/telemetry_pkg/install.log'
[2.763s] Invoked command in '/workspaces/2026-rover-code/src/telemetry_pkg' returned '0': PYTHONPATH=/workspaces/2026-rover-code/src/build/telemetry_pkg/prefix_override:/usr/lib/python3/dist-packages/colcon_core/task/python/colcon_distutils_commands:/workspaces/2026-rover-code/src/install/telemetry_pkg/lib/python3.10/site-packages:${PYTHONPATH} /usr/bin/python3 -W ignore:setup.py install is deprecated -W ignore:easy_install command is deprecated setup.py egg_info --egg-base ../build/telemetry_pkg build --build-base /workspaces/2026-rover-code/src/build/telemetry_pkg/build install --record /workspaces/2026-rover-code/src/build/telemetry_pkg/install.log --install-scripts $base/lib/telemetry_pkg --single-version-externally-managed install_data
