[0.067s] Invoking command in '/workspaces/2026-rover-code/src/build/telemetry_interface': CMAKE_PREFIX_PATH=${CMAKE_PREFIX_PATH}:/workspaces/2026-rover-code/src/install/telemetry_pkg:/opt/ros/humble /usr/bin/cmake --build /workspaces/2026-rover-code/src/build/telemetry_interface -- -j16 -l16
[0.347s] [  1%] Built target telemetry_interface__rs
[0.352s] [  3%] Built target telemetry_interface__cpp
[0.378s] [ 14%] Built target telemetry_interface__rosidl_generator_c
[0.559s] [ 14%] Built target ament_cmake_python_copy_telemetry_interface
[0.624s] [ 25%] Built target telemetry_interface__rosidl_typesupport_cpp
[0.645s] [ 42%] Built target telemetry_interface__rosidl_typesupport_introspection_c
[0.658s] [ 46%] Built target telemetry_interface__rosidl_typesupport_introspection_cpp
[0.680s] [ 57%] Built target telemetry_interface__rosidl_typesupport_fastrtps_cpp
[0.728s] [ 76%] Built target telemetry_interface__rosidl_typesupport_c
[0.734s] [ 78%] Built target telemetry_interface__rosidl_typesupport_fastrtps_c
[0.828s] [ 78%] Built target telemetry_interface
[0.934s] [ 80%] Built target telemetry_interface__py
[1.066s] [ 89%] Built target telemetry_interface__rosidl_generator_py
[1.204s] [ 96%] Built target telemetry_interface__rosidl_typesupport_fastrtps_c__pyext
[1.206s] [ 98%] Built target telemetry_interface__rosidl_typesupport_c__pyext
[1.210s] [100%] Built target telemetry_interface__rosidl_typesupport_introspection_c__pyext
[1.357s] running egg_info
[1.359s] writing telemetry_interface.egg-info/PKG-INFO
[1.362s] writing dependency_links to telemetry_interface.egg-info/dependency_links.txt
[1.368s] writing top-level names to telemetry_interface.egg-info/top_level.txt
[1.383s] reading manifest file 'telemetry_interface.egg-info/SOURCES.txt'
[1.393s] writing manifest file 'telemetry_interface.egg-info/SOURCES.txt'
[1.493s] [100%] Built target ament_cmake_python_build_telemetry_interface_egg
[1.553s] Invoked command in '/workspaces/2026-rover-code/src/build/telemetry_interface' returned '0': CMAKE_PREFIX_PATH=${CMAKE_PREFIX_PATH}:/workspaces/2026-rover-code/src/install/telemetry_pkg:/opt/ros/humble /usr/bin/cmake --build /workspaces/2026-rover-code/src/build/telemetry_interface -- -j16 -l16
[1.592s] Invoking command in '/workspaces/2026-rover-code/src/build/telemetry_interface': CMAKE_PREFIX_PATH=${CMAKE_PREFIX_PATH}:/workspaces/2026-rover-code/src/install/telemetry_pkg:/opt/ros/humble /usr/bin/cmake --install /workspaces/2026-rover-code/src/build/telemetry_interface
[1.616s] -- Install configuration: ""
[1.617s] -- Up-to-date: /workspaces/2026-rover-code/src/install/telemetry_interface/share/ament_index/resource_index/rosidl_interfaces/telemetry_interface
[1.619s] -- Up-to-date: /workspaces/2026-rover-code/src/install/telemetry_interface/include/telemetry_interface/telemetry_interface
[1.621s] -- Up-to-date: /workspaces/2026-rover-code/src/install/telemetry_interface/include/telemetry_interface/telemetry_interface/msg
[1.623s] -- Up-to-date: /workspaces/2026-rover-code/src/install/telemetry_interface/include/telemetry_interface/telemetry_interface/msg/rosidl_generator_c__visibility_control.h
[1.625s] -- Up-to-date: /workspaces/2026-rover-code/src/install/telemetry_interface/include/telemetry_interface/telemetry_interface/msg/telemetry.h
[1.627s] -- Up-to-date: /workspaces/2026-rover-code/src/install/telemetry_interface/include/telemetry_interface/telemetry_interface/msg/telemetry_data.h
[1.628s] -- Up-to-date: /workspaces/2026-rover-code/src/install/telemetry_interface/include/telemetry_interface/telemetry_interface/msg/control_message.h
[1.631s] -- Up-to-date: /workspaces/2026-rover-code/src/install/telemetry_interface/include/telemetry_interface/telemetry_interface/msg/detail
[1.632s] -- Up-to-date: /workspaces/2026-rover-code/src/install/telemetry_interface/include/telemetry_interface/telemetry_interface/msg/detail/telemetry__type_support.h
[1.634s] -- Up-to-date: /workspaces/2026-rover-code/src/install/telemetry_interface/include/telemetry_interface/telemetry_interface/msg/detail/controller_status__struct.h
[1.635s] -- Up-to-date: /workspaces/2026-rover-code/src/install/telemetry_interface/include/telemetry_interface/telemetry_interface/msg/detail/control_message__type_support.h
[1.637s] -- Up-to-date: /workspaces/2026-rover-code/src/install/telemetry_interface/include/telemetry_interface/telemetry_interface/msg/detail/telemetry__struct.h
[1.639s] -- Up-to-date: /workspaces/2026-rover-code/src/install/telemetry_interface/include/telemetry_interface/telemetry_interface/msg/detail/o_drive_status__functions.c
[1.641s] -- Up-to-date: /workspaces/2026-rover-code/src/install/telemetry_interface/include/telemetry_interface/telemetry_interface/msg/detail/controller_status__functions.h
[1.643s] -- Up-to-date: /workspaces/2026-rover-code/src/install/telemetry_interface/include/telemetry_interface/telemetry_interface/msg/detail/o_drive_status__type_support.h
[1.645s] -- Up-to-date: /workspaces/2026-rover-code/src/install/telemetry_interface/include/telemetry_interface/telemetry_interface/msg/detail/telemetry_data__functions.h
[1.646s] -- Up-to-date: /workspaces/2026-rover-code/src/install/telemetry_interface/include/telemetry_interface/telemetry_interface/msg/detail/telemetry_data__functions.c
[1.649s] -- Up-to-date: /workspaces/2026-rover-code/src/install/telemetry_interface/include/telemetry_interface/telemetry_interface/msg/detail/controller_status__functions.c
[1.651s] -- Up-to-date: /workspaces/2026-rover-code/src/install/telemetry_interface/include/telemetry_interface/telemetry_interface/msg/detail/control_message__struct.h
[1.654s] -- Up-to-date: /workspaces/2026-rover-code/src/install/telemetry_interface/include/telemetry_interface/telemetry_interface/msg/detail/control_message__functions.c
[1.654s] -- Up-to-date: /workspaces/2026-rover-code/src/install/telemetry_interface/include/telemetry_interface/telemetry_interface/msg/detail/telemetry__functions.c
[1.656s] -- Up-to-date: /workspaces/2026-rover-code/src/install/telemetry_interface/include/telemetry_interface/telemetry_interface/msg/detail/telemetry_data__struct.h
[1.658s] -- Up-to-date: /workspaces/2026-rover-code/src/install/telemetry_interface/include/telemetry_interface/telemetry_interface/msg/detail/o_drive_status__struct.h
[1.660s] -- Up-to-date: /workspaces/2026-rover-code/src/install/telemetry_interface/include/telemetry_interface/telemetry_interface/msg/detail/controller_status__type_support.h
[1.662s] -- Up-to-date: /workspaces/2026-rover-code/src/install/telemetry_interface/include/telemetry_interface/telemetry_interface/msg/detail/telemetry__functions.h
[1.663s] -- Up-to-date: /workspaces/2026-rover-code/src/install/telemetry_interface/include/telemetry_interface/telemetry_interface/msg/detail/control_message__functions.h
[1.665s] -- Up-to-date: /workspaces/2026-rover-code/src/install/telemetry_interface/include/telemetry_interface/telemetry_interface/msg/detail/telemetry_data__type_support.h
[1.667s] -- Up-to-date: /workspaces/2026-rover-code/src/install/telemetry_interface/include/telemetry_interface/telemetry_interface/msg/detail/o_drive_status__functions.h
[1.668s] -- Up-to-date: /workspaces/2026-rover-code/src/install/telemetry_interface/include/telemetry_interface/telemetry_interface/msg/controller_status.h
[1.669s] -- Up-to-date: /workspaces/2026-rover-code/src/install/telemetry_interface/include/telemetry_interface/telemetry_interface/msg/o_drive_status.h
[1.671s] -- Up-to-date: /workspaces/2026-rover-code/src/install/telemetry_interface/share/telemetry_interface/environment/library_path.sh
[1.676s] -- Up-to-date: /workspaces/2026-rover-code/src/install/telemetry_interface/share/telemetry_interface/environment/library_path.dsv
[1.677s] -- Up-to-date: /workspaces/2026-rover-code/src/install/telemetry_interface/lib/libtelemetry_interface__rosidl_generator_c.so
[1.680s] -- Up-to-date: /workspaces/2026-rover-code/src/install/telemetry_interface/include/telemetry_interface/telemetry_interface
[1.682s] -- Up-to-date: /workspaces/2026-rover-code/src/install/telemetry_interface/include/telemetry_interface/telemetry_interface/msg
[1.683s] -- Up-to-date: /workspaces/2026-rover-code/src/install/telemetry_interface/include/telemetry_interface/telemetry_interface/msg/detail
[1.685s] -- Up-to-date: /workspaces/2026-rover-code/src/install/telemetry_interface/include/telemetry_interface/telemetry_interface/msg/detail/control_message__rosidl_typesupport_fastrtps_c.h
[1.687s] -- Up-to-date: /workspaces/2026-rover-code/src/install/telemetry_interface/include/telemetry_interface/telemetry_interface/msg/detail/telemetry_data__rosidl_typesupport_fastrtps_c.h
[1.688s] -- Up-to-date: /workspaces/2026-rover-code/src/install/telemetry_interface/include/telemetry_interface/telemetry_interface/msg/detail/controller_status__rosidl_typesupport_fastrtps_c.h
[1.690s] -- Up-to-date: /workspaces/2026-rover-code/src/install/telemetry_interface/include/telemetry_interface/telemetry_interface/msg/detail/o_drive_status__rosidl_typesupport_fastrtps_c.h
[1.692s] -- Up-to-date: /workspaces/2026-rover-code/src/install/telemetry_interface/include/telemetry_interface/telemetry_interface/msg/detail/telemetry__rosidl_typesupport_fastrtps_c.h
[1.693s] -- Up-to-date: /workspaces/2026-rover-code/src/install/telemetry_interface/include/telemetry_interface/telemetry_interface/msg/rosidl_typesupport_fastrtps_c__visibility_control.h
[1.695s] -- Up-to-date: /workspaces/2026-rover-code/src/install/telemetry_interface/lib/libtelemetry_interface__rosidl_typesupport_fastrtps_c.so
[1.698s] -- Up-to-date: /workspaces/2026-rover-code/src/install/telemetry_interface/include/telemetry_interface/telemetry_interface
[1.699s] -- Up-to-date: /workspaces/2026-rover-code/src/install/telemetry_interface/include/telemetry_interface/telemetry_interface/msg
[1.701s] -- Up-to-date: /workspaces/2026-rover-code/src/install/telemetry_interface/include/telemetry_interface/telemetry_interface/msg/rosidl_typesupport_introspection_c__visibility_control.h
[1.702s] -- Up-to-date: /workspaces/2026-rover-code/src/install/telemetry_interface/include/telemetry_interface/telemetry_interface/msg/detail
[1.703s] -- Up-to-date: /workspaces/2026-rover-code/src/install/telemetry_interface/include/telemetry_interface/telemetry_interface/msg/detail/o_drive_status__type_support.c
[1.705s] -- Up-to-date: /workspaces/2026-rover-code/src/install/telemetry_interface/include/telemetry_interface/telemetry_interface/msg/detail/telemetry__type_support.c
[1.706s] -- Up-to-date: /workspaces/2026-rover-code/src/install/telemetry_interface/include/telemetry_interface/telemetry_interface/msg/detail/telemetry_data__rosidl_typesupport_introspection_c.h
[1.709s] -- Up-to-date: /workspaces/2026-rover-code/src/install/telemetry_interface/include/telemetry_interface/telemetry_interface/msg/detail/control_message__rosidl_typesupport_introspection_c.h
[1.710s] -- Up-to-date: /workspaces/2026-rover-code/src/install/telemetry_interface/include/telemetry_interface/telemetry_interface/msg/detail/telemetry_data__type_support.c
[1.711s] -- Up-to-date: /workspaces/2026-rover-code/src/install/telemetry_interface/include/telemetry_interface/telemetry_interface/msg/detail/controller_status__rosidl_typesupport_introspection_c.h
[1.713s] -- Up-to-date: /workspaces/2026-rover-code/src/install/telemetry_interface/include/telemetry_interface/telemetry_interface/msg/detail/controller_status__type_support.c
[1.717s] -- Up-to-date: /workspaces/2026-rover-code/src/install/telemetry_interface/include/telemetry_interface/telemetry_interface/msg/detail/control_message__type_support.c
[1.719s] -- Up-to-date: /workspaces/2026-rover-code/src/install/telemetry_interface/include/telemetry_interface/telemetry_interface/msg/detail/telemetry__rosidl_typesupport_introspection_c.h
[1.721s] -- Up-to-date: /workspaces/2026-rover-code/src/install/telemetry_interface/include/telemetry_interface/telemetry_interface/msg/detail/o_drive_status__rosidl_typesupport_introspection_c.h
[1.723s] -- Up-to-date: /workspaces/2026-rover-code/src/install/telemetry_interface/lib/libtelemetry_interface__rosidl_typesupport_introspection_c.so
[1.724s] -- Up-to-date: /workspaces/2026-rover-code/src/install/telemetry_interface/lib/libtelemetry_interface__rosidl_typesupport_c.so
[1.725s] -- Up-to-date: /workspaces/2026-rover-code/src/install/telemetry_interface/include/telemetry_interface/telemetry_interface
[1.727s] -- Up-to-date: /workspaces/2026-rover-code/src/install/telemetry_interface/include/telemetry_interface/telemetry_interface/msg
[1.728s] -- Up-to-date: /workspaces/2026-rover-code/src/install/telemetry_interface/include/telemetry_interface/telemetry_interface/msg/control_message.hpp
[1.731s] -- Up-to-date: /workspaces/2026-rover-code/src/install/telemetry_interface/include/telemetry_interface/telemetry_interface/msg/rosidl_generator_cpp__visibility_control.hpp
[1.733s] -- Up-to-date: /workspaces/2026-rover-code/src/install/telemetry_interface/include/telemetry_interface/telemetry_interface/msg/telemetry.hpp
[1.735s] -- Up-to-date: /workspaces/2026-rover-code/src/install/telemetry_interface/include/telemetry_interface/telemetry_interface/msg/controller_status.hpp
[1.738s] -- Up-to-date: /workspaces/2026-rover-code/src/install/telemetry_interface/include/telemetry_interface/telemetry_interface/msg/o_drive_status.hpp
[1.740s] -- Up-to-date: /workspaces/2026-rover-code/src/install/telemetry_interface/include/telemetry_interface/telemetry_interface/msg/telemetry_data.hpp
[1.742s] -- Up-to-date: /workspaces/2026-rover-code/src/install/telemetry_interface/include/telemetry_interface/telemetry_interface/msg/detail
[1.743s] -- Up-to-date: /workspaces/2026-rover-code/src/install/telemetry_interface/include/telemetry_interface/telemetry_interface/msg/detail/o_drive_status__type_support.hpp
[1.744s] -- Up-to-date: /workspaces/2026-rover-code/src/install/telemetry_interface/include/telemetry_interface/telemetry_interface/msg/detail/telemetry_data__builder.hpp
[1.745s] -- Up-to-date: /workspaces/2026-rover-code/src/install/telemetry_interface/include/telemetry_interface/telemetry_interface/msg/detail/telemetry_data__struct.hpp
[1.746s] -- Up-to-date: /workspaces/2026-rover-code/src/install/telemetry_interface/include/telemetry_interface/telemetry_interface/msg/detail/controller_status__type_support.hpp
[1.747s] -- Up-to-date: /workspaces/2026-rover-code/src/install/telemetry_interface/include/telemetry_interface/telemetry_interface/msg/detail/controller_status__builder.hpp
[1.749s] -- Up-to-date: /workspaces/2026-rover-code/src/install/telemetry_interface/include/telemetry_interface/telemetry_interface/msg/detail/telemetry_data__type_support.hpp
[1.752s] -- Up-to-date: /workspaces/2026-rover-code/src/install/telemetry_interface/include/telemetry_interface/telemetry_interface/msg/detail/telemetry__traits.hpp
[1.754s] -- Up-to-date: /workspaces/2026-rover-code/src/install/telemetry_interface/include/telemetry_interface/telemetry_interface/msg/detail/telemetry__type_support.hpp
[1.756s] -- Up-to-date: /workspaces/2026-rover-code/src/install/telemetry_interface/include/telemetry_interface/telemetry_interface/msg/detail/o_drive_status__builder.hpp
[1.758s] -- Up-to-date: /workspaces/2026-rover-code/src/install/telemetry_interface/include/telemetry_interface/telemetry_interface/msg/detail/control_message__traits.hpp
[1.759s] -- Up-to-date: /workspaces/2026-rover-code/src/install/telemetry_interface/include/telemetry_interface/telemetry_interface/msg/detail/control_message__type_support.hpp
[1.760s] -- Up-to-date: /workspaces/2026-rover-code/src/install/telemetry_interface/include/telemetry_interface/telemetry_interface/msg/detail/o_drive_status__struct.hpp
[1.762s] -- Up-to-date: /workspaces/2026-rover-code/src/install/telemetry_interface/include/telemetry_interface/telemetry_interface/msg/detail/controller_status__struct.hpp
[1.763s] -- Up-to-date: /workspaces/2026-rover-code/src/install/telemetry_interface/include/telemetry_interface/telemetry_interface/msg/detail/telemetry_data__traits.hpp
[1.765s] -- Up-to-date: /workspaces/2026-rover-code/src/install/telemetry_interface/include/telemetry_interface/telemetry_interface/msg/detail/o_drive_status__traits.hpp
[1.767s] -- Up-to-date: /workspaces/2026-rover-code/src/install/telemetry_interface/include/telemetry_interface/telemetry_interface/msg/detail/control_message__struct.hpp
[1.769s] -- Up-to-date: /workspaces/2026-rover-code/src/install/telemetry_interface/include/telemetry_interface/telemetry_interface/msg/detail/telemetry__builder.hpp
[1.771s] -- Up-to-date: /workspaces/2026-rover-code/src/install/telemetry_interface/include/telemetry_interface/telemetry_interface/msg/detail/telemetry__struct.hpp
[1.772s] -- Up-to-date: /workspaces/2026-rover-code/src/install/telemetry_interface/include/telemetry_interface/telemetry_interface/msg/detail/controller_status__traits.hpp
[1.774s] -- Up-to-date: /workspaces/2026-rover-code/src/install/telemetry_interface/include/telemetry_interface/telemetry_interface/msg/detail/control_message__builder.hpp
[1.775s] -- Up-to-date: /workspaces/2026-rover-code/src/install/telemetry_interface/include/telemetry_interface/telemetry_interface
[1.776s] -- Up-to-date: /workspaces/2026-rover-code/src/install/telemetry_interface/include/telemetry_interface/telemetry_interface/msg
[1.778s] -- Up-to-date: /workspaces/2026-rover-code/src/install/telemetry_interface/include/telemetry_interface/telemetry_interface/msg/rosidl_typesupport_fastrtps_cpp__visibility_control.h
[1.780s] -- Up-to-date: /workspaces/2026-rover-code/src/install/telemetry_interface/include/telemetry_interface/telemetry_interface/msg/detail
[1.781s] -- Up-to-date: /workspaces/2026-rover-code/src/install/telemetry_interface/include/telemetry_interface/telemetry_interface/msg/detail/telemetry__rosidl_typesupport_fastrtps_cpp.hpp
[1.783s] -- Up-to-date: /workspaces/2026-rover-code/src/install/telemetry_interface/include/telemetry_interface/telemetry_interface/msg/detail/controller_status__rosidl_typesupport_fastrtps_cpp.hpp
[1.784s] -- Up-to-date: /workspaces/2026-rover-code/src/install/telemetry_interface/include/telemetry_interface/telemetry_interface/msg/detail/telemetry_data__rosidl_typesupport_fastrtps_cpp.hpp
[1.786s] -- Up-to-date: /workspaces/2026-rover-code/src/install/telemetry_interface/include/telemetry_interface/telemetry_interface/msg/detail/control_message__rosidl_typesupport_fastrtps_cpp.hpp
[1.787s] -- Up-to-date: /workspaces/2026-rover-code/src/install/telemetry_interface/include/telemetry_interface/telemetry_interface/msg/detail/dds_fastrtps
[1.789s] -- Up-to-date: /workspaces/2026-rover-code/src/install/telemetry_interface/include/telemetry_interface/telemetry_interface/msg/detail/o_drive_status__rosidl_typesupport_fastrtps_cpp.hpp
[1.790s] -- Up-to-date: /workspaces/2026-rover-code/src/install/telemetry_interface/lib/libtelemetry_interface__rosidl_typesupport_fastrtps_cpp.so
[1.792s] -- Up-to-date: /workspaces/2026-rover-code/src/install/telemetry_interface/include/telemetry_interface/telemetry_interface
[1.793s] -- Up-to-date: /workspaces/2026-rover-code/src/install/telemetry_interface/include/telemetry_interface/telemetry_interface/msg
[1.795s] -- Up-to-date: /workspaces/2026-rover-code/src/install/telemetry_interface/include/telemetry_interface/telemetry_interface/msg/detail
[1.797s] -- Up-to-date: /workspaces/2026-rover-code/src/install/telemetry_interface/include/telemetry_interface/telemetry_interface/msg/detail/telemetry__type_support.cpp
[1.798s] -- Up-to-date: /workspaces/2026-rover-code/src/install/telemetry_interface/include/telemetry_interface/telemetry_interface/msg/detail/control_message__rosidl_typesupport_introspection_cpp.hpp
[1.800s] -- Up-to-date: /workspaces/2026-rover-code/src/install/telemetry_interface/include/telemetry_interface/telemetry_interface/msg/detail/telemetry_data__rosidl_typesupport_introspection_cpp.hpp
[1.801s] -- Up-to-date: /workspaces/2026-rover-code/src/install/telemetry_interface/include/telemetry_interface/telemetry_interface/msg/detail/o_drive_status__type_support.cpp
[1.803s] -- Up-to-date: /workspaces/2026-rover-code/src/install/telemetry_interface/include/telemetry_interface/telemetry_interface/msg/detail/o_drive_status__rosidl_typesupport_introspection_cpp.hpp
[1.804s] -- Up-to-date: /workspaces/2026-rover-code/src/install/telemetry_interface/include/telemetry_interface/telemetry_interface/msg/detail/controller_status__type_support.cpp
[1.806s] -- Up-to-date: /workspaces/2026-rover-code/src/install/telemetry_interface/include/telemetry_interface/telemetry_interface/msg/detail/control_message__type_support.cpp
[1.807s] -- Up-to-date: /workspaces/2026-rover-code/src/install/telemetry_interface/include/telemetry_interface/telemetry_interface/msg/detail/telemetry__rosidl_typesupport_introspection_cpp.hpp
[1.809s] -- Up-to-date: /workspaces/2026-rover-code/src/install/telemetry_interface/include/telemetry_interface/telemetry_interface/msg/detail/telemetry_data__type_support.cpp
[1.810s] -- Up-to-date: /workspaces/2026-rover-code/src/install/telemetry_interface/include/telemetry_interface/telemetry_interface/msg/detail/controller_status__rosidl_typesupport_introspection_cpp.hpp
[1.811s] -- Up-to-date: /workspaces/2026-rover-code/src/install/telemetry_interface/lib/libtelemetry_interface__rosidl_typesupport_introspection_cpp.so
[1.812s] -- Up-to-date: /workspaces/2026-rover-code/src/install/telemetry_interface/lib/libtelemetry_interface__rosidl_typesupport_cpp.so
[1.814s] -- Up-to-date: /workspaces/2026-rover-code/src/install/telemetry_interface/share/telemetry_interface/environment/pythonpath.sh
[1.815s] -- Up-to-date: /workspaces/2026-rover-code/src/install/telemetry_interface/share/telemetry_interface/environment/pythonpath.dsv
[1.817s] -- Up-to-date: /workspaces/2026-rover-code/src/install/telemetry_interface/local/lib/python3.10/dist-packages/telemetry_interface-0.0.0-py3.10.egg-info
[1.819s] -- Installing: /workspaces/2026-rover-code/src/install/telemetry_interface/local/lib/python3.10/dist-packages/telemetry_interface-0.0.0-py3.10.egg-info/top_level.txt
[1.821s] -- Installing: /workspaces/2026-rover-code/src/install/telemetry_interface/local/lib/python3.10/dist-packages/telemetry_interface-0.0.0-py3.10.egg-info/PKG-INFO
[1.822s] -- Installing: /workspaces/2026-rover-code/src/install/telemetry_interface/local/lib/python3.10/dist-packages/telemetry_interface-0.0.0-py3.10.egg-info/dependency_links.txt
[1.825s] -- Installing: /workspaces/2026-rover-code/src/install/telemetry_interface/local/lib/python3.10/dist-packages/telemetry_interface-0.0.0-py3.10.egg-info/SOURCES.txt
[1.826s] -- Up-to-date: /workspaces/2026-rover-code/src/install/telemetry_interface/local/lib/python3.10/dist-packages/telemetry_interface
[1.828s] -- Up-to-date: /workspaces/2026-rover-code/src/install/telemetry_interface/local/lib/python3.10/dist-packages/telemetry_interface/_telemetry_interface_s.ep.rosidl_typesupport_fastrtps_c.c
[1.829s] -- Up-to-date: /workspaces/2026-rover-code/src/install/telemetry_interface/local/lib/python3.10/dist-packages/telemetry_interface/telemetry_interface_s__rosidl_typesupport_introspection_c.cpython-310-x86_64-linux-gnu.so
[1.831s] -- Up-to-date: /workspaces/2026-rover-code/src/install/telemetry_interface/local/lib/python3.10/dist-packages/telemetry_interface/telemetry_interface_s__rosidl_typesupport_c.cpython-310-x86_64-linux-gnu.so
[1.832s] -- Up-to-date: /workspaces/2026-rover-code/src/install/telemetry_interface/local/lib/python3.10/dist-packages/telemetry_interface/_telemetry_interface_s.ep.rosidl_typesupport_introspection_c.c
[1.833s] -- Up-to-date: /workspaces/2026-rover-code/src/install/telemetry_interface/local/lib/python3.10/dist-packages/telemetry_interface/__init__.py
[1.835s] -- Up-to-date: /workspaces/2026-rover-code/src/install/telemetry_interface/local/lib/python3.10/dist-packages/telemetry_interface/_telemetry_interface_s.ep.rosidl_typesupport_c.c
[1.837s] -- Up-to-date: /workspaces/2026-rover-code/src/install/telemetry_interface/local/lib/python3.10/dist-packages/telemetry_interface/libtelemetry_interface__rosidl_generator_py.so
[1.839s] -- Up-to-date: /workspaces/2026-rover-code/src/install/telemetry_interface/local/lib/python3.10/dist-packages/telemetry_interface/telemetry_interface_s__rosidl_typesupport_fastrtps_c.cpython-310-x86_64-linux-gnu.so
[1.841s] -- Up-to-date: /workspaces/2026-rover-code/src/install/telemetry_interface/local/lib/python3.10/dist-packages/telemetry_interface/msg
[1.849s] -- Up-to-date: /workspaces/2026-rover-code/src/install/telemetry_interface/local/lib/python3.10/dist-packages/telemetry_interface/msg/_telemetry_data_s.c
[1.851s] -- Up-to-date: /workspaces/2026-rover-code/src/install/telemetry_interface/local/lib/python3.10/dist-packages/telemetry_interface/msg/_o_drive_status_s.c
[1.852s] -- Up-to-date: /workspaces/2026-rover-code/src/install/telemetry_interface/local/lib/python3.10/dist-packages/telemetry_interface/msg/_control_message_s.c
[1.853s] -- Up-to-date: /workspaces/2026-rover-code/src/install/telemetry_interface/local/lib/python3.10/dist-packages/telemetry_interface/msg/_telemetry_s.c
[1.854s] -- Up-to-date: /workspaces/2026-rover-code/src/install/telemetry_interface/local/lib/python3.10/dist-packages/telemetry_interface/msg/__init__.py
[1.856s] -- Up-to-date: /workspaces/2026-rover-code/src/install/telemetry_interface/local/lib/python3.10/dist-packages/telemetry_interface/msg/_telemetry_data.py
[1.857s] -- Up-to-date: /workspaces/2026-rover-code/src/install/telemetry_interface/local/lib/python3.10/dist-packages/telemetry_interface/msg/_telemetry.py
[1.859s] -- Up-to-date: /workspaces/2026-rover-code/src/install/telemetry_interface/local/lib/python3.10/dist-packages/telemetry_interface/msg/_controller_status.py
[1.860s] -- Up-to-date: /workspaces/2026-rover-code/src/install/telemetry_interface/local/lib/python3.10/dist-packages/telemetry_interface/msg/_control_message.py
[1.862s] -- Up-to-date: /workspaces/2026-rover-code/src/install/telemetry_interface/local/lib/python3.10/dist-packages/telemetry_interface/msg/_controller_status_s.c
[1.863s] -- Up-to-date: /workspaces/2026-rover-code/src/install/telemetry_interface/local/lib/python3.10/dist-packages/telemetry_interface/msg/_o_drive_status.py
[1.914s] Listing '/workspaces/2026-rover-code/src/install/telemetry_interface/local/lib/python3.10/dist-packages/telemetry_interface'...
[1.918s] Listing '/workspaces/2026-rover-code/src/install/telemetry_interface/local/lib/python3.10/dist-packages/telemetry_interface/msg'...
[1.928s] -- Up-to-date: /workspaces/2026-rover-code/src/install/telemetry_interface/local/lib/python3.10/dist-packages/telemetry_interface/telemetry_interface_s__rosidl_typesupport_fastrtps_c.cpython-310-x86_64-linux-gnu.so
[1.931s] -- Up-to-date: /workspaces/2026-rover-code/src/install/telemetry_interface/local/lib/python3.10/dist-packages/telemetry_interface/telemetry_interface_s__rosidl_typesupport_introspection_c.cpython-310-x86_64-linux-gnu.so
[1.934s] -- Up-to-date: /workspaces/2026-rover-code/src/install/telemetry_interface/local/lib/python3.10/dist-packages/telemetry_interface/telemetry_interface_s__rosidl_typesupport_c.cpython-310-x86_64-linux-gnu.so
[1.939s] -- Up-to-date: /workspaces/2026-rover-code/src/install/telemetry_interface/lib/libtelemetry_interface__rosidl_generator_py.so
[1.941s] -- Up-to-date: /workspaces/2026-rover-code/src/install/telemetry_interface/share/ament_index/resource_index/rust_packages/telemetry_interface
[1.943s] -- Up-to-date: /workspaces/2026-rover-code/src/install/telemetry_interface/share/telemetry_interface/rust
[1.945s] -- Up-to-date: /workspaces/2026-rover-code/src/install/telemetry_interface/share/telemetry_interface/rust/Cargo.toml
[1.945s] -- Up-to-date: /workspaces/2026-rover-code/src/install/telemetry_interface/share/telemetry_interface/rust/src
[1.948s] -- Up-to-date: /workspaces/2026-rover-code/src/install/telemetry_interface/share/telemetry_interface/rust/src/lib.rs
[1.948s] -- Up-to-date: /workspaces/2026-rover-code/src/install/telemetry_interface/share/telemetry_interface/rust/src/msg
[1.950s] -- Up-to-date: /workspaces/2026-rover-code/src/install/telemetry_interface/share/telemetry_interface/rust/src/msg/rmw.rs
[1.951s] -- Up-to-date: /workspaces/2026-rover-code/src/install/telemetry_interface/share/telemetry_interface/rust/src/msg.rs
[1.952s] -- Up-to-date: /workspaces/2026-rover-code/src/install/telemetry_interface/share/telemetry_interface/rust/build.rs
[1.955s] -- Up-to-date: /workspaces/2026-rover-code/src/install/telemetry_interface/share/telemetry_interface/msg/ControllerStatus.idl
[1.956s] -- Up-to-date: /workspaces/2026-rover-code/src/install/telemetry_interface/share/telemetry_interface/msg/ControlMessage.idl
[1.958s] -- Up-to-date: /workspaces/2026-rover-code/src/install/telemetry_interface/share/telemetry_interface/msg/ODriveStatus.idl
[1.959s] -- Up-to-date: /workspaces/2026-rover-code/src/install/telemetry_interface/share/telemetry_interface/msg/TelemetryData.idl
[1.960s] -- Up-to-date: /workspaces/2026-rover-code/src/install/telemetry_interface/share/telemetry_interface/msg/ControllerStatus.msg
[1.960s] -- Up-to-date: /workspaces/2026-rover-code/src/install/telemetry_interface/share/telemetry_interface/msg/ControlMessage.msg
[1.961s] -- Up-to-date: /workspaces/2026-rover-code/src/install/telemetry_interface/share/telemetry_interface/msg/ODriveStatus.msg
[1.964s] -- Up-to-date: /workspaces/2026-rover-code/src/install/telemetry_interface/share/telemetry_interface/msg/TelemetryData.msg
[1.965s] -- Up-to-date: /workspaces/2026-rover-code/src/install/telemetry_interface/share/ament_index/resource_index/package_run_dependencies/telemetry_interface
[1.966s] -- Up-to-date: /workspaces/2026-rover-code/src/install/telemetry_interface/share/ament_index/resource_index/parent_prefix_path/telemetry_interface
[1.967s] -- Up-to-date: /workspaces/2026-rover-code/src/install/telemetry_interface/share/telemetry_interface/environment/ament_prefix_path.sh
[1.968s] -- Up-to-date: /workspaces/2026-rover-code/src/install/telemetry_interface/share/telemetry_interface/environment/ament_prefix_path.dsv
[1.969s] -- Up-to-date: /workspaces/2026-rover-code/src/install/telemetry_interface/share/telemetry_interface/environment/path.sh
[1.971s] -- Up-to-date: /workspaces/2026-rover-code/src/install/telemetry_interface/share/telemetry_interface/environment/path.dsv
[1.972s] -- Up-to-date: /workspaces/2026-rover-code/src/install/telemetry_interface/share/telemetry_interface/local_setup.bash
[1.973s] -- Up-to-date: /workspaces/2026-rover-code/src/install/telemetry_interface/share/telemetry_interface/local_setup.sh
[1.974s] -- Up-to-date: /workspaces/2026-rover-code/src/install/telemetry_interface/share/telemetry_interface/local_setup.zsh
[1.975s] -- Up-to-date: /workspaces/2026-rover-code/src/install/telemetry_interface/share/telemetry_interface/local_setup.dsv
[1.977s] -- Installing: /workspaces/2026-rover-code/src/install/telemetry_interface/share/telemetry_interface/package.dsv
[1.978s] -- Up-to-date: /workspaces/2026-rover-code/src/install/telemetry_interface/share/ament_index/resource_index/packages/telemetry_interface
[1.979s] -- Up-to-date: /workspaces/2026-rover-code/src/install/telemetry_interface/share/telemetry_interface/cmake/export_telemetry_interface__rosidl_generator_cExport.cmake
[1.980s] -- Up-to-date: /workspaces/2026-rover-code/src/install/telemetry_interface/share/telemetry_interface/cmake/export_telemetry_interface__rosidl_generator_cExport-noconfig.cmake
[1.981s] -- Up-to-date: /workspaces/2026-rover-code/src/install/telemetry_interface/share/telemetry_interface/cmake/export_telemetry_interface__rosidl_typesupport_fastrtps_cExport.cmake
[1.982s] -- Up-to-date: /workspaces/2026-rover-code/src/install/telemetry_interface/share/telemetry_interface/cmake/export_telemetry_interface__rosidl_typesupport_fastrtps_cExport-noconfig.cmake
[1.983s] -- Up-to-date: /workspaces/2026-rover-code/src/install/telemetry_interface/share/telemetry_interface/cmake/telemetry_interface__rosidl_typesupport_introspection_cExport.cmake
[1.984s] -- Up-to-date: /workspaces/2026-rover-code/src/install/telemetry_interface/share/telemetry_interface/cmake/telemetry_interface__rosidl_typesupport_introspection_cExport-noconfig.cmake
[1.985s] -- Up-to-date: /workspaces/2026-rover-code/src/install/telemetry_interface/share/telemetry_interface/cmake/telemetry_interface__rosidl_typesupport_cExport.cmake
[1.986s] -- Up-to-date: /workspaces/2026-rover-code/src/install/telemetry_interface/share/telemetry_interface/cmake/telemetry_interface__rosidl_typesupport_cExport-noconfig.cmake
[1.987s] -- Up-to-date: /workspaces/2026-rover-code/src/install/telemetry_interface/share/telemetry_interface/cmake/export_telemetry_interface__rosidl_generator_cppExport.cmake
[1.991s] -- Up-to-date: /workspaces/2026-rover-code/src/install/telemetry_interface/share/telemetry_interface/cmake/export_telemetry_interface__rosidl_typesupport_fastrtps_cppExport.cmake
[1.992s] -- Up-to-date: /workspaces/2026-rover-code/src/install/telemetry_interface/share/telemetry_interface/cmake/export_telemetry_interface__rosidl_typesupport_fastrtps_cppExport-noconfig.cmake
[1.993s] -- Up-to-date: /workspaces/2026-rover-code/src/install/telemetry_interface/share/telemetry_interface/cmake/telemetry_interface__rosidl_typesupport_introspection_cppExport.cmake
[1.994s] -- Up-to-date: /workspaces/2026-rover-code/src/install/telemetry_interface/share/telemetry_interface/cmake/telemetry_interface__rosidl_typesupport_introspection_cppExport-noconfig.cmake
[1.996s] -- Up-to-date: /workspaces/2026-rover-code/src/install/telemetry_interface/share/telemetry_interface/cmake/telemetry_interface__rosidl_typesupport_cppExport.cmake
[1.997s] -- Up-to-date: /workspaces/2026-rover-code/src/install/telemetry_interface/share/telemetry_interface/cmake/telemetry_interface__rosidl_typesupport_cppExport-noconfig.cmake
[1.999s] -- Up-to-date: /workspaces/2026-rover-code/src/install/telemetry_interface/share/telemetry_interface/cmake/export_telemetry_interface__rosidl_generator_pyExport.cmake
[2.000s] -- Up-to-date: /workspaces/2026-rover-code/src/install/telemetry_interface/share/telemetry_interface/cmake/export_telemetry_interface__rosidl_generator_pyExport-noconfig.cmake
[2.001s] -- Up-to-date: /workspaces/2026-rover-code/src/install/telemetry_interface/share/telemetry_interface/cmake/rosidl_cmake-extras.cmake
[2.002s] -- Up-to-date: /workspaces/2026-rover-code/src/install/telemetry_interface/share/telemetry_interface/cmake/ament_cmake_export_include_directories-extras.cmake
[2.003s] -- Up-to-date: /workspaces/2026-rover-code/src/install/telemetry_interface/share/telemetry_interface/cmake/ament_cmake_export_libraries-extras.cmake
[2.004s] -- Up-to-date: /workspaces/2026-rover-code/src/install/telemetry_interface/share/telemetry_interface/cmake/ament_cmake_export_targets-extras.cmake
[2.005s] -- Up-to-date: /workspaces/2026-rover-code/src/install/telemetry_interface/share/telemetry_interface/cmake/rosidl_cmake_export_typesupport_targets-extras.cmake
[2.006s] -- Up-to-date: /workspaces/2026-rover-code/src/install/telemetry_interface/share/telemetry_interface/cmake/ament_cmake_export_dependencies-extras.cmake
[2.007s] -- Up-to-date: /workspaces/2026-rover-code/src/install/telemetry_interface/share/telemetry_interface/cmake/rosidl_cmake_export_typesupport_libraries-extras.cmake
[2.008s] -- Up-to-date: /workspaces/2026-rover-code/src/install/telemetry_interface/share/telemetry_interface/cmake/rosidl_cmake_aggregate_target-extras.cmake
[2.010s] -- Up-to-date: /workspaces/2026-rover-code/src/install/telemetry_interface/share/telemetry_interface/cmake/telemetry_interfaceConfig.cmake
[2.012s] -- Up-to-date: /workspaces/2026-rover-code/src/install/telemetry_interface/share/telemetry_interface/cmake/telemetry_interfaceConfig-version.cmake
[2.013s] -- Up-to-date: /workspaces/2026-rover-code/src/install/telemetry_interface/share/telemetry_interface/package.xml
[2.022s] Invoked command in '/workspaces/2026-rover-code/src/build/telemetry_interface' returned '0': CMAKE_PREFIX_PATH=${CMAKE_PREFIX_PATH}:/workspaces/2026-rover-code/src/install/telemetry_pkg:/opt/ros/humble /usr/bin/cmake --install /workspaces/2026-rover-code/src/build/telemetry_interface
