[0.179s] DEBUG:colcon:Command line arguments: ['/usr/bin/colcon', 'build']
[0.180s] DEBUG:colcon:Parsed command line arguments: Namespace(log_base=None, log_level=None, verb_name='build', build_base='build', install_base='install', merge_install=False, symlink_install=False, test_result_base=None, continue_on_error=False, executor='parallel', parallel_workers=16, event_handlers=None, ignore_user_meta=False, metas=['./colcon.meta'], base_paths=['.'], packages_ignore=None, packages_ignore_regex=None, paths=None, packages_up_to=None, packages_up_to_regex=None, packages_above=None, packages_above_and_dependencies=None, packages_above_depth=None, packages_select_by_dep=None, packages_skip_by_dep=None, packages_skip_up_to=None, packages_select_build_failed=False, packages_skip_build_finished=False, packages_select_test_failures=False, packages_skip_test_passed=False, packages_select=None, packages_skip=None, packages_select_regex=None, packages_skip_regex=None, packages_start=None, packages_end=None, cmake_args=None, cmake_target=None, cmake_target_skip_unavailable=False, cmake_clean_cache=False, cmake_clean_first=False, cmake_force_configure=False, ament_cmake_args=None, catkin_cmake_args=None, catkin_skip_building_tests=False, mixin_files=None, mixin=None, verb_parser=<colcon_mixin.mixin.mixin_argument.MixinArgumentDecorator object at 0x7f71226002b0>, verb_extension=<colcon_core.verb.build.BuildVerb object at 0x7f71225d7ca0>, main=<bound method BuildVerb.main of <colcon_core.verb.build.BuildVerb object at 0x7f71225d7ca0>>, mixin_verb=('build',))
[0.417s] Level 1:colcon.colcon_core.package_discovery:discover_packages(colcon_meta) check parameters
[0.418s] Level 1:colcon.colcon_core.package_discovery:discover_packages(recursive) check parameters
[0.418s] Level 1:colcon.colcon_core.package_discovery:discover_packages(ignore) check parameters
[0.418s] Level 1:colcon.colcon_core.package_discovery:discover_packages(path) check parameters
[0.418s] Level 1:colcon.colcon_core.package_discovery:discover_packages(colcon_meta) discover
[0.418s] Level 1:colcon.colcon_core.package_discovery:discover_packages(recursive) discover
[0.419s] INFO:colcon.colcon_core.package_discovery:Crawling recursively for packages in '/workspaces/2026-rover-code/src'
[0.421s] Level 1:colcon.colcon_core.package_identification:_identify(.) by extensions ['ignore', 'ignore_ament_install']
[0.422s] Level 1:colcon.colcon_core.package_identification:_identify(.) by extension 'ignore'
[0.422s] Level 1:colcon.colcon_core.package_identification:_identify(.) by extension 'ignore_ament_install'
[0.423s] Level 1:colcon.colcon_core.package_identification:_identify(.) by extensions ['colcon_pkg']
[0.423s] Level 1:colcon.colcon_core.package_identification:_identify(.) by extension 'colcon_pkg'
[0.424s] Level 1:colcon.colcon_core.package_identification:_identify(.) by extensions ['colcon_meta']
[0.424s] Level 1:colcon.colcon_core.package_identification:_identify(.) by extension 'colcon_meta'
[0.424s] Level 1:colcon.colcon_core.package_identification:_identify(.) by extensions ['ros']
[0.424s] Level 1:colcon.colcon_core.package_identification:_identify(.) by extension 'ros'
[0.446s] Level 1:colcon.colcon_core.package_identification:_identify(.) by extensions ['cmake', 'python']
[0.447s] Level 1:colcon.colcon_core.package_identification:_identify(.) by extension 'cmake'
[0.447s] Level 1:colcon.colcon_core.package_identification:_identify(.) by extension 'python'
[0.447s] Level 1:colcon.colcon_core.package_identification:_identify(.) by extensions ['python_setup_py']
[0.447s] Level 1:colcon.colcon_core.package_identification:_identify(.) by extension 'python_setup_py'
[0.449s] Level 1:colcon.colcon_core.package_identification:_identify(build) by extensions ['ignore', 'ignore_ament_install']
[0.449s] Level 1:colcon.colcon_core.package_identification:_identify(build) by extension 'ignore'
[0.450s] Level 1:colcon.colcon_core.package_identification:_identify(build) ignored
[0.451s] Level 1:colcon.colcon_core.package_identification:_identify(install) by extensions ['ignore', 'ignore_ament_install']
[0.451s] Level 1:colcon.colcon_core.package_identification:_identify(install) by extension 'ignore'
[0.451s] Level 1:colcon.colcon_core.package_identification:_identify(install) ignored
[0.453s] Level 1:colcon.colcon_core.package_identification:_identify(log) by extensions ['ignore', 'ignore_ament_install']
[0.453s] Level 1:colcon.colcon_core.package_identification:_identify(log) by extension 'ignore'
[0.453s] Level 1:colcon.colcon_core.package_identification:_identify(log) ignored
[0.455s] Level 1:colcon.colcon_core.package_identification:_identify(telemetry_interface) by extensions ['ignore', 'ignore_ament_install']
[0.455s] Level 1:colcon.colcon_core.package_identification:_identify(telemetry_interface) by extension 'ignore'
[0.456s] Level 1:colcon.colcon_core.package_identification:_identify(telemetry_interface) by extension 'ignore_ament_install'
[0.456s] Level 1:colcon.colcon_core.package_identification:_identify(telemetry_interface) by extensions ['colcon_pkg']
[0.456s] Level 1:colcon.colcon_core.package_identification:_identify(telemetry_interface) by extension 'colcon_pkg'
[0.457s] Level 1:colcon.colcon_core.package_identification:_identify(telemetry_interface) by extensions ['colcon_meta']
[0.457s] Level 1:colcon.colcon_core.package_identification:_identify(telemetry_interface) by extension 'colcon_meta'
[0.457s] Level 1:colcon.colcon_core.package_identification:_identify(telemetry_interface) by extensions ['ros']
[0.458s] Level 1:colcon.colcon_core.package_identification:_identify(telemetry_interface) by extension 'ros'
[0.466s] DEBUG:colcon.colcon_core.package_identification:Package 'telemetry_interface' with type 'ros.ament_cmake' and name 'telemetry_interface'
[0.467s] Level 1:colcon.colcon_core.package_identification:_identify(telemetry_pkg) by extensions ['ignore', 'ignore_ament_install']
[0.468s] Level 1:colcon.colcon_core.package_identification:_identify(telemetry_pkg) by extension 'ignore'
[0.468s] Level 1:colcon.colcon_core.package_identification:_identify(telemetry_pkg) by extension 'ignore_ament_install'
[0.469s] Level 1:colcon.colcon_core.package_identification:_identify(telemetry_pkg) by extensions ['colcon_pkg']
[0.469s] Level 1:colcon.colcon_core.package_identification:_identify(telemetry_pkg) by extension 'colcon_pkg'
[0.469s] Level 1:colcon.colcon_core.package_identification:_identify(telemetry_pkg) by extensions ['colcon_meta']
[0.470s] Level 1:colcon.colcon_core.package_identification:_identify(telemetry_pkg) by extension 'colcon_meta'
[0.470s] Level 1:colcon.colcon_core.package_identification:_identify(telemetry_pkg) by extensions ['ros']
[0.470s] Level 1:colcon.colcon_core.package_identification:_identify(telemetry_pkg) by extension 'ros'
[0.474s] DEBUG:colcon.colcon_core.package_identification:Package 'telemetry_pkg' with type 'ros.ament_python' and name 'telemetry_pkg'
[0.474s] Level 1:colcon.colcon_core.package_discovery:discover_packages(recursive) using defaults
[0.475s] Level 1:colcon.colcon_core.package_discovery:discover_packages(ignore) discover
[0.475s] Level 1:colcon.colcon_core.package_discovery:discover_packages(ignore) using defaults
[0.475s] Level 1:colcon.colcon_core.package_discovery:discover_packages(path) discover
[0.475s] Level 1:colcon.colcon_core.package_discovery:discover_packages(path) using defaults
[0.518s] Level 5:colcon.colcon_core.verb:set package 'telemetry_interface' build argument 'cmake_args' from command line to 'None'
[0.518s] Level 5:colcon.colcon_core.verb:set package 'telemetry_interface' build argument 'cmake_target' from command line to 'None'
[0.519s] Level 5:colcon.colcon_core.verb:set package 'telemetry_interface' build argument 'cmake_target_skip_unavailable' from command line to 'False'
[0.519s] Level 5:colcon.colcon_core.verb:set package 'telemetry_interface' build argument 'cmake_clean_cache' from command line to 'False'
[0.520s] Level 5:colcon.colcon_core.verb:set package 'telemetry_interface' build argument 'cmake_clean_first' from command line to 'False'
[0.520s] Level 5:colcon.colcon_core.verb:set package 'telemetry_interface' build argument 'cmake_force_configure' from command line to 'False'
[0.521s] Level 5:colcon.colcon_core.verb:set package 'telemetry_interface' build argument 'ament_cmake_args' from command line to 'None'
[0.521s] Level 5:colcon.colcon_core.verb:set package 'telemetry_interface' build argument 'catkin_cmake_args' from command line to 'None'
[0.521s] Level 5:colcon.colcon_core.verb:set package 'telemetry_interface' build argument 'catkin_skip_building_tests' from command line to 'False'
[0.522s] DEBUG:colcon.colcon_core.verb:Building package 'telemetry_interface' with the following arguments: {'ament_cmake_args': None, 'build_base': '/workspaces/2026-rover-code/src/build/telemetry_interface', 'catkin_cmake_args': None, 'catkin_skip_building_tests': False, 'cmake_args': None, 'cmake_clean_cache': False, 'cmake_clean_first': False, 'cmake_force_configure': False, 'cmake_target': None, 'cmake_target_skip_unavailable': False, 'install_base': '/workspaces/2026-rover-code/src/install/telemetry_interface', 'merge_install': False, 'path': '/workspaces/2026-rover-code/src/telemetry_interface', 'symlink_install': False, 'test_result_base': None}
[0.523s] Level 5:colcon.colcon_core.verb:set package 'telemetry_pkg' build argument 'cmake_args' from command line to 'None'
[0.524s] Level 5:colcon.colcon_core.verb:set package 'telemetry_pkg' build argument 'cmake_target' from command line to 'None'
[0.524s] Level 5:colcon.colcon_core.verb:set package 'telemetry_pkg' build argument 'cmake_target_skip_unavailable' from command line to 'False'
[0.524s] Level 5:colcon.colcon_core.verb:set package 'telemetry_pkg' build argument 'cmake_clean_cache' from command line to 'False'
[0.524s] Level 5:colcon.colcon_core.verb:set package 'telemetry_pkg' build argument 'cmake_clean_first' from command line to 'False'
[0.524s] Level 5:colcon.colcon_core.verb:set package 'telemetry_pkg' build argument 'cmake_force_configure' from command line to 'False'
[0.525s] Level 5:colcon.colcon_core.verb:set package 'telemetry_pkg' build argument 'ament_cmake_args' from command line to 'None'
[0.525s] Level 5:colcon.colcon_core.verb:set package 'telemetry_pkg' build argument 'catkin_cmake_args' from command line to 'None'
[0.525s] Level 5:colcon.colcon_core.verb:set package 'telemetry_pkg' build argument 'catkin_skip_building_tests' from command line to 'False'
[0.525s] DEBUG:colcon.colcon_core.verb:Building package 'telemetry_pkg' with the following arguments: {'ament_cmake_args': None, 'build_base': '/workspaces/2026-rover-code/src/build/telemetry_pkg', 'catkin_cmake_args': None, 'catkin_skip_building_tests': False, 'cmake_args': None, 'cmake_clean_cache': False, 'cmake_clean_first': False, 'cmake_force_configure': False, 'cmake_target': None, 'cmake_target_skip_unavailable': False, 'install_base': '/workspaces/2026-rover-code/src/install/telemetry_pkg', 'merge_install': False, 'path': '/workspaces/2026-rover-code/src/telemetry_pkg', 'symlink_install': False, 'test_result_base': None}
[0.526s] INFO:colcon.colcon_core.executor:Executing jobs using 'parallel' executor
[0.529s] DEBUG:colcon.colcon_parallel_executor.executor.parallel:run_until_complete
[0.529s] INFO:colcon.colcon_ros.task.ament_cmake.build:Building ROS package in '/workspaces/2026-rover-code/src/telemetry_interface' with build type 'ament_cmake'
[0.530s] INFO:colcon.colcon_cmake.task.cmake.build:Building CMake package in '/workspaces/2026-rover-code/src/telemetry_interface'
[0.535s] INFO:colcon.colcon_core.plugin_system:Skipping extension 'colcon_core.shell.bat': Not used on non-Windows systems
[0.536s] INFO:colcon.colcon_core.shell:Skip shell extension 'powershell' for command environment: Not usable outside of PowerShell
[0.536s] DEBUG:colcon.colcon_core.shell:Skip shell extension 'dsv' for command environment
[0.554s] INFO:colcon.colcon_ros.task.ament_python.build:Building ROS package in '/workspaces/2026-rover-code/src/telemetry_pkg' with build type 'ament_python'
[0.555s] Level 1:colcon.colcon_core.shell:create_environment_hook('telemetry_pkg', 'ament_prefix_path')
[0.556s] INFO:colcon.colcon_core.shell:Creating environment hook '/workspaces/2026-rover-code/src/install/telemetry_pkg/share/telemetry_pkg/hook/ament_prefix_path.ps1'
[0.559s] INFO:colcon.colcon_core.shell:Creating environment descriptor '/workspaces/2026-rover-code/src/install/telemetry_pkg/share/telemetry_pkg/hook/ament_prefix_path.dsv'
[0.563s] INFO:colcon.colcon_core.shell:Creating environment hook '/workspaces/2026-rover-code/src/install/telemetry_pkg/share/telemetry_pkg/hook/ament_prefix_path.sh'
[0.570s] INFO:colcon.colcon_core.shell:Skip shell extension 'powershell' for command environment: Not usable outside of PowerShell
[0.570s] DEBUG:colcon.colcon_core.shell:Skip shell extension 'dsv' for command environment
[0.603s] DEBUG:colcon.colcon_core.event_handler.log_command:Invoking command in '/workspaces/2026-rover-code/src/build/telemetry_interface': CMAKE_PREFIX_PATH=${CMAKE_PREFIX_PATH}:/workspaces/2026-rover-code/src/install/telemetry_pkg:/opt/ros/humble /usr/bin/cmake --build /workspaces/2026-rover-code/src/build/telemetry_interface -- -j16 -l16
[1.268s] INFO:colcon.colcon_core.task.python.build:Building Python package in '/workspaces/2026-rover-code/src/telemetry_pkg'
[1.269s] INFO:colcon.colcon_core.shell:Skip shell extension 'powershell' for command environment: Not usable outside of PowerShell
[1.270s] DEBUG:colcon.colcon_core.shell:Skip shell extension 'dsv' for command environment
[2.036s] DEBUG:colcon.colcon_core.task.python.build:Available setuptools commands: develop, check, easy_install, build_clib, upload_docs, bdist_rpm, install_headers, setopt, test, build_ext, register, build, saveopts, bdist, dist_info, alias, install, egg_info, bdist_wheel, build_py, install_scripts, install_data, clean, bdist_dumb, symlink_data, bdist_egg, install_lib, sdist, upload, build_scripts, rotate, install_egg_info
[2.047s] DEBUG:colcon.colcon_core.event_handler.log_command:Invoking command in '/workspaces/2026-rover-code/src/telemetry_pkg': PYTHONPATH=/workspaces/2026-rover-code/src/build/telemetry_pkg/prefix_override:/usr/lib/python3/dist-packages/colcon_core/task/python/colcon_distutils_commands:/workspaces/2026-rover-code/src/install/telemetry_pkg/lib/python3.10/site-packages:${PYTHONPATH} /usr/bin/python3 -W ignore:setup.py install is deprecated -W ignore:easy_install command is deprecated setup.py egg_info --egg-base ../build/telemetry_pkg build --build-base /workspaces/2026-rover-code/src/build/telemetry_pkg/build install --record /workspaces/2026-rover-code/src/build/telemetry_pkg/install.log --install-scripts $base/lib/telemetry_pkg --single-version-externally-managed install_data
[2.491s] DEBUG:colcon.colcon_core.event_handler.log_command:Invoked command in '/workspaces/2026-rover-code/src/build/telemetry_interface' returned '0': CMAKE_PREFIX_PATH=${CMAKE_PREFIX_PATH}:/workspaces/2026-rover-code/src/install/telemetry_pkg:/opt/ros/humble /usr/bin/cmake --build /workspaces/2026-rover-code/src/build/telemetry_interface -- -j16 -l16
[2.523s] DEBUG:colcon.colcon_core.event_handler.log_command:Invoking command in '/workspaces/2026-rover-code/src/build/telemetry_interface': CMAKE_PREFIX_PATH=${CMAKE_PREFIX_PATH}:/workspaces/2026-rover-code/src/install/telemetry_pkg:/opt/ros/humble /usr/bin/cmake --install /workspaces/2026-rover-code/src/build/telemetry_interface
[2.699s] DEBUG:colcon.colcon_core.event_handler.log_command:Invoked command in '/workspaces/2026-rover-code/src/telemetry_pkg' returned '0': PYTHONPATH=/workspaces/2026-rover-code/src/build/telemetry_pkg/prefix_override:/usr/lib/python3/dist-packages/colcon_core/task/python/colcon_distutils_commands:/workspaces/2026-rover-code/src/install/telemetry_pkg/lib/python3.10/site-packages:${PYTHONPATH} /usr/bin/python3 -W ignore:setup.py install is deprecated -W ignore:easy_install command is deprecated setup.py egg_info --egg-base ../build/telemetry_pkg build --build-base /workspaces/2026-rover-code/src/build/telemetry_pkg/build install --record /workspaces/2026-rover-code/src/build/telemetry_pkg/install.log --install-scripts $base/lib/telemetry_pkg --single-version-externally-managed install_data
[2.704s] Level 1:colcon.colcon_core.environment:checking '/workspaces/2026-rover-code/src/install/telemetry_pkg' for CMake module files
[2.708s] Level 1:colcon.colcon_core.environment:checking '/workspaces/2026-rover-code/src/install/telemetry_pkg' for CMake config files
[2.716s] Level 1:colcon.colcon_core.environment:checking '/workspaces/2026-rover-code/src/install/telemetry_pkg/lib'
[2.717s] Level 1:colcon.colcon_core.environment:checking '/workspaces/2026-rover-code/src/install/telemetry_pkg/bin'
[2.718s] Level 1:colcon.colcon_core.environment:checking '/workspaces/2026-rover-code/src/install/telemetry_pkg/lib/pkgconfig/telemetry_pkg.pc'
[2.718s] Level 1:colcon.colcon_core.environment:checking '/workspaces/2026-rover-code/src/install/telemetry_pkg/lib/python3.10/site-packages'
[2.719s] Level 1:colcon.colcon_core.shell:create_environment_hook('telemetry_pkg', 'pythonpath')
[2.719s] INFO:colcon.colcon_core.shell:Creating environment hook '/workspaces/2026-rover-code/src/install/telemetry_pkg/share/telemetry_pkg/hook/pythonpath.ps1'
[2.721s] INFO:colcon.colcon_core.shell:Creating environment descriptor '/workspaces/2026-rover-code/src/install/telemetry_pkg/share/telemetry_pkg/hook/pythonpath.dsv'
[2.722s] INFO:colcon.colcon_core.shell:Creating environment hook '/workspaces/2026-rover-code/src/install/telemetry_pkg/share/telemetry_pkg/hook/pythonpath.sh'
[2.724s] Level 1:colcon.colcon_core.environment:checking '/workspaces/2026-rover-code/src/install/telemetry_pkg/bin'
[2.724s] Level 1:colcon.colcon_core.environment:create_environment_scripts_only(telemetry_pkg)
[2.725s] INFO:colcon.colcon_core.shell:Creating package script '/workspaces/2026-rover-code/src/install/telemetry_pkg/share/telemetry_pkg/package.ps1'
[2.727s] INFO:colcon.colcon_core.shell:Creating package descriptor '/workspaces/2026-rover-code/src/install/telemetry_pkg/share/telemetry_pkg/package.dsv'
[2.729s] INFO:colcon.colcon_core.shell:Creating package script '/workspaces/2026-rover-code/src/install/telemetry_pkg/share/telemetry_pkg/package.sh'
[2.731s] INFO:colcon.colcon_core.shell:Creating package script '/workspaces/2026-rover-code/src/install/telemetry_pkg/share/telemetry_pkg/package.bash'
[2.732s] INFO:colcon.colcon_core.shell:Creating package script '/workspaces/2026-rover-code/src/install/telemetry_pkg/share/telemetry_pkg/package.zsh'
[2.734s] Level 1:colcon.colcon_core.environment:create_file_with_runtime_dependencies(/workspaces/2026-rover-code/src/install/telemetry_pkg/share/colcon-core/packages/telemetry_pkg)
[2.857s] Level 1:colcon.colcon_core.environment:create_environment_scripts_only(telemetry_interface)
[2.858s] Level 1:colcon.colcon_core.environment:checking '/workspaces/2026-rover-code/src/install/telemetry_interface' for CMake module files
[2.859s] DEBUG:colcon.colcon_core.event_handler.log_command:Invoked command in '/workspaces/2026-rover-code/src/build/telemetry_interface' returned '0': CMAKE_PREFIX_PATH=${CMAKE_PREFIX_PATH}:/workspaces/2026-rover-code/src/install/telemetry_pkg:/opt/ros/humble /usr/bin/cmake --install /workspaces/2026-rover-code/src/build/telemetry_interface
[2.864s] Level 1:colcon.colcon_core.environment:checking '/workspaces/2026-rover-code/src/install/telemetry_interface' for CMake config files
[2.867s] Level 1:colcon.colcon_core.shell:create_environment_hook('telemetry_interface', 'cmake_prefix_path')
[2.868s] INFO:colcon.colcon_core.shell:Creating environment hook '/workspaces/2026-rover-code/src/install/telemetry_interface/share/telemetry_interface/hook/cmake_prefix_path.ps1'
[2.870s] INFO:colcon.colcon_core.shell:Creating environment descriptor '/workspaces/2026-rover-code/src/install/telemetry_interface/share/telemetry_interface/hook/cmake_prefix_path.dsv'
[2.871s] INFO:colcon.colcon_core.shell:Creating environment hook '/workspaces/2026-rover-code/src/install/telemetry_interface/share/telemetry_interface/hook/cmake_prefix_path.sh'
[2.874s] Level 1:colcon.colcon_core.environment:checking '/workspaces/2026-rover-code/src/install/telemetry_interface/lib'
[2.874s] Level 1:colcon.colcon_core.shell:create_environment_hook('telemetry_interface', 'ld_library_path_lib')
[2.875s] INFO:colcon.colcon_core.shell:Creating environment hook '/workspaces/2026-rover-code/src/install/telemetry_interface/share/telemetry_interface/hook/ld_library_path_lib.ps1'
[2.876s] INFO:colcon.colcon_core.shell:Creating environment descriptor '/workspaces/2026-rover-code/src/install/telemetry_interface/share/telemetry_interface/hook/ld_library_path_lib.dsv'
[2.878s] INFO:colcon.colcon_core.shell:Creating environment hook '/workspaces/2026-rover-code/src/install/telemetry_interface/share/telemetry_interface/hook/ld_library_path_lib.sh'
[2.879s] Level 1:colcon.colcon_core.environment:checking '/workspaces/2026-rover-code/src/install/telemetry_interface/bin'
[2.880s] Level 1:colcon.colcon_core.environment:checking '/workspaces/2026-rover-code/src/install/telemetry_interface/lib/pkgconfig/telemetry_interface.pc'
[2.881s] Level 1:colcon.colcon_core.environment:checking '/workspaces/2026-rover-code/src/install/telemetry_interface/lib/python3.10/site-packages'
[2.881s] Level 1:colcon.colcon_core.environment:checking '/workspaces/2026-rover-code/src/install/telemetry_interface/bin'
[2.882s] INFO:colcon.colcon_core.shell:Creating package script '/workspaces/2026-rover-code/src/install/telemetry_interface/share/telemetry_interface/package.ps1'
[2.884s] INFO:colcon.colcon_core.shell:Creating package descriptor '/workspaces/2026-rover-code/src/install/telemetry_interface/share/telemetry_interface/package.dsv'
[2.885s] INFO:colcon.colcon_core.shell:Creating package script '/workspaces/2026-rover-code/src/install/telemetry_interface/share/telemetry_interface/package.sh'
[2.887s] INFO:colcon.colcon_core.shell:Creating package script '/workspaces/2026-rover-code/src/install/telemetry_interface/share/telemetry_interface/package.bash'
[2.888s] INFO:colcon.colcon_core.shell:Creating package script '/workspaces/2026-rover-code/src/install/telemetry_interface/share/telemetry_interface/package.zsh'
[2.890s] Level 1:colcon.colcon_core.environment:create_file_with_runtime_dependencies(/workspaces/2026-rover-code/src/install/telemetry_interface/share/colcon-core/packages/telemetry_interface)
[2.893s] Level 1:colcon.colcon_core.environment:create_environment_scripts_only(telemetry_interface)
[2.893s] Level 1:colcon.colcon_core.environment:checking '/workspaces/2026-rover-code/src/install/telemetry_interface' for CMake module files
[2.898s] Level 1:colcon.colcon_core.environment:checking '/workspaces/2026-rover-code/src/install/telemetry_interface' for CMake config files
[2.900s] Level 1:colcon.colcon_core.shell:create_environment_hook('telemetry_interface', 'cmake_prefix_path')
[2.901s] INFO:colcon.colcon_core.shell:Creating environment hook '/workspaces/2026-rover-code/src/install/telemetry_interface/share/telemetry_interface/hook/cmake_prefix_path.ps1'
[2.902s] INFO:colcon.colcon_core.shell:Creating environment descriptor '/workspaces/2026-rover-code/src/install/telemetry_interface/share/telemetry_interface/hook/cmake_prefix_path.dsv'
[2.904s] INFO:colcon.colcon_core.shell:Creating environment hook '/workspaces/2026-rover-code/src/install/telemetry_interface/share/telemetry_interface/hook/cmake_prefix_path.sh'
[2.907s] Level 1:colcon.colcon_core.environment:checking '/workspaces/2026-rover-code/src/install/telemetry_interface/lib'
[2.907s] Level 1:colcon.colcon_core.shell:create_environment_hook('telemetry_interface', 'ld_library_path_lib')
[2.908s] INFO:colcon.colcon_core.shell:Creating environment hook '/workspaces/2026-rover-code/src/install/telemetry_interface/share/telemetry_interface/hook/ld_library_path_lib.ps1'
[2.909s] INFO:colcon.colcon_core.shell:Creating environment descriptor '/workspaces/2026-rover-code/src/install/telemetry_interface/share/telemetry_interface/hook/ld_library_path_lib.dsv'
[2.911s] INFO:colcon.colcon_core.shell:Creating environment hook '/workspaces/2026-rover-code/src/install/telemetry_interface/share/telemetry_interface/hook/ld_library_path_lib.sh'
[2.912s] Level 1:colcon.colcon_core.environment:checking '/workspaces/2026-rover-code/src/install/telemetry_interface/bin'
[2.913s] Level 1:colcon.colcon_core.environment:checking '/workspaces/2026-rover-code/src/install/telemetry_interface/lib/pkgconfig/telemetry_interface.pc'
[2.913s] Level 1:colcon.colcon_core.environment:checking '/workspaces/2026-rover-code/src/install/telemetry_interface/lib/python3.10/site-packages'
[2.914s] Level 1:colcon.colcon_core.environment:checking '/workspaces/2026-rover-code/src/install/telemetry_interface/bin'
[2.915s] INFO:colcon.colcon_core.shell:Creating package script '/workspaces/2026-rover-code/src/install/telemetry_interface/share/telemetry_interface/package.ps1'
[2.917s] INFO:colcon.colcon_core.shell:Creating package descriptor '/workspaces/2026-rover-code/src/install/telemetry_interface/share/telemetry_interface/package.dsv'
[2.919s] INFO:colcon.colcon_core.shell:Creating package script '/workspaces/2026-rover-code/src/install/telemetry_interface/share/telemetry_interface/package.sh'
[2.920s] INFO:colcon.colcon_core.shell:Creating package script '/workspaces/2026-rover-code/src/install/telemetry_interface/share/telemetry_interface/package.bash'
[2.922s] INFO:colcon.colcon_core.shell:Creating package script '/workspaces/2026-rover-code/src/install/telemetry_interface/share/telemetry_interface/package.zsh'
[2.924s] Level 1:colcon.colcon_core.environment:create_file_with_runtime_dependencies(/workspaces/2026-rover-code/src/install/telemetry_interface/share/colcon-core/packages/telemetry_interface)
[2.925s] DEBUG:colcon.colcon_parallel_executor.executor.parallel:closing loop
[2.926s] DEBUG:colcon.colcon_parallel_executor.executor.parallel:loop closed
[2.926s] DEBUG:colcon.colcon_parallel_executor.executor.parallel:run_until_complete finished with '0'
[2.926s] DEBUG:colcon.colcon_core.event_reactor:joining thread
[2.962s] INFO:colcon.colcon_core.plugin_system:Skipping extension 'colcon_notification.desktop_notification.notify_send': Could not find 'notify-send'
[2.962s] INFO:colcon.colcon_core.plugin_system:Skipping extension 'colcon_notification.desktop_notification.terminal_notifier': Not used on non-Darwin systems
[2.963s] INFO:colcon.colcon_core.plugin_system:Skipping extension 'colcon_notification.desktop_notification.win32': Not used on non-Windows systems
[2.963s] INFO:colcon.colcon_notification.desktop_notification:Sending desktop notification using 'notify2'
[2.975s] DEBUG:colcon.colcon_notification.desktop_notification.notify2:Failed to initialize notify2: org.freedesktop.DBus.Error.ServiceUnknown: The name org.freedesktop.Notifications was not provided by any .service files
[2.976s] DEBUG:colcon.colcon_core.event_reactor:joined thread
[2.977s] INFO:colcon.colcon_core.shell:Creating prefix script '/workspaces/2026-rover-code/src/install/local_setup.ps1'
[2.980s] INFO:colcon.colcon_core.shell:Creating prefix util module '/workspaces/2026-rover-code/src/install/_local_setup_util_ps1.py'
[2.982s] INFO:colcon.colcon_core.shell:Creating prefix chain script '/workspaces/2026-rover-code/src/install/setup.ps1'
[2.987s] INFO:colcon.colcon_core.shell:Creating prefix script '/workspaces/2026-rover-code/src/install/local_setup.sh'
[2.989s] INFO:colcon.colcon_core.shell:Creating prefix util module '/workspaces/2026-rover-code/src/install/_local_setup_util_sh.py'
[2.991s] INFO:colcon.colcon_core.shell:Creating prefix chain script '/workspaces/2026-rover-code/src/install/setup.sh'
[2.995s] INFO:colcon.colcon_core.shell:Creating prefix script '/workspaces/2026-rover-code/src/install/local_setup.bash'
[2.996s] INFO:colcon.colcon_core.shell:Creating prefix chain script '/workspaces/2026-rover-code/src/install/setup.bash'
[3.000s] INFO:colcon.colcon_core.shell:Creating prefix script '/workspaces/2026-rover-code/src/install/local_setup.zsh'
[3.002s] INFO:colcon.colcon_core.shell:Creating prefix chain script '/workspaces/2026-rover-code/src/install/setup.zsh'
