[0.233s] DEBUG:colcon:Command line arguments: ['/usr/bin/colcon', 'build']
[0.234s] DEBUG:colcon:Parsed command line arguments: Namespace(log_base=None, log_level=None, verb_name='build', build_base='build', install_base='install', merge_install=False, symlink_install=False, test_result_base=None, continue_on_error=False, executor='parallel', parallel_workers=16, event_handlers=None, ignore_user_meta=False, metas=['./colcon.meta'], base_paths=['.'], packages_ignore=None, packages_ignore_regex=None, paths=None, packages_up_to=None, packages_up_to_regex=None, packages_above=None, packages_above_and_dependencies=None, packages_above_depth=None, packages_select_by_dep=None, packages_skip_by_dep=None, packages_skip_up_to=None, packages_select_build_failed=False, packages_skip_build_finished=False, packages_select_test_failures=False, packages_skip_test_passed=False, packages_select=None, packages_skip=None, packages_select_regex=None, packages_skip_regex=None, packages_start=None, packages_end=None, cmake_args=None, cmake_target=None, cmake_target_skip_unavailable=False, cmake_clean_cache=False, cmake_clean_first=False, cmake_force_configure=False, ament_cmake_args=None, catkin_cmake_args=None, catkin_skip_building_tests=False, mixin_files=None, mixin=None, verb_parser=<colcon_mixin.mixin.mixin_argument.MixinArgumentDecorator object at 0x7f6cd82f8af0>, verb_extension=<colcon_core.verb.build.BuildVerb object at 0x7f6cd82f8520>, main=<bound method BuildVerb.main of <colcon_core.verb.build.BuildVerb object at 0x7f6cd82f8520>>, mixin_verb=('build',))
[0.553s] Level 1:colcon.colcon_core.package_discovery:discover_packages(colcon_meta) check parameters
[0.554s] Level 1:colcon.colcon_core.package_discovery:discover_packages(recursive) check parameters
[0.554s] Level 1:colcon.colcon_core.package_discovery:discover_packages(ignore) check parameters
[0.554s] Level 1:colcon.colcon_core.package_discovery:discover_packages(path) check parameters
[0.554s] Level 1:colcon.colcon_core.package_discovery:discover_packages(colcon_meta) discover
[0.555s] Level 1:colcon.colcon_core.package_discovery:discover_packages(recursive) discover
[0.555s] INFO:colcon.colcon_core.package_discovery:Crawling recursively for packages in '/workspaces/2026-rover-code/src'
[0.556s] Level 1:colcon.colcon_core.package_identification:_identify(.) by extensions ['ignore', 'ignore_ament_install']
[0.557s] Level 1:colcon.colcon_core.package_identification:_identify(.) by extension 'ignore'
[0.557s] Level 1:colcon.colcon_core.package_identification:_identify(.) by extension 'ignore_ament_install'
[0.558s] Level 1:colcon.colcon_core.package_identification:_identify(.) by extensions ['colcon_pkg']
[0.558s] Level 1:colcon.colcon_core.package_identification:_identify(.) by extension 'colcon_pkg'
[0.559s] Level 1:colcon.colcon_core.package_identification:_identify(.) by extensions ['colcon_meta']
[0.559s] Level 1:colcon.colcon_core.package_identification:_identify(.) by extension 'colcon_meta'
[0.559s] Level 1:colcon.colcon_core.package_identification:_identify(.) by extensions ['ros']
[0.560s] Level 1:colcon.colcon_core.package_identification:_identify(.) by extension 'ros'
[0.585s] Level 1:colcon.colcon_core.package_identification:_identify(.) by extensions ['cmake', 'python']
[0.585s] Level 1:colcon.colcon_core.package_identification:_identify(.) by extension 'cmake'
[0.586s] Level 1:colcon.colcon_core.package_identification:_identify(.) by extension 'python'
[0.586s] Level 1:colcon.colcon_core.package_identification:_identify(.) by extensions ['python_setup_py']
[0.586s] Level 1:colcon.colcon_core.package_identification:_identify(.) by extension 'python_setup_py'
[0.588s] Level 1:colcon.colcon_core.package_identification:_identify(build) by extensions ['ignore', 'ignore_ament_install']
[0.589s] Level 1:colcon.colcon_core.package_identification:_identify(build) by extension 'ignore'
[0.590s] Level 1:colcon.colcon_core.package_identification:_identify(build) ignored
[0.592s] Level 1:colcon.colcon_core.package_identification:_identify(install) by extensions ['ignore', 'ignore_ament_install']
[0.593s] Level 1:colcon.colcon_core.package_identification:_identify(install) by extension 'ignore'
[0.594s] Level 1:colcon.colcon_core.package_identification:_identify(install) ignored
[0.596s] Level 1:colcon.colcon_core.package_identification:_identify(log) by extensions ['ignore', 'ignore_ament_install']
[0.597s] Level 1:colcon.colcon_core.package_identification:_identify(log) by extension 'ignore'
[0.597s] Level 1:colcon.colcon_core.package_identification:_identify(log) ignored
[0.598s] Level 1:colcon.colcon_core.package_identification:_identify(telemetry_interface) by extensions ['ignore', 'ignore_ament_install']
[0.599s] Level 1:colcon.colcon_core.package_identification:_identify(telemetry_interface) by extension 'ignore'
[0.599s] Level 1:colcon.colcon_core.package_identification:_identify(telemetry_interface) by extension 'ignore_ament_install'
[0.600s] Level 1:colcon.colcon_core.package_identification:_identify(telemetry_interface) by extensions ['colcon_pkg']
[0.600s] Level 1:colcon.colcon_core.package_identification:_identify(telemetry_interface) by extension 'colcon_pkg'
[0.600s] Level 1:colcon.colcon_core.package_identification:_identify(telemetry_interface) by extensions ['colcon_meta']
[0.601s] Level 1:colcon.colcon_core.package_identification:_identify(telemetry_interface) by extension 'colcon_meta'
[0.601s] Level 1:colcon.colcon_core.package_identification:_identify(telemetry_interface) by extensions ['ros']
[0.601s] Level 1:colcon.colcon_core.package_identification:_identify(telemetry_interface) by extension 'ros'
[0.608s] DEBUG:colcon.colcon_core.package_identification:Package 'telemetry_interface' with type 'ros.ament_cmake' and name 'telemetry_interface'
[0.610s] Level 1:colcon.colcon_core.package_identification:_identify(telemetry_pkg) by extensions ['ignore', 'ignore_ament_install']
[0.611s] Level 1:colcon.colcon_core.package_identification:_identify(telemetry_pkg) by extension 'ignore'
[0.612s] Level 1:colcon.colcon_core.package_identification:_identify(telemetry_pkg) by extension 'ignore_ament_install'
[0.612s] Level 1:colcon.colcon_core.package_identification:_identify(telemetry_pkg) by extensions ['colcon_pkg']
[0.613s] Level 1:colcon.colcon_core.package_identification:_identify(telemetry_pkg) by extension 'colcon_pkg'
[0.613s] Level 1:colcon.colcon_core.package_identification:_identify(telemetry_pkg) by extensions ['colcon_meta']
[0.613s] Level 1:colcon.colcon_core.package_identification:_identify(telemetry_pkg) by extension 'colcon_meta'
[0.614s] Level 1:colcon.colcon_core.package_identification:_identify(telemetry_pkg) by extensions ['ros']
[0.614s] Level 1:colcon.colcon_core.package_identification:_identify(telemetry_pkg) by extension 'ros'
[0.617s] DEBUG:colcon.colcon_core.package_identification:Package 'telemetry_pkg' with type 'ros.ament_python' and name 'telemetry_pkg'
[0.617s] Level 1:colcon.colcon_core.package_discovery:discover_packages(recursive) using defaults
[0.618s] Level 1:colcon.colcon_core.package_discovery:discover_packages(ignore) discover
[0.618s] Level 1:colcon.colcon_core.package_discovery:discover_packages(ignore) using defaults
[0.618s] Level 1:colcon.colcon_core.package_discovery:discover_packages(path) discover
[0.619s] Level 1:colcon.colcon_core.package_discovery:discover_packages(path) using defaults
[0.660s] Level 5:colcon.colcon_core.verb:set package 'telemetry_interface' build argument 'cmake_args' from command line to 'None'
[0.660s] Level 5:colcon.colcon_core.verb:set package 'telemetry_interface' build argument 'cmake_target' from command line to 'None'
[0.660s] Level 5:colcon.colcon_core.verb:set package 'telemetry_interface' build argument 'cmake_target_skip_unavailable' from command line to 'False'
[0.661s] Level 5:colcon.colcon_core.verb:set package 'telemetry_interface' build argument 'cmake_clean_cache' from command line to 'False'
[0.661s] Level 5:colcon.colcon_core.verb:set package 'telemetry_interface' build argument 'cmake_clean_first' from command line to 'False'
[0.661s] Level 5:colcon.colcon_core.verb:set package 'telemetry_interface' build argument 'cmake_force_configure' from command line to 'False'
[0.661s] Level 5:colcon.colcon_core.verb:set package 'telemetry_interface' build argument 'ament_cmake_args' from command line to 'None'
[0.662s] Level 5:colcon.colcon_core.verb:set package 'telemetry_interface' build argument 'catkin_cmake_args' from command line to 'None'
[0.662s] Level 5:colcon.colcon_core.verb:set package 'telemetry_interface' build argument 'catkin_skip_building_tests' from command line to 'False'
[0.662s] DEBUG:colcon.colcon_core.verb:Building package 'telemetry_interface' with the following arguments: {'ament_cmake_args': None, 'build_base': '/workspaces/2026-rover-code/src/build/telemetry_interface', 'catkin_cmake_args': None, 'catkin_skip_building_tests': False, 'cmake_args': None, 'cmake_clean_cache': False, 'cmake_clean_first': False, 'cmake_force_configure': False, 'cmake_target': None, 'cmake_target_skip_unavailable': False, 'install_base': '/workspaces/2026-rover-code/src/install/telemetry_interface', 'merge_install': False, 'path': '/workspaces/2026-rover-code/src/telemetry_interface', 'symlink_install': False, 'test_result_base': None}
[0.664s] Level 5:colcon.colcon_core.verb:set package 'telemetry_pkg' build argument 'cmake_args' from command line to 'None'
[0.664s] Level 5:colcon.colcon_core.verb:set package 'telemetry_pkg' build argument 'cmake_target' from command line to 'None'
[0.664s] Level 5:colcon.colcon_core.verb:set package 'telemetry_pkg' build argument 'cmake_target_skip_unavailable' from command line to 'False'
[0.664s] Level 5:colcon.colcon_core.verb:set package 'telemetry_pkg' build argument 'cmake_clean_cache' from command line to 'False'
[0.665s] Level 5:colcon.colcon_core.verb:set package 'telemetry_pkg' build argument 'cmake_clean_first' from command line to 'False'
[0.665s] Level 5:colcon.colcon_core.verb:set package 'telemetry_pkg' build argument 'cmake_force_configure' from command line to 'False'
[0.665s] Level 5:colcon.colcon_core.verb:set package 'telemetry_pkg' build argument 'ament_cmake_args' from command line to 'None'
[0.665s] Level 5:colcon.colcon_core.verb:set package 'telemetry_pkg' build argument 'catkin_cmake_args' from command line to 'None'
[0.666s] Level 5:colcon.colcon_core.verb:set package 'telemetry_pkg' build argument 'catkin_skip_building_tests' from command line to 'False'
[0.666s] DEBUG:colcon.colcon_core.verb:Building package 'telemetry_pkg' with the following arguments: {'ament_cmake_args': None, 'build_base': '/workspaces/2026-rover-code/src/build/telemetry_pkg', 'catkin_cmake_args': None, 'catkin_skip_building_tests': False, 'cmake_args': None, 'cmake_clean_cache': False, 'cmake_clean_first': False, 'cmake_force_configure': False, 'cmake_target': None, 'cmake_target_skip_unavailable': False, 'install_base': '/workspaces/2026-rover-code/src/install/telemetry_pkg', 'merge_install': False, 'path': '/workspaces/2026-rover-code/src/telemetry_pkg', 'symlink_install': False, 'test_result_base': None}
[0.667s] INFO:colcon.colcon_core.executor:Executing jobs using 'parallel' executor
[0.670s] DEBUG:colcon.colcon_parallel_executor.executor.parallel:run_until_complete
[0.672s] INFO:colcon.colcon_ros.task.ament_cmake.build:Building ROS package in '/workspaces/2026-rover-code/src/telemetry_interface' with build type 'ament_cmake'
[0.672s] INFO:colcon.colcon_cmake.task.cmake.build:Building CMake package in '/workspaces/2026-rover-code/src/telemetry_interface'
[0.677s] INFO:colcon.colcon_core.plugin_system:Skipping extension 'colcon_core.shell.bat': Not used on non-Windows systems
[0.678s] INFO:colcon.colcon_core.shell:Skip shell extension 'powershell' for command environment: Not usable outside of PowerShell
[0.678s] DEBUG:colcon.colcon_core.shell:Skip shell extension 'dsv' for command environment
[0.695s] INFO:colcon.colcon_ros.task.ament_python.build:Building ROS package in '/workspaces/2026-rover-code/src/telemetry_pkg' with build type 'ament_python'
[0.696s] Level 1:colcon.colcon_core.shell:create_environment_hook('telemetry_pkg', 'ament_prefix_path')
[0.698s] INFO:colcon.colcon_core.shell:Creating environment hook '/workspaces/2026-rover-code/src/install/telemetry_pkg/share/telemetry_pkg/hook/ament_prefix_path.ps1'
[0.700s] INFO:colcon.colcon_core.shell:Creating environment descriptor '/workspaces/2026-rover-code/src/install/telemetry_pkg/share/telemetry_pkg/hook/ament_prefix_path.dsv'
[0.702s] INFO:colcon.colcon_core.shell:Creating environment hook '/workspaces/2026-rover-code/src/install/telemetry_pkg/share/telemetry_pkg/hook/ament_prefix_path.sh'
[0.705s] INFO:colcon.colcon_core.shell:Skip shell extension 'powershell' for command environment: Not usable outside of PowerShell
[0.705s] DEBUG:colcon.colcon_core.shell:Skip shell extension 'dsv' for command environment
[0.747s] DEBUG:colcon.colcon_core.event_handler.log_command:Invoking command in '/workspaces/2026-rover-code/src/build/telemetry_interface': CMAKE_PREFIX_PATH=${CMAKE_PREFIX_PATH}:/workspaces/2026-rover-code/src/install/telemetry_pkg:/opt/ros/humble /usr/bin/cmake --build /workspaces/2026-rover-code/src/build/telemetry_interface -- -j16 -l16
[1.378s] INFO:colcon.colcon_core.task.python.build:Building Python package in '/workspaces/2026-rover-code/src/telemetry_pkg'
[1.379s] INFO:colcon.colcon_core.shell:Skip shell extension 'powershell' for command environment: Not usable outside of PowerShell
[1.380s] DEBUG:colcon.colcon_core.shell:Skip shell extension 'dsv' for command environment
[2.337s] DEBUG:colcon.colcon_core.event_handler.log_command:Invoked command in '/workspaces/2026-rover-code/src/build/telemetry_interface' returned '0': CMAKE_PREFIX_PATH=${CMAKE_PREFIX_PATH}:/workspaces/2026-rover-code/src/install/telemetry_pkg:/opt/ros/humble /usr/bin/cmake --build /workspaces/2026-rover-code/src/build/telemetry_interface -- -j16 -l16
[2.380s] DEBUG:colcon.colcon_core.task.python.build:Available setuptools commands: upload, install_scripts, bdist_rpm, install_headers, build, dist_info, test, install_egg_info, build_ext, install_data, symlink_data, check, bdist_wheel, install, saveopts, sdist, rotate, build_py, clean, build_clib, easy_install, install_lib, register, bdist, upload_docs, setopt, develop, bdist_egg, egg_info, alias, build_scripts, bdist_dumb
[2.380s] DEBUG:colcon.colcon_core.event_handler.log_command:Invoking command in '/workspaces/2026-rover-code/src/build/telemetry_interface': CMAKE_PREFIX_PATH=${CMAKE_PREFIX_PATH}:/workspaces/2026-rover-code/src/install/telemetry_pkg:/opt/ros/humble /usr/bin/cmake --install /workspaces/2026-rover-code/src/build/telemetry_interface
[2.392s] DEBUG:colcon.colcon_core.event_handler.log_command:Invoking command in '/workspaces/2026-rover-code/src/telemetry_pkg': PYTHONPATH=/workspaces/2026-rover-code/src/build/telemetry_pkg/prefix_override:/usr/lib/python3/dist-packages/colcon_core/task/python/colcon_distutils_commands:/workspaces/2026-rover-code/src/install/telemetry_pkg/lib/python3.10/site-packages:${PYTHONPATH} /usr/bin/python3 -W ignore:setup.py install is deprecated -W ignore:easy_install command is deprecated setup.py egg_info --egg-base ../build/telemetry_pkg build --build-base /workspaces/2026-rover-code/src/build/telemetry_pkg/build install --record /workspaces/2026-rover-code/src/build/telemetry_pkg/install.log --install-scripts $base/lib/telemetry_pkg --single-version-externally-managed install_data
[2.794s] Level 1:colcon.colcon_core.environment:create_environment_scripts_only(telemetry_interface)
[2.799s] DEBUG:colcon.colcon_core.event_handler.log_command:Invoked command in '/workspaces/2026-rover-code/src/build/telemetry_interface' returned '0': CMAKE_PREFIX_PATH=${CMAKE_PREFIX_PATH}:/workspaces/2026-rover-code/src/install/telemetry_pkg:/opt/ros/humble /usr/bin/cmake --install /workspaces/2026-rover-code/src/build/telemetry_interface
[2.801s] Level 1:colcon.colcon_core.environment:checking '/workspaces/2026-rover-code/src/install/telemetry_interface' for CMake module files
[2.806s] Level 1:colcon.colcon_core.environment:checking '/workspaces/2026-rover-code/src/install/telemetry_interface' for CMake config files
[2.812s] Level 1:colcon.colcon_core.shell:create_environment_hook('telemetry_interface', 'cmake_prefix_path')
[2.813s] INFO:colcon.colcon_core.shell:Creating environment hook '/workspaces/2026-rover-code/src/install/telemetry_interface/share/telemetry_interface/hook/cmake_prefix_path.ps1'
[2.816s] INFO:colcon.colcon_core.shell:Creating environment descriptor '/workspaces/2026-rover-code/src/install/telemetry_interface/share/telemetry_interface/hook/cmake_prefix_path.dsv'
[2.817s] INFO:colcon.colcon_core.shell:Creating environment hook '/workspaces/2026-rover-code/src/install/telemetry_interface/share/telemetry_interface/hook/cmake_prefix_path.sh'
[2.821s] Level 1:colcon.colcon_core.environment:checking '/workspaces/2026-rover-code/src/install/telemetry_interface/lib'
[2.823s] Level 1:colcon.colcon_core.shell:create_environment_hook('telemetry_interface', 'ld_library_path_lib')
[2.824s] INFO:colcon.colcon_core.shell:Creating environment hook '/workspaces/2026-rover-code/src/install/telemetry_interface/share/telemetry_interface/hook/ld_library_path_lib.ps1'
[2.826s] INFO:colcon.colcon_core.shell:Creating environment descriptor '/workspaces/2026-rover-code/src/install/telemetry_interface/share/telemetry_interface/hook/ld_library_path_lib.dsv'
[2.827s] INFO:colcon.colcon_core.shell:Creating environment hook '/workspaces/2026-rover-code/src/install/telemetry_interface/share/telemetry_interface/hook/ld_library_path_lib.sh'
[2.829s] Level 1:colcon.colcon_core.environment:checking '/workspaces/2026-rover-code/src/install/telemetry_interface/bin'
[2.830s] Level 1:colcon.colcon_core.environment:checking '/workspaces/2026-rover-code/src/install/telemetry_interface/lib/pkgconfig/telemetry_interface.pc'
[2.830s] Level 1:colcon.colcon_core.environment:checking '/workspaces/2026-rover-code/src/install/telemetry_interface/lib/python3.10/site-packages'
[2.832s] Level 1:colcon.colcon_core.environment:checking '/workspaces/2026-rover-code/src/install/telemetry_interface/bin'
[2.833s] INFO:colcon.colcon_core.shell:Creating package script '/workspaces/2026-rover-code/src/install/telemetry_interface/share/telemetry_interface/package.ps1'
[2.837s] INFO:colcon.colcon_core.shell:Creating package descriptor '/workspaces/2026-rover-code/src/install/telemetry_interface/share/telemetry_interface/package.dsv'
[2.839s] INFO:colcon.colcon_core.shell:Creating package script '/workspaces/2026-rover-code/src/install/telemetry_interface/share/telemetry_interface/package.sh'
[2.843s] INFO:colcon.colcon_core.shell:Creating package script '/workspaces/2026-rover-code/src/install/telemetry_interface/share/telemetry_interface/package.bash'
[2.846s] INFO:colcon.colcon_core.shell:Creating package script '/workspaces/2026-rover-code/src/install/telemetry_interface/share/telemetry_interface/package.zsh'
[2.848s] Level 1:colcon.colcon_core.environment:create_file_with_runtime_dependencies(/workspaces/2026-rover-code/src/install/telemetry_interface/share/colcon-core/packages/telemetry_interface)
[2.854s] Level 1:colcon.colcon_core.environment:create_environment_scripts_only(telemetry_interface)
[2.854s] Level 1:colcon.colcon_core.environment:checking '/workspaces/2026-rover-code/src/install/telemetry_interface' for CMake module files
[2.866s] Level 1:colcon.colcon_core.environment:checking '/workspaces/2026-rover-code/src/install/telemetry_interface' for CMake config files
[2.872s] Level 1:colcon.colcon_core.shell:create_environment_hook('telemetry_interface', 'cmake_prefix_path')
[2.873s] INFO:colcon.colcon_core.shell:Creating environment hook '/workspaces/2026-rover-code/src/install/telemetry_interface/share/telemetry_interface/hook/cmake_prefix_path.ps1'
[2.876s] INFO:colcon.colcon_core.shell:Creating environment descriptor '/workspaces/2026-rover-code/src/install/telemetry_interface/share/telemetry_interface/hook/cmake_prefix_path.dsv'
[2.878s] INFO:colcon.colcon_core.shell:Creating environment hook '/workspaces/2026-rover-code/src/install/telemetry_interface/share/telemetry_interface/hook/cmake_prefix_path.sh'
[2.881s] Level 1:colcon.colcon_core.environment:checking '/workspaces/2026-rover-code/src/install/telemetry_interface/lib'
[2.882s] Level 1:colcon.colcon_core.shell:create_environment_hook('telemetry_interface', 'ld_library_path_lib')
[2.882s] INFO:colcon.colcon_core.shell:Creating environment hook '/workspaces/2026-rover-code/src/install/telemetry_interface/share/telemetry_interface/hook/ld_library_path_lib.ps1'
[2.884s] INFO:colcon.colcon_core.shell:Creating environment descriptor '/workspaces/2026-rover-code/src/install/telemetry_interface/share/telemetry_interface/hook/ld_library_path_lib.dsv'
[2.886s] INFO:colcon.colcon_core.shell:Creating environment hook '/workspaces/2026-rover-code/src/install/telemetry_interface/share/telemetry_interface/hook/ld_library_path_lib.sh'
[2.888s] Level 1:colcon.colcon_core.environment:checking '/workspaces/2026-rover-code/src/install/telemetry_interface/bin'
[2.888s] Level 1:colcon.colcon_core.environment:checking '/workspaces/2026-rover-code/src/install/telemetry_interface/lib/pkgconfig/telemetry_interface.pc'
[2.889s] Level 1:colcon.colcon_core.environment:checking '/workspaces/2026-rover-code/src/install/telemetry_interface/lib/python3.10/site-packages'
[2.890s] Level 1:colcon.colcon_core.environment:checking '/workspaces/2026-rover-code/src/install/telemetry_interface/bin'
[2.892s] INFO:colcon.colcon_core.shell:Creating package script '/workspaces/2026-rover-code/src/install/telemetry_interface/share/telemetry_interface/package.ps1'
[2.894s] INFO:colcon.colcon_core.shell:Creating package descriptor '/workspaces/2026-rover-code/src/install/telemetry_interface/share/telemetry_interface/package.dsv'
[2.897s] INFO:colcon.colcon_core.shell:Creating package script '/workspaces/2026-rover-code/src/install/telemetry_interface/share/telemetry_interface/package.sh'
[2.902s] INFO:colcon.colcon_core.shell:Creating package script '/workspaces/2026-rover-code/src/install/telemetry_interface/share/telemetry_interface/package.bash'
[2.905s] INFO:colcon.colcon_core.shell:Creating package script '/workspaces/2026-rover-code/src/install/telemetry_interface/share/telemetry_interface/package.zsh'
[2.908s] Level 1:colcon.colcon_core.environment:create_file_with_runtime_dependencies(/workspaces/2026-rover-code/src/install/telemetry_interface/share/colcon-core/packages/telemetry_interface)
[3.049s] Level 1:colcon.colcon_core.environment:checking '/workspaces/2026-rover-code/src/install/telemetry_pkg' for CMake module files
[3.052s] DEBUG:colcon.colcon_core.event_handler.log_command:Invoked command in '/workspaces/2026-rover-code/src/telemetry_pkg' returned '0': PYTHONPATH=/workspaces/2026-rover-code/src/build/telemetry_pkg/prefix_override:/usr/lib/python3/dist-packages/colcon_core/task/python/colcon_distutils_commands:/workspaces/2026-rover-code/src/install/telemetry_pkg/lib/python3.10/site-packages:${PYTHONPATH} /usr/bin/python3 -W ignore:setup.py install is deprecated -W ignore:easy_install command is deprecated setup.py egg_info --egg-base ../build/telemetry_pkg build --build-base /workspaces/2026-rover-code/src/build/telemetry_pkg/build install --record /workspaces/2026-rover-code/src/build/telemetry_pkg/install.log --install-scripts $base/lib/telemetry_pkg --single-version-externally-managed install_data
[3.056s] Level 1:colcon.colcon_core.environment:checking '/workspaces/2026-rover-code/src/install/telemetry_pkg' for CMake config files
[3.067s] Level 1:colcon.colcon_core.environment:checking '/workspaces/2026-rover-code/src/install/telemetry_pkg/lib'
[3.068s] Level 1:colcon.colcon_core.environment:checking '/workspaces/2026-rover-code/src/install/telemetry_pkg/bin'
[3.068s] Level 1:colcon.colcon_core.environment:checking '/workspaces/2026-rover-code/src/install/telemetry_pkg/lib/pkgconfig/telemetry_pkg.pc'
[3.069s] Level 1:colcon.colcon_core.environment:checking '/workspaces/2026-rover-code/src/install/telemetry_pkg/lib/python3.10/site-packages'
[3.069s] Level 1:colcon.colcon_core.shell:create_environment_hook('telemetry_pkg', 'pythonpath')
[3.070s] INFO:colcon.colcon_core.shell:Creating environment hook '/workspaces/2026-rover-code/src/install/telemetry_pkg/share/telemetry_pkg/hook/pythonpath.ps1'
[3.072s] INFO:colcon.colcon_core.shell:Creating environment descriptor '/workspaces/2026-rover-code/src/install/telemetry_pkg/share/telemetry_pkg/hook/pythonpath.dsv'
[3.074s] INFO:colcon.colcon_core.shell:Creating environment hook '/workspaces/2026-rover-code/src/install/telemetry_pkg/share/telemetry_pkg/hook/pythonpath.sh'
[3.076s] Level 1:colcon.colcon_core.environment:checking '/workspaces/2026-rover-code/src/install/telemetry_pkg/bin'
[3.076s] Level 1:colcon.colcon_core.environment:create_environment_scripts_only(telemetry_pkg)
[3.077s] INFO:colcon.colcon_core.shell:Creating package script '/workspaces/2026-rover-code/src/install/telemetry_pkg/share/telemetry_pkg/package.ps1'
[3.079s] INFO:colcon.colcon_core.shell:Creating package descriptor '/workspaces/2026-rover-code/src/install/telemetry_pkg/share/telemetry_pkg/package.dsv'
[3.081s] INFO:colcon.colcon_core.shell:Creating package script '/workspaces/2026-rover-code/src/install/telemetry_pkg/share/telemetry_pkg/package.sh'
[3.082s] INFO:colcon.colcon_core.shell:Creating package script '/workspaces/2026-rover-code/src/install/telemetry_pkg/share/telemetry_pkg/package.bash'
[3.084s] INFO:colcon.colcon_core.shell:Creating package script '/workspaces/2026-rover-code/src/install/telemetry_pkg/share/telemetry_pkg/package.zsh'
[3.085s] Level 1:colcon.colcon_core.environment:create_file_with_runtime_dependencies(/workspaces/2026-rover-code/src/install/telemetry_pkg/share/colcon-core/packages/telemetry_pkg)
[3.086s] DEBUG:colcon.colcon_parallel_executor.executor.parallel:closing loop
[3.087s] DEBUG:colcon.colcon_parallel_executor.executor.parallel:loop closed
[3.088s] DEBUG:colcon.colcon_parallel_executor.executor.parallel:run_until_complete finished with '0'
[3.088s] DEBUG:colcon.colcon_core.event_reactor:joining thread
[3.146s] INFO:colcon.colcon_core.plugin_system:Skipping extension 'colcon_notification.desktop_notification.notify_send': Could not find 'notify-send'
[3.146s] INFO:colcon.colcon_core.plugin_system:Skipping extension 'colcon_notification.desktop_notification.terminal_notifier': Not used on non-Darwin systems
[3.147s] INFO:colcon.colcon_core.plugin_system:Skipping extension 'colcon_notification.desktop_notification.win32': Not used on non-Windows systems
[3.147s] INFO:colcon.colcon_notification.desktop_notification:Sending desktop notification using 'notify2'
[3.165s] DEBUG:colcon.colcon_notification.desktop_notification.notify2:Failed to initialize notify2: org.freedesktop.DBus.Error.ServiceUnknown: The name org.freedesktop.Notifications was not provided by any .service files
[3.166s] DEBUG:colcon.colcon_core.event_reactor:joined thread
[3.168s] INFO:colcon.colcon_core.shell:Creating prefix script '/workspaces/2026-rover-code/src/install/local_setup.ps1'
[3.171s] INFO:colcon.colcon_core.shell:Creating prefix util module '/workspaces/2026-rover-code/src/install/_local_setup_util_ps1.py'
[3.174s] INFO:colcon.colcon_core.shell:Creating prefix chain script '/workspaces/2026-rover-code/src/install/setup.ps1'
[3.181s] INFO:colcon.colcon_core.shell:Creating prefix script '/workspaces/2026-rover-code/src/install/local_setup.sh'
[3.183s] INFO:colcon.colcon_core.shell:Creating prefix util module '/workspaces/2026-rover-code/src/install/_local_setup_util_sh.py'
[3.184s] INFO:colcon.colcon_core.shell:Creating prefix chain script '/workspaces/2026-rover-code/src/install/setup.sh'
[3.190s] INFO:colcon.colcon_core.shell:Creating prefix script '/workspaces/2026-rover-code/src/install/local_setup.bash'
[3.191s] INFO:colcon.colcon_core.shell:Creating prefix chain script '/workspaces/2026-rover-code/src/install/setup.bash'
[3.196s] INFO:colcon.colcon_core.shell:Creating prefix script '/workspaces/2026-rover-code/src/install/local_setup.zsh'
[3.198s] INFO:colcon.colcon_core.shell:Creating prefix chain script '/workspaces/2026-rover-code/src/install/setup.zsh'
