[0.269s] DEBUG:colcon:Command line arguments: ['/usr/bin/colcon', 'build']
[0.269s] DEBUG:colcon:Parsed command line arguments: Namespace(log_base=None, log_level=None, verb_name='build', build_base='build', install_base='install', merge_install=False, symlink_install=False, test_result_base=None, continue_on_error=False, executor='parallel', parallel_workers=16, event_handlers=None, ignore_user_meta=False, metas=['./colcon.meta'], base_paths=['.'], packages_ignore=None, packages_ignore_regex=None, paths=None, packages_up_to=None, packages_up_to_regex=None, packages_above=None, packages_above_and_dependencies=None, packages_above_depth=None, packages_select_by_dep=None, packages_skip_by_dep=None, packages_skip_up_to=None, packages_select_build_failed=False, packages_skip_build_finished=False, packages_select_test_failures=False, packages_skip_test_passed=False, packages_select=None, packages_skip=None, packages_select_regex=None, packages_skip_regex=None, packages_start=None, packages_end=None, cmake_args=None, cmake_target=None, cmake_target_skip_unavailable=False, cmake_clean_cache=False, cmake_clean_first=False, cmake_force_configure=False, ament_cmake_args=None, catkin_cmake_args=None, catkin_skip_building_tests=False, mixin_files=None, mixin=None, verb_parser=<colcon_mixin.mixin.mixin_argument.MixinArgumentDecorator object at 0x7f6bbb504220>, verb_extension=<colcon_core.verb.build.BuildVerb object at 0x7f6bbb4dbc10>, main=<bound method BuildVerb.main of <colcon_core.verb.build.BuildVerb object at 0x7f6bbb4dbc10>>, mixin_verb=('build',))
[0.584s] Level 1:colcon.colcon_core.package_discovery:discover_packages(colcon_meta) check parameters
[0.584s] Level 1:colcon.colcon_core.package_discovery:discover_packages(recursive) check parameters
[0.585s] Level 1:colcon.colcon_core.package_discovery:discover_packages(ignore) check parameters
[0.585s] Level 1:colcon.colcon_core.package_discovery:discover_packages(path) check parameters
[0.585s] Level 1:colcon.colcon_core.package_discovery:discover_packages(colcon_meta) discover
[0.585s] Level 1:colcon.colcon_core.package_discovery:discover_packages(recursive) discover
[0.586s] INFO:colcon.colcon_core.package_discovery:Crawling recursively for packages in '/workspaces/2026-rover-code/src'
[0.586s] Level 1:colcon.colcon_core.package_identification:_identify(.) by extensions ['ignore', 'ignore_ament_install']
[0.587s] Level 1:colcon.colcon_core.package_identification:_identify(.) by extension 'ignore'
[0.587s] Level 1:colcon.colcon_core.package_identification:_identify(.) by extension 'ignore_ament_install'
[0.588s] Level 1:colcon.colcon_core.package_identification:_identify(.) by extensions ['colcon_pkg']
[0.588s] Level 1:colcon.colcon_core.package_identification:_identify(.) by extension 'colcon_pkg'
[0.589s] Level 1:colcon.colcon_core.package_identification:_identify(.) by extensions ['colcon_meta']
[0.589s] Level 1:colcon.colcon_core.package_identification:_identify(.) by extension 'colcon_meta'
[0.589s] Level 1:colcon.colcon_core.package_identification:_identify(.) by extensions ['ros']
[0.589s] Level 1:colcon.colcon_core.package_identification:_identify(.) by extension 'ros'
[0.613s] Level 1:colcon.colcon_core.package_identification:_identify(.) by extensions ['cmake', 'python']
[0.614s] Level 1:colcon.colcon_core.package_identification:_identify(.) by extension 'cmake'
[0.614s] Level 1:colcon.colcon_core.package_identification:_identify(.) by extension 'python'
[0.615s] Level 1:colcon.colcon_core.package_identification:_identify(.) by extensions ['python_setup_py']
[0.615s] Level 1:colcon.colcon_core.package_identification:_identify(.) by extension 'python_setup_py'
[0.616s] Level 1:colcon.colcon_core.package_identification:_identify(build) by extensions ['ignore', 'ignore_ament_install']
[0.617s] Level 1:colcon.colcon_core.package_identification:_identify(build) by extension 'ignore'
[0.617s] Level 1:colcon.colcon_core.package_identification:_identify(build) ignored
[0.618s] Level 1:colcon.colcon_core.package_identification:_identify(install) by extensions ['ignore', 'ignore_ament_install']
[0.619s] Level 1:colcon.colcon_core.package_identification:_identify(install) by extension 'ignore'
[0.620s] Level 1:colcon.colcon_core.package_identification:_identify(install) ignored
[0.621s] Level 1:colcon.colcon_core.package_identification:_identify(log) by extensions ['ignore', 'ignore_ament_install']
[0.622s] Level 1:colcon.colcon_core.package_identification:_identify(log) by extension 'ignore'
[0.622s] Level 1:colcon.colcon_core.package_identification:_identify(log) ignored
[0.623s] Level 1:colcon.colcon_core.package_identification:_identify(telemetry_interface) by extensions ['ignore', 'ignore_ament_install']
[0.623s] Level 1:colcon.colcon_core.package_identification:_identify(telemetry_interface) by extension 'ignore'
[0.624s] Level 1:colcon.colcon_core.package_identification:_identify(telemetry_interface) by extension 'ignore_ament_install'
[0.624s] Level 1:colcon.colcon_core.package_identification:_identify(telemetry_interface) by extensions ['colcon_pkg']
[0.625s] Level 1:colcon.colcon_core.package_identification:_identify(telemetry_interface) by extension 'colcon_pkg'
[0.625s] Level 1:colcon.colcon_core.package_identification:_identify(telemetry_interface) by extensions ['colcon_meta']
[0.625s] Level 1:colcon.colcon_core.package_identification:_identify(telemetry_interface) by extension 'colcon_meta'
[0.626s] Level 1:colcon.colcon_core.package_identification:_identify(telemetry_interface) by extensions ['ros']
[0.626s] Level 1:colcon.colcon_core.package_identification:_identify(telemetry_interface) by extension 'ros'
[0.632s] DEBUG:colcon.colcon_core.package_identification:Package 'telemetry_interface' with type 'ros.ament_cmake' and name 'telemetry_interface'
[0.633s] Level 1:colcon.colcon_core.package_identification:_identify(telemetry_pkg) by extensions ['ignore', 'ignore_ament_install']
[0.633s] Level 1:colcon.colcon_core.package_identification:_identify(telemetry_pkg) by extension 'ignore'
[0.634s] Level 1:colcon.colcon_core.package_identification:_identify(telemetry_pkg) by extension 'ignore_ament_install'
[0.635s] Level 1:colcon.colcon_core.package_identification:_identify(telemetry_pkg) by extensions ['colcon_pkg']
[0.635s] Level 1:colcon.colcon_core.package_identification:_identify(telemetry_pkg) by extension 'colcon_pkg'
[0.636s] Level 1:colcon.colcon_core.package_identification:_identify(telemetry_pkg) by extensions ['colcon_meta']
[0.636s] Level 1:colcon.colcon_core.package_identification:_identify(telemetry_pkg) by extension 'colcon_meta'
[0.636s] Level 1:colcon.colcon_core.package_identification:_identify(telemetry_pkg) by extensions ['ros']
[0.636s] Level 1:colcon.colcon_core.package_identification:_identify(telemetry_pkg) by extension 'ros'
[0.639s] DEBUG:colcon.colcon_core.package_identification:Package 'telemetry_pkg' with type 'ros.ament_python' and name 'telemetry_pkg'
[0.639s] Level 1:colcon.colcon_core.package_discovery:discover_packages(recursive) using defaults
[0.640s] Level 1:colcon.colcon_core.package_discovery:discover_packages(ignore) discover
[0.641s] Level 1:colcon.colcon_core.package_discovery:discover_packages(ignore) using defaults
[0.641s] Level 1:colcon.colcon_core.package_discovery:discover_packages(path) discover
[0.641s] Level 1:colcon.colcon_core.package_discovery:discover_packages(path) using defaults
[0.676s] Level 5:colcon.colcon_core.verb:set package 'telemetry_interface' build argument 'cmake_args' from command line to 'None'
[0.677s] Level 5:colcon.colcon_core.verb:set package 'telemetry_interface' build argument 'cmake_target' from command line to 'None'
[0.677s] Level 5:colcon.colcon_core.verb:set package 'telemetry_interface' build argument 'cmake_target_skip_unavailable' from command line to 'False'
[0.677s] Level 5:colcon.colcon_core.verb:set package 'telemetry_interface' build argument 'cmake_clean_cache' from command line to 'False'
[0.678s] Level 5:colcon.colcon_core.verb:set package 'telemetry_interface' build argument 'cmake_clean_first' from command line to 'False'
[0.678s] Level 5:colcon.colcon_core.verb:set package 'telemetry_interface' build argument 'cmake_force_configure' from command line to 'False'
[0.678s] Level 5:colcon.colcon_core.verb:set package 'telemetry_interface' build argument 'ament_cmake_args' from command line to 'None'
[0.678s] Level 5:colcon.colcon_core.verb:set package 'telemetry_interface' build argument 'catkin_cmake_args' from command line to 'None'
[0.679s] Level 5:colcon.colcon_core.verb:set package 'telemetry_interface' build argument 'catkin_skip_building_tests' from command line to 'False'
[0.679s] DEBUG:colcon.colcon_core.verb:Building package 'telemetry_interface' with the following arguments: {'ament_cmake_args': None, 'build_base': '/workspaces/2026-rover-code/src/build/telemetry_interface', 'catkin_cmake_args': None, 'catkin_skip_building_tests': False, 'cmake_args': None, 'cmake_clean_cache': False, 'cmake_clean_first': False, 'cmake_force_configure': False, 'cmake_target': None, 'cmake_target_skip_unavailable': False, 'install_base': '/workspaces/2026-rover-code/src/install/telemetry_interface', 'merge_install': False, 'path': '/workspaces/2026-rover-code/src/telemetry_interface', 'symlink_install': False, 'test_result_base': None}
[0.680s] Level 5:colcon.colcon_core.verb:set package 'telemetry_pkg' build argument 'cmake_args' from command line to 'None'
[0.680s] Level 5:colcon.colcon_core.verb:set package 'telemetry_pkg' build argument 'cmake_target' from command line to 'None'
[0.681s] Level 5:colcon.colcon_core.verb:set package 'telemetry_pkg' build argument 'cmake_target_skip_unavailable' from command line to 'False'
[0.681s] Level 5:colcon.colcon_core.verb:set package 'telemetry_pkg' build argument 'cmake_clean_cache' from command line to 'False'
[0.681s] Level 5:colcon.colcon_core.verb:set package 'telemetry_pkg' build argument 'cmake_clean_first' from command line to 'False'
[0.682s] Level 5:colcon.colcon_core.verb:set package 'telemetry_pkg' build argument 'cmake_force_configure' from command line to 'False'
[0.682s] Level 5:colcon.colcon_core.verb:set package 'telemetry_pkg' build argument 'ament_cmake_args' from command line to 'None'
[0.682s] Level 5:colcon.colcon_core.verb:set package 'telemetry_pkg' build argument 'catkin_cmake_args' from command line to 'None'
[0.683s] Level 5:colcon.colcon_core.verb:set package 'telemetry_pkg' build argument 'catkin_skip_building_tests' from command line to 'False'
[0.683s] DEBUG:colcon.colcon_core.verb:Building package 'telemetry_pkg' with the following arguments: {'ament_cmake_args': None, 'build_base': '/workspaces/2026-rover-code/src/build/telemetry_pkg', 'catkin_cmake_args': None, 'catkin_skip_building_tests': False, 'cmake_args': None, 'cmake_clean_cache': False, 'cmake_clean_first': False, 'cmake_force_configure': False, 'cmake_target': None, 'cmake_target_skip_unavailable': False, 'install_base': '/workspaces/2026-rover-code/src/install/telemetry_pkg', 'merge_install': False, 'path': '/workspaces/2026-rover-code/src/telemetry_pkg', 'symlink_install': False, 'test_result_base': None}
[0.684s] INFO:colcon.colcon_core.executor:Executing jobs using 'parallel' executor
[0.687s] DEBUG:colcon.colcon_parallel_executor.executor.parallel:run_until_complete
[0.688s] INFO:colcon.colcon_ros.task.ament_cmake.build:Building ROS package in '/workspaces/2026-rover-code/src/telemetry_interface' with build type 'ament_cmake'
[0.689s] INFO:colcon.colcon_cmake.task.cmake.build:Building CMake package in '/workspaces/2026-rover-code/src/telemetry_interface'
[0.693s] INFO:colcon.colcon_core.plugin_system:Skipping extension 'colcon_core.shell.bat': Not used on non-Windows systems
[0.693s] INFO:colcon.colcon_core.shell:Skip shell extension 'powershell' for command environment: Not usable outside of PowerShell
[0.694s] DEBUG:colcon.colcon_core.shell:Skip shell extension 'dsv' for command environment
[0.706s] INFO:colcon.colcon_ros.task.ament_python.build:Building ROS package in '/workspaces/2026-rover-code/src/telemetry_pkg' with build type 'ament_python'
[0.707s] Level 1:colcon.colcon_core.shell:create_environment_hook('telemetry_pkg', 'ament_prefix_path')
[0.708s] INFO:colcon.colcon_core.shell:Creating environment hook '/workspaces/2026-rover-code/src/install/telemetry_pkg/share/telemetry_pkg/hook/ament_prefix_path.ps1'
[0.711s] INFO:colcon.colcon_core.shell:Creating environment descriptor '/workspaces/2026-rover-code/src/install/telemetry_pkg/share/telemetry_pkg/hook/ament_prefix_path.dsv'
[0.717s] INFO:colcon.colcon_core.shell:Creating environment hook '/workspaces/2026-rover-code/src/install/telemetry_pkg/share/telemetry_pkg/hook/ament_prefix_path.sh'
[0.722s] INFO:colcon.colcon_core.shell:Skip shell extension 'powershell' for command environment: Not usable outside of PowerShell
[0.723s] DEBUG:colcon.colcon_core.shell:Skip shell extension 'dsv' for command environment
[0.761s] DEBUG:colcon.colcon_core.event_handler.log_command:Invoking command in '/workspaces/2026-rover-code/src/build/telemetry_interface': CMAKE_PREFIX_PATH=${CMAKE_PREFIX_PATH}:/workspaces/2026-rover-code/src/install/telemetry_pkg:/opt/ros/humble /usr/bin/cmake --build /workspaces/2026-rover-code/src/build/telemetry_interface -- -j16 -l16
[1.386s] INFO:colcon.colcon_core.task.python.build:Building Python package in '/workspaces/2026-rover-code/src/telemetry_pkg'
[1.387s] INFO:colcon.colcon_core.shell:Skip shell extension 'powershell' for command environment: Not usable outside of PowerShell
[1.387s] DEBUG:colcon.colcon_core.shell:Skip shell extension 'dsv' for command environment
[2.029s] DEBUG:colcon.colcon_core.event_handler.log_command:Invoked command in '/workspaces/2026-rover-code/src/build/telemetry_interface' returned '0': CMAKE_PREFIX_PATH=${CMAKE_PREFIX_PATH}:/workspaces/2026-rover-code/src/install/telemetry_pkg:/opt/ros/humble /usr/bin/cmake --build /workspaces/2026-rover-code/src/build/telemetry_interface -- -j16 -l16
[2.062s] DEBUG:colcon.colcon_core.event_handler.log_command:Invoking command in '/workspaces/2026-rover-code/src/build/telemetry_interface': CMAKE_PREFIX_PATH=${CMAKE_PREFIX_PATH}:/workspaces/2026-rover-code/src/install/telemetry_pkg:/opt/ros/humble /usr/bin/cmake --install /workspaces/2026-rover-code/src/build/telemetry_interface
[2.255s] DEBUG:colcon.colcon_core.task.python.build:Available setuptools commands: bdist, clean, rotate, symlink_data, install_scripts, easy_install, bdist_rpm, build_py, upload, develop, check, register, install_data, test, build_ext, alias, dist_info, bdist_egg, sdist, build_scripts, build, egg_info, build_clib, upload_docs, bdist_wheel, saveopts, install, bdist_dumb, install_headers, setopt, install_egg_info, install_lib
[2.269s] DEBUG:colcon.colcon_core.event_handler.log_command:Invoking command in '/workspaces/2026-rover-code/src/telemetry_pkg': PYTHONPATH=/workspaces/2026-rover-code/src/build/telemetry_pkg/prefix_override:/usr/lib/python3/dist-packages/colcon_core/task/python/colcon_distutils_commands:/workspaces/2026-rover-code/src/install/telemetry_pkg/lib/python3.10/site-packages:${PYTHONPATH} /usr/bin/python3 -W ignore:setup.py install is deprecated -W ignore:easy_install command is deprecated setup.py egg_info --egg-base ../build/telemetry_pkg build --build-base /workspaces/2026-rover-code/src/build/telemetry_pkg/build install --record /workspaces/2026-rover-code/src/build/telemetry_pkg/install.log --install-scripts $base/lib/telemetry_pkg --single-version-externally-managed install_data
[2.403s] Level 1:colcon.colcon_core.environment:create_environment_scripts_only(telemetry_interface)
[2.407s] DEBUG:colcon.colcon_core.event_handler.log_command:Invoked command in '/workspaces/2026-rover-code/src/build/telemetry_interface' returned '0': CMAKE_PREFIX_PATH=${CMAKE_PREFIX_PATH}:/workspaces/2026-rover-code/src/install/telemetry_pkg:/opt/ros/humble /usr/bin/cmake --install /workspaces/2026-rover-code/src/build/telemetry_interface
[2.408s] Level 1:colcon.colcon_core.environment:checking '/workspaces/2026-rover-code/src/install/telemetry_interface' for CMake module files
[2.415s] Level 1:colcon.colcon_core.environment:checking '/workspaces/2026-rover-code/src/install/telemetry_interface' for CMake config files
[2.419s] Level 1:colcon.colcon_core.shell:create_environment_hook('telemetry_interface', 'cmake_prefix_path')
[2.419s] INFO:colcon.colcon_core.shell:Creating environment hook '/workspaces/2026-rover-code/src/install/telemetry_interface/share/telemetry_interface/hook/cmake_prefix_path.ps1'
[2.422s] INFO:colcon.colcon_core.shell:Creating environment descriptor '/workspaces/2026-rover-code/src/install/telemetry_interface/share/telemetry_interface/hook/cmake_prefix_path.dsv'
[2.424s] INFO:colcon.colcon_core.shell:Creating environment hook '/workspaces/2026-rover-code/src/install/telemetry_interface/share/telemetry_interface/hook/cmake_prefix_path.sh'
[2.427s] Level 1:colcon.colcon_core.environment:checking '/workspaces/2026-rover-code/src/install/telemetry_interface/lib'
[2.428s] Level 1:colcon.colcon_core.shell:create_environment_hook('telemetry_interface', 'ld_library_path_lib')
[2.429s] INFO:colcon.colcon_core.shell:Creating environment hook '/workspaces/2026-rover-code/src/install/telemetry_interface/share/telemetry_interface/hook/ld_library_path_lib.ps1'
[2.431s] INFO:colcon.colcon_core.shell:Creating environment descriptor '/workspaces/2026-rover-code/src/install/telemetry_interface/share/telemetry_interface/hook/ld_library_path_lib.dsv'
[2.433s] INFO:colcon.colcon_core.shell:Creating environment hook '/workspaces/2026-rover-code/src/install/telemetry_interface/share/telemetry_interface/hook/ld_library_path_lib.sh'
[2.434s] Level 1:colcon.colcon_core.environment:checking '/workspaces/2026-rover-code/src/install/telemetry_interface/bin'
[2.435s] Level 1:colcon.colcon_core.environment:checking '/workspaces/2026-rover-code/src/install/telemetry_interface/lib/pkgconfig/telemetry_interface.pc'
[2.436s] Level 1:colcon.colcon_core.environment:checking '/workspaces/2026-rover-code/src/install/telemetry_interface/lib/python3.10/site-packages'
[2.436s] Level 1:colcon.colcon_core.environment:checking '/workspaces/2026-rover-code/src/install/telemetry_interface/bin'
[2.437s] INFO:colcon.colcon_core.shell:Creating package script '/workspaces/2026-rover-code/src/install/telemetry_interface/share/telemetry_interface/package.ps1'
[2.441s] INFO:colcon.colcon_core.shell:Creating package descriptor '/workspaces/2026-rover-code/src/install/telemetry_interface/share/telemetry_interface/package.dsv'
[2.443s] INFO:colcon.colcon_core.shell:Creating package script '/workspaces/2026-rover-code/src/install/telemetry_interface/share/telemetry_interface/package.sh'
[2.445s] INFO:colcon.colcon_core.shell:Creating package script '/workspaces/2026-rover-code/src/install/telemetry_interface/share/telemetry_interface/package.bash'
[2.447s] INFO:colcon.colcon_core.shell:Creating package script '/workspaces/2026-rover-code/src/install/telemetry_interface/share/telemetry_interface/package.zsh'
[2.449s] Level 1:colcon.colcon_core.environment:create_file_with_runtime_dependencies(/workspaces/2026-rover-code/src/install/telemetry_interface/share/colcon-core/packages/telemetry_interface)
[2.452s] Level 1:colcon.colcon_core.environment:create_environment_scripts_only(telemetry_interface)
[2.453s] Level 1:colcon.colcon_core.environment:checking '/workspaces/2026-rover-code/src/install/telemetry_interface' for CMake module files
[2.457s] Level 1:colcon.colcon_core.environment:checking '/workspaces/2026-rover-code/src/install/telemetry_interface' for CMake config files
[2.460s] Level 1:colcon.colcon_core.shell:create_environment_hook('telemetry_interface', 'cmake_prefix_path')
[2.460s] INFO:colcon.colcon_core.shell:Creating environment hook '/workspaces/2026-rover-code/src/install/telemetry_interface/share/telemetry_interface/hook/cmake_prefix_path.ps1'
[2.462s] INFO:colcon.colcon_core.shell:Creating environment descriptor '/workspaces/2026-rover-code/src/install/telemetry_interface/share/telemetry_interface/hook/cmake_prefix_path.dsv'
[2.464s] INFO:colcon.colcon_core.shell:Creating environment hook '/workspaces/2026-rover-code/src/install/telemetry_interface/share/telemetry_interface/hook/cmake_prefix_path.sh'
[2.467s] Level 1:colcon.colcon_core.environment:checking '/workspaces/2026-rover-code/src/install/telemetry_interface/lib'
[2.468s] Level 1:colcon.colcon_core.shell:create_environment_hook('telemetry_interface', 'ld_library_path_lib')
[2.469s] INFO:colcon.colcon_core.shell:Creating environment hook '/workspaces/2026-rover-code/src/install/telemetry_interface/share/telemetry_interface/hook/ld_library_path_lib.ps1'
[2.472s] INFO:colcon.colcon_core.shell:Creating environment descriptor '/workspaces/2026-rover-code/src/install/telemetry_interface/share/telemetry_interface/hook/ld_library_path_lib.dsv'
[2.474s] INFO:colcon.colcon_core.shell:Creating environment hook '/workspaces/2026-rover-code/src/install/telemetry_interface/share/telemetry_interface/hook/ld_library_path_lib.sh'
[2.476s] Level 1:colcon.colcon_core.environment:checking '/workspaces/2026-rover-code/src/install/telemetry_interface/bin'
[2.476s] Level 1:colcon.colcon_core.environment:checking '/workspaces/2026-rover-code/src/install/telemetry_interface/lib/pkgconfig/telemetry_interface.pc'
[2.477s] Level 1:colcon.colcon_core.environment:checking '/workspaces/2026-rover-code/src/install/telemetry_interface/lib/python3.10/site-packages'
[2.478s] Level 1:colcon.colcon_core.environment:checking '/workspaces/2026-rover-code/src/install/telemetry_interface/bin'
[2.479s] INFO:colcon.colcon_core.shell:Creating package script '/workspaces/2026-rover-code/src/install/telemetry_interface/share/telemetry_interface/package.ps1'
[2.481s] INFO:colcon.colcon_core.shell:Creating package descriptor '/workspaces/2026-rover-code/src/install/telemetry_interface/share/telemetry_interface/package.dsv'
[2.483s] INFO:colcon.colcon_core.shell:Creating package script '/workspaces/2026-rover-code/src/install/telemetry_interface/share/telemetry_interface/package.sh'
[2.487s] INFO:colcon.colcon_core.shell:Creating package script '/workspaces/2026-rover-code/src/install/telemetry_interface/share/telemetry_interface/package.bash'
[2.490s] INFO:colcon.colcon_core.shell:Creating package script '/workspaces/2026-rover-code/src/install/telemetry_interface/share/telemetry_interface/package.zsh'
[2.492s] Level 1:colcon.colcon_core.environment:create_file_with_runtime_dependencies(/workspaces/2026-rover-code/src/install/telemetry_interface/share/colcon-core/packages/telemetry_interface)
[2.783s] Level 1:colcon.colcon_core.environment:checking '/workspaces/2026-rover-code/src/install/telemetry_pkg' for CMake module files
[2.784s] DEBUG:colcon.colcon_core.event_handler.log_command:Invoked command in '/workspaces/2026-rover-code/src/telemetry_pkg' returned '0': PYTHONPATH=/workspaces/2026-rover-code/src/build/telemetry_pkg/prefix_override:/usr/lib/python3/dist-packages/colcon_core/task/python/colcon_distutils_commands:/workspaces/2026-rover-code/src/install/telemetry_pkg/lib/python3.10/site-packages:${PYTHONPATH} /usr/bin/python3 -W ignore:setup.py install is deprecated -W ignore:easy_install command is deprecated setup.py egg_info --egg-base ../build/telemetry_pkg build --build-base /workspaces/2026-rover-code/src/build/telemetry_pkg/build install --record /workspaces/2026-rover-code/src/build/telemetry_pkg/install.log --install-scripts $base/lib/telemetry_pkg --single-version-externally-managed install_data
[2.787s] Level 1:colcon.colcon_core.environment:checking '/workspaces/2026-rover-code/src/install/telemetry_pkg' for CMake config files
[2.796s] Level 1:colcon.colcon_core.environment:checking '/workspaces/2026-rover-code/src/install/telemetry_pkg/lib'
[2.796s] Level 1:colcon.colcon_core.environment:checking '/workspaces/2026-rover-code/src/install/telemetry_pkg/bin'
[2.797s] Level 1:colcon.colcon_core.environment:checking '/workspaces/2026-rover-code/src/install/telemetry_pkg/lib/pkgconfig/telemetry_pkg.pc'
[2.798s] Level 1:colcon.colcon_core.environment:checking '/workspaces/2026-rover-code/src/install/telemetry_pkg/lib/python3.10/site-packages'
[2.798s] Level 1:colcon.colcon_core.shell:create_environment_hook('telemetry_pkg', 'pythonpath')
[2.799s] INFO:colcon.colcon_core.shell:Creating environment hook '/workspaces/2026-rover-code/src/install/telemetry_pkg/share/telemetry_pkg/hook/pythonpath.ps1'
[2.801s] INFO:colcon.colcon_core.shell:Creating environment descriptor '/workspaces/2026-rover-code/src/install/telemetry_pkg/share/telemetry_pkg/hook/pythonpath.dsv'
[2.802s] INFO:colcon.colcon_core.shell:Creating environment hook '/workspaces/2026-rover-code/src/install/telemetry_pkg/share/telemetry_pkg/hook/pythonpath.sh'
[2.804s] Level 1:colcon.colcon_core.environment:checking '/workspaces/2026-rover-code/src/install/telemetry_pkg/bin'
[2.804s] Level 1:colcon.colcon_core.environment:create_environment_scripts_only(telemetry_pkg)
[2.805s] INFO:colcon.colcon_core.shell:Creating package script '/workspaces/2026-rover-code/src/install/telemetry_pkg/share/telemetry_pkg/package.ps1'
[2.807s] INFO:colcon.colcon_core.shell:Creating package descriptor '/workspaces/2026-rover-code/src/install/telemetry_pkg/share/telemetry_pkg/package.dsv'
[2.808s] INFO:colcon.colcon_core.shell:Creating package script '/workspaces/2026-rover-code/src/install/telemetry_pkg/share/telemetry_pkg/package.sh'
[2.810s] INFO:colcon.colcon_core.shell:Creating package script '/workspaces/2026-rover-code/src/install/telemetry_pkg/share/telemetry_pkg/package.bash'
[2.811s] INFO:colcon.colcon_core.shell:Creating package script '/workspaces/2026-rover-code/src/install/telemetry_pkg/share/telemetry_pkg/package.zsh'
[2.813s] Level 1:colcon.colcon_core.environment:create_file_with_runtime_dependencies(/workspaces/2026-rover-code/src/install/telemetry_pkg/share/colcon-core/packages/telemetry_pkg)
[2.814s] DEBUG:colcon.colcon_parallel_executor.executor.parallel:closing loop
[2.814s] DEBUG:colcon.colcon_parallel_executor.executor.parallel:loop closed
[2.815s] DEBUG:colcon.colcon_parallel_executor.executor.parallel:run_until_complete finished with '0'
[2.815s] DEBUG:colcon.colcon_core.event_reactor:joining thread
[2.852s] INFO:colcon.colcon_core.plugin_system:Skipping extension 'colcon_notification.desktop_notification.notify_send': Could not find 'notify-send'
[2.852s] INFO:colcon.colcon_core.plugin_system:Skipping extension 'colcon_notification.desktop_notification.terminal_notifier': Not used on non-Darwin systems
[2.852s] INFO:colcon.colcon_core.plugin_system:Skipping extension 'colcon_notification.desktop_notification.win32': Not used on non-Windows systems
[2.853s] INFO:colcon.colcon_notification.desktop_notification:Sending desktop notification using 'notify2'
[2.865s] DEBUG:colcon.colcon_notification.desktop_notification.notify2:Failed to initialize notify2: org.freedesktop.DBus.Error.ServiceUnknown: The name org.freedesktop.Notifications was not provided by any .service files
[2.866s] DEBUG:colcon.colcon_core.event_reactor:joined thread
[2.867s] INFO:colcon.colcon_core.shell:Creating prefix script '/workspaces/2026-rover-code/src/install/local_setup.ps1'
[2.871s] INFO:colcon.colcon_core.shell:Creating prefix util module '/workspaces/2026-rover-code/src/install/_local_setup_util_ps1.py'
[2.875s] INFO:colcon.colcon_core.shell:Creating prefix chain script '/workspaces/2026-rover-code/src/install/setup.ps1'
[2.880s] INFO:colcon.colcon_core.shell:Creating prefix script '/workspaces/2026-rover-code/src/install/local_setup.sh'
[2.882s] INFO:colcon.colcon_core.shell:Creating prefix util module '/workspaces/2026-rover-code/src/install/_local_setup_util_sh.py'
[2.884s] INFO:colcon.colcon_core.shell:Creating prefix chain script '/workspaces/2026-rover-code/src/install/setup.sh'
[2.888s] INFO:colcon.colcon_core.shell:Creating prefix script '/workspaces/2026-rover-code/src/install/local_setup.bash'
[2.889s] INFO:colcon.colcon_core.shell:Creating prefix chain script '/workspaces/2026-rover-code/src/install/setup.bash'
[2.893s] INFO:colcon.colcon_core.shell:Creating prefix script '/workspaces/2026-rover-code/src/install/local_setup.zsh'
[2.895s] INFO:colcon.colcon_core.shell:Creating prefix chain script '/workspaces/2026-rover-code/src/install/setup.zsh'
