[0.535s] Invoking command in '/workspaces/2026-rover-code/src/build/telemetry_interface': CMAKE_PREFIX_PATH=${CMAKE_PREFIX_PATH}:/workspaces/2026-rover-code/src/install/telemetry_pkg:/workspaces/2026-rover-code/src/install/GIM_pkg:/workspaces/2026-rover-code/install/telemetry_pkg:/opt/ros/humble /usr/bin/cmake --build /workspaces/2026-rover-code/src/build/telemetry_interface -- -j16 -l16
[0.804s] [  3%] Built target telemetry_interface__cpp
[0.839s] [ 15%] Built target telemetry_interface__rosidl_generator_c
[0.841s] [ 15%] Built target telemetry_interface__rs
[0.998s] [ 15%] Built target ament_cmake_python_copy_telemetry_interface
[1.032s] [ 25%] Built target telemetry_interface__rosidl_typesupport_introspection_cpp
[1.062s] [ 34%] Built target telemetry_interface__rosidl_typesupport_cpp
[1.104s] [ 53%] Built target telemetry_interface__rosidl_typesupport_c
[1.107s] [ 53%] Built target telemetry_interface__rosidl_typesupport_fastrtps_cpp
[1.112s] [ 71%] Built target telemetry_interface__rosidl_typesupport_introspection_c
[1.117s] [ 71%] Built target telemetry_interface__rosidl_typesupport_fastrtps_c
[1.242s] [ 71%] Built target telemetry_interface
[1.361s] [ 75%] Built target telemetry_interface__py
[1.509s] [ 81%] Built target telemetry_interface__rosidl_generator_py
[1.653s] running egg_info
[1.656s] writing telemetry_interface.egg-info/PKG-INFO
[1.664s] writing dependency_links to telemetry_interface.egg-info/dependency_links.txt
[1.673s] writing top-level names to telemetry_interface.egg-info/top_level.txt
[1.696s] [ 87%] Built target telemetry_interface__rosidl_typesupport_introspection_c__pyext
[1.707s] reading manifest file 'telemetry_interface.egg-info/SOURCES.txt'
[1.714s] writing manifest file 'telemetry_interface.egg-info/SOURCES.txt'
[1.732s] [ 96%] Built target telemetry_interface__rosidl_typesupport_fastrtps_c__pyext
[1.738s] [100%] Built target telemetry_interface__rosidl_typesupport_c__pyext
[1.846s] [100%] Built target ament_cmake_python_build_telemetry_interface_egg
[1.900s] Invoked command in '/workspaces/2026-rover-code/src/build/telemetry_interface' returned '0': CMAKE_PREFIX_PATH=${CMAKE_PREFIX_PATH}:/workspaces/2026-rover-code/src/install/telemetry_pkg:/workspaces/2026-rover-code/src/install/GIM_pkg:/workspaces/2026-rover-code/install/telemetry_pkg:/opt/ros/humble /usr/bin/cmake --build /workspaces/2026-rover-code/src/build/telemetry_interface -- -j16 -l16
[1.941s] Invoking command in '/workspaces/2026-rover-code/src/build/telemetry_interface': CMAKE_PREFIX_PATH=${CMAKE_PREFIX_PATH}:/workspaces/2026-rover-code/src/install/telemetry_pkg:/workspaces/2026-rover-code/src/install/GIM_pkg:/workspaces/2026-rover-code/install/telemetry_pkg:/opt/ros/humble /usr/bin/cmake --install /workspaces/2026-rover-code/src/build/telemetry_interface
[1.971s] -- Install configuration: ""
[1.972s] -- Up-to-date: /workspaces/2026-rover-code/src/install/telemetry_interface/share/ament_index/resource_index/rosidl_interfaces/telemetry_interface
[1.973s] -- Up-to-date: /workspaces/2026-rover-code/src/install/telemetry_interface/include/telemetry_interface/telemetry_interface
[1.974s] -- Up-to-date: /workspaces/2026-rover-code/src/install/telemetry_interface/include/telemetry_interface/telemetry_interface/msg
[1.975s] -- Up-to-date: /workspaces/2026-rover-code/src/install/telemetry_interface/include/telemetry_interface/telemetry_interface/msg/rosidl_generator_c__visibility_control.h
[1.977s] -- Up-to-date: /workspaces/2026-rover-code/src/install/telemetry_interface/include/telemetry_interface/telemetry_interface/msg/telemetry.h
[1.978s] -- Up-to-date: /workspaces/2026-rover-code/src/install/telemetry_interface/include/telemetry_interface/telemetry_interface/msg/telemetry_data.h
[1.979s] -- Up-to-date: /workspaces/2026-rover-code/src/install/telemetry_interface/include/telemetry_interface/telemetry_interface/msg/control_message.h
[1.979s] -- Up-to-date: /workspaces/2026-rover-code/src/install/telemetry_interface/include/telemetry_interface/telemetry_interface/msg/detail
[1.981s] -- Up-to-date: /workspaces/2026-rover-code/src/install/telemetry_interface/include/telemetry_interface/telemetry_interface/msg/detail/telemetry__type_support.h
[1.982s] -- Up-to-date: /workspaces/2026-rover-code/src/install/telemetry_interface/include/telemetry_interface/telemetry_interface/msg/detail/controller_status__struct.h
[1.983s] -- Up-to-date: /workspaces/2026-rover-code/src/install/telemetry_interface/include/telemetry_interface/telemetry_interface/msg/detail/control_message__type_support.h
[1.983s] -- Up-to-date: /workspaces/2026-rover-code/src/install/telemetry_interface/include/telemetry_interface/telemetry_interface/msg/detail/telemetry__struct.h
[1.985s] -- Up-to-date: /workspaces/2026-rover-code/src/install/telemetry_interface/include/telemetry_interface/telemetry_interface/msg/detail/o_drive_status__functions.c
[1.986s] -- Up-to-date: /workspaces/2026-rover-code/src/install/telemetry_interface/include/telemetry_interface/telemetry_interface/msg/detail/controller_status__functions.h
[1.987s] -- Up-to-date: /workspaces/2026-rover-code/src/install/telemetry_interface/include/telemetry_interface/telemetry_interface/msg/detail/o_drive_status__type_support.h
[1.987s] -- Up-to-date: /workspaces/2026-rover-code/src/install/telemetry_interface/include/telemetry_interface/telemetry_interface/msg/detail/telemetry_data__functions.h
[1.988s] -- Up-to-date: /workspaces/2026-rover-code/src/install/telemetry_interface/include/telemetry_interface/telemetry_interface/msg/detail/telemetry_data__functions.c
[1.990s] -- Up-to-date: /workspaces/2026-rover-code/src/install/telemetry_interface/include/telemetry_interface/telemetry_interface/msg/detail/controller_status__functions.c
[1.991s] -- Up-to-date: /workspaces/2026-rover-code/src/install/telemetry_interface/include/telemetry_interface/telemetry_interface/msg/detail/control_message__struct.h
[1.992s] -- Up-to-date: /workspaces/2026-rover-code/src/install/telemetry_interface/include/telemetry_interface/telemetry_interface/msg/detail/control_message__functions.c
[1.993s] -- Up-to-date: /workspaces/2026-rover-code/src/install/telemetry_interface/include/telemetry_interface/telemetry_interface/msg/detail/telemetry__functions.c
[1.993s] -- Up-to-date: /workspaces/2026-rover-code/src/install/telemetry_interface/include/telemetry_interface/telemetry_interface/msg/detail/telemetry_data__struct.h
[1.994s] -- Up-to-date: /workspaces/2026-rover-code/src/install/telemetry_interface/include/telemetry_interface/telemetry_interface/msg/detail/o_drive_status__struct.h
[1.995s] -- Up-to-date: /workspaces/2026-rover-code/src/install/telemetry_interface/include/telemetry_interface/telemetry_interface/msg/detail/controller_status__type_support.h
[1.996s] -- Up-to-date: /workspaces/2026-rover-code/src/install/telemetry_interface/include/telemetry_interface/telemetry_interface/msg/detail/telemetry__functions.h
[1.997s] -- Up-to-date: /workspaces/2026-rover-code/src/install/telemetry_interface/include/telemetry_interface/telemetry_interface/msg/detail/control_message__functions.h
[1.998s] -- Up-to-date: /workspaces/2026-rover-code/src/install/telemetry_interface/include/telemetry_interface/telemetry_interface/msg/detail/telemetry_data__type_support.h
[1.999s] -- Up-to-date: /workspaces/2026-rover-code/src/install/telemetry_interface/include/telemetry_interface/telemetry_interface/msg/detail/o_drive_status__functions.h
[2.000s] -- Up-to-date: /workspaces/2026-rover-code/src/install/telemetry_interface/include/telemetry_interface/telemetry_interface/msg/controller_status.h
[2.002s] -- Up-to-date: /workspaces/2026-rover-code/src/install/telemetry_interface/include/telemetry_interface/telemetry_interface/msg/o_drive_status.h
[2.003s] -- Up-to-date: /workspaces/2026-rover-code/src/install/telemetry_interface/share/telemetry_interface/environment/library_path.sh
[2.003s] -- Up-to-date: /workspaces/2026-rover-code/src/install/telemetry_interface/share/telemetry_interface/environment/library_path.dsv
[2.004s] -- Up-to-date: /workspaces/2026-rover-code/src/install/telemetry_interface/lib/libtelemetry_interface__rosidl_generator_c.so
[2.005s] -- Up-to-date: /workspaces/2026-rover-code/src/install/telemetry_interface/include/telemetry_interface/telemetry_interface
[2.007s] -- Up-to-date: /workspaces/2026-rover-code/src/install/telemetry_interface/include/telemetry_interface/telemetry_interface/msg
[2.008s] -- Up-to-date: /workspaces/2026-rover-code/src/install/telemetry_interface/include/telemetry_interface/telemetry_interface/msg/detail
[2.009s] -- Up-to-date: /workspaces/2026-rover-code/src/install/telemetry_interface/include/telemetry_interface/telemetry_interface/msg/detail/control_message__rosidl_typesupport_fastrtps_c.h
[2.010s] -- Up-to-date: /workspaces/2026-rover-code/src/install/telemetry_interface/include/telemetry_interface/telemetry_interface/msg/detail/telemetry_data__rosidl_typesupport_fastrtps_c.h
[2.011s] -- Up-to-date: /workspaces/2026-rover-code/src/install/telemetry_interface/include/telemetry_interface/telemetry_interface/msg/detail/controller_status__rosidl_typesupport_fastrtps_c.h
[2.012s] -- Up-to-date: /workspaces/2026-rover-code/src/install/telemetry_interface/include/telemetry_interface/telemetry_interface/msg/detail/o_drive_status__rosidl_typesupport_fastrtps_c.h
[2.013s] -- Up-to-date: /workspaces/2026-rover-code/src/install/telemetry_interface/include/telemetry_interface/telemetry_interface/msg/detail/telemetry__rosidl_typesupport_fastrtps_c.h
[2.014s] -- Up-to-date: /workspaces/2026-rover-code/src/install/telemetry_interface/include/telemetry_interface/telemetry_interface/msg/rosidl_typesupport_fastrtps_c__visibility_control.h
[2.015s] -- Up-to-date: /workspaces/2026-rover-code/src/install/telemetry_interface/lib/libtelemetry_interface__rosidl_typesupport_fastrtps_c.so
[2.017s] -- Up-to-date: /workspaces/2026-rover-code/src/install/telemetry_interface/include/telemetry_interface/telemetry_interface
[2.019s] -- Up-to-date: /workspaces/2026-rover-code/src/install/telemetry_interface/include/telemetry_interface/telemetry_interface/msg
[2.020s] -- Up-to-date: /workspaces/2026-rover-code/src/install/telemetry_interface/include/telemetry_interface/telemetry_interface/msg/control_message.hpp
[2.021s] -- Up-to-date: /workspaces/2026-rover-code/src/install/telemetry_interface/include/telemetry_interface/telemetry_interface/msg/rosidl_generator_cpp__visibility_control.hpp
[2.024s] -- Up-to-date: /workspaces/2026-rover-code/src/install/telemetry_interface/include/telemetry_interface/telemetry_interface/msg/telemetry.hpp
[2.025s] -- Up-to-date: /workspaces/2026-rover-code/src/install/telemetry_interface/include/telemetry_interface/telemetry_interface/msg/controller_status.hpp
[2.027s] -- Up-to-date: /workspaces/2026-rover-code/src/install/telemetry_interface/include/telemetry_interface/telemetry_interface/msg/o_drive_status.hpp
[2.028s] -- Up-to-date: /workspaces/2026-rover-code/src/install/telemetry_interface/include/telemetry_interface/telemetry_interface/msg/telemetry_data.hpp
[2.032s] -- Up-to-date: /workspaces/2026-rover-code/src/install/telemetry_interface/include/telemetry_interface/telemetry_interface/msg/detail
[2.034s] -- Up-to-date: /workspaces/2026-rover-code/src/install/telemetry_interface/include/telemetry_interface/telemetry_interface/msg/detail/o_drive_status__type_support.hpp
[2.035s] -- Up-to-date: /workspaces/2026-rover-code/src/install/telemetry_interface/include/telemetry_interface/telemetry_interface/msg/detail/telemetry_data__builder.hpp
[2.036s] -- Up-to-date: /workspaces/2026-rover-code/src/install/telemetry_interface/include/telemetry_interface/telemetry_interface/msg/detail/telemetry_data__struct.hpp
[2.048s] -- Up-to-date: /workspaces/2026-rover-code/src/install/telemetry_interface/include/telemetry_interface/telemetry_interface/msg/detail/controller_status__type_support.hpp
[2.050s] -- Up-to-date: /workspaces/2026-rover-code/src/install/telemetry_interface/include/telemetry_interface/telemetry_interface/msg/detail/controller_status__builder.hpp
[2.051s] -- Up-to-date: /workspaces/2026-rover-code/src/install/telemetry_interface/include/telemetry_interface/telemetry_interface/msg/detail/telemetry_data__type_support.hpp
[2.051s] -- Up-to-date: /workspaces/2026-rover-code/src/install/telemetry_interface/include/telemetry_interface/telemetry_interface/msg/detail/telemetry__traits.hpp
[2.052s] -- Up-to-date: /workspaces/2026-rover-code/src/install/telemetry_interface/include/telemetry_interface/telemetry_interface/msg/detail/telemetry__type_support.hpp
[2.054s] -- Up-to-date: /workspaces/2026-rover-code/src/install/telemetry_interface/include/telemetry_interface/telemetry_interface/msg/detail/o_drive_status__builder.hpp
[2.055s] -- Up-to-date: /workspaces/2026-rover-code/src/install/telemetry_interface/include/telemetry_interface/telemetry_interface/msg/detail/control_message__traits.hpp
[2.056s] -- Up-to-date: /workspaces/2026-rover-code/src/install/telemetry_interface/include/telemetry_interface/telemetry_interface/msg/detail/control_message__type_support.hpp
[2.058s] -- Up-to-date: /workspaces/2026-rover-code/src/install/telemetry_interface/include/telemetry_interface/telemetry_interface/msg/detail/o_drive_status__struct.hpp
[2.059s] -- Up-to-date: /workspaces/2026-rover-code/src/install/telemetry_interface/include/telemetry_interface/telemetry_interface/msg/detail/controller_status__struct.hpp
[2.060s] -- Up-to-date: /workspaces/2026-rover-code/src/install/telemetry_interface/include/telemetry_interface/telemetry_interface/msg/detail/telemetry_data__traits.hpp
[2.060s] -- Up-to-date: /workspaces/2026-rover-code/src/install/telemetry_interface/include/telemetry_interface/telemetry_interface/msg/detail/o_drive_status__traits.hpp
[2.061s] -- Up-to-date: /workspaces/2026-rover-code/src/install/telemetry_interface/include/telemetry_interface/telemetry_interface/msg/detail/control_message__struct.hpp
[2.062s] -- Up-to-date: /workspaces/2026-rover-code/src/install/telemetry_interface/include/telemetry_interface/telemetry_interface/msg/detail/telemetry__builder.hpp
[2.064s] -- Up-to-date: /workspaces/2026-rover-code/src/install/telemetry_interface/include/telemetry_interface/telemetry_interface/msg/detail/telemetry__struct.hpp
[2.065s] -- Up-to-date: /workspaces/2026-rover-code/src/install/telemetry_interface/include/telemetry_interface/telemetry_interface/msg/detail/controller_status__traits.hpp
[2.066s] -- Up-to-date: /workspaces/2026-rover-code/src/install/telemetry_interface/include/telemetry_interface/telemetry_interface/msg/detail/control_message__builder.hpp
[2.067s] -- Up-to-date: /workspaces/2026-rover-code/src/install/telemetry_interface/include/telemetry_interface/telemetry_interface
[2.067s] -- Up-to-date: /workspaces/2026-rover-code/src/install/telemetry_interface/include/telemetry_interface/telemetry_interface/msg
[2.068s] -- Up-to-date: /workspaces/2026-rover-code/src/install/telemetry_interface/include/telemetry_interface/telemetry_interface/msg/rosidl_typesupport_fastrtps_cpp__visibility_control.h
[2.069s] -- Up-to-date: /workspaces/2026-rover-code/src/install/telemetry_interface/include/telemetry_interface/telemetry_interface/msg/detail
[2.076s] -- Up-to-date: /workspaces/2026-rover-code/src/install/telemetry_interface/include/telemetry_interface/telemetry_interface/msg/detail/telemetry__rosidl_typesupport_fastrtps_cpp.hpp
[2.077s] -- Up-to-date: /workspaces/2026-rover-code/src/install/telemetry_interface/include/telemetry_interface/telemetry_interface/msg/detail/controller_status__rosidl_typesupport_fastrtps_cpp.hpp
[2.078s] -- Up-to-date: /workspaces/2026-rover-code/src/install/telemetry_interface/include/telemetry_interface/telemetry_interface/msg/detail/telemetry_data__rosidl_typesupport_fastrtps_cpp.hpp
[2.080s] -- Up-to-date: /workspaces/2026-rover-code/src/install/telemetry_interface/include/telemetry_interface/telemetry_interface/msg/detail/control_message__rosidl_typesupport_fastrtps_cpp.hpp
[2.081s] -- Up-to-date: /workspaces/2026-rover-code/src/install/telemetry_interface/include/telemetry_interface/telemetry_interface/msg/detail/dds_fastrtps
[2.082s] -- Up-to-date: /workspaces/2026-rover-code/src/install/telemetry_interface/include/telemetry_interface/telemetry_interface/msg/detail/o_drive_status__rosidl_typesupport_fastrtps_cpp.hpp
[2.083s] -- Up-to-date: /workspaces/2026-rover-code/src/install/telemetry_interface/lib/libtelemetry_interface__rosidl_typesupport_fastrtps_cpp.so
[2.084s] -- Up-to-date: /workspaces/2026-rover-code/src/install/telemetry_interface/include/telemetry_interface/telemetry_interface
[2.085s] -- Up-to-date: /workspaces/2026-rover-code/src/install/telemetry_interface/include/telemetry_interface/telemetry_interface/msg
[2.086s] -- Up-to-date: /workspaces/2026-rover-code/src/install/telemetry_interface/include/telemetry_interface/telemetry_interface/msg/rosidl_typesupport_introspection_c__visibility_control.h
[2.087s] -- Up-to-date: /workspaces/2026-rover-code/src/install/telemetry_interface/include/telemetry_interface/telemetry_interface/msg/detail
[2.088s] -- Up-to-date: /workspaces/2026-rover-code/src/install/telemetry_interface/include/telemetry_interface/telemetry_interface/msg/detail/o_drive_status__type_support.c
[2.089s] -- Up-to-date: /workspaces/2026-rover-code/src/install/telemetry_interface/include/telemetry_interface/telemetry_interface/msg/detail/telemetry__type_support.c
[2.090s] -- Up-to-date: /workspaces/2026-rover-code/src/install/telemetry_interface/include/telemetry_interface/telemetry_interface/msg/detail/telemetry_data__rosidl_typesupport_introspection_c.h
[2.092s] -- Up-to-date: /workspaces/2026-rover-code/src/install/telemetry_interface/include/telemetry_interface/telemetry_interface/msg/detail/control_message__rosidl_typesupport_introspection_c.h
[2.093s] -- Up-to-date: /workspaces/2026-rover-code/src/install/telemetry_interface/include/telemetry_interface/telemetry_interface/msg/detail/telemetry_data__type_support.c
[2.094s] -- Up-to-date: /workspaces/2026-rover-code/src/install/telemetry_interface/include/telemetry_interface/telemetry_interface/msg/detail/controller_status__rosidl_typesupport_introspection_c.h
[2.095s] -- Up-to-date: /workspaces/2026-rover-code/src/install/telemetry_interface/include/telemetry_interface/telemetry_interface/msg/detail/controller_status__type_support.c
[2.097s] -- Up-to-date: /workspaces/2026-rover-code/src/install/telemetry_interface/include/telemetry_interface/telemetry_interface/msg/detail/control_message__type_support.c
[2.098s] -- Up-to-date: /workspaces/2026-rover-code/src/install/telemetry_interface/include/telemetry_interface/telemetry_interface/msg/detail/telemetry__rosidl_typesupport_introspection_c.h
[2.101s] -- Up-to-date: /workspaces/2026-rover-code/src/install/telemetry_interface/include/telemetry_interface/telemetry_interface/msg/detail/o_drive_status__rosidl_typesupport_introspection_c.h
[2.102s] -- Up-to-date: /workspaces/2026-rover-code/src/install/telemetry_interface/lib/libtelemetry_interface__rosidl_typesupport_introspection_c.so
[2.104s] -- Up-to-date: /workspaces/2026-rover-code/src/install/telemetry_interface/lib/libtelemetry_interface__rosidl_typesupport_c.so
[2.106s] -- Up-to-date: /workspaces/2026-rover-code/src/install/telemetry_interface/include/telemetry_interface/telemetry_interface
[2.109s] -- Up-to-date: /workspaces/2026-rover-code/src/install/telemetry_interface/include/telemetry_interface/telemetry_interface/msg
[2.110s] -- Up-to-date: /workspaces/2026-rover-code/src/install/telemetry_interface/include/telemetry_interface/telemetry_interface/msg/detail
[2.112s] -- Up-to-date: /workspaces/2026-rover-code/src/install/telemetry_interface/include/telemetry_interface/telemetry_interface/msg/detail/telemetry__type_support.cpp
[2.113s] -- Up-to-date: /workspaces/2026-rover-code/src/install/telemetry_interface/include/telemetry_interface/telemetry_interface/msg/detail/control_message__rosidl_typesupport_introspection_cpp.hpp
[2.114s] -- Up-to-date: /workspaces/2026-rover-code/src/install/telemetry_interface/include/telemetry_interface/telemetry_interface/msg/detail/telemetry_data__rosidl_typesupport_introspection_cpp.hpp
[2.117s] -- Up-to-date: /workspaces/2026-rover-code/src/install/telemetry_interface/include/telemetry_interface/telemetry_interface/msg/detail/o_drive_status__type_support.cpp
[2.118s] -- Up-to-date: /workspaces/2026-rover-code/src/install/telemetry_interface/include/telemetry_interface/telemetry_interface/msg/detail/o_drive_status__rosidl_typesupport_introspection_cpp.hpp
[2.120s] -- Up-to-date: /workspaces/2026-rover-code/src/install/telemetry_interface/include/telemetry_interface/telemetry_interface/msg/detail/controller_status__type_support.cpp
[2.121s] -- Up-to-date: /workspaces/2026-rover-code/src/install/telemetry_interface/include/telemetry_interface/telemetry_interface/msg/detail/control_message__type_support.cpp
[2.123s] -- Up-to-date: /workspaces/2026-rover-code/src/install/telemetry_interface/include/telemetry_interface/telemetry_interface/msg/detail/telemetry__rosidl_typesupport_introspection_cpp.hpp
[2.125s] -- Up-to-date: /workspaces/2026-rover-code/src/install/telemetry_interface/include/telemetry_interface/telemetry_interface/msg/detail/telemetry_data__type_support.cpp
[2.127s] -- Up-to-date: /workspaces/2026-rover-code/src/install/telemetry_interface/include/telemetry_interface/telemetry_interface/msg/detail/controller_status__rosidl_typesupport_introspection_cpp.hpp
[2.128s] -- Up-to-date: /workspaces/2026-rover-code/src/install/telemetry_interface/lib/libtelemetry_interface__rosidl_typesupport_introspection_cpp.so
[2.129s] -- Up-to-date: /workspaces/2026-rover-code/src/install/telemetry_interface/lib/libtelemetry_interface__rosidl_typesupport_cpp.so
[2.131s] -- Up-to-date: /workspaces/2026-rover-code/src/install/telemetry_interface/share/telemetry_interface/environment/pythonpath.sh
[2.133s] -- Up-to-date: /workspaces/2026-rover-code/src/install/telemetry_interface/share/telemetry_interface/environment/pythonpath.dsv
[2.134s] -- Up-to-date: /workspaces/2026-rover-code/src/install/telemetry_interface/local/lib/python3.10/dist-packages/telemetry_interface-0.0.0-py3.10.egg-info
[2.135s] -- Installing: /workspaces/2026-rover-code/src/install/telemetry_interface/local/lib/python3.10/dist-packages/telemetry_interface-0.0.0-py3.10.egg-info/top_level.txt
[2.137s] -- Installing: /workspaces/2026-rover-code/src/install/telemetry_interface/local/lib/python3.10/dist-packages/telemetry_interface-0.0.0-py3.10.egg-info/PKG-INFO
[2.139s] -- Installing: /workspaces/2026-rover-code/src/install/telemetry_interface/local/lib/python3.10/dist-packages/telemetry_interface-0.0.0-py3.10.egg-info/dependency_links.txt
[2.141s] -- Installing: /workspaces/2026-rover-code/src/install/telemetry_interface/local/lib/python3.10/dist-packages/telemetry_interface-0.0.0-py3.10.egg-info/SOURCES.txt
[2.142s] -- Up-to-date: /workspaces/2026-rover-code/src/install/telemetry_interface/local/lib/python3.10/dist-packages/telemetry_interface
[2.143s] -- Up-to-date: /workspaces/2026-rover-code/src/install/telemetry_interface/local/lib/python3.10/dist-packages/telemetry_interface/_telemetry_interface_s.ep.rosidl_typesupport_fastrtps_c.c
[2.144s] -- Up-to-date: /workspaces/2026-rover-code/src/install/telemetry_interface/local/lib/python3.10/dist-packages/telemetry_interface/telemetry_interface_s__rosidl_typesupport_introspection_c.cpython-310-x86_64-linux-gnu.so
[2.145s] -- Up-to-date: /workspaces/2026-rover-code/src/install/telemetry_interface/local/lib/python3.10/dist-packages/telemetry_interface/telemetry_interface_s__rosidl_typesupport_c.cpython-310-x86_64-linux-gnu.so
[2.146s] -- Up-to-date: /workspaces/2026-rover-code/src/install/telemetry_interface/local/lib/python3.10/dist-packages/telemetry_interface/_telemetry_interface_s.ep.rosidl_typesupport_introspection_c.c
[2.147s] -- Up-to-date: /workspaces/2026-rover-code/src/install/telemetry_interface/local/lib/python3.10/dist-packages/telemetry_interface/__init__.py
[2.148s] -- Up-to-date: /workspaces/2026-rover-code/src/install/telemetry_interface/local/lib/python3.10/dist-packages/telemetry_interface/_telemetry_interface_s.ep.rosidl_typesupport_c.c
[2.149s] -- Up-to-date: /workspaces/2026-rover-code/src/install/telemetry_interface/local/lib/python3.10/dist-packages/telemetry_interface/libtelemetry_interface__rosidl_generator_py.so
[2.150s] -- Up-to-date: /workspaces/2026-rover-code/src/install/telemetry_interface/local/lib/python3.10/dist-packages/telemetry_interface/telemetry_interface_s__rosidl_typesupport_fastrtps_c.cpython-310-x86_64-linux-gnu.so
[2.151s] -- Up-to-date: /workspaces/2026-rover-code/src/install/telemetry_interface/local/lib/python3.10/dist-packages/telemetry_interface/msg
[2.152s] -- Up-to-date: /workspaces/2026-rover-code/src/install/telemetry_interface/local/lib/python3.10/dist-packages/telemetry_interface/msg/_telemetry_data_s.c
[2.153s] -- Up-to-date: /workspaces/2026-rover-code/src/install/telemetry_interface/local/lib/python3.10/dist-packages/telemetry_interface/msg/_o_drive_status_s.c
[2.157s] -- Up-to-date: /workspaces/2026-rover-code/src/install/telemetry_interface/local/lib/python3.10/dist-packages/telemetry_interface/msg/_control_message_s.c
[2.160s] -- Up-to-date: /workspaces/2026-rover-code/src/install/telemetry_interface/local/lib/python3.10/dist-packages/telemetry_interface/msg/_telemetry_s.c
[2.163s] -- Up-to-date: /workspaces/2026-rover-code/src/install/telemetry_interface/local/lib/python3.10/dist-packages/telemetry_interface/msg/__init__.py
[2.169s] -- Up-to-date: /workspaces/2026-rover-code/src/install/telemetry_interface/local/lib/python3.10/dist-packages/telemetry_interface/msg/_telemetry_data.py
[2.174s] -- Up-to-date: /workspaces/2026-rover-code/src/install/telemetry_interface/local/lib/python3.10/dist-packages/telemetry_interface/msg/_telemetry.py
[2.176s] -- Up-to-date: /workspaces/2026-rover-code/src/install/telemetry_interface/local/lib/python3.10/dist-packages/telemetry_interface/msg/_controller_status.py
[2.180s] -- Up-to-date: /workspaces/2026-rover-code/src/install/telemetry_interface/local/lib/python3.10/dist-packages/telemetry_interface/msg/_control_message.py
[2.182s] -- Up-to-date: /workspaces/2026-rover-code/src/install/telemetry_interface/local/lib/python3.10/dist-packages/telemetry_interface/msg/_controller_status_s.c
[2.184s] -- Up-to-date: /workspaces/2026-rover-code/src/install/telemetry_interface/local/lib/python3.10/dist-packages/telemetry_interface/msg/_o_drive_status.py
[2.282s] Listing '/workspaces/2026-rover-code/src/install/telemetry_interface/local/lib/python3.10/dist-packages/telemetry_interface'...
[2.285s] Listing '/workspaces/2026-rover-code/src/install/telemetry_interface/local/lib/python3.10/dist-packages/telemetry_interface/msg'...
[2.293s] -- Up-to-date: /workspaces/2026-rover-code/src/install/telemetry_interface/local/lib/python3.10/dist-packages/telemetry_interface/telemetry_interface_s__rosidl_typesupport_fastrtps_c.cpython-310-x86_64-linux-gnu.so
[2.297s] -- Up-to-date: /workspaces/2026-rover-code/src/install/telemetry_interface/local/lib/python3.10/dist-packages/telemetry_interface/telemetry_interface_s__rosidl_typesupport_introspection_c.cpython-310-x86_64-linux-gnu.so
[2.300s] -- Up-to-date: /workspaces/2026-rover-code/src/install/telemetry_interface/local/lib/python3.10/dist-packages/telemetry_interface/telemetry_interface_s__rosidl_typesupport_c.cpython-310-x86_64-linux-gnu.so
[2.302s] -- Up-to-date: /workspaces/2026-rover-code/src/install/telemetry_interface/lib/libtelemetry_interface__rosidl_generator_py.so
[2.305s] -- Up-to-date: /workspaces/2026-rover-code/src/install/telemetry_interface/share/ament_index/resource_index/rust_packages/telemetry_interface
[2.306s] -- Up-to-date: /workspaces/2026-rover-code/src/install/telemetry_interface/share/telemetry_interface/rust
[2.307s] -- Up-to-date: /workspaces/2026-rover-code/src/install/telemetry_interface/share/telemetry_interface/rust/Cargo.toml
[2.308s] -- Up-to-date: /workspaces/2026-rover-code/src/install/telemetry_interface/share/telemetry_interface/rust/src
[2.309s] -- Up-to-date: /workspaces/2026-rover-code/src/install/telemetry_interface/share/telemetry_interface/rust/src/lib.rs
[2.310s] -- Up-to-date: /workspaces/2026-rover-code/src/install/telemetry_interface/share/telemetry_interface/rust/src/msg
[2.312s] -- Up-to-date: /workspaces/2026-rover-code/src/install/telemetry_interface/share/telemetry_interface/rust/src/msg/rmw.rs
[2.314s] -- Up-to-date: /workspaces/2026-rover-code/src/install/telemetry_interface/share/telemetry_interface/rust/src/msg.rs
[2.315s] -- Up-to-date: /workspaces/2026-rover-code/src/install/telemetry_interface/share/telemetry_interface/rust/build.rs
[2.316s] -- Up-to-date: /workspaces/2026-rover-code/src/install/telemetry_interface/share/telemetry_interface/msg/TelemetryData.idl
[2.318s] -- Up-to-date: /workspaces/2026-rover-code/src/install/telemetry_interface/share/telemetry_interface/msg/TelemetryData.msg
[2.319s] -- Up-to-date: /workspaces/2026-rover-code/src/install/telemetry_interface/share/ament_index/resource_index/package_run_dependencies/telemetry_interface
[2.320s] -- Up-to-date: /workspaces/2026-rover-code/src/install/telemetry_interface/share/ament_index/resource_index/parent_prefix_path/telemetry_interface
[2.322s] -- Up-to-date: /workspaces/2026-rover-code/src/install/telemetry_interface/share/telemetry_interface/environment/ament_prefix_path.sh
[2.323s] -- Up-to-date: /workspaces/2026-rover-code/src/install/telemetry_interface/share/telemetry_interface/environment/ament_prefix_path.dsv
[2.324s] -- Up-to-date: /workspaces/2026-rover-code/src/install/telemetry_interface/share/telemetry_interface/environment/path.sh
[2.325s] -- Up-to-date: /workspaces/2026-rover-code/src/install/telemetry_interface/share/telemetry_interface/environment/path.dsv
[2.327s] -- Up-to-date: /workspaces/2026-rover-code/src/install/telemetry_interface/share/telemetry_interface/local_setup.bash
[2.329s] -- Up-to-date: /workspaces/2026-rover-code/src/install/telemetry_interface/share/telemetry_interface/local_setup.sh
[2.330s] -- Up-to-date: /workspaces/2026-rover-code/src/install/telemetry_interface/share/telemetry_interface/local_setup.zsh
[2.331s] -- Up-to-date: /workspaces/2026-rover-code/src/install/telemetry_interface/share/telemetry_interface/local_setup.dsv
[2.332s] -- Installing: /workspaces/2026-rover-code/src/install/telemetry_interface/share/telemetry_interface/package.dsv
[2.339s] -- Up-to-date: /workspaces/2026-rover-code/src/install/telemetry_interface/share/ament_index/resource_index/packages/telemetry_interface
[2.340s] -- Up-to-date: /workspaces/2026-rover-code/src/install/telemetry_interface/share/telemetry_interface/cmake/export_telemetry_interface__rosidl_generator_cExport.cmake
[2.342s] -- Up-to-date: /workspaces/2026-rover-code/src/install/telemetry_interface/share/telemetry_interface/cmake/export_telemetry_interface__rosidl_generator_cExport-noconfig.cmake
[2.346s] -- Up-to-date: /workspaces/2026-rover-code/src/install/telemetry_interface/share/telemetry_interface/cmake/export_telemetry_interface__rosidl_typesupport_fastrtps_cExport.cmake
[2.347s] -- Up-to-date: /workspaces/2026-rover-code/src/install/telemetry_interface/share/telemetry_interface/cmake/export_telemetry_interface__rosidl_typesupport_fastrtps_cExport-noconfig.cmake
[2.349s] -- Up-to-date: /workspaces/2026-rover-code/src/install/telemetry_interface/share/telemetry_interface/cmake/export_telemetry_interface__rosidl_generator_cppExport.cmake
[2.352s] -- Up-to-date: /workspaces/2026-rover-code/src/install/telemetry_interface/share/telemetry_interface/cmake/export_telemetry_interface__rosidl_typesupport_fastrtps_cppExport.cmake
[2.354s] -- Up-to-date: /workspaces/2026-rover-code/src/install/telemetry_interface/share/telemetry_interface/cmake/export_telemetry_interface__rosidl_typesupport_fastrtps_cppExport-noconfig.cmake
[2.355s] -- Up-to-date: /workspaces/2026-rover-code/src/install/telemetry_interface/share/telemetry_interface/cmake/telemetry_interface__rosidl_typesupport_introspection_cExport.cmake
[2.357s] -- Up-to-date: /workspaces/2026-rover-code/src/install/telemetry_interface/share/telemetry_interface/cmake/telemetry_interface__rosidl_typesupport_introspection_cExport-noconfig.cmake
[2.359s] -- Up-to-date: /workspaces/2026-rover-code/src/install/telemetry_interface/share/telemetry_interface/cmake/telemetry_interface__rosidl_typesupport_cExport.cmake
[2.360s] -- Up-to-date: /workspaces/2026-rover-code/src/install/telemetry_interface/share/telemetry_interface/cmake/telemetry_interface__rosidl_typesupport_cExport-noconfig.cmake
[2.362s] -- Up-to-date: /workspaces/2026-rover-code/src/install/telemetry_interface/share/telemetry_interface/cmake/telemetry_interface__rosidl_typesupport_introspection_cppExport.cmake
[2.363s] -- Up-to-date: /workspaces/2026-rover-code/src/install/telemetry_interface/share/telemetry_interface/cmake/telemetry_interface__rosidl_typesupport_introspection_cppExport-noconfig.cmake
[2.364s] -- Up-to-date: /workspaces/2026-rover-code/src/install/telemetry_interface/share/telemetry_interface/cmake/telemetry_interface__rosidl_typesupport_cppExport.cmake
[2.366s] -- Up-to-date: /workspaces/2026-rover-code/src/install/telemetry_interface/share/telemetry_interface/cmake/telemetry_interface__rosidl_typesupport_cppExport-noconfig.cmake
[2.367s] -- Up-to-date: /workspaces/2026-rover-code/src/install/telemetry_interface/share/telemetry_interface/cmake/export_telemetry_interface__rosidl_generator_pyExport.cmake
[2.369s] -- Up-to-date: /workspaces/2026-rover-code/src/install/telemetry_interface/share/telemetry_interface/cmake/export_telemetry_interface__rosidl_generator_pyExport-noconfig.cmake
[2.370s] -- Up-to-date: /workspaces/2026-rover-code/src/install/telemetry_interface/share/telemetry_interface/cmake/rosidl_cmake-extras.cmake
[2.371s] -- Up-to-date: /workspaces/2026-rover-code/src/install/telemetry_interface/share/telemetry_interface/cmake/ament_cmake_export_include_directories-extras.cmake
[2.372s] -- Up-to-date: /workspaces/2026-rover-code/src/install/telemetry_interface/share/telemetry_interface/cmake/ament_cmake_export_libraries-extras.cmake
[2.373s] -- Up-to-date: /workspaces/2026-rover-code/src/install/telemetry_interface/share/telemetry_interface/cmake/ament_cmake_export_targets-extras.cmake
[2.374s] -- Up-to-date: /workspaces/2026-rover-code/src/install/telemetry_interface/share/telemetry_interface/cmake/rosidl_cmake_export_typesupport_targets-extras.cmake
[2.376s] -- Up-to-date: /workspaces/2026-rover-code/src/install/telemetry_interface/share/telemetry_interface/cmake/ament_cmake_export_dependencies-extras.cmake
[2.377s] -- Up-to-date: /workspaces/2026-rover-code/src/install/telemetry_interface/share/telemetry_interface/cmake/rosidl_cmake_export_typesupport_libraries-extras.cmake
[2.378s] -- Up-to-date: /workspaces/2026-rover-code/src/install/telemetry_interface/share/telemetry_interface/cmake/rosidl_cmake_aggregate_target-extras.cmake
[2.379s] -- Up-to-date: /workspaces/2026-rover-code/src/install/telemetry_interface/share/telemetry_interface/cmake/telemetry_interfaceConfig.cmake
[2.380s] -- Up-to-date: /workspaces/2026-rover-code/src/install/telemetry_interface/share/telemetry_interface/cmake/telemetry_interfaceConfig-version.cmake
[2.381s] -- Up-to-date: /workspaces/2026-rover-code/src/install/telemetry_interface/share/telemetry_interface/package.xml
[2.388s] Invoked command in '/workspaces/2026-rover-code/src/build/telemetry_interface' returned '0': CMAKE_PREFIX_PATH=${CMAKE_PREFIX_PATH}:/workspaces/2026-rover-code/src/install/telemetry_pkg:/workspaces/2026-rover-code/src/install/GIM_pkg:/workspaces/2026-rover-code/install/telemetry_pkg:/opt/ros/humble /usr/bin/cmake --install /workspaces/2026-rover-code/src/build/telemetry_interface
