[0.294s] DEBUG:colcon:Command line arguments: ['/usr/bin/colcon', 'build']
[0.295s] DEBUG:colcon:Parsed command line arguments: Namespace(log_base=None, log_level=None, verb_name='build', build_base='build', install_base='install', merge_install=False, symlink_install=False, test_result_base=None, continue_on_error=False, executor='parallel', parallel_workers=16, event_handlers=None, ignore_user_meta=False, metas=['./colcon.meta'], base_paths=['.'], packages_ignore=None, packages_ignore_regex=None, paths=None, packages_up_to=None, packages_up_to_regex=None, packages_above=None, packages_above_and_dependencies=None, packages_above_depth=None, packages_select_by_dep=None, packages_skip_by_dep=None, packages_skip_up_to=None, packages_select_build_failed=False, packages_skip_build_finished=False, packages_select_test_failures=False, packages_skip_test_passed=False, packages_select=None, packages_skip=None, packages_select_regex=None, packages_skip_regex=None, packages_start=None, packages_end=None, cmake_args=None, cmake_target=None, cmake_target_skip_unavailable=False, cmake_clean_cache=False, cmake_clean_first=False, cmake_force_configure=False, ament_cmake_args=None, catkin_cmake_args=None, catkin_skip_building_tests=False, mixin_files=None, mixin=None, verb_parser=<colcon_mixin.mixin.mixin_argument.MixinArgumentDecorator object at 0x7f185ee91060>, verb_extension=<colcon_core.verb.build.BuildVerb object at 0x7f185ee90a90>, main=<bound method BuildVerb.main of <colcon_core.verb.build.BuildVerb object at 0x7f185ee90a90>>, mixin_verb=('build',))
[0.636s] Level 1:colcon.colcon_core.package_discovery:discover_packages(colcon_meta) check parameters
[0.637s] Level 1:colcon.colcon_core.package_discovery:discover_packages(recursive) check parameters
[0.638s] Level 1:colcon.colcon_core.package_discovery:discover_packages(ignore) check parameters
[0.638s] Level 1:colcon.colcon_core.package_discovery:discover_packages(path) check parameters
[0.639s] Level 1:colcon.colcon_core.package_discovery:discover_packages(colcon_meta) discover
[0.640s] Level 1:colcon.colcon_core.package_discovery:discover_packages(recursive) discover
[0.641s] INFO:colcon.colcon_core.package_discovery:Crawling recursively for packages in '/workspaces/2026-rover-code/src'
[0.644s] Level 1:colcon.colcon_core.package_identification:_identify(.) by extensions ['ignore', 'ignore_ament_install']
[0.645s] Level 1:colcon.colcon_core.package_identification:_identify(.) by extension 'ignore'
[0.648s] Level 1:colcon.colcon_core.package_identification:_identify(.) by extension 'ignore_ament_install'
[0.649s] Level 1:colcon.colcon_core.package_identification:_identify(.) by extensions ['colcon_pkg']
[0.651s] Level 1:colcon.colcon_core.package_identification:_identify(.) by extension 'colcon_pkg'
[0.652s] Level 1:colcon.colcon_core.package_identification:_identify(.) by extensions ['colcon_meta']
[0.652s] Level 1:colcon.colcon_core.package_identification:_identify(.) by extension 'colcon_meta'
[0.653s] Level 1:colcon.colcon_core.package_identification:_identify(.) by extensions ['ros']
[0.653s] Level 1:colcon.colcon_core.package_identification:_identify(.) by extension 'ros'
[0.697s] Level 1:colcon.colcon_core.package_identification:_identify(.) by extensions ['cmake', 'python']
[0.698s] Level 1:colcon.colcon_core.package_identification:_identify(.) by extension 'cmake'
[0.699s] Level 1:colcon.colcon_core.package_identification:_identify(.) by extension 'python'
[0.700s] Level 1:colcon.colcon_core.package_identification:_identify(.) by extensions ['python_setup_py']
[0.701s] Level 1:colcon.colcon_core.package_identification:_identify(.) by extension 'python_setup_py'
[0.703s] Level 1:colcon.colcon_core.package_identification:_identify(GIM_pkg) by extensions ['ignore', 'ignore_ament_install']
[0.706s] Level 1:colcon.colcon_core.package_identification:_identify(GIM_pkg) by extension 'ignore'
[0.707s] Level 1:colcon.colcon_core.package_identification:_identify(GIM_pkg) by extension 'ignore_ament_install'
[0.708s] Level 1:colcon.colcon_core.package_identification:_identify(GIM_pkg) by extensions ['colcon_pkg']
[0.708s] Level 1:colcon.colcon_core.package_identification:_identify(GIM_pkg) by extension 'colcon_pkg'
[0.709s] Level 1:colcon.colcon_core.package_identification:_identify(GIM_pkg) by extensions ['colcon_meta']
[0.710s] Level 1:colcon.colcon_core.package_identification:_identify(GIM_pkg) by extension 'colcon_meta'
[0.711s] Level 1:colcon.colcon_core.package_identification:_identify(GIM_pkg) by extensions ['ros']
[0.711s] Level 1:colcon.colcon_core.package_identification:_identify(GIM_pkg) by extension 'ros'
[0.720s] DEBUG:colcon.colcon_core.package_identification:Package 'GIM_pkg' with type 'ros.ament_python' and name 'GIM_pkg'
[0.722s] Level 1:colcon.colcon_core.package_identification:_identify(build) by extensions ['ignore', 'ignore_ament_install']
[0.723s] Level 1:colcon.colcon_core.package_identification:_identify(build) by extension 'ignore'
[0.723s] Level 1:colcon.colcon_core.package_identification:_identify(build) ignored
[0.725s] Level 1:colcon.colcon_core.package_identification:_identify(install) by extensions ['ignore', 'ignore_ament_install']
[0.726s] Level 1:colcon.colcon_core.package_identification:_identify(install) by extension 'ignore'
[0.727s] Level 1:colcon.colcon_core.package_identification:_identify(install) ignored
[0.732s] Level 1:colcon.colcon_core.package_identification:_identify(log) by extensions ['ignore', 'ignore_ament_install']
[0.733s] Level 1:colcon.colcon_core.package_identification:_identify(log) by extension 'ignore'
[0.733s] Level 1:colcon.colcon_core.package_identification:_identify(log) ignored
[0.736s] Level 1:colcon.colcon_core.package_identification:_identify(telemetry_interface) by extensions ['ignore', 'ignore_ament_install']
[0.736s] Level 1:colcon.colcon_core.package_identification:_identify(telemetry_interface) by extension 'ignore'
[0.737s] Level 1:colcon.colcon_core.package_identification:_identify(telemetry_interface) by extension 'ignore_ament_install'
[0.738s] Level 1:colcon.colcon_core.package_identification:_identify(telemetry_interface) by extensions ['colcon_pkg']
[0.738s] Level 1:colcon.colcon_core.package_identification:_identify(telemetry_interface) by extension 'colcon_pkg'
[0.740s] Level 1:colcon.colcon_core.package_identification:_identify(telemetry_interface) by extensions ['colcon_meta']
[0.740s] Level 1:colcon.colcon_core.package_identification:_identify(telemetry_interface) by extension 'colcon_meta'
[0.740s] Level 1:colcon.colcon_core.package_identification:_identify(telemetry_interface) by extensions ['ros']
[0.741s] Level 1:colcon.colcon_core.package_identification:_identify(telemetry_interface) by extension 'ros'
[0.744s] DEBUG:colcon.colcon_core.package_identification:Package 'telemetry_interface' with type 'ros.ament_cmake' and name 'telemetry_interface'
[0.746s] Level 1:colcon.colcon_core.package_identification:_identify(telemetry_pkg) by extensions ['ignore', 'ignore_ament_install']
[0.747s] Level 1:colcon.colcon_core.package_identification:_identify(telemetry_pkg) by extension 'ignore'
[0.750s] Level 1:colcon.colcon_core.package_identification:_identify(telemetry_pkg) by extension 'ignore_ament_install'
[0.752s] Level 1:colcon.colcon_core.package_identification:_identify(telemetry_pkg) by extensions ['colcon_pkg']
[0.753s] Level 1:colcon.colcon_core.package_identification:_identify(telemetry_pkg) by extension 'colcon_pkg'
[0.753s] Level 1:colcon.colcon_core.package_identification:_identify(telemetry_pkg) by extensions ['colcon_meta']
[0.753s] Level 1:colcon.colcon_core.package_identification:_identify(telemetry_pkg) by extension 'colcon_meta'
[0.754s] Level 1:colcon.colcon_core.package_identification:_identify(telemetry_pkg) by extensions ['ros']
[0.755s] Level 1:colcon.colcon_core.package_identification:_identify(telemetry_pkg) by extension 'ros'
[0.759s] DEBUG:colcon.colcon_core.package_identification:Package 'telemetry_pkg' with type 'ros.ament_python' and name 'telemetry_pkg'
[0.759s] Level 1:colcon.colcon_core.package_discovery:discover_packages(recursive) using defaults
[0.760s] Level 1:colcon.colcon_core.package_discovery:discover_packages(ignore) discover
[0.760s] Level 1:colcon.colcon_core.package_discovery:discover_packages(ignore) using defaults
[0.761s] Level 1:colcon.colcon_core.package_discovery:discover_packages(path) discover
[0.761s] Level 1:colcon.colcon_core.package_discovery:discover_packages(path) using defaults
[0.829s] Level 5:colcon.colcon_core.verb:set package 'GIM_pkg' build argument 'cmake_args' from command line to 'None'
[0.829s] Level 5:colcon.colcon_core.verb:set package 'GIM_pkg' build argument 'cmake_target' from command line to 'None'
[0.830s] Level 5:colcon.colcon_core.verb:set package 'GIM_pkg' build argument 'cmake_target_skip_unavailable' from command line to 'False'
[0.830s] Level 5:colcon.colcon_core.verb:set package 'GIM_pkg' build argument 'cmake_clean_cache' from command line to 'False'
[0.831s] Level 5:colcon.colcon_core.verb:set package 'GIM_pkg' build argument 'cmake_clean_first' from command line to 'False'
[0.832s] Level 5:colcon.colcon_core.verb:set package 'GIM_pkg' build argument 'cmake_force_configure' from command line to 'False'
[0.834s] Level 5:colcon.colcon_core.verb:set package 'GIM_pkg' build argument 'ament_cmake_args' from command line to 'None'
[0.834s] Level 5:colcon.colcon_core.verb:set package 'GIM_pkg' build argument 'catkin_cmake_args' from command line to 'None'
[0.835s] Level 5:colcon.colcon_core.verb:set package 'GIM_pkg' build argument 'catkin_skip_building_tests' from command line to 'False'
[0.835s] DEBUG:colcon.colcon_core.verb:Building package 'GIM_pkg' with the following arguments: {'ament_cmake_args': None, 'build_base': '/workspaces/2026-rover-code/src/build/GIM_pkg', 'catkin_cmake_args': None, 'catkin_skip_building_tests': False, 'cmake_args': None, 'cmake_clean_cache': False, 'cmake_clean_first': False, 'cmake_force_configure': False, 'cmake_target': None, 'cmake_target_skip_unavailable': False, 'install_base': '/workspaces/2026-rover-code/src/install/GIM_pkg', 'merge_install': False, 'path': '/workspaces/2026-rover-code/src/GIM_pkg', 'symlink_install': False, 'test_result_base': None}
[0.837s] Level 5:colcon.colcon_core.verb:set package 'telemetry_interface' build argument 'cmake_args' from command line to 'None'
[0.838s] Level 5:colcon.colcon_core.verb:set package 'telemetry_interface' build argument 'cmake_target' from command line to 'None'
[0.838s] Level 5:colcon.colcon_core.verb:set package 'telemetry_interface' build argument 'cmake_target_skip_unavailable' from command line to 'False'
[0.839s] Level 5:colcon.colcon_core.verb:set package 'telemetry_interface' build argument 'cmake_clean_cache' from command line to 'False'
[0.840s] Level 5:colcon.colcon_core.verb:set package 'telemetry_interface' build argument 'cmake_clean_first' from command line to 'False'
[0.840s] Level 5:colcon.colcon_core.verb:set package 'telemetry_interface' build argument 'cmake_force_configure' from command line to 'False'
[0.840s] Level 5:colcon.colcon_core.verb:set package 'telemetry_interface' build argument 'ament_cmake_args' from command line to 'None'
[0.840s] Level 5:colcon.colcon_core.verb:set package 'telemetry_interface' build argument 'catkin_cmake_args' from command line to 'None'
[0.841s] Level 5:colcon.colcon_core.verb:set package 'telemetry_interface' build argument 'catkin_skip_building_tests' from command line to 'False'
[0.841s] DEBUG:colcon.colcon_core.verb:Building package 'telemetry_interface' with the following arguments: {'ament_cmake_args': None, 'build_base': '/workspaces/2026-rover-code/src/build/telemetry_interface', 'catkin_cmake_args': None, 'catkin_skip_building_tests': False, 'cmake_args': None, 'cmake_clean_cache': False, 'cmake_clean_first': False, 'cmake_force_configure': False, 'cmake_target': None, 'cmake_target_skip_unavailable': False, 'install_base': '/workspaces/2026-rover-code/src/install/telemetry_interface', 'merge_install': False, 'path': '/workspaces/2026-rover-code/src/telemetry_interface', 'symlink_install': False, 'test_result_base': None}
[0.842s] Level 5:colcon.colcon_core.verb:set package 'telemetry_pkg' build argument 'cmake_args' from command line to 'None'
[0.844s] Level 5:colcon.colcon_core.verb:set package 'telemetry_pkg' build argument 'cmake_target' from command line to 'None'
[0.845s] Level 5:colcon.colcon_core.verb:set package 'telemetry_pkg' build argument 'cmake_target_skip_unavailable' from command line to 'False'
[0.846s] Level 5:colcon.colcon_core.verb:set package 'telemetry_pkg' build argument 'cmake_clean_cache' from command line to 'False'
[0.846s] Level 5:colcon.colcon_core.verb:set package 'telemetry_pkg' build argument 'cmake_clean_first' from command line to 'False'
[0.847s] Level 5:colcon.colcon_core.verb:set package 'telemetry_pkg' build argument 'cmake_force_configure' from command line to 'False'
[0.848s] Level 5:colcon.colcon_core.verb:set package 'telemetry_pkg' build argument 'ament_cmake_args' from command line to 'None'
[0.849s] Level 5:colcon.colcon_core.verb:set package 'telemetry_pkg' build argument 'catkin_cmake_args' from command line to 'None'
[0.849s] Level 5:colcon.colcon_core.verb:set package 'telemetry_pkg' build argument 'catkin_skip_building_tests' from command line to 'False'
[0.850s] DEBUG:colcon.colcon_core.verb:Building package 'telemetry_pkg' with the following arguments: {'ament_cmake_args': None, 'build_base': '/workspaces/2026-rover-code/src/build/telemetry_pkg', 'catkin_cmake_args': None, 'catkin_skip_building_tests': False, 'cmake_args': None, 'cmake_clean_cache': False, 'cmake_clean_first': False, 'cmake_force_configure': False, 'cmake_target': None, 'cmake_target_skip_unavailable': False, 'install_base': '/workspaces/2026-rover-code/src/install/telemetry_pkg', 'merge_install': False, 'path': '/workspaces/2026-rover-code/src/telemetry_pkg', 'symlink_install': False, 'test_result_base': None}
[0.851s] INFO:colcon.colcon_core.executor:Executing jobs using 'parallel' executor
[0.854s] DEBUG:colcon.colcon_parallel_executor.executor.parallel:run_until_complete
[0.855s] INFO:colcon.colcon_ros.task.ament_python.build:Building ROS package in '/workspaces/2026-rover-code/src/GIM_pkg' with build type 'ament_python'
[0.856s] Level 1:colcon.colcon_core.shell:create_environment_hook('GIM_pkg', 'ament_prefix_path')
[0.865s] INFO:colcon.colcon_core.plugin_system:Skipping extension 'colcon_core.shell.bat': Not used on non-Windows systems
[0.867s] INFO:colcon.colcon_core.shell:Creating environment hook '/workspaces/2026-rover-code/src/install/GIM_pkg/share/GIM_pkg/hook/ament_prefix_path.ps1'
[0.873s] INFO:colcon.colcon_core.shell:Creating environment descriptor '/workspaces/2026-rover-code/src/install/GIM_pkg/share/GIM_pkg/hook/ament_prefix_path.dsv'
[0.877s] INFO:colcon.colcon_core.shell:Creating environment hook '/workspaces/2026-rover-code/src/install/GIM_pkg/share/GIM_pkg/hook/ament_prefix_path.sh'
[0.885s] INFO:colcon.colcon_core.shell:Skip shell extension 'powershell' for command environment: Not usable outside of PowerShell
[0.886s] DEBUG:colcon.colcon_core.shell:Skip shell extension 'dsv' for command environment
[0.917s] INFO:colcon.colcon_ros.task.ament_cmake.build:Building ROS package in '/workspaces/2026-rover-code/src/telemetry_interface' with build type 'ament_cmake'
[0.918s] INFO:colcon.colcon_cmake.task.cmake.build:Building CMake package in '/workspaces/2026-rover-code/src/telemetry_interface'
[0.919s] INFO:colcon.colcon_core.shell:Skip shell extension 'powershell' for command environment: Not usable outside of PowerShell
[0.920s] DEBUG:colcon.colcon_core.shell:Skip shell extension 'dsv' for command environment
[0.943s] INFO:colcon.colcon_ros.task.ament_python.build:Building ROS package in '/workspaces/2026-rover-code/src/telemetry_pkg' with build type 'ament_python'
[0.944s] Level 1:colcon.colcon_core.shell:create_environment_hook('telemetry_pkg', 'ament_prefix_path')
[0.945s] INFO:colcon.colcon_core.shell:Creating environment hook '/workspaces/2026-rover-code/src/install/telemetry_pkg/share/telemetry_pkg/hook/ament_prefix_path.ps1'
[0.949s] INFO:colcon.colcon_core.shell:Creating environment descriptor '/workspaces/2026-rover-code/src/install/telemetry_pkg/share/telemetry_pkg/hook/ament_prefix_path.dsv'
[0.952s] INFO:colcon.colcon_core.shell:Creating environment hook '/workspaces/2026-rover-code/src/install/telemetry_pkg/share/telemetry_pkg/hook/ament_prefix_path.sh'
[0.956s] INFO:colcon.colcon_core.shell:Skip shell extension 'powershell' for command environment: Not usable outside of PowerShell
[0.956s] DEBUG:colcon.colcon_core.shell:Skip shell extension 'dsv' for command environment
[1.436s] INFO:colcon.colcon_core.task.python.build:Building Python package in '/workspaces/2026-rover-code/src/GIM_pkg'
[1.437s] INFO:colcon.colcon_core.shell:Skip shell extension 'powershell' for command environment: Not usable outside of PowerShell
[1.438s] DEBUG:colcon.colcon_core.shell:Skip shell extension 'dsv' for command environment
[1.484s] DEBUG:colcon.colcon_core.event_handler.log_command:Invoking command in '/workspaces/2026-rover-code/src/build/telemetry_interface': CMAKE_PREFIX_PATH=${CMAKE_PREFIX_PATH}:/workspaces/2026-rover-code/src/install/telemetry_pkg:/workspaces/2026-rover-code/src/install/GIM_pkg:/workspaces/2026-rover-code/install/telemetry_pkg:/opt/ros/humble /usr/bin/cmake --build /workspaces/2026-rover-code/src/build/telemetry_interface -- -j16 -l16
[2.167s] INFO:colcon.colcon_core.task.python.build:Building Python package in '/workspaces/2026-rover-code/src/telemetry_pkg'
[2.169s] INFO:colcon.colcon_core.shell:Skip shell extension 'powershell' for command environment: Not usable outside of PowerShell
[2.170s] DEBUG:colcon.colcon_core.shell:Skip shell extension 'dsv' for command environment
[2.860s] DEBUG:colcon.colcon_core.event_handler.log_command:Invoked command in '/workspaces/2026-rover-code/src/build/telemetry_interface' returned '0': CMAKE_PREFIX_PATH=${CMAKE_PREFIX_PATH}:/workspaces/2026-rover-code/src/install/telemetry_pkg:/workspaces/2026-rover-code/src/install/GIM_pkg:/workspaces/2026-rover-code/install/telemetry_pkg:/opt/ros/humble /usr/bin/cmake --build /workspaces/2026-rover-code/src/build/telemetry_interface -- -j16 -l16
[2.897s] DEBUG:colcon.colcon_core.event_handler.log_command:Invoking command in '/workspaces/2026-rover-code/src/build/telemetry_interface': CMAKE_PREFIX_PATH=${CMAKE_PREFIX_PATH}:/workspaces/2026-rover-code/src/install/telemetry_pkg:/workspaces/2026-rover-code/src/install/GIM_pkg:/workspaces/2026-rover-code/install/telemetry_pkg:/opt/ros/humble /usr/bin/cmake --install /workspaces/2026-rover-code/src/build/telemetry_interface
[2.931s] DEBUG:colcon.colcon_core.task.python.build:Available setuptools commands: rotate, build, install, develop, bdist_wheel, build_scripts, build_ext, alias, dist_info, bdist, check, sdist, upload, bdist_egg, install_lib, install_scripts, bdist_dumb, install_egg_info, egg_info, symlink_data, clean, upload_docs, bdist_rpm, saveopts, build_clib, register, install_headers, install_data, build_py, setopt, easy_install, test
[2.945s] DEBUG:colcon.colcon_core.event_handler.log_command:Invoking command in '/workspaces/2026-rover-code/src/GIM_pkg': PYTHONPATH=/workspaces/2026-rover-code/src/build/GIM_pkg/prefix_override:/usr/lib/python3/dist-packages/colcon_core/task/python/colcon_distutils_commands:/workspaces/2026-rover-code/src/install/GIM_pkg/lib/python3.10/site-packages:${PYTHONPATH} /usr/bin/python3 -W ignore:setup.py install is deprecated -W ignore:easy_install command is deprecated setup.py egg_info --egg-base ../build/GIM_pkg build --build-base /workspaces/2026-rover-code/src/build/GIM_pkg/build install --record /workspaces/2026-rover-code/src/build/GIM_pkg/install.log --install-scripts $base/lib/GIM_pkg --single-version-externally-managed install_data
[3.037s] DEBUG:colcon.colcon_core.task.python.build:Available setuptools commands: rotate, build, install, develop, bdist_wheel, build_scripts, build_ext, alias, dist_info, bdist, check, sdist, upload, bdist_egg, install_lib, install_scripts, bdist_dumb, install_egg_info, egg_info, symlink_data, clean, upload_docs, bdist_rpm, saveopts, build_clib, register, install_headers, install_data, build_py, setopt, easy_install, test
[3.068s] DEBUG:colcon.colcon_core.event_handler.log_command:Invoking command in '/workspaces/2026-rover-code/src/telemetry_pkg': PYTHONPATH=/workspaces/2026-rover-code/src/build/telemetry_pkg/prefix_override:/usr/lib/python3/dist-packages/colcon_core/task/python/colcon_distutils_commands:/workspaces/2026-rover-code/src/install/telemetry_pkg/lib/python3.10/site-packages:${PYTHONPATH} /usr/bin/python3 -W ignore:setup.py install is deprecated -W ignore:easy_install command is deprecated setup.py egg_info --egg-base ../build/telemetry_pkg build --build-base /workspaces/2026-rover-code/src/build/telemetry_pkg/build install --record /workspaces/2026-rover-code/src/build/telemetry_pkg/install.log --install-scripts $base/lib/telemetry_pkg --single-version-externally-managed install_data
[3.330s] Level 1:colcon.colcon_core.environment:create_environment_scripts_only(telemetry_interface)
[3.341s] Level 1:colcon.colcon_core.environment:checking '/workspaces/2026-rover-code/src/install/telemetry_interface' for CMake module files
[3.342s] DEBUG:colcon.colcon_core.event_handler.log_command:Invoked command in '/workspaces/2026-rover-code/src/build/telemetry_interface' returned '0': CMAKE_PREFIX_PATH=${CMAKE_PREFIX_PATH}:/workspaces/2026-rover-code/src/install/telemetry_pkg:/workspaces/2026-rover-code/src/install/GIM_pkg:/workspaces/2026-rover-code/install/telemetry_pkg:/opt/ros/humble /usr/bin/cmake --install /workspaces/2026-rover-code/src/build/telemetry_interface
[3.347s] Level 1:colcon.colcon_core.environment:checking '/workspaces/2026-rover-code/src/install/telemetry_interface' for CMake config files
[3.350s] Level 1:colcon.colcon_core.shell:create_environment_hook('telemetry_interface', 'cmake_prefix_path')
[3.351s] INFO:colcon.colcon_core.shell:Creating environment hook '/workspaces/2026-rover-code/src/install/telemetry_interface/share/telemetry_interface/hook/cmake_prefix_path.ps1'
[3.353s] INFO:colcon.colcon_core.shell:Creating environment descriptor '/workspaces/2026-rover-code/src/install/telemetry_interface/share/telemetry_interface/hook/cmake_prefix_path.dsv'
[3.355s] INFO:colcon.colcon_core.shell:Creating environment hook '/workspaces/2026-rover-code/src/install/telemetry_interface/share/telemetry_interface/hook/cmake_prefix_path.sh'
[3.358s] Level 1:colcon.colcon_core.environment:checking '/workspaces/2026-rover-code/src/install/telemetry_interface/lib'
[3.359s] Level 1:colcon.colcon_core.shell:create_environment_hook('telemetry_interface', 'ld_library_path_lib')
[3.360s] INFO:colcon.colcon_core.shell:Creating environment hook '/workspaces/2026-rover-code/src/install/telemetry_interface/share/telemetry_interface/hook/ld_library_path_lib.ps1'
[3.362s] INFO:colcon.colcon_core.shell:Creating environment descriptor '/workspaces/2026-rover-code/src/install/telemetry_interface/share/telemetry_interface/hook/ld_library_path_lib.dsv'
[3.363s] INFO:colcon.colcon_core.shell:Creating environment hook '/workspaces/2026-rover-code/src/install/telemetry_interface/share/telemetry_interface/hook/ld_library_path_lib.sh'
[3.365s] Level 1:colcon.colcon_core.environment:checking '/workspaces/2026-rover-code/src/install/telemetry_interface/bin'
[3.365s] Level 1:colcon.colcon_core.environment:checking '/workspaces/2026-rover-code/src/install/telemetry_interface/lib/pkgconfig/telemetry_interface.pc'
[3.366s] Level 1:colcon.colcon_core.environment:checking '/workspaces/2026-rover-code/src/install/telemetry_interface/lib/python3.10/site-packages'
[3.367s] Level 1:colcon.colcon_core.environment:checking '/workspaces/2026-rover-code/src/install/telemetry_interface/bin'
[3.368s] INFO:colcon.colcon_core.shell:Creating package script '/workspaces/2026-rover-code/src/install/telemetry_interface/share/telemetry_interface/package.ps1'
[3.371s] INFO:colcon.colcon_core.shell:Creating package descriptor '/workspaces/2026-rover-code/src/install/telemetry_interface/share/telemetry_interface/package.dsv'
[3.373s] INFO:colcon.colcon_core.shell:Creating package script '/workspaces/2026-rover-code/src/install/telemetry_interface/share/telemetry_interface/package.sh'
[3.376s] INFO:colcon.colcon_core.shell:Creating package script '/workspaces/2026-rover-code/src/install/telemetry_interface/share/telemetry_interface/package.bash'
[3.378s] INFO:colcon.colcon_core.shell:Creating package script '/workspaces/2026-rover-code/src/install/telemetry_interface/share/telemetry_interface/package.zsh'
[3.380s] Level 1:colcon.colcon_core.environment:create_file_with_runtime_dependencies(/workspaces/2026-rover-code/src/install/telemetry_interface/share/colcon-core/packages/telemetry_interface)
[3.385s] Level 1:colcon.colcon_core.environment:create_environment_scripts_only(telemetry_interface)
[3.385s] Level 1:colcon.colcon_core.environment:checking '/workspaces/2026-rover-code/src/install/telemetry_interface' for CMake module files
[3.390s] Level 1:colcon.colcon_core.environment:checking '/workspaces/2026-rover-code/src/install/telemetry_interface' for CMake config files
[3.394s] Level 1:colcon.colcon_core.shell:create_environment_hook('telemetry_interface', 'cmake_prefix_path')
[3.396s] INFO:colcon.colcon_core.shell:Creating environment hook '/workspaces/2026-rover-code/src/install/telemetry_interface/share/telemetry_interface/hook/cmake_prefix_path.ps1'
[3.399s] INFO:colcon.colcon_core.shell:Creating environment descriptor '/workspaces/2026-rover-code/src/install/telemetry_interface/share/telemetry_interface/hook/cmake_prefix_path.dsv'
[3.402s] INFO:colcon.colcon_core.shell:Creating environment hook '/workspaces/2026-rover-code/src/install/telemetry_interface/share/telemetry_interface/hook/cmake_prefix_path.sh'
[3.410s] Level 1:colcon.colcon_core.environment:checking '/workspaces/2026-rover-code/src/install/telemetry_interface/lib'
[3.413s] Level 1:colcon.colcon_core.shell:create_environment_hook('telemetry_interface', 'ld_library_path_lib')
[3.415s] INFO:colcon.colcon_core.shell:Creating environment hook '/workspaces/2026-rover-code/src/install/telemetry_interface/share/telemetry_interface/hook/ld_library_path_lib.ps1'
[3.417s] INFO:colcon.colcon_core.shell:Creating environment descriptor '/workspaces/2026-rover-code/src/install/telemetry_interface/share/telemetry_interface/hook/ld_library_path_lib.dsv'
[3.419s] INFO:colcon.colcon_core.shell:Creating environment hook '/workspaces/2026-rover-code/src/install/telemetry_interface/share/telemetry_interface/hook/ld_library_path_lib.sh'
[3.420s] Level 1:colcon.colcon_core.environment:checking '/workspaces/2026-rover-code/src/install/telemetry_interface/bin'
[3.421s] Level 1:colcon.colcon_core.environment:checking '/workspaces/2026-rover-code/src/install/telemetry_interface/lib/pkgconfig/telemetry_interface.pc'
[3.422s] Level 1:colcon.colcon_core.environment:checking '/workspaces/2026-rover-code/src/install/telemetry_interface/lib/python3.10/site-packages'
[3.422s] Level 1:colcon.colcon_core.environment:checking '/workspaces/2026-rover-code/src/install/telemetry_interface/bin'
[3.424s] INFO:colcon.colcon_core.shell:Creating package script '/workspaces/2026-rover-code/src/install/telemetry_interface/share/telemetry_interface/package.ps1'
[3.462s] INFO:colcon.colcon_core.shell:Creating package descriptor '/workspaces/2026-rover-code/src/install/telemetry_interface/share/telemetry_interface/package.dsv'
[3.464s] INFO:colcon.colcon_core.shell:Creating package script '/workspaces/2026-rover-code/src/install/telemetry_interface/share/telemetry_interface/package.sh'
[3.466s] INFO:colcon.colcon_core.shell:Creating package script '/workspaces/2026-rover-code/src/install/telemetry_interface/share/telemetry_interface/package.bash'
[3.467s] INFO:colcon.colcon_core.shell:Creating package script '/workspaces/2026-rover-code/src/install/telemetry_interface/share/telemetry_interface/package.zsh'
[3.469s] Level 1:colcon.colcon_core.environment:create_file_with_runtime_dependencies(/workspaces/2026-rover-code/src/install/telemetry_interface/share/colcon-core/packages/telemetry_interface)
[3.740s] Level 1:colcon.colcon_core.environment:checking '/workspaces/2026-rover-code/src/install/GIM_pkg' for CMake module files
[3.741s] DEBUG:colcon.colcon_core.event_handler.log_command:Invoked command in '/workspaces/2026-rover-code/src/GIM_pkg' returned '0': PYTHONPATH=/workspaces/2026-rover-code/src/build/GIM_pkg/prefix_override:/usr/lib/python3/dist-packages/colcon_core/task/python/colcon_distutils_commands:/workspaces/2026-rover-code/src/install/GIM_pkg/lib/python3.10/site-packages:${PYTHONPATH} /usr/bin/python3 -W ignore:setup.py install is deprecated -W ignore:easy_install command is deprecated setup.py egg_info --egg-base ../build/GIM_pkg build --build-base /workspaces/2026-rover-code/src/build/GIM_pkg/build install --record /workspaces/2026-rover-code/src/build/GIM_pkg/install.log --install-scripts $base/lib/GIM_pkg --single-version-externally-managed install_data
[3.745s] Level 1:colcon.colcon_core.environment:checking '/workspaces/2026-rover-code/src/install/GIM_pkg' for CMake config files
[3.754s] Level 1:colcon.colcon_core.environment:checking '/workspaces/2026-rover-code/src/install/GIM_pkg/lib'
[3.755s] Level 1:colcon.colcon_core.environment:checking '/workspaces/2026-rover-code/src/install/GIM_pkg/bin'
[3.755s] Level 1:colcon.colcon_core.environment:checking '/workspaces/2026-rover-code/src/install/GIM_pkg/lib/pkgconfig/GIM_pkg.pc'
[3.756s] Level 1:colcon.colcon_core.environment:checking '/workspaces/2026-rover-code/src/install/GIM_pkg/lib/python3.10/site-packages'
[3.756s] Level 1:colcon.colcon_core.shell:create_environment_hook('GIM_pkg', 'pythonpath')
[3.757s] INFO:colcon.colcon_core.shell:Creating environment hook '/workspaces/2026-rover-code/src/install/GIM_pkg/share/GIM_pkg/hook/pythonpath.ps1'
[3.759s] INFO:colcon.colcon_core.shell:Creating environment descriptor '/workspaces/2026-rover-code/src/install/GIM_pkg/share/GIM_pkg/hook/pythonpath.dsv'
[3.760s] INFO:colcon.colcon_core.shell:Creating environment hook '/workspaces/2026-rover-code/src/install/GIM_pkg/share/GIM_pkg/hook/pythonpath.sh'
[3.763s] Level 1:colcon.colcon_core.environment:checking '/workspaces/2026-rover-code/src/install/GIM_pkg/bin'
[3.763s] Level 1:colcon.colcon_core.environment:create_environment_scripts_only(GIM_pkg)
[3.764s] INFO:colcon.colcon_core.shell:Creating package script '/workspaces/2026-rover-code/src/install/GIM_pkg/share/GIM_pkg/package.ps1'
[3.766s] INFO:colcon.colcon_core.shell:Creating package descriptor '/workspaces/2026-rover-code/src/install/GIM_pkg/share/GIM_pkg/package.dsv'
[3.768s] INFO:colcon.colcon_core.shell:Creating package script '/workspaces/2026-rover-code/src/install/GIM_pkg/share/GIM_pkg/package.sh'
[3.769s] INFO:colcon.colcon_core.shell:Creating package script '/workspaces/2026-rover-code/src/install/GIM_pkg/share/GIM_pkg/package.bash'
[3.775s] INFO:colcon.colcon_core.shell:Creating package script '/workspaces/2026-rover-code/src/install/GIM_pkg/share/GIM_pkg/package.zsh'
[3.777s] Level 1:colcon.colcon_core.environment:create_file_with_runtime_dependencies(/workspaces/2026-rover-code/src/install/GIM_pkg/share/colcon-core/packages/GIM_pkg)
[3.782s] Level 1:colcon.colcon_core.environment:checking '/workspaces/2026-rover-code/src/install/telemetry_pkg' for CMake module files
[3.787s] DEBUG:colcon.colcon_core.event_handler.log_command:Invoked command in '/workspaces/2026-rover-code/src/telemetry_pkg' returned '0': PYTHONPATH=/workspaces/2026-rover-code/src/build/telemetry_pkg/prefix_override:/usr/lib/python3/dist-packages/colcon_core/task/python/colcon_distutils_commands:/workspaces/2026-rover-code/src/install/telemetry_pkg/lib/python3.10/site-packages:${PYTHONPATH} /usr/bin/python3 -W ignore:setup.py install is deprecated -W ignore:easy_install command is deprecated setup.py egg_info --egg-base ../build/telemetry_pkg build --build-base /workspaces/2026-rover-code/src/build/telemetry_pkg/build install --record /workspaces/2026-rover-code/src/build/telemetry_pkg/install.log --install-scripts $base/lib/telemetry_pkg --single-version-externally-managed install_data
[3.789s] Level 1:colcon.colcon_core.environment:checking '/workspaces/2026-rover-code/src/install/telemetry_pkg' for CMake config files
[3.798s] Level 1:colcon.colcon_core.environment:checking '/workspaces/2026-rover-code/src/install/telemetry_pkg/lib'
[3.799s] Level 1:colcon.colcon_core.environment:checking '/workspaces/2026-rover-code/src/install/telemetry_pkg/bin'
[3.800s] Level 1:colcon.colcon_core.environment:checking '/workspaces/2026-rover-code/src/install/telemetry_pkg/lib/pkgconfig/telemetry_pkg.pc'
[3.801s] Level 1:colcon.colcon_core.environment:checking '/workspaces/2026-rover-code/src/install/telemetry_pkg/lib/python3.10/site-packages'
[3.801s] Level 1:colcon.colcon_core.shell:create_environment_hook('telemetry_pkg', 'pythonpath')
[3.802s] INFO:colcon.colcon_core.shell:Creating environment hook '/workspaces/2026-rover-code/src/install/telemetry_pkg/share/telemetry_pkg/hook/pythonpath.ps1'
[3.805s] INFO:colcon.colcon_core.shell:Creating environment descriptor '/workspaces/2026-rover-code/src/install/telemetry_pkg/share/telemetry_pkg/hook/pythonpath.dsv'
[3.807s] INFO:colcon.colcon_core.shell:Creating environment hook '/workspaces/2026-rover-code/src/install/telemetry_pkg/share/telemetry_pkg/hook/pythonpath.sh'
[3.811s] Level 1:colcon.colcon_core.environment:checking '/workspaces/2026-rover-code/src/install/telemetry_pkg/bin'
[3.811s] Level 1:colcon.colcon_core.environment:create_environment_scripts_only(telemetry_pkg)
[3.812s] INFO:colcon.colcon_core.shell:Creating package script '/workspaces/2026-rover-code/src/install/telemetry_pkg/share/telemetry_pkg/package.ps1'
[3.820s] INFO:colcon.colcon_core.shell:Creating package descriptor '/workspaces/2026-rover-code/src/install/telemetry_pkg/share/telemetry_pkg/package.dsv'
[3.823s] INFO:colcon.colcon_core.shell:Creating package script '/workspaces/2026-rover-code/src/install/telemetry_pkg/share/telemetry_pkg/package.sh'
[3.826s] INFO:colcon.colcon_core.shell:Creating package script '/workspaces/2026-rover-code/src/install/telemetry_pkg/share/telemetry_pkg/package.bash'
[3.833s] INFO:colcon.colcon_core.shell:Creating package script '/workspaces/2026-rover-code/src/install/telemetry_pkg/share/telemetry_pkg/package.zsh'
[3.835s] Level 1:colcon.colcon_core.environment:create_file_with_runtime_dependencies(/workspaces/2026-rover-code/src/install/telemetry_pkg/share/colcon-core/packages/telemetry_pkg)
[3.838s] DEBUG:colcon.colcon_parallel_executor.executor.parallel:closing loop
[3.839s] DEBUG:colcon.colcon_parallel_executor.executor.parallel:loop closed
[3.839s] DEBUG:colcon.colcon_parallel_executor.executor.parallel:run_until_complete finished with '0'
[3.840s] DEBUG:colcon.colcon_core.event_reactor:joining thread
[3.866s] INFO:colcon.colcon_core.plugin_system:Skipping extension 'colcon_notification.desktop_notification.notify_send': Could not find 'notify-send'
[3.867s] INFO:colcon.colcon_core.plugin_system:Skipping extension 'colcon_notification.desktop_notification.terminal_notifier': Not used on non-Darwin systems
[3.867s] INFO:colcon.colcon_core.plugin_system:Skipping extension 'colcon_notification.desktop_notification.win32': Not used on non-Windows systems
[3.868s] INFO:colcon.colcon_notification.desktop_notification:Sending desktop notification using 'notify2'
[3.892s] DEBUG:colcon.colcon_notification.desktop_notification.notify2:Failed to initialize notify2: org.freedesktop.DBus.Error.ServiceUnknown: The name org.freedesktop.Notifications was not provided by any .service files
[3.894s] DEBUG:colcon.colcon_core.event_reactor:joined thread
[3.895s] INFO:colcon.colcon_core.shell:Creating prefix script '/workspaces/2026-rover-code/src/install/local_setup.ps1'
[3.899s] INFO:colcon.colcon_core.shell:Creating prefix util module '/workspaces/2026-rover-code/src/install/_local_setup_util_ps1.py'
[3.905s] INFO:colcon.colcon_core.shell:Creating prefix chain script '/workspaces/2026-rover-code/src/install/setup.ps1'
[3.916s] INFO:colcon.colcon_core.shell:Creating prefix script '/workspaces/2026-rover-code/src/install/local_setup.sh'
[3.918s] INFO:colcon.colcon_core.shell:Creating prefix util module '/workspaces/2026-rover-code/src/install/_local_setup_util_sh.py'
[3.921s] INFO:colcon.colcon_core.shell:Creating prefix chain script '/workspaces/2026-rover-code/src/install/setup.sh'
[3.930s] INFO:colcon.colcon_core.shell:Creating prefix script '/workspaces/2026-rover-code/src/install/local_setup.bash'
[3.933s] INFO:colcon.colcon_core.shell:Creating prefix chain script '/workspaces/2026-rover-code/src/install/setup.bash'
[3.945s] INFO:colcon.colcon_core.shell:Creating prefix script '/workspaces/2026-rover-code/src/install/local_setup.zsh'
[3.948s] INFO:colcon.colcon_core.shell:Creating prefix chain script '/workspaces/2026-rover-code/src/install/setup.zsh'
