[0.123s] DEBUG:colcon:Command line arguments: ['/usr/bin/colcon', 'build', '--packages-select', 'image_processor']
[0.124s] DEBUG:colcon:Parsed command line arguments: Namespace(log_base=None, log_level=None, verb_name='build', build_base='build', install_base='install', merge_install=False, symlink_install=False, test_result_base=None, continue_on_error=False, executor='parallel', parallel_workers=15, event_handlers=None, ignore_user_meta=False, metas=['./colcon.meta'], base_paths=['.'], packages_ignore=None, packages_ignore_regex=None, paths=None, packages_up_to=None, packages_up_to_regex=None, packages_above=None, packages_above_and_dependencies=None, packages_above_depth=None, packages_select_by_dep=None, packages_skip_by_dep=None, packages_skip_up_to=None, packages_select_build_failed=False, packages_skip_build_finished=False, packages_select_test_failures=False, packages_skip_test_passed=False, packages_select=['image_processor'], packages_skip=None, packages_select_regex=None, packages_skip_regex=None, packages_start=None, packages_end=None, cmake_args=None, cmake_target=None, cmake_target_skip_unavailable=False, cmake_clean_cache=False, cmake_clean_first=False, cmake_force_configure=False, ament_cmake_args=None, catkin_cmake_args=None, catkin_skip_building_tests=False, mixin_files=None, mixin=None, verb_parser=<colcon_mixin.mixin.mixin_argument.MixinArgumentDecorator object at 0x7ffffdf54340>, verb_extension=<colcon_core.verb.build.BuildVerb object at 0x7ffffdf23d30>, main=<bound method BuildVerb.main of <colcon_core.verb.build.BuildVerb object at 0x7ffffdf23d30>>, mixin_verb=('build',))
[0.236s] Level 1:colcon.colcon_core.package_discovery:discover_packages(colcon_meta) check parameters
[0.236s] Level 1:colcon.colcon_core.package_discovery:discover_packages(recursive) check parameters
[0.236s] Level 1:colcon.colcon_core.package_discovery:discover_packages(ignore) check parameters
[0.236s] Level 1:colcon.colcon_core.package_discovery:discover_packages(path) check parameters
[0.237s] Level 1:colcon.colcon_core.package_discovery:discover_packages(colcon_meta) discover
[0.237s] Level 1:colcon.colcon_core.package_discovery:discover_packages(recursive) discover
[0.237s] INFO:colcon.colcon_core.package_discovery:Crawling recursively for packages in '/workspaces/2026-rover-code'
[0.238s] Level 1:colcon.colcon_core.package_identification:_identify(.) by extensions ['ignore', 'ignore_ament_install']
[0.238s] Level 1:colcon.colcon_core.package_identification:_identify(.) by extension 'ignore'
[0.238s] Level 1:colcon.colcon_core.package_identification:_identify(.) by extension 'ignore_ament_install'
[0.238s] Level 1:colcon.colcon_core.package_identification:_identify(.) by extensions ['colcon_pkg']
[0.238s] Level 1:colcon.colcon_core.package_identification:_identify(.) by extension 'colcon_pkg'
[0.239s] Level 1:colcon.colcon_core.package_identification:_identify(.) by extensions ['colcon_meta']
[0.239s] Level 1:colcon.colcon_core.package_identification:_identify(.) by extension 'colcon_meta'
[0.239s] Level 1:colcon.colcon_core.package_identification:_identify(.) by extensions ['ros']
[0.239s] Level 1:colcon.colcon_core.package_identification:_identify(.) by extension 'ros'
[0.246s] Level 1:colcon.colcon_core.package_identification:_identify(.) by extensions ['cmake', 'python']
[0.246s] Level 1:colcon.colcon_core.package_identification:_identify(.) by extension 'cmake'
[0.246s] Level 1:colcon.colcon_core.package_identification:_identify(.) by extension 'python'
[0.246s] Level 1:colcon.colcon_core.package_identification:_identify(.) by extensions ['python_setup_py']
[0.247s] Level 1:colcon.colcon_core.package_identification:_identify(.) by extension 'python_setup_py'
[0.247s] Level 1:colcon.colcon_core.package_identification:_identify(bags) by extensions ['ignore', 'ignore_ament_install']
[0.247s] Level 1:colcon.colcon_core.package_identification:_identify(bags) by extension 'ignore'
[0.247s] Level 1:colcon.colcon_core.package_identification:_identify(bags) by extension 'ignore_ament_install'
[0.248s] Level 1:colcon.colcon_core.package_identification:_identify(bags) by extensions ['colcon_pkg']
[0.248s] Level 1:colcon.colcon_core.package_identification:_identify(bags) by extension 'colcon_pkg'
[0.248s] Level 1:colcon.colcon_core.package_identification:_identify(bags) by extensions ['colcon_meta']
[0.248s] Level 1:colcon.colcon_core.package_identification:_identify(bags) by extension 'colcon_meta'
[0.248s] Level 1:colcon.colcon_core.package_identification:_identify(bags) by extensions ['ros']
[0.248s] Level 1:colcon.colcon_core.package_identification:_identify(bags) by extension 'ros'
[0.248s] Level 1:colcon.colcon_core.package_identification:_identify(bags) by extensions ['cmake', 'python']
[0.248s] Level 1:colcon.colcon_core.package_identification:_identify(bags) by extension 'cmake'
[0.248s] Level 1:colcon.colcon_core.package_identification:_identify(bags) by extension 'python'
[0.249s] Level 1:colcon.colcon_core.package_identification:_identify(bags) by extensions ['python_setup_py']
[0.249s] Level 1:colcon.colcon_core.package_identification:_identify(bags) by extension 'python_setup_py'
[0.249s] Level 1:colcon.colcon_core.package_identification:_identify(bags/build) by extensions ['ignore', 'ignore_ament_install']
[0.249s] Level 1:colcon.colcon_core.package_identification:_identify(bags/build) by extension 'ignore'
[0.249s] Level 1:colcon.colcon_core.package_identification:_identify(bags/build) ignored
[0.249s] Level 1:colcon.colcon_core.package_identification:_identify(bags/camera_bag) by extensions ['ignore', 'ignore_ament_install']
[0.249s] Level 1:colcon.colcon_core.package_identification:_identify(bags/camera_bag) by extension 'ignore'
[0.250s] Level 1:colcon.colcon_core.package_identification:_identify(bags/camera_bag) by extension 'ignore_ament_install'
[0.250s] Level 1:colcon.colcon_core.package_identification:_identify(bags/camera_bag) by extensions ['colcon_pkg']
[0.250s] Level 1:colcon.colcon_core.package_identification:_identify(bags/camera_bag) by extension 'colcon_pkg'
[0.250s] Level 1:colcon.colcon_core.package_identification:_identify(bags/camera_bag) by extensions ['colcon_meta']
[0.250s] Level 1:colcon.colcon_core.package_identification:_identify(bags/camera_bag) by extension 'colcon_meta'
[0.250s] Level 1:colcon.colcon_core.package_identification:_identify(bags/camera_bag) by extensions ['ros']
[0.250s] Level 1:colcon.colcon_core.package_identification:_identify(bags/camera_bag) by extension 'ros'
[0.250s] Level 1:colcon.colcon_core.package_identification:_identify(bags/camera_bag) by extensions ['cmake', 'python']
[0.250s] Level 1:colcon.colcon_core.package_identification:_identify(bags/camera_bag) by extension 'cmake'
[0.250s] Level 1:colcon.colcon_core.package_identification:_identify(bags/camera_bag) by extension 'python'
[0.251s] Level 1:colcon.colcon_core.package_identification:_identify(bags/camera_bag) by extensions ['python_setup_py']
[0.251s] Level 1:colcon.colcon_core.package_identification:_identify(bags/camera_bag) by extension 'python_setup_py'
[0.251s] Level 1:colcon.colcon_core.package_identification:_identify(bags/install) by extensions ['ignore', 'ignore_ament_install']
[0.251s] Level 1:colcon.colcon_core.package_identification:_identify(bags/install) by extension 'ignore'
[0.251s] Level 1:colcon.colcon_core.package_identification:_identify(bags/install) ignored
[0.252s] Level 1:colcon.colcon_core.package_identification:_identify(bags/joystick_motor_bag) by extensions ['ignore', 'ignore_ament_install']
[0.252s] Level 1:colcon.colcon_core.package_identification:_identify(bags/joystick_motor_bag) by extension 'ignore'
[0.252s] Level 1:colcon.colcon_core.package_identification:_identify(bags/joystick_motor_bag) by extension 'ignore_ament_install'
[0.252s] Level 1:colcon.colcon_core.package_identification:_identify(bags/joystick_motor_bag) by extensions ['colcon_pkg']
[0.252s] Level 1:colcon.colcon_core.package_identification:_identify(bags/joystick_motor_bag) by extension 'colcon_pkg'
[0.252s] Level 1:colcon.colcon_core.package_identification:_identify(bags/joystick_motor_bag) by extensions ['colcon_meta']
[0.252s] Level 1:colcon.colcon_core.package_identification:_identify(bags/joystick_motor_bag) by extension 'colcon_meta'
[0.252s] Level 1:colcon.colcon_core.package_identification:_identify(bags/joystick_motor_bag) by extensions ['ros']
[0.252s] Level 1:colcon.colcon_core.package_identification:_identify(bags/joystick_motor_bag) by extension 'ros'
[0.253s] Level 1:colcon.colcon_core.package_identification:_identify(bags/joystick_motor_bag) by extensions ['cmake', 'python']
[0.253s] Level 1:colcon.colcon_core.package_identification:_identify(bags/joystick_motor_bag) by extension 'cmake'
[0.253s] Level 1:colcon.colcon_core.package_identification:_identify(bags/joystick_motor_bag) by extension 'python'
[0.253s] Level 1:colcon.colcon_core.package_identification:_identify(bags/joystick_motor_bag) by extensions ['python_setup_py']
[0.253s] Level 1:colcon.colcon_core.package_identification:_identify(bags/joystick_motor_bag) by extension 'python_setup_py'
[0.253s] Level 1:colcon.colcon_core.package_identification:_identify(bags/log) by extensions ['ignore', 'ignore_ament_install']
[0.254s] Level 1:colcon.colcon_core.package_identification:_identify(bags/log) by extension 'ignore'
[0.254s] Level 1:colcon.colcon_core.package_identification:_identify(bags/log) ignored
[0.254s] Level 1:colcon.colcon_core.package_identification:_identify(build) by extensions ['ignore', 'ignore_ament_install']
[0.254s] Level 1:colcon.colcon_core.package_identification:_identify(build) by extension 'ignore'
[0.254s] Level 1:colcon.colcon_core.package_identification:_identify(build) ignored
[0.255s] Level 1:colcon.colcon_core.package_identification:_identify(install) by extensions ['ignore', 'ignore_ament_install']
[0.255s] Level 1:colcon.colcon_core.package_identification:_identify(install) by extension 'ignore'
[0.255s] Level 1:colcon.colcon_core.package_identification:_identify(install) ignored
[0.255s] Level 1:colcon.colcon_core.package_identification:_identify(log) by extensions ['ignore', 'ignore_ament_install']
[0.255s] Level 1:colcon.colcon_core.package_identification:_identify(log) by extension 'ignore'
[0.255s] Level 1:colcon.colcon_core.package_identification:_identify(log) ignored
[0.256s] Level 1:colcon.colcon_core.package_identification:_identify(md_images) by extensions ['ignore', 'ignore_ament_install']
[0.256s] Level 1:colcon.colcon_core.package_identification:_identify(md_images) by extension 'ignore'
[0.256s] Level 1:colcon.colcon_core.package_identification:_identify(md_images) by extension 'ignore_ament_install'
[0.256s] Level 1:colcon.colcon_core.package_identification:_identify(md_images) by extensions ['colcon_pkg']
[0.256s] Level 1:colcon.colcon_core.package_identification:_identify(md_images) by extension 'colcon_pkg'
[0.256s] Level 1:colcon.colcon_core.package_identification:_identify(md_images) by extensions ['colcon_meta']
[0.256s] Level 1:colcon.colcon_core.package_identification:_identify(md_images) by extension 'colcon_meta'
[0.256s] Level 1:colcon.colcon_core.package_identification:_identify(md_images) by extensions ['ros']
[0.257s] Level 1:colcon.colcon_core.package_identification:_identify(md_images) by extension 'ros'
[0.257s] Level 1:colcon.colcon_core.package_identification:_identify(md_images) by extensions ['cmake', 'python']
[0.257s] Level 1:colcon.colcon_core.package_identification:_identify(md_images) by extension 'cmake'
[0.257s] Level 1:colcon.colcon_core.package_identification:_identify(md_images) by extension 'python'
[0.257s] Level 1:colcon.colcon_core.package_identification:_identify(md_images) by extensions ['python_setup_py']
[0.257s] Level 1:colcon.colcon_core.package_identification:_identify(md_images) by extension 'python_setup_py'
[0.258s] Level 1:colcon.colcon_core.package_identification:_identify(ros_odrive) by extensions ['ignore', 'ignore_ament_install']
[0.258s] Level 1:colcon.colcon_core.package_identification:_identify(ros_odrive) by extension 'ignore'
[0.258s] Level 1:colcon.colcon_core.package_identification:_identify(ros_odrive) by extension 'ignore_ament_install'
[0.258s] Level 1:colcon.colcon_core.package_identification:_identify(ros_odrive) by extensions ['colcon_pkg']
[0.258s] Level 1:colcon.colcon_core.package_identification:_identify(ros_odrive) by extension 'colcon_pkg'
[0.258s] Level 1:colcon.colcon_core.package_identification:_identify(ros_odrive) by extensions ['colcon_meta']
[0.258s] Level 1:colcon.colcon_core.package_identification:_identify(ros_odrive) by extension 'colcon_meta'
[0.258s] Level 1:colcon.colcon_core.package_identification:_identify(ros_odrive) by extensions ['ros']
[0.259s] Level 1:colcon.colcon_core.package_identification:_identify(ros_odrive) by extension 'ros'
[0.259s] Level 1:colcon.colcon_core.package_identification:_identify(ros_odrive) by extensions ['cmake', 'python']
[0.259s] Level 1:colcon.colcon_core.package_identification:_identify(ros_odrive) by extension 'cmake'
[0.259s] Level 1:colcon.colcon_core.package_identification:_identify(ros_odrive) by extension 'python'
[0.259s] Level 1:colcon.colcon_core.package_identification:_identify(ros_odrive) by extensions ['python_setup_py']
[0.259s] Level 1:colcon.colcon_core.package_identification:_identify(ros_odrive) by extension 'python_setup_py'
[0.259s] Level 1:colcon.colcon_core.package_identification:_identify(ros_odrive/odrive_base) by extensions ['ignore', 'ignore_ament_install']
[0.260s] Level 1:colcon.colcon_core.package_identification:_identify(ros_odrive/odrive_base) by extension 'ignore'
[0.260s] Level 1:colcon.colcon_core.package_identification:_identify(ros_odrive/odrive_base) by extension 'ignore_ament_install'
[0.260s] Level 1:colcon.colcon_core.package_identification:_identify(ros_odrive/odrive_base) by extensions ['colcon_pkg']
[0.260s] Level 1:colcon.colcon_core.package_identification:_identify(ros_odrive/odrive_base) by extension 'colcon_pkg'
[0.260s] Level 1:colcon.colcon_core.package_identification:_identify(ros_odrive/odrive_base) by extensions ['colcon_meta']
[0.260s] Level 1:colcon.colcon_core.package_identification:_identify(ros_odrive/odrive_base) by extension 'colcon_meta'
[0.260s] Level 1:colcon.colcon_core.package_identification:_identify(ros_odrive/odrive_base) by extensions ['ros']
[0.260s] Level 1:colcon.colcon_core.package_identification:_identify(ros_odrive/odrive_base) by extension 'ros'
[0.260s] Level 1:colcon.colcon_core.package_identification:_identify(ros_odrive/odrive_base) by extensions ['cmake', 'python']
[0.261s] Level 1:colcon.colcon_core.package_identification:_identify(ros_odrive/odrive_base) by extension 'cmake'
[0.261s] Level 1:colcon.colcon_core.package_identification:_identify(ros_odrive/odrive_base) by extension 'python'
[0.261s] Level 1:colcon.colcon_core.package_identification:_identify(ros_odrive/odrive_base) by extensions ['python_setup_py']
[0.261s] Level 1:colcon.colcon_core.package_identification:_identify(ros_odrive/odrive_base) by extension 'python_setup_py'
[0.261s] Level 1:colcon.colcon_core.package_identification:_identify(ros_odrive/odrive_base/include) by extensions ['ignore', 'ignore_ament_install']
[0.261s] Level 1:colcon.colcon_core.package_identification:_identify(ros_odrive/odrive_base/include) by extension 'ignore'
[0.261s] Level 1:colcon.colcon_core.package_identification:_identify(ros_odrive/odrive_base/include) by extension 'ignore_ament_install'
[0.262s] Level 1:colcon.colcon_core.package_identification:_identify(ros_odrive/odrive_base/include) by extensions ['colcon_pkg']
[0.262s] Level 1:colcon.colcon_core.package_identification:_identify(ros_odrive/odrive_base/include) by extension 'colcon_pkg'
[0.262s] Level 1:colcon.colcon_core.package_identification:_identify(ros_odrive/odrive_base/include) by extensions ['colcon_meta']
[0.262s] Level 1:colcon.colcon_core.package_identification:_identify(ros_odrive/odrive_base/include) by extension 'colcon_meta'
[0.262s] Level 1:colcon.colcon_core.package_identification:_identify(ros_odrive/odrive_base/include) by extensions ['ros']
[0.262s] Level 1:colcon.colcon_core.package_identification:_identify(ros_odrive/odrive_base/include) by extension 'ros'
[0.262s] Level 1:colcon.colcon_core.package_identification:_identify(ros_odrive/odrive_base/include) by extensions ['cmake', 'python']
[0.262s] Level 1:colcon.colcon_core.package_identification:_identify(ros_odrive/odrive_base/include) by extension 'cmake'
[0.262s] Level 1:colcon.colcon_core.package_identification:_identify(ros_odrive/odrive_base/include) by extension 'python'
[0.263s] Level 1:colcon.colcon_core.package_identification:_identify(ros_odrive/odrive_base/include) by extensions ['python_setup_py']
[0.263s] Level 1:colcon.colcon_core.package_identification:_identify(ros_odrive/odrive_base/include) by extension 'python_setup_py'
[0.263s] Level 1:colcon.colcon_core.package_identification:_identify(ros_odrive/odrive_base/src) by extensions ['ignore', 'ignore_ament_install']
[0.263s] Level 1:colcon.colcon_core.package_identification:_identify(ros_odrive/odrive_base/src) by extension 'ignore'
[0.263s] Level 1:colcon.colcon_core.package_identification:_identify(ros_odrive/odrive_base/src) by extension 'ignore_ament_install'
[0.263s] Level 1:colcon.colcon_core.package_identification:_identify(ros_odrive/odrive_base/src) by extensions ['colcon_pkg']
[0.263s] Level 1:colcon.colcon_core.package_identification:_identify(ros_odrive/odrive_base/src) by extension 'colcon_pkg'
[0.263s] Level 1:colcon.colcon_core.package_identification:_identify(ros_odrive/odrive_base/src) by extensions ['colcon_meta']
[0.264s] Level 1:colcon.colcon_core.package_identification:_identify(ros_odrive/odrive_base/src) by extension 'colcon_meta'
[0.264s] Level 1:colcon.colcon_core.package_identification:_identify(ros_odrive/odrive_base/src) by extensions ['ros']
[0.264s] Level 1:colcon.colcon_core.package_identification:_identify(ros_odrive/odrive_base/src) by extension 'ros'
[0.264s] Level 1:colcon.colcon_core.package_identification:_identify(ros_odrive/odrive_base/src) by extensions ['cmake', 'python']
[0.264s] Level 1:colcon.colcon_core.package_identification:_identify(ros_odrive/odrive_base/src) by extension 'cmake'
[0.264s] Level 1:colcon.colcon_core.package_identification:_identify(ros_odrive/odrive_base/src) by extension 'python'
[0.264s] Level 1:colcon.colcon_core.package_identification:_identify(ros_odrive/odrive_base/src) by extensions ['python_setup_py']
[0.264s] Level 1:colcon.colcon_core.package_identification:_identify(ros_odrive/odrive_base/src) by extension 'python_setup_py'
[0.265s] Level 1:colcon.colcon_core.package_identification:_identify(ros_odrive/odrive_botwheel_explorer) by extensions ['ignore', 'ignore_ament_install']
[0.265s] Level 1:colcon.colcon_core.package_identification:_identify(ros_odrive/odrive_botwheel_explorer) by extension 'ignore'
[0.265s] Level 1:colcon.colcon_core.package_identification:_identify(ros_odrive/odrive_botwheel_explorer) by extension 'ignore_ament_install'
[0.265s] Level 1:colcon.colcon_core.package_identification:_identify(ros_odrive/odrive_botwheel_explorer) by extensions ['colcon_pkg']
[0.265s] Level 1:colcon.colcon_core.package_identification:_identify(ros_odrive/odrive_botwheel_explorer) by extension 'colcon_pkg'
[0.265s] Level 1:colcon.colcon_core.package_identification:_identify(ros_odrive/odrive_botwheel_explorer) by extensions ['colcon_meta']
[0.265s] Level 1:colcon.colcon_core.package_identification:_identify(ros_odrive/odrive_botwheel_explorer) by extension 'colcon_meta'
[0.265s] Level 1:colcon.colcon_core.package_identification:_identify(ros_odrive/odrive_botwheel_explorer) by extensions ['ros']
[0.265s] Level 1:colcon.colcon_core.package_identification:_identify(ros_odrive/odrive_botwheel_explorer) by extension 'ros'
[0.271s] DEBUG:colcon.colcon_core.package_identification:Package 'ros_odrive/odrive_botwheel_explorer' with type 'ros.ament_cmake' and name 'odrive_botwheel_explorer'
[0.272s] Level 1:colcon.colcon_core.package_identification:_identify(ros_odrive/odrive_node) by extensions ['ignore', 'ignore_ament_install']
[0.272s] Level 1:colcon.colcon_core.package_identification:_identify(ros_odrive/odrive_node) by extension 'ignore'
[0.272s] Level 1:colcon.colcon_core.package_identification:_identify(ros_odrive/odrive_node) by extension 'ignore_ament_install'
[0.272s] Level 1:colcon.colcon_core.package_identification:_identify(ros_odrive/odrive_node) by extensions ['colcon_pkg']
[0.272s] Level 1:colcon.colcon_core.package_identification:_identify(ros_odrive/odrive_node) by extension 'colcon_pkg'
[0.273s] Level 1:colcon.colcon_core.package_identification:_identify(ros_odrive/odrive_node) by extensions ['colcon_meta']
[0.273s] Level 1:colcon.colcon_core.package_identification:_identify(ros_odrive/odrive_node) by extension 'colcon_meta'
[0.273s] Level 1:colcon.colcon_core.package_identification:_identify(ros_odrive/odrive_node) by extensions ['ros']
[0.273s] Level 1:colcon.colcon_core.package_identification:_identify(ros_odrive/odrive_node) by extension 'ros'
[0.274s] DEBUG:colcon.colcon_core.package_identification:Package 'ros_odrive/odrive_node' with type 'ros.ament_cmake' and name 'odrive_can'
[0.275s] Level 1:colcon.colcon_core.package_identification:_identify(ros_odrive/odrive_ros2_control) by extensions ['ignore', 'ignore_ament_install']
[0.275s] Level 1:colcon.colcon_core.package_identification:_identify(ros_odrive/odrive_ros2_control) by extension 'ignore'
[0.275s] Level 1:colcon.colcon_core.package_identification:_identify(ros_odrive/odrive_ros2_control) by extension 'ignore_ament_install'
[0.275s] Level 1:colcon.colcon_core.package_identification:_identify(ros_odrive/odrive_ros2_control) by extensions ['colcon_pkg']
[0.275s] Level 1:colcon.colcon_core.package_identification:_identify(ros_odrive/odrive_ros2_control) by extension 'colcon_pkg'
[0.275s] Level 1:colcon.colcon_core.package_identification:_identify(ros_odrive/odrive_ros2_control) by extensions ['colcon_meta']
[0.275s] Level 1:colcon.colcon_core.package_identification:_identify(ros_odrive/odrive_ros2_control) by extension 'colcon_meta'
[0.276s] Level 1:colcon.colcon_core.package_identification:_identify(ros_odrive/odrive_ros2_control) by extensions ['ros']
[0.276s] Level 1:colcon.colcon_core.package_identification:_identify(ros_odrive/odrive_ros2_control) by extension 'ros'
[0.276s] DEBUG:colcon.colcon_core.package_identification:Package 'ros_odrive/odrive_ros2_control' with type 'ros.ament_cmake' and name 'odrive_ros2_control'
[0.277s] Level 1:colcon.colcon_core.package_identification:_identify(src) by extensions ['ignore', 'ignore_ament_install']
[0.277s] Level 1:colcon.colcon_core.package_identification:_identify(src) by extension 'ignore'
[0.277s] Level 1:colcon.colcon_core.package_identification:_identify(src) by extension 'ignore_ament_install'
[0.277s] Level 1:colcon.colcon_core.package_identification:_identify(src) by extensions ['colcon_pkg']
[0.277s] Level 1:colcon.colcon_core.package_identification:_identify(src) by extension 'colcon_pkg'
[0.277s] Level 1:colcon.colcon_core.package_identification:_identify(src) by extensions ['colcon_meta']
[0.278s] Level 1:colcon.colcon_core.package_identification:_identify(src) by extension 'colcon_meta'
[0.278s] Level 1:colcon.colcon_core.package_identification:_identify(src) by extensions ['ros']
[0.278s] Level 1:colcon.colcon_core.package_identification:_identify(src) by extension 'ros'
[0.278s] Level 1:colcon.colcon_core.package_identification:_identify(src) by extensions ['cmake', 'python']
[0.278s] Level 1:colcon.colcon_core.package_identification:_identify(src) by extension 'cmake'
[0.278s] Level 1:colcon.colcon_core.package_identification:_identify(src) by extension 'python'
[0.278s] Level 1:colcon.colcon_core.package_identification:_identify(src) by extensions ['python_setup_py']
[0.278s] Level 1:colcon.colcon_core.package_identification:_identify(src) by extension 'python_setup_py'
[0.279s] Level 1:colcon.colcon_core.package_identification:_identify(src/build) by extensions ['ignore', 'ignore_ament_install']
[0.279s] Level 1:colcon.colcon_core.package_identification:_identify(src/build) by extension 'ignore'
[0.279s] Level 1:colcon.colcon_core.package_identification:_identify(src/build) ignored
[0.279s] Level 1:colcon.colcon_core.package_identification:_identify(src/id_polygon) by extensions ['ignore', 'ignore_ament_install']
[0.279s] Level 1:colcon.colcon_core.package_identification:_identify(src/id_polygon) by extension 'ignore'
[0.279s] Level 1:colcon.colcon_core.package_identification:_identify(src/id_polygon) by extension 'ignore_ament_install'
[0.279s] Level 1:colcon.colcon_core.package_identification:_identify(src/id_polygon) by extensions ['colcon_pkg']
[0.279s] Level 1:colcon.colcon_core.package_identification:_identify(src/id_polygon) by extension 'colcon_pkg'
[0.280s] Level 1:colcon.colcon_core.package_identification:_identify(src/id_polygon) by extensions ['colcon_meta']
[0.280s] Level 1:colcon.colcon_core.package_identification:_identify(src/id_polygon) by extension 'colcon_meta'
[0.280s] Level 1:colcon.colcon_core.package_identification:_identify(src/id_polygon) by extensions ['ros']
[0.280s] Level 1:colcon.colcon_core.package_identification:_identify(src/id_polygon) by extension 'ros'
[0.281s] DEBUG:colcon.colcon_core.package_identification:Package 'src/id_polygon' with type 'ros.ament_cmake' and name 'id_polygon'
[0.281s] Level 1:colcon.colcon_core.package_identification:_identify(src/image_processor) by extensions ['ignore', 'ignore_ament_install']
[0.281s] Level 1:colcon.colcon_core.package_identification:_identify(src/image_processor) by extension 'ignore'
[0.281s] Level 1:colcon.colcon_core.package_identification:_identify(src/image_processor) by extension 'ignore_ament_install'
[0.282s] Level 1:colcon.colcon_core.package_identification:_identify(src/image_processor) by extensions ['colcon_pkg']
[0.282s] Level 1:colcon.colcon_core.package_identification:_identify(src/image_processor) by extension 'colcon_pkg'
[0.282s] Level 1:colcon.colcon_core.package_identification:_identify(src/image_processor) by extensions ['colcon_meta']
[0.282s] Level 1:colcon.colcon_core.package_identification:_identify(src/image_processor) by extension 'colcon_meta'
[0.282s] Level 1:colcon.colcon_core.package_identification:_identify(src/image_processor) by extensions ['ros']
[0.282s] Level 1:colcon.colcon_core.package_identification:_identify(src/image_processor) by extension 'ros'
[0.283s] DEBUG:colcon.colcon_core.package_identification:Package 'src/image_processor' with type 'ros.ament_python' and name 'image_processor'
[0.283s] Level 1:colcon.colcon_core.package_identification:_identify(src/install) by extensions ['ignore', 'ignore_ament_install']
[0.283s] Level 1:colcon.colcon_core.package_identification:_identify(src/install) by extension 'ignore'
[0.283s] Level 1:colcon.colcon_core.package_identification:_identify(src/install) ignored
[0.284s] Level 1:colcon.colcon_core.package_identification:_identify(src/log) by extensions ['ignore', 'ignore_ament_install']
[0.284s] Level 1:colcon.colcon_core.package_identification:_identify(src/log) by extension 'ignore'
[0.284s] Level 1:colcon.colcon_core.package_identification:_identify(src/log) ignored
[0.285s] Level 1:colcon.colcon_core.package_identification:_identify(src/zed-ros2-wrapper) by extensions ['ignore', 'ignore_ament_install']
[0.285s] Level 1:colcon.colcon_core.package_identification:_identify(src/zed-ros2-wrapper) by extension 'ignore'
[0.286s] Level 1:colcon.colcon_core.package_identification:_identify(src/zed-ros2-wrapper) by extension 'ignore_ament_install'
[0.288s] Level 1:colcon.colcon_core.package_identification:_identify(src/zed-ros2-wrapper) by extensions ['colcon_pkg']
[0.288s] Level 1:colcon.colcon_core.package_identification:_identify(src/zed-ros2-wrapper) by extension 'colcon_pkg'
[0.288s] Level 1:colcon.colcon_core.package_identification:_identify(src/zed-ros2-wrapper) by extensions ['colcon_meta']
[0.288s] Level 1:colcon.colcon_core.package_identification:_identify(src/zed-ros2-wrapper) by extension 'colcon_meta'
[0.289s] Level 1:colcon.colcon_core.package_identification:_identify(src/zed-ros2-wrapper) by extensions ['ros']
[0.289s] Level 1:colcon.colcon_core.package_identification:_identify(src/zed-ros2-wrapper) by extension 'ros'
[0.289s] Level 1:colcon.colcon_core.package_identification:_identify(src/zed-ros2-wrapper) by extensions ['cmake', 'python']
[0.289s] Level 1:colcon.colcon_core.package_identification:_identify(src/zed-ros2-wrapper) by extension 'cmake'
[0.289s] Level 1:colcon.colcon_core.package_identification:_identify(src/zed-ros2-wrapper) by extension 'python'
[0.289s] Level 1:colcon.colcon_core.package_identification:_identify(src/zed-ros2-wrapper) by extensions ['python_setup_py']
[0.290s] Level 1:colcon.colcon_core.package_identification:_identify(src/zed-ros2-wrapper) by extension 'python_setup_py'
[0.292s] Level 1:colcon.colcon_core.package_identification:_identify(src/zed-ros2-wrapper/docker) by extensions ['ignore', 'ignore_ament_install']
[0.292s] Level 1:colcon.colcon_core.package_identification:_identify(src/zed-ros2-wrapper/docker) by extension 'ignore'
[0.292s] Level 1:colcon.colcon_core.package_identification:_identify(src/zed-ros2-wrapper/docker) by extension 'ignore_ament_install'
[0.293s] Level 1:colcon.colcon_core.package_identification:_identify(src/zed-ros2-wrapper/docker) by extensions ['colcon_pkg']
[0.293s] Level 1:colcon.colcon_core.package_identification:_identify(src/zed-ros2-wrapper/docker) by extension 'colcon_pkg'
[0.293s] Level 1:colcon.colcon_core.package_identification:_identify(src/zed-ros2-wrapper/docker) by extensions ['colcon_meta']
[0.293s] Level 1:colcon.colcon_core.package_identification:_identify(src/zed-ros2-wrapper/docker) by extension 'colcon_meta'
[0.293s] Level 1:colcon.colcon_core.package_identification:_identify(src/zed-ros2-wrapper/docker) by extensions ['ros']
[0.293s] Level 1:colcon.colcon_core.package_identification:_identify(src/zed-ros2-wrapper/docker) by extension 'ros'
[0.294s] Level 1:colcon.colcon_core.package_identification:_identify(src/zed-ros2-wrapper/docker) by extensions ['cmake', 'python']
[0.295s] Level 1:colcon.colcon_core.package_identification:_identify(src/zed-ros2-wrapper/docker) by extension 'cmake'
[0.296s] Level 1:colcon.colcon_core.package_identification:_identify(src/zed-ros2-wrapper/docker) by extension 'python'
[0.298s] Level 1:colcon.colcon_core.package_identification:_identify(src/zed-ros2-wrapper/docker) by extensions ['python_setup_py']
[0.298s] Level 1:colcon.colcon_core.package_identification:_identify(src/zed-ros2-wrapper/docker) by extension 'python_setup_py'
[0.299s] Level 1:colcon.colcon_core.package_identification:_identify(src/zed-ros2-wrapper/docker/scripts) by extensions ['ignore', 'ignore_ament_install']
[0.299s] Level 1:colcon.colcon_core.package_identification:_identify(src/zed-ros2-wrapper/docker/scripts) by extension 'ignore'
[0.299s] Level 1:colcon.colcon_core.package_identification:_identify(src/zed-ros2-wrapper/docker/scripts) by extension 'ignore_ament_install'
[0.299s] Level 1:colcon.colcon_core.package_identification:_identify(src/zed-ros2-wrapper/docker/scripts) by extensions ['colcon_pkg']
[0.299s] Level 1:colcon.colcon_core.package_identification:_identify(src/zed-ros2-wrapper/docker/scripts) by extension 'colcon_pkg'
[0.299s] Level 1:colcon.colcon_core.package_identification:_identify(src/zed-ros2-wrapper/docker/scripts) by extensions ['colcon_meta']
[0.299s] Level 1:colcon.colcon_core.package_identification:_identify(src/zed-ros2-wrapper/docker/scripts) by extension 'colcon_meta'
[0.300s] Level 1:colcon.colcon_core.package_identification:_identify(src/zed-ros2-wrapper/docker/scripts) by extensions ['ros']
[0.301s] Level 1:colcon.colcon_core.package_identification:_identify(src/zed-ros2-wrapper/docker/scripts) by extension 'ros'
[0.302s] Level 1:colcon.colcon_core.package_identification:_identify(src/zed-ros2-wrapper/docker/scripts) by extensions ['cmake', 'python']
[0.303s] Level 1:colcon.colcon_core.package_identification:_identify(src/zed-ros2-wrapper/docker/scripts) by extension 'cmake'
[0.303s] Level 1:colcon.colcon_core.package_identification:_identify(src/zed-ros2-wrapper/docker/scripts) by extension 'python'
[0.303s] Level 1:colcon.colcon_core.package_identification:_identify(src/zed-ros2-wrapper/docker/scripts) by extensions ['python_setup_py']
[0.303s] Level 1:colcon.colcon_core.package_identification:_identify(src/zed-ros2-wrapper/docker/scripts) by extension 'python_setup_py'
[0.305s] Level 1:colcon.colcon_core.package_identification:_identify(src/zed-ros2-wrapper/images) by extensions ['ignore', 'ignore_ament_install']
[0.306s] Level 1:colcon.colcon_core.package_identification:_identify(src/zed-ros2-wrapper/images) by extension 'ignore'
[0.306s] Level 1:colcon.colcon_core.package_identification:_identify(src/zed-ros2-wrapper/images) by extension 'ignore_ament_install'
[0.306s] Level 1:colcon.colcon_core.package_identification:_identify(src/zed-ros2-wrapper/images) by extensions ['colcon_pkg']
[0.307s] Level 1:colcon.colcon_core.package_identification:_identify(src/zed-ros2-wrapper/images) by extension 'colcon_pkg'
[0.307s] Level 1:colcon.colcon_core.package_identification:_identify(src/zed-ros2-wrapper/images) by extensions ['colcon_meta']
[0.307s] Level 1:colcon.colcon_core.package_identification:_identify(src/zed-ros2-wrapper/images) by extension 'colcon_meta'
[0.307s] Level 1:colcon.colcon_core.package_identification:_identify(src/zed-ros2-wrapper/images) by extensions ['ros']
[0.307s] Level 1:colcon.colcon_core.package_identification:_identify(src/zed-ros2-wrapper/images) by extension 'ros'
[0.311s] Level 1:colcon.colcon_core.package_identification:_identify(src/zed-ros2-wrapper/images) by extensions ['cmake', 'python']
[0.312s] Level 1:colcon.colcon_core.package_identification:_identify(src/zed-ros2-wrapper/images) by extension 'cmake'
[0.313s] Level 1:colcon.colcon_core.package_identification:_identify(src/zed-ros2-wrapper/images) by extension 'python'
[0.313s] Level 1:colcon.colcon_core.package_identification:_identify(src/zed-ros2-wrapper/images) by extensions ['python_setup_py']
[0.314s] Level 1:colcon.colcon_core.package_identification:_identify(src/zed-ros2-wrapper/images) by extension 'python_setup_py'
[0.314s] Level 1:colcon.colcon_core.package_identification:_identify(src/zed-ros2-wrapper/zed_components) by extensions ['ignore', 'ignore_ament_install']
[0.315s] Level 1:colcon.colcon_core.package_identification:_identify(src/zed-ros2-wrapper/zed_components) by extension 'ignore'
[0.316s] Level 1:colcon.colcon_core.package_identification:_identify(src/zed-ros2-wrapper/zed_components) by extension 'ignore_ament_install'
[0.317s] Level 1:colcon.colcon_core.package_identification:_identify(src/zed-ros2-wrapper/zed_components) by extensions ['colcon_pkg']
[0.317s] Level 1:colcon.colcon_core.package_identification:_identify(src/zed-ros2-wrapper/zed_components) by extension 'colcon_pkg'
[0.317s] Level 1:colcon.colcon_core.package_identification:_identify(src/zed-ros2-wrapper/zed_components) by extensions ['colcon_meta']
[0.317s] Level 1:colcon.colcon_core.package_identification:_identify(src/zed-ros2-wrapper/zed_components) by extension 'colcon_meta'
[0.317s] Level 1:colcon.colcon_core.package_identification:_identify(src/zed-ros2-wrapper/zed_components) by extensions ['ros']
[0.317s] Level 1:colcon.colcon_core.package_identification:_identify(src/zed-ros2-wrapper/zed_components) by extension 'ros'
[0.323s] DEBUG:colcon.colcon_core.package_identification:Package 'src/zed-ros2-wrapper/zed_components' with type 'ros.ament_cmake' and name 'zed_components'
[0.323s] Level 1:colcon.colcon_core.package_identification:_identify(src/zed-ros2-wrapper/zed_debug) by extensions ['ignore', 'ignore_ament_install']
[0.324s] Level 1:colcon.colcon_core.package_identification:_identify(src/zed-ros2-wrapper/zed_debug) by extension 'ignore'
[0.324s] Level 1:colcon.colcon_core.package_identification:_identify(src/zed-ros2-wrapper/zed_debug) by extension 'ignore_ament_install'
[0.324s] Level 1:colcon.colcon_core.package_identification:_identify(src/zed-ros2-wrapper/zed_debug) by extensions ['colcon_pkg']
[0.324s] Level 1:colcon.colcon_core.package_identification:_identify(src/zed-ros2-wrapper/zed_debug) by extension 'colcon_pkg'
[0.324s] Level 1:colcon.colcon_core.package_identification:_identify(src/zed-ros2-wrapper/zed_debug) by extensions ['colcon_meta']
[0.324s] Level 1:colcon.colcon_core.package_identification:_identify(src/zed-ros2-wrapper/zed_debug) by extension 'colcon_meta'
[0.324s] Level 1:colcon.colcon_core.package_identification:_identify(src/zed-ros2-wrapper/zed_debug) by extensions ['ros']
[0.324s] Level 1:colcon.colcon_core.package_identification:_identify(src/zed-ros2-wrapper/zed_debug) by extension 'ros'
[0.325s] DEBUG:colcon.colcon_core.package_identification:Package 'src/zed-ros2-wrapper/zed_debug' with type 'ros.ament_cmake' and name 'zed_debug'
[0.326s] Level 1:colcon.colcon_core.package_identification:_identify(src/zed-ros2-wrapper/zed_ros2) by extensions ['ignore', 'ignore_ament_install']
[0.326s] Level 1:colcon.colcon_core.package_identification:_identify(src/zed-ros2-wrapper/zed_ros2) by extension 'ignore'
[0.326s] Level 1:colcon.colcon_core.package_identification:_identify(src/zed-ros2-wrapper/zed_ros2) by extension 'ignore_ament_install'
[0.326s] Level 1:colcon.colcon_core.package_identification:_identify(src/zed-ros2-wrapper/zed_ros2) by extensions ['colcon_pkg']
[0.326s] Level 1:colcon.colcon_core.package_identification:_identify(src/zed-ros2-wrapper/zed_ros2) by extension 'colcon_pkg'
[0.326s] Level 1:colcon.colcon_core.package_identification:_identify(src/zed-ros2-wrapper/zed_ros2) by extensions ['colcon_meta']
[0.326s] Level 1:colcon.colcon_core.package_identification:_identify(src/zed-ros2-wrapper/zed_ros2) by extension 'colcon_meta'
[0.326s] Level 1:colcon.colcon_core.package_identification:_identify(src/zed-ros2-wrapper/zed_ros2) by extensions ['ros']
[0.327s] Level 1:colcon.colcon_core.package_identification:_identify(src/zed-ros2-wrapper/zed_ros2) by extension 'ros'
[0.328s] DEBUG:colcon.colcon_core.package_identification:Package 'src/zed-ros2-wrapper/zed_ros2' with type 'ros.ament_cmake' and name 'zed_ros2'
[0.328s] Level 1:colcon.colcon_core.package_identification:_identify(src/zed-ros2-wrapper/zed_wrapper) by extensions ['ignore', 'ignore_ament_install']
[0.328s] Level 1:colcon.colcon_core.package_identification:_identify(src/zed-ros2-wrapper/zed_wrapper) by extension 'ignore'
[0.328s] Level 1:colcon.colcon_core.package_identification:_identify(src/zed-ros2-wrapper/zed_wrapper) by extension 'ignore_ament_install'
[0.329s] Level 1:colcon.colcon_core.package_identification:_identify(src/zed-ros2-wrapper/zed_wrapper) by extensions ['colcon_pkg']
[0.329s] Level 1:colcon.colcon_core.package_identification:_identify(src/zed-ros2-wrapper/zed_wrapper) by extension 'colcon_pkg'
[0.329s] Level 1:colcon.colcon_core.package_identification:_identify(src/zed-ros2-wrapper/zed_wrapper) by extensions ['colcon_meta']
[0.329s] Level 1:colcon.colcon_core.package_identification:_identify(src/zed-ros2-wrapper/zed_wrapper) by extension 'colcon_meta'
[0.330s] Level 1:colcon.colcon_core.package_identification:_identify(src/zed-ros2-wrapper/zed_wrapper) by extensions ['ros']
[0.330s] Level 1:colcon.colcon_core.package_identification:_identify(src/zed-ros2-wrapper/zed_wrapper) by extension 'ros'
[0.331s] DEBUG:colcon.colcon_core.package_identification:Package 'src/zed-ros2-wrapper/zed_wrapper' with type 'ros.ament_cmake' and name 'zed_wrapper'
[0.331s] Level 1:colcon.colcon_core.package_discovery:discover_packages(recursive) using defaults
[0.331s] Level 1:colcon.colcon_core.package_discovery:discover_packages(ignore) discover
[0.331s] Level 1:colcon.colcon_core.package_discovery:discover_packages(ignore) using defaults
[0.331s] Level 1:colcon.colcon_core.package_discovery:discover_packages(path) discover
[0.331s] Level 1:colcon.colcon_core.package_discovery:discover_packages(path) using defaults
[0.352s] INFO:colcon.colcon_core.package_selection:Skipping not selected package 'id_polygon' in 'src/id_polygon'
[0.352s] INFO:colcon.colcon_core.package_selection:Skipping not selected package 'odrive_can' in 'ros_odrive/odrive_node'
[0.352s] INFO:colcon.colcon_core.package_selection:Skipping not selected package 'odrive_ros2_control' in 'ros_odrive/odrive_ros2_control'
[0.352s] INFO:colcon.colcon_core.package_selection:Skipping not selected package 'zed_components' in 'src/zed-ros2-wrapper/zed_components'
[0.352s] INFO:colcon.colcon_core.package_selection:Skipping not selected package 'odrive_botwheel_explorer' in 'ros_odrive/odrive_botwheel_explorer'
[0.352s] INFO:colcon.colcon_core.package_selection:Skipping not selected package 'zed_debug' in 'src/zed-ros2-wrapper/zed_debug'
[0.352s] INFO:colcon.colcon_core.package_selection:Skipping not selected package 'zed_wrapper' in 'src/zed-ros2-wrapper/zed_wrapper'
[0.353s] INFO:colcon.colcon_core.package_selection:Skipping not selected package 'zed_ros2' in 'src/zed-ros2-wrapper/zed_ros2'
[0.353s] Level 5:colcon.colcon_core.verb:set package 'image_processor' build argument 'cmake_args' from command line to 'None'
[0.353s] Level 5:colcon.colcon_core.verb:set package 'image_processor' build argument 'cmake_target' from command line to 'None'
[0.353s] Level 5:colcon.colcon_core.verb:set package 'image_processor' build argument 'cmake_target_skip_unavailable' from command line to 'False'
[0.353s] Level 5:colcon.colcon_core.verb:set package 'image_processor' build argument 'cmake_clean_cache' from command line to 'False'
[0.353s] Level 5:colcon.colcon_core.verb:set package 'image_processor' build argument 'cmake_clean_first' from command line to 'False'
[0.353s] Level 5:colcon.colcon_core.verb:set package 'image_processor' build argument 'cmake_force_configure' from command line to 'False'
[0.353s] Level 5:colcon.colcon_core.verb:set package 'image_processor' build argument 'ament_cmake_args' from command line to 'None'
[0.353s] Level 5:colcon.colcon_core.verb:set package 'image_processor' build argument 'catkin_cmake_args' from command line to 'None'
[0.353s] Level 5:colcon.colcon_core.verb:set package 'image_processor' build argument 'catkin_skip_building_tests' from command line to 'False'
[0.354s] DEBUG:colcon.colcon_core.verb:Building package 'image_processor' with the following arguments: {'ament_cmake_args': None, 'build_base': '/workspaces/2026-rover-code/build/image_processor', 'catkin_cmake_args': None, 'catkin_skip_building_tests': False, 'cmake_args': None, 'cmake_clean_cache': False, 'cmake_clean_first': False, 'cmake_force_configure': False, 'cmake_target': None, 'cmake_target_skip_unavailable': False, 'install_base': '/workspaces/2026-rover-code/install/image_processor', 'merge_install': False, 'path': '/workspaces/2026-rover-code/src/image_processor', 'symlink_install': False, 'test_result_base': None}
[0.354s] INFO:colcon.colcon_core.executor:Executing jobs using 'parallel' executor
[0.358s] DEBUG:colcon.colcon_parallel_executor.executor.parallel:run_until_complete
[0.359s] INFO:colcon.colcon_ros.task.ament_python.build:Building ROS package in '/workspaces/2026-rover-code/src/image_processor' with build type 'ament_python'
[0.360s] Level 1:colcon.colcon_core.shell:create_environment_hook('image_processor', 'ament_prefix_path')
[0.365s] INFO:colcon.colcon_core.plugin_system:Skipping extension 'colcon_core.shell.bat': Not used on non-Windows systems
[0.365s] INFO:colcon.colcon_core.shell:Creating environment hook '/workspaces/2026-rover-code/install/image_processor/share/image_processor/hook/ament_prefix_path.ps1'
[0.367s] INFO:colcon.colcon_core.shell:Creating environment descriptor '/workspaces/2026-rover-code/install/image_processor/share/image_processor/hook/ament_prefix_path.dsv'
[0.369s] INFO:colcon.colcon_core.shell:Creating environment hook '/workspaces/2026-rover-code/install/image_processor/share/image_processor/hook/ament_prefix_path.sh'
[0.372s] INFO:colcon.colcon_core.shell:Skip shell extension 'powershell' for command environment: Not usable outside of PowerShell
[0.373s] DEBUG:colcon.colcon_core.shell:Skip shell extension 'dsv' for command environment
[0.740s] INFO:colcon.colcon_core.task.python.build:Building Python package in '/workspaces/2026-rover-code/src/image_processor'
[0.740s] INFO:colcon.colcon_core.shell:Skip shell extension 'powershell' for command environment: Not usable outside of PowerShell
[0.740s] DEBUG:colcon.colcon_core.shell:Skip shell extension 'dsv' for command environment
[1.174s] DEBUG:colcon.colcon_core.task.python.build:Available setuptools commands: install_headers, clean, bdist_egg, symlink_data, alias, test, easy_install, bdist_wheel, build_scripts, build_py, upload, dist_info, upload_docs, build, install_lib, build_clib, install, build_ext, saveopts, install_egg_info, install_scripts, install_data, check, rotate, develop, sdist, egg_info, setopt, bdist_dumb, register, bdist_rpm, bdist
[1.189s] DEBUG:colcon.colcon_core.event_handler.log_command:Invoking command in '/workspaces/2026-rover-code/build/image_processor': AMENT_PREFIX_PATH=/workspaces/2026-rover-code/install/id_polygon:${AMENT_PREFIX_PATH} CMAKE_PREFIX_PATH=/workspaces/2026-rover-code/install/id_polygon LD_LIBRARY_PATH=/workspaces/2026-rover-code/install/id_polygon/lib:${LD_LIBRARY_PATH} PYTHONPATH=/workspaces/2026-rover-code/build/image_processor/prefix_override:/usr/lib/python3/dist-packages/colcon_core/task/python/colcon_distutils_commands:/workspaces/2026-rover-code/install/image_processor/lib/python3.10/site-packages:/workspaces/2026-rover-code/install/id_polygon/local/lib/python3.10/dist-packages:${PYTHONPATH} /usr/bin/python3 -W ignore:setup.py install is deprecated -W ignore:easy_install command is deprecated setup.py develop --uninstall --editable --build-directory /workspaces/2026-rover-code/build/image_processor/build
[1.525s] DEBUG:colcon.colcon_core.event_handler.log_command:Invoked command in '/workspaces/2026-rover-code/build/image_processor' returned '0': AMENT_PREFIX_PATH=/workspaces/2026-rover-code/install/id_polygon:${AMENT_PREFIX_PATH} CMAKE_PREFIX_PATH=/workspaces/2026-rover-code/install/id_polygon LD_LIBRARY_PATH=/workspaces/2026-rover-code/install/id_polygon/lib:${LD_LIBRARY_PATH} PYTHONPATH=/workspaces/2026-rover-code/build/image_processor/prefix_override:/usr/lib/python3/dist-packages/colcon_core/task/python/colcon_distutils_commands:/workspaces/2026-rover-code/install/image_processor/lib/python3.10/site-packages:/workspaces/2026-rover-code/install/id_polygon/local/lib/python3.10/dist-packages:${PYTHONPATH} /usr/bin/python3 -W ignore:setup.py install is deprecated -W ignore:easy_install command is deprecated setup.py develop --uninstall --editable --build-directory /workspaces/2026-rover-code/build/image_processor/build
[1.535s] DEBUG:colcon.colcon_core.event_handler.log_command:Invoking command in '/workspaces/2026-rover-code/src/image_processor': AMENT_PREFIX_PATH=/workspaces/2026-rover-code/install/id_polygon:${AMENT_PREFIX_PATH} CMAKE_PREFIX_PATH=/workspaces/2026-rover-code/install/id_polygon LD_LIBRARY_PATH=/workspaces/2026-rover-code/install/id_polygon/lib:${LD_LIBRARY_PATH} PYTHONPATH=/workspaces/2026-rover-code/build/image_processor/prefix_override:/usr/lib/python3/dist-packages/colcon_core/task/python/colcon_distutils_commands:/workspaces/2026-rover-code/install/image_processor/lib/python3.10/site-packages:/workspaces/2026-rover-code/install/id_polygon/local/lib/python3.10/dist-packages:${PYTHONPATH} /usr/bin/python3 -W ignore:setup.py install is deprecated -W ignore:easy_install command is deprecated setup.py egg_info --egg-base ../../build/image_processor build --build-base /workspaces/2026-rover-code/build/image_processor/build install --record /workspaces/2026-rover-code/build/image_processor/install.log --install-scripts $base/lib/image_processor --single-version-externally-managed install_data --force
[1.904s] DEBUG:colcon.colcon_core.event_handler.log_command:Invoked command in '/workspaces/2026-rover-code/src/image_processor' returned '0': AMENT_PREFIX_PATH=/workspaces/2026-rover-code/install/id_polygon:${AMENT_PREFIX_PATH} CMAKE_PREFIX_PATH=/workspaces/2026-rover-code/install/id_polygon LD_LIBRARY_PATH=/workspaces/2026-rover-code/install/id_polygon/lib:${LD_LIBRARY_PATH} PYTHONPATH=/workspaces/2026-rover-code/build/image_processor/prefix_override:/usr/lib/python3/dist-packages/colcon_core/task/python/colcon_distutils_commands:/workspaces/2026-rover-code/install/image_processor/lib/python3.10/site-packages:/workspaces/2026-rover-code/install/id_polygon/local/lib/python3.10/dist-packages:${PYTHONPATH} /usr/bin/python3 -W ignore:setup.py install is deprecated -W ignore:easy_install command is deprecated setup.py egg_info --egg-base ../../build/image_processor build --build-base /workspaces/2026-rover-code/build/image_processor/build install --record /workspaces/2026-rover-code/build/image_processor/install.log --install-scripts $base/lib/image_processor --single-version-externally-managed install_data --force
[1.909s] Level 1:colcon.colcon_core.environment:checking '/workspaces/2026-rover-code/install/image_processor' for CMake module files
[1.911s] Level 1:colcon.colcon_core.environment:checking '/workspaces/2026-rover-code/install/image_processor' for CMake config files
[1.915s] Level 1:colcon.colcon_core.environment:checking '/workspaces/2026-rover-code/install/image_processor/lib'
[1.915s] Level 1:colcon.colcon_core.environment:checking '/workspaces/2026-rover-code/install/image_processor/bin'
[1.915s] Level 1:colcon.colcon_core.environment:checking '/workspaces/2026-rover-code/install/image_processor/lib/pkgconfig/image_processor.pc'
[1.916s] Level 1:colcon.colcon_core.environment:checking '/workspaces/2026-rover-code/install/image_processor/lib/python3.10/site-packages'
[1.916s] Level 1:colcon.colcon_core.shell:create_environment_hook('image_processor', 'pythonpath')
[1.916s] INFO:colcon.colcon_core.shell:Creating environment hook '/workspaces/2026-rover-code/install/image_processor/share/image_processor/hook/pythonpath.ps1'
[1.918s] INFO:colcon.colcon_core.shell:Creating environment descriptor '/workspaces/2026-rover-code/install/image_processor/share/image_processor/hook/pythonpath.dsv'
[1.920s] INFO:colcon.colcon_core.shell:Creating environment hook '/workspaces/2026-rover-code/install/image_processor/share/image_processor/hook/pythonpath.sh'
[1.922s] Level 1:colcon.colcon_core.environment:checking '/workspaces/2026-rover-code/install/image_processor/bin'
[1.923s] Level 1:colcon.colcon_core.environment:create_environment_scripts_only(image_processor)
[1.923s] INFO:colcon.colcon_core.shell:Creating package script '/workspaces/2026-rover-code/install/image_processor/share/image_processor/package.ps1'
[1.929s] INFO:colcon.colcon_core.shell:Creating package descriptor '/workspaces/2026-rover-code/install/image_processor/share/image_processor/package.dsv'
[1.931s] INFO:colcon.colcon_core.shell:Creating package script '/workspaces/2026-rover-code/install/image_processor/share/image_processor/package.sh'
[1.933s] INFO:colcon.colcon_core.shell:Creating package script '/workspaces/2026-rover-code/install/image_processor/share/image_processor/package.bash'
[1.936s] INFO:colcon.colcon_core.shell:Creating package script '/workspaces/2026-rover-code/install/image_processor/share/image_processor/package.zsh'
[1.939s] Level 1:colcon.colcon_core.environment:create_file_with_runtime_dependencies(/workspaces/2026-rover-code/install/image_processor/share/colcon-core/packages/image_processor)
[1.940s] DEBUG:colcon.colcon_parallel_executor.executor.parallel:closing loop
[1.941s] DEBUG:colcon.colcon_parallel_executor.executor.parallel:loop closed
[1.941s] DEBUG:colcon.colcon_parallel_executor.executor.parallel:run_until_complete finished with '0'
[1.942s] DEBUG:colcon.colcon_core.event_reactor:joining thread
[1.955s] INFO:colcon.colcon_core.plugin_system:Skipping extension 'colcon_notification.desktop_notification.notify_send': Could not find 'notify-send'
[1.956s] INFO:colcon.colcon_core.plugin_system:Skipping extension 'colcon_notification.desktop_notification.terminal_notifier': Not used on non-Darwin systems
[1.956s] INFO:colcon.colcon_core.plugin_system:Skipping extension 'colcon_notification.desktop_notification.win32': Not used on non-Windows systems
[1.956s] INFO:colcon.colcon_notification.desktop_notification:Sending desktop notification using 'notify2'
[1.995s] DEBUG:colcon.colcon_notification.desktop_notification.notify2:Failed to initialize notify2: org.freedesktop.DBus.Error.ServiceUnknown: The name org.freedesktop.Notifications was not provided by any .service files
[1.995s] DEBUG:colcon.colcon_core.event_reactor:joined thread
[1.996s] INFO:colcon.colcon_core.shell:Creating prefix script '/workspaces/2026-rover-code/install/local_setup.ps1'
[1.998s] INFO:colcon.colcon_core.shell:Creating prefix util module '/workspaces/2026-rover-code/install/_local_setup_util_ps1.py'
[2.005s] INFO:colcon.colcon_core.shell:Creating prefix chain script '/workspaces/2026-rover-code/install/setup.ps1'
[2.013s] INFO:colcon.colcon_core.shell:Creating prefix script '/workspaces/2026-rover-code/install/local_setup.sh'
[2.017s] INFO:colcon.colcon_core.shell:Creating prefix util module '/workspaces/2026-rover-code/install/_local_setup_util_sh.py'
[2.018s] INFO:colcon.colcon_core.shell:Creating prefix chain script '/workspaces/2026-rover-code/install/setup.sh'
[2.019s] INFO:colcon.colcon_core.shell:Creating prefix script '/workspaces/2026-rover-code/install/local_setup.bash'
[2.020s] INFO:colcon.colcon_core.shell:Creating prefix chain script '/workspaces/2026-rover-code/install/setup.bash'
[2.021s] INFO:colcon.colcon_core.shell:Creating prefix script '/workspaces/2026-rover-code/install/local_setup.zsh'
[2.023s] INFO:colcon.colcon_core.shell:Creating prefix chain script '/workspaces/2026-rover-code/install/setup.zsh'
