[0.113s] Invoking command in '/workspaces/2026-rover-code/build/odrive_ros2_control': CMAKE_PREFIX_PATH=${CMAKE_PREFIX_PATH}:/workspaces/2026-rover-code/src/install/telemetry_pkg:/opt/ros/humble /usr/bin/cmake /workspaces/2026-rover-code/ros_odrive/odrive_ros2_control -DCMAKE_INSTALL_PREFIX=/workspaces/2026-rover-code/install/odrive_ros2_control
[0.338s] -- The C compiler identification is GNU 11.4.0
[0.501s] -- The CXX compiler identification is GNU 11.4.0
[0.527s] -- Detecting C compiler ABI info
[0.883s] -- Detecting C compiler ABI info - done
[0.904s] -- Check for working C compiler: /usr/bin/cc - skipped
[0.906s] -- Detecting C compile features
[0.907s] -- Detecting C compile features - done
[0.925s] -- Detecting CXX compiler ABI info
[1.318s] -- Detecting CXX compiler ABI info - done
[1.346s] -- Check for working CXX compiler: /usr/bin/c++ - skipped
[1.348s] -- Detecting CXX compile features
[1.349s] -- Detecting CXX compile features - done
[1.392s] -- Found ament_cmake: 1.3.14 (/opt/ros/humble/share/ament_cmake/cmake)
[1.773s] -- Found Python3: /usr/bin/python3 (found version "3.10.12") found components: Interpreter 
[2.174s] -- Found rclcpp: 16.0.19 (/opt/ros/humble/share/rclcpp/cmake)
[2.320s] -- Found rosidl_generator_c: 3.1.9 (/opt/ros/humble/share/rosidl_generator_c/cmake)
[2.350s] -- Found rosidl_adapter: 3.1.9 (/opt/ros/humble/share/rosidl_adapter/cmake)
[2.383s] -- Found rosidl_generator_cpp: 3.1.9 (/opt/ros/humble/share/rosidl_generator_cpp/cmake)
[2.425s] -- Using all available rosidl_typesupport_c: rosidl_typesupport_fastrtps_c;rosidl_typesupport_introspection_c
[2.489s] -- Using all available rosidl_typesupport_cpp: rosidl_typesupport_fastrtps_cpp;rosidl_typesupport_introspection_cpp
[2.676s] -- Found rmw_implementation_cmake: 6.1.3 (/opt/ros/humble/share/rmw_implementation_cmake/cmake)
[2.693s] -- Found rmw_fastrtps_cpp: 6.2.10 (/opt/ros/humble/share/rmw_fastrtps_cpp/cmake)
[3.028s] -- Found OpenSSL: /usr/lib/x86_64-linux-gnu/libcrypto.so (found version "3.0.2")  
[3.094s] -- Found FastRTPS: /opt/ros/humble/include  
[3.194s] -- Using RMW implementation 'rmw_fastrtps_cpp' as default
[3.240s] -- Looking for pthread.h
[3.494s] -- Looking for pthread.h - found
[3.497s] -- Performing Test CMAKE_HAVE_LIBC_PTHREAD
[3.743s] -- Performing Test CMAKE_HAVE_LIBC_PTHREAD - Success
[3.745s] -- Found Threads: TRUE  
[3.900s] -- Found ament_cmake_auto: 1.3.14 (/opt/ros/humble/share/ament_cmake_auto/cmake)
[4.048s] [31mCMake Error at CMakeLists.txt:30 (pluginlib_export_plugin_description_file):
[4.048s]   Unknown CMake command "pluginlib_export_plugin_description_file".
[4.049s] 
[4.050s] [0m
[4.050s] -- Configuring incomplete, errors occurred!
[4.051s] See also "/workspaces/2026-rover-code/build/odrive_ros2_control/CMakeFiles/CMakeOutput.log".
[4.064s] Invoked command in '/workspaces/2026-rover-code/build/odrive_ros2_control' returned '1': CMAKE_PREFIX_PATH=${CMAKE_PREFIX_PATH}:/workspaces/2026-rover-code/src/install/telemetry_pkg:/opt/ros/humble /usr/bin/cmake /workspaces/2026-rover-code/ros_odrive/odrive_ros2_control -DCMAKE_INSTALL_PREFIX=/workspaces/2026-rover-code/install/odrive_ros2_control
