[0.116s] Invoking command in '/workspaces/2026-rover-code/build/telemetry_interface': CMAKE_PREFIX_PATH=${CMAKE_PREFIX_PATH}:/workspaces/2026-rover-code/src/install/telemetry_pkg:/opt/ros/humble /usr/bin/cmake /workspaces/2026-rover-code/src/telemetry_interface -DCMAKE_INSTALL_PREFIX=/workspaces/2026-rover-code/install/telemetry_interface
[0.340s] -- The C compiler identification is GNU 11.4.0
[0.534s] -- The CXX compiler identification is GNU 11.4.0
[0.570s] -- Detecting C compiler ABI info
[0.933s] -- Detecting C compiler ABI info - done
[0.971s] -- Check for working C compiler: /usr/bin/cc - skipped
[0.972s] -- Detecting C compile features
[0.974s] -- Detecting C compile features - done
[0.996s] -- Detecting CXX compiler ABI info
[1.370s] -- Detecting CXX compiler ABI info - done
[1.394s] -- Check for working CXX compiler: /usr/bin/c++ - skipped
[1.395s] -- Detecting CXX compile features
[1.399s] -- Detecting CXX compile features - done
[1.423s] -- Found ament_cmake: 1.3.14 (/opt/ros/humble/share/ament_cmake/cmake)
[1.752s] -- Found Python3: /usr/bin/python3 (found version "3.10.12") found components: Interpreter 
[2.137s] -- Found ament_lint_auto: 0.12.15 (/opt/ros/humble/share/ament_lint_auto/cmake)
[2.341s] -- Found rosidl_default_generators: 1.2.1 (/opt/ros/humble/share/rosidl_default_generators/cmake)
[2.357s] -- Using all available rosidl_typesupport_c: rosidl_typesupport_fastrtps_c;rosidl_typesupport_introspection_c
[2.397s] -- Found rosidl_adapter: 3.1.9 (/opt/ros/humble/share/rosidl_adapter/cmake)
[2.549s] -- Using all available rosidl_typesupport_cpp: rosidl_typesupport_fastrtps_cpp;rosidl_typesupport_introspection_cpp
[3.114s] -- Found ament_cmake_ros: 0.10.0 (/opt/ros/humble/share/ament_cmake_ros/cmake)
[3.570s] -- Using all available rosidl_typesupport_c: rosidl_typesupport_fastrtps_c;rosidl_typesupport_introspection_c
[4.072s] -- Using all available rosidl_typesupport_cpp: rosidl_typesupport_fastrtps_cpp;rosidl_typesupport_introspection_cpp
[4.116s] -- Found PythonInterp: /usr/bin/python3 (found suitable version "3.10.12", minimum required is "3.6") 
[4.127s] -- Found python_cmake_module: 0.10.0 (/opt/ros/humble/share/python_cmake_module/cmake)
[4.169s] -- Found PythonLibs: /usr/lib/x86_64-linux-gnu/libpython3.10.so (found suitable version "3.10.12", minimum required is "3.5") 
[4.170s] -- Using PYTHON_EXECUTABLE: /usr/bin/python3
[4.171s] -- Using PYTHON_INCLUDE_DIRS: /usr/include/python3.10
[4.172s] -- Using PYTHON_LIBRARIES: /usr/lib/x86_64-linux-gnu/libpython3.10.so
[4.209s] -- Found PythonExtra: .so  
[4.471s] -- Added test 'lint_cmake' to check CMake code style
[4.499s] -- Added test 'xmllint' to check XML markup files
[4.594s] -- Configuring done
[4.926s] -- Generating done
[5.013s] -- Build files have been written to: /workspaces/2026-rover-code/build/telemetry_interface
